127.0.0.1 - - [26/Jul/2024:11:53:54 +0530] "GET / HTTP/1.1" 404 751
0:0:0:0:0:0:0:1 - - [26/Jul/2024:12:12:46 +0530] "GET /sales/ HTTP/1.1" 200 10532
0:0:0:0:0:0:0:1 - - [26/Jul/2024:12:12:46 +0530] "GET /sales/img/loading.gif HTTP/1.1" 304 -
0:0:0:0:0:0:0:1 - - [26/Jul/2024:12:12:46 +0530] "GET /sales/css/style.css HTTP/1.1" 304 -
0:0:0:0:0:0:0:1 - - [26/Jul/2024:12:12:46 +0530] "GET /sales/fonts/boxicons.css HTTP/1.1" 304 -
0:0:0:0:0:0:0:1 - - [26/Jul/2024:12:12:46 +0530] "GET /sales/img/reload.png HTTP/1.1" 304 -
0:0:0:0:0:0:0:1 - - [26/Jul/2024:12:12:46 +0530] "GET /sales/img/logo.png HTTP/1.1" 304 -
0:0:0:0:0:0:0:1 - - [26/Jul/2024:12:12:46 +0530] "GET /sales/js/jquery.js HTTP/1.1" 304 -
0:0:0:0:0:0:0:1 - - [26/Jul/2024:12:12:46 +0530] "GET /sales/js/bootstrap.js HTTP/1.1" 304 -
0:0:0:0:0:0:0:1 - - [26/Jul/2024:12:12:46 +0530] "GET /sales/js/perfect-scrollbar.js HTTP/1.1" 304 -
0:0:0:0:0:0:0:1 - - [26/Jul/2024:12:12:46 +0530] "GET /sales/js/helpers.js HTTP/1.1" 304 -
0:0:0:0:0:0:0:1 - - [26/Jul/2024:12:12:46 +0530] "GET /sales/js/popper.js HTTP/1.1" 304 -
0:0:0:0:0:0:0:1 - - [26/Jul/2024:12:12:46 +0530] "GET /sales/js/menu.js HTTP/1.1" 304 -
0:0:0:0:0:0:0:1 - - [26/Jul/2024:12:12:46 +0530] "GET /sales/js/main.js HTTP/1.1" 304 -
0:0:0:0:0:0:0:1 - - [26/Jul/2024:12:12:47 +0530] "GET /sales/fonts/boxicons/boxicons.woff2 HTTP/1.1" 304 -
0:0:0:0:0:0:0:1 - - [26/Jul/2024:12:12:47 +0530] "GET /sales/img/captcha-bg.png HTTP/1.1" 304 -
0:0:0:0:0:0:0:1 - - [26/Jul/2024:12:12:47 +0530] "GET /sales/img/favicon.ico HTTP/1.1" 404 121
127.0.0.1 - - [26/Jul/2024:12:12:56 +0530] "POST /salesCore/login HTTP/1.1" 200 656
0:0:0:0:0:0:0:1 - - [26/Jul/2024:12:12:56 +0530] "POST /sales/login HTTP/1.1" 302 -
127.0.0.1 - - [26/Jul/2024:12:12:56 +0530] "POST /salesCore/getAllBudget HTTP/1.1" 200 2883
127.0.0.1 - - [26/Jul/2024:12:12:57 +0530] "POST /salesCore/getUserCommonList HTTP/1.1" 200 1303
0:0:0:0:0:0:0:1 - - [26/Jul/2024:12:12:57 +0530] "GET /sales/dashboard HTTP/1.1" 200 35709
0:0:0:0:0:0:0:1 - - [26/Jul/2024:12:12:57 +0530] "GET /sales/css/bootstrap-datetimepicker.min.css HTTP/1.1" 304 -
0:0:0:0:0:0:0:1 - - [26/Jul/2024:12:12:57 +0530] "GET /sales/css/select2.css HTTP/1.1" 304 -
0:0:0:0:0:0:0:1 - - [26/Jul/2024:12:12:57 +0530] "GET /sales/js/chart.js HTTP/1.1" 304 -
0:0:0:0:0:0:0:1 - - [26/Jul/2024:12:12:57 +0530] "GET /sales/js/dataTables.js HTTP/1.1" 304 -
0:0:0:0:0:0:0:1 - - [26/Jul/2024:12:12:57 +0530] "GET /sales/js/filter-multi-select-bundle.min.js HTTP/1.1" 304 -
0:0:0:0:0:0:0:1 - - [26/Jul/2024:12:12:57 +0530] "GET /sales/js/dataTables.bootstrap5.js HTTP/1.1" 304 -
0:0:0:0:0:0:0:1 - - [26/Jul/2024:12:12:57 +0530] "GET /sales/js/moment.min.js HTTP/1.1" 304 -
0:0:0:0:0:0:0:1 - - [26/Jul/2024:12:12:57 +0530] "GET /sales/js/bootstrap-datetimepicker.min.js HTTP/1.1" 304 -
0:0:0:0:0:0:0:1 - - [26/Jul/2024:12:12:57 +0530] "GET /sales/img/in-progress.svg HTTP/1.1" 304 -
0:0:0:0:0:0:0:1 - - [26/Jul/2024:12:12:57 +0530] "GET /sales/img/leadCaptured.svg HTTP/1.1" 304 -
0:0:0:0:0:0:0:1 - - [26/Jul/2024:12:12:57 +0530] "GET /sales/js/select2.js HTTP/1.1" 304 -
0:0:0:0:0:0:0:1 - - [26/Jul/2024:12:12:57 +0530] "GET /sales/img/proposal.svg HTTP/1.1" 304 -
0:0:0:0:0:0:0:1 - - [26/Jul/2024:12:12:57 +0530] "GET /sales/img/1.png HTTP/1.1" 304 -
0:0:0:0:0:0:0:1 - - [26/Jul/2024:12:12:57 +0530] "GET /sales/img/won.svg HTTP/1.1" 304 -
0:0:0:0:0:0:0:1 - - [26/Jul/2024:12:12:57 +0530] "GET /sales/img/lost.svg HTTP/1.1" 304 -
0:0:0:0:0:0:0:1 - - [26/Jul/2024:12:12:57 +0530] "GET /sales/yearBudgets HTTP/1.1" 500 129
127.0.0.1 - - [26/Jul/2024:12:12:57 +0530] "POST /salesCore/todayRemindersCount HTTP/1.1" 200 110
0:0:0:0:0:0:0:1 - - [26/Jul/2024:12:12:57 +0530] "POST /sales/todayReminders HTTP/1.1" 200 11
127.0.0.1 - - [26/Jul/2024:12:12:57 +0530] "POST /salesCore/getDashboardData HTTP/1.1" 200 3095
0:0:0:0:0:0:0:1 - - [26/Jul/2024:12:12:57 +0530] "GET /sales/getChartData HTTP/1.1" 200 463
127.0.0.1 - - [26/Jul/2024:12:14:57 +0530] "POST /salesCore/getAllBudget HTTP/1.1" 200 2883
127.0.0.1 - - [26/Jul/2024:12:14:57 +0530] "POST /salesCore/getUserCommonList HTTP/1.1" 200 1303
0:0:0:0:0:0:0:1 - - [26/Jul/2024:12:14:57 +0530] "GET /sales/dashboard HTTP/1.1" 200 35709
0:0:0:0:0:0:0:1 - - [26/Jul/2024:12:14:57 +0530] "GET /sales/yearBudgets HTTP/1.1" 500 129
127.0.0.1 - - [26/Jul/2024:12:14:57 +0530] "POST /salesCore/todayRemindersCount HTTP/1.1" 200 110
0:0:0:0:0:0:0:1 - - [26/Jul/2024:12:14:57 +0530] "POST /sales/todayReminders HTTP/1.1" 200 11
127.0.0.1 - - [26/Jul/2024:12:14:57 +0530] "POST /salesCore/getDashboardData HTTP/1.1" 200 3095
0:0:0:0:0:0:0:1 - - [26/Jul/2024:12:14:57 +0530] "GET /sales/getChartData HTTP/1.1" 200 463
127.0.0.1 - - [26/Jul/2024:12:15:00 +0530] "POST /salesCore/getDashboardData HTTP/1.1" 200 3095
127.0.0.1 - - [26/Jul/2024:12:15:00 +0530] "POST /salesCore/getYearBudgets HTTP/1.1" 200 2883
0:0:0:0:0:0:0:1 - - [26/Jul/2024:12:15:00 +0530] "GET /sales/getChartData?year%5B%5D=2024-25 HTTP/1.1" 200 463
0:0:0:0:0:0:0:1 - - [26/Jul/2024:12:15:00 +0530] "GET /sales/yearBudgets?year%5B%5D=2024-25 HTTP/1.1" 200 2083
127.0.0.1 - - [26/Jul/2024:12:15:03 +0530] "POST /salesCore/getDashboardData HTTP/1.1" 200 2371
127.0.0.1 - - [26/Jul/2024:12:15:03 +0530] "POST /salesCore/getYearBudgets HTTP/1.1" 200 2883
0:0:0:0:0:0:0:1 - - [26/Jul/2024:12:15:03 +0530] "GET /sales/getChartData?year%5B%5D=2024-25&zone%5B%5D=North HTTP/1.1" 200 462
0:0:0:0:0:0:0:1 - - [26/Jul/2024:12:15:03 +0530] "GET /sales/yearBudgets?year%5B%5D=2024-25&zone%5B%5D=North HTTP/1.1" 200 2082
127.0.0.1 - - [26/Jul/2024:12:15:05 +0530] "POST /salesCore/getYearBudgets HTTP/1.1" 200 110
127.0.0.1 - - [26/Jul/2024:12:15:05 +0530] "POST /salesCore/getDashboardData HTTP/1.1" 200 367
0:0:0:0:0:0:0:1 - - [26/Jul/2024:12:15:05 +0530] "GET /sales/yearBudgets?year%5B%5D=2024-25&zone%5B%5D=North&bde%5B%5D=preeti HTTP/1.1" 200 12
0:0:0:0:0:0:0:1 - - [26/Jul/2024:12:15:05 +0530] "GET /sales/getChartData?year%5B%5D=2024-25&zone%5B%5D=North&bde%5B%5D=preeti HTTP/1.1" 200 428
127.0.0.1 - - [26/Jul/2024:12:15:10 +0530] "POST /salesCore/getYearBudgets HTTP/1.1" 200 2883
127.0.0.1 - - [26/Jul/2024:12:15:10 +0530] "POST /salesCore/getDashboardData HTTP/1.1" 200 1455
0:0:0:0:0:0:0:1 - - [26/Jul/2024:12:15:10 +0530] "GET /sales/getChartData?year%5B%5D=2024-25&zone%5B%5D=North&bde%5B%5D=Aravind&bde%5B%5D=preeti HTTP/1.1" 200 440
0:0:0:0:0:0:0:1 - - [26/Jul/2024:12:15:10 +0530] "GET /sales/yearBudgets?year%5B%5D=2024-25&zone%5B%5D=North&bde%5B%5D=Aravind&bde%5B%5D=preeti HTTP/1.1" 200 2079
127.0.0.1 - - [26/Jul/2024:12:15:14 +0530] "POST /salesCore/getYearBudgets HTTP/1.1" 200 2883
127.0.0.1 - - [26/Jul/2024:12:15:14 +0530] "POST /salesCore/getDashboardData HTTP/1.1" 200 2371
0:0:0:0:0:0:0:1 - - [26/Jul/2024:12:15:14 +0530] "GET /sales/getChartData?year%5B%5D=2024-25&zone%5B%5D=North&bde%5B%5D=Aravind&bde%5B%5D=madhu&bde%5B%5D=preeti HTTP/1.1" 200 462
0:0:0:0:0:0:0:1 - - [26/Jul/2024:12:15:14 +0530] "GET /sales/yearBudgets?year%5B%5D=2024-25&zone%5B%5D=North&bde%5B%5D=Aravind&bde%5B%5D=madhu&bde%5B%5D=preeti HTTP/1.1" 200 2082
127.0.0.1 - - [26/Jul/2024:12:16:45 +0530] "POST /salesCore/getAllBudget HTTP/1.1" 200 2883
127.0.0.1 - - [26/Jul/2024:12:16:45 +0530] "POST /salesCore/getUserCommonList HTTP/1.1" 200 1303
0:0:0:0:0:0:0:1 - - [26/Jul/2024:12:16:45 +0530] "GET /sales/dashboard HTTP/1.1" 200 35709
127.0.0.1 - - [26/Jul/2024:12:16:46 +0530] "POST /salesCore/todayRemindersCount HTTP/1.1" 200 110
0:0:0:0:0:0:0:1 - - [26/Jul/2024:12:16:46 +0530] "POST /sales/todayReminders HTTP/1.1" 200 11
0:0:0:0:0:0:0:1 - - [26/Jul/2024:12:16:46 +0530] "GET /sales/yearBudgets HTTP/1.1" 500 129
127.0.0.1 - - [26/Jul/2024:12:16:46 +0530] "POST /salesCore/getDashboardData HTTP/1.1" 200 3095
0:0:0:0:0:0:0:1 - - [26/Jul/2024:12:16:46 +0530] "GET /sales/getChartData HTTP/1.1" 200 463
127.0.0.1 - - [26/Jul/2024:12:17:07 +0530] "POST /salesCore/getAllLeadDetails HTTP/1.1" 200 3567
127.0.0.1 - - [26/Jul/2024:12:17:07 +0530] "POST /salesCore/getAllLeadDetails HTTP/1.1" 200 3567
0:0:0:0:0:0:0:1 - - [26/Jul/2024:12:17:07 +0530] "GET /sales/leadList HTTP/1.1" 503 788
0:0:0:0:0:0:0:1 - - [26/Jul/2024:12:17:07 +0530] "GET /sales/leadList HTTP/1.1" 503 788
0:0:0:0:0:0:0:1 - - [26/Jul/2024:12:17:07 +0530] "GET /favicon.ico HTTP/1.1" 404 762
0:0:0:0:0:0:0:1 - - [26/Jul/2024:12:18:08 +0530] "GET /sales/ HTTP/1.1" 200 10532
127.0.0.1 - - [26/Jul/2024:12:18:14 +0530] "POST /salesCore/login HTTP/1.1" 200 656
0:0:0:0:0:0:0:1 - - [26/Jul/2024:12:18:15 +0530] "POST /sales/login HTTP/1.1" 302 -
127.0.0.1 - - [26/Jul/2024:12:18:16 +0530] "POST /salesCore/getAllBudget HTTP/1.1" 200 2883
127.0.0.1 - - [26/Jul/2024:12:18:16 +0530] "POST /salesCore/getUserCommonList HTTP/1.1" 200 1303
0:0:0:0:0:0:0:1 - - [26/Jul/2024:12:18:18 +0530] "GET /sales/dashboard HTTP/1.1" 200 37000
127.0.0.1 - - [26/Jul/2024:12:18:19 +0530] "POST /salesCore/todayRemindersCount HTTP/1.1" 200 110
0:0:0:0:0:0:0:1 - - [26/Jul/2024:12:18:19 +0530] "POST /sales/todayReminders HTTP/1.1" 200 11
0:0:0:0:0:0:0:1 - - [26/Jul/2024:12:18:19 +0530] "GET /sales/yearBudgets HTTP/1.1" 500 129
127.0.0.1 - - [26/Jul/2024:12:18:19 +0530] "POST /salesCore/getDashboardData HTTP/1.1" 200 3095
0:0:0:0:0:0:0:1 - - [26/Jul/2024:12:18:19 +0530] "GET /sales/getChartData HTTP/1.1" 200 463
127.0.0.1 - - [26/Jul/2024:12:18:22 +0530] "POST /salesCore/getDashboardData HTTP/1.1" 200 367
0:0:0:0:0:0:0:1 - - [26/Jul/2024:12:18:22 +0530] "GET /sales/getChartData?year%5B%5D=2023-24 HTTP/1.1" 200 392
127.0.0.1 - - [26/Jul/2024:12:18:22 +0530] "POST /salesCore/getYearBudgets HTTP/1.1" 200 110
0:0:0:0:0:0:0:1 - - [26/Jul/2024:12:18:22 +0530] "GET /sales/yearBudgets?year%5B%5D=2023-24 HTTP/1.1" 200 12
127.0.0.1 - - [26/Jul/2024:12:18:27 +0530] "POST /salesCore/getDashboardData HTTP/1.1" 200 3095
0:0:0:0:0:0:0:1 - - [26/Jul/2024:12:18:27 +0530] "GET /sales/getChartData?year%5B%5D=2023-24&year%5B%5D=2024-25 HTTP/1.1" 200 415
127.0.0.1 - - [26/Jul/2024:12:18:27 +0530] "POST /salesCore/getYearBudgets HTTP/1.1" 200 2883
0:0:0:0:0:0:0:1 - - [26/Jul/2024:12:18:27 +0530] "GET /sales/yearBudgets?year%5B%5D=2023-24&year%5B%5D=2024-25 HTTP/1.1" 200 2083
127.0.0.1 - - [26/Jul/2024:12:18:28 +0530] "POST /salesCore/getDashboardData HTTP/1.1" 200 3095
0:0:0:0:0:0:0:1 - - [26/Jul/2024:12:18:28 +0530] "GET /sales/getChartData?year%5B%5D=2024-25 HTTP/1.1" 200 463
127.0.0.1 - - [26/Jul/2024:12:18:28 +0530] "POST /salesCore/getYearBudgets HTTP/1.1" 200 2883
0:0:0:0:0:0:0:1 - - [26/Jul/2024:12:18:28 +0530] "GET /sales/yearBudgets?year%5B%5D=2024-25 HTTP/1.1" 200 2083
0:0:0:0:0:0:0:1 - - [26/Jul/2024:12:18:31 +0530] "GET /sales/yearBudgets HTTP/1.1" 500 129
127.0.0.1 - - [26/Jul/2024:12:18:31 +0530] "POST /salesCore/getDashboardData HTTP/1.1" 200 3095
0:0:0:0:0:0:0:1 - - [26/Jul/2024:12:18:31 +0530] "GET /sales/getChartData HTTP/1.1" 200 463
127.0.0.1 - - [26/Jul/2024:12:18:32 +0530] "POST /salesCore/getDashboardData HTTP/1.1" 200 367
127.0.0.1 - - [26/Jul/2024:12:18:32 +0530] "POST /salesCore/getYearBudgets HTTP/1.1" 200 110
0:0:0:0:0:0:0:1 - - [26/Jul/2024:12:18:32 +0530] "GET /sales/getChartData?year%5B%5D=2025-26 HTTP/1.1" 200 440
0:0:0:0:0:0:0:1 - - [26/Jul/2024:12:18:32 +0530] "GET /sales/yearBudgets?year%5B%5D=2025-26 HTTP/1.1" 200 12
127.0.0.1 - - [26/Jul/2024:12:18:37 +0530] "POST /salesCore/getDashboardData HTTP/1.1" 200 367
0:0:0:0:0:0:0:1 - - [26/Jul/2024:12:18:37 +0530] "GET /sales/getChartData?year%5B%5D=2025-26&zone%5B%5D=North HTTP/1.1" 200 440
127.0.0.1 - - [26/Jul/2024:12:18:37 +0530] "POST /salesCore/getYearBudgets HTTP/1.1" 200 110
127.0.0.1 - - [26/Jul/2024:12:18:37 +0530] "POST /salesCore/getAllbyzone HTTP/1.1" 200 1431
0:0:0:0:0:0:0:1 - - [26/Jul/2024:12:18:37 +0530] "GET /sales/yearBudgets?year%5B%5D=2025-26&zone%5B%5D=North HTTP/1.1" 200 12
0:0:0:0:0:0:0:1 - - [26/Jul/2024:12:18:37 +0530] "POST /sales/getAllbyzone HTTP/1.1" 200 995
127.0.0.1 - - [26/Jul/2024:12:18:42 +0530] "POST /salesCore/getYearBudgets HTTP/1.1" 200 110
0:0:0:0:0:0:0:1 - - [26/Jul/2024:12:18:42 +0530] "GET /sales/yearBudgets?year%5B%5D=2025-26&zone%5B%5D=North&zone%5B%5D=East HTTP/1.1" 200 12
127.0.0.1 - - [26/Jul/2024:12:18:42 +0530] "POST /salesCore/getDashboardData HTTP/1.1" 200 367
0:0:0:0:0:0:0:1 - - [26/Jul/2024:12:18:42 +0530] "GET /sales/getChartData?year%5B%5D=2025-26&zone%5B%5D=North&zone%5B%5D=East HTTP/1.1" 200 440
127.0.0.1 - - [26/Jul/2024:12:18:42 +0530] "POST /salesCore/getAllbyzone HTTP/1.1" 200 2711
0:0:0:0:0:0:0:1 - - [26/Jul/2024:12:18:42 +0530] "POST /sales/getAllbyzone HTTP/1.1" 200 1970
127.0.0.1 - - [26/Jul/2024:12:18:45 +0530] "POST /salesCore/getAllbyzone HTTP/1.1" 200 4035
0:0:0:0:0:0:0:1 - - [26/Jul/2024:12:18:45 +0530] "POST /sales/getAllbyzone HTTP/1.1" 200 2947
127.0.0.1 - - [26/Jul/2024:12:18:45 +0530] "POST /salesCore/getDashboardData HTTP/1.1" 200 367
127.0.0.1 - - [26/Jul/2024:12:18:45 +0530] "POST /salesCore/getYearBudgets HTTP/1.1" 200 110
0:0:0:0:0:0:0:1 - - [26/Jul/2024:12:18:45 +0530] "GET /sales/getChartData?year%5B%5D=2025-26&zone%5B%5D=North&zone%5B%5D=East&zone%5B%5D=West HTTP/1.1" 200 440
0:0:0:0:0:0:0:1 - - [26/Jul/2024:12:18:45 +0530] "GET /sales/yearBudgets?year%5B%5D=2025-26&zone%5B%5D=North&zone%5B%5D=East&zone%5B%5D=West HTTP/1.1" 200 12
127.0.0.1 - - [26/Jul/2024:12:18:48 +0530] "POST /salesCore/getYearBudgets HTTP/1.1" 200 110
0:0:0:0:0:0:0:1 - - [26/Jul/2024:12:18:48 +0530] "GET /sales/yearBudgets?year%5B%5D=2025-26&zone%5B%5D=North&zone%5B%5D=East HTTP/1.1" 200 12
127.0.0.1 - - [26/Jul/2024:12:18:48 +0530] "POST /salesCore/getAllbyzone HTTP/1.1" 200 2711
0:0:0:0:0:0:0:1 - - [26/Jul/2024:12:18:48 +0530] "POST /sales/getAllbyzone HTTP/1.1" 200 1970
127.0.0.1 - - [26/Jul/2024:12:18:48 +0530] "POST /salesCore/getDashboardData HTTP/1.1" 200 367
0:0:0:0:0:0:0:1 - - [26/Jul/2024:12:18:48 +0530] "GET /sales/getChartData?year%5B%5D=2025-26&zone%5B%5D=North&zone%5B%5D=East HTTP/1.1" 200 440
127.0.0.1 - - [26/Jul/2024:12:18:49 +0530] "POST /salesCore/getAllbyzone HTTP/1.1" 200 1431
0:0:0:0:0:0:0:1 - - [26/Jul/2024:12:18:49 +0530] "POST /sales/getAllbyzone HTTP/1.1" 200 995
127.0.0.1 - - [26/Jul/2024:12:18:49 +0530] "POST /salesCore/getDashboardData HTTP/1.1" 200 367
0:0:0:0:0:0:0:1 - - [26/Jul/2024:12:18:49 +0530] "GET /sales/getChartData?year%5B%5D=2025-26&zone%5B%5D=North HTTP/1.1" 200 440
127.0.0.1 - - [26/Jul/2024:12:18:49 +0530] "POST /salesCore/getYearBudgets HTTP/1.1" 200 110
0:0:0:0:0:0:0:1 - - [26/Jul/2024:12:18:49 +0530] "GET /sales/yearBudgets?year%5B%5D=2025-26&zone%5B%5D=North HTTP/1.1" 200 12
127.0.0.1 - - [26/Jul/2024:12:18:54 +0530] "POST /salesCore/getYearBudgets HTTP/1.1" 200 110
0:0:0:0:0:0:0:1 - - [26/Jul/2024:12:18:54 +0530] "GET /sales/yearBudgets?year%5B%5D=2025-26&zone%5B%5D=North&bde%5B%5D=Madhu HTTP/1.1" 200 12
127.0.0.1 - - [26/Jul/2024:12:18:54 +0530] "POST /salesCore/getDashboardData HTTP/1.1" 200 367
0:0:0:0:0:0:0:1 - - [26/Jul/2024:12:18:54 +0530] "GET /sales/getChartData?year%5B%5D=2025-26&zone%5B%5D=North&bde%5B%5D=Madhu HTTP/1.1" 200 428
127.0.0.1 - - [26/Jul/2024:12:18:59 +0530] "POST /salesCore/getYearBudgets HTTP/1.1" 200 110
0:0:0:0:0:0:0:1 - - [26/Jul/2024:12:18:59 +0530] "GET /sales/yearBudgets?year%5B%5D=2025-26&zone%5B%5D=North&bde%5B%5D=Madhu&bde%5B%5D=srinivas HTTP/1.1" 200 12
127.0.0.1 - - [26/Jul/2024:12:18:59 +0530] "POST /salesCore/getDashboardData HTTP/1.1" 200 367
0:0:0:0:0:0:0:1 - - [26/Jul/2024:12:18:59 +0530] "GET /sales/getChartData?year%5B%5D=2025-26&zone%5B%5D=North&bde%5B%5D=Madhu&bde%5B%5D=srinivas HTTP/1.1" 200 428
127.0.0.1 - - [26/Jul/2024:12:19:03 +0530] "POST /salesCore/getDashboardData HTTP/1.1" 200 367
127.0.0.1 - - [26/Jul/2024:12:19:03 +0530] "POST /salesCore/getYearBudgets HTTP/1.1" 200 110
0:0:0:0:0:0:0:1 - - [26/Jul/2024:12:19:03 +0530] "GET /sales/getChartData?year%5B%5D=2025-26&zone%5B%5D=North&bde%5B%5D=Aravind&bde%5B%5D=Madhu&bde%5B%5D=srinivas HTTP/1.1" 200 440
0:0:0:0:0:0:0:1 - - [26/Jul/2024:12:19:03 +0530] "GET /sales/yearBudgets?year%5B%5D=2025-26&zone%5B%5D=North&bde%5B%5D=Aravind&bde%5B%5D=Madhu&bde%5B%5D=srinivas HTTP/1.1" 200 12
127.0.0.1 - - [26/Jul/2024:12:19:07 +0530] "POST /salesCore/getDashboardData HTTP/1.1" 200 367
0:0:0:0:0:0:0:1 - - [26/Jul/2024:12:19:07 +0530] "GET /sales/getChartData?year%5B%5D=2025-26&zone%5B%5D=North&bde%5B%5D=Aravind&bde%5B%5D=Madhu&bde%5B%5D=srinivas&bde%5B%5D=Preeti HTTP/1.1" 200 440
127.0.0.1 - - [26/Jul/2024:12:19:07 +0530] "POST /salesCore/getYearBudgets HTTP/1.1" 200 110
0:0:0:0:0:0:0:1 - - [26/Jul/2024:12:19:07 +0530] "GET /sales/yearBudgets?year%5B%5D=2025-26&zone%5B%5D=North&bde%5B%5D=Aravind&bde%5B%5D=Madhu&bde%5B%5D=srinivas&bde%5B%5D=Preeti HTTP/1.1" 200 12
127.0.0.1 - - [26/Jul/2024:12:19:10 +0530] "POST /salesCore/getDashboardData HTTP/1.1" 200 367
127.0.0.1 - - [26/Jul/2024:12:19:10 +0530] "POST /salesCore/getYearBudgets HTTP/1.1" 200 110
0:0:0:0:0:0:0:1 - - [26/Jul/2024:12:19:10 +0530] "GET /sales/yearBudgets?year%5B%5D=2025-26&zone%5B%5D=North&bde%5B%5D=Aravind&bde%5B%5D=Madhu&bde%5B%5D=srinivas HTTP/1.1" 200 12
0:0:0:0:0:0:0:1 - - [26/Jul/2024:12:19:10 +0530] "GET /sales/getChartData?year%5B%5D=2025-26&zone%5B%5D=North&bde%5B%5D=Aravind&bde%5B%5D=Madhu&bde%5B%5D=srinivas HTTP/1.1" 200 440
127.0.0.1 - - [26/Jul/2024:12:19:12 +0530] "POST /salesCore/getDashboardData HTTP/1.1" 200 367
0:0:0:0:0:0:0:1 - - [26/Jul/2024:12:19:12 +0530] "GET /sales/getChartData?year%5B%5D=2025-26&zone%5B%5D=North&bde%5B%5D=Aravind&bde%5B%5D=Madhu HTTP/1.1" 200 428
127.0.0.1 - - [26/Jul/2024:12:19:12 +0530] "POST /salesCore/getYearBudgets HTTP/1.1" 200 110
0:0:0:0:0:0:0:1 - - [26/Jul/2024:12:19:12 +0530] "GET /sales/yearBudgets?year%5B%5D=2025-26&zone%5B%5D=North&bde%5B%5D=Aravind&bde%5B%5D=Madhu HTTP/1.1" 200 12
127.0.0.1 - - [26/Jul/2024:12:19:13 +0530] "POST /salesCore/getYearBudgets HTTP/1.1" 200 110
127.0.0.1 - - [26/Jul/2024:12:19:13 +0530] "POST /salesCore/getDashboardData HTTP/1.1" 200 367
0:0:0:0:0:0:0:1 - - [26/Jul/2024:12:19:13 +0530] "GET /sales/yearBudgets?year%5B%5D=2025-26&zone%5B%5D=North&bde%5B%5D=Madhu HTTP/1.1" 200 12
0:0:0:0:0:0:0:1 - - [26/Jul/2024:12:19:13 +0530] "GET /sales/getChartData?year%5B%5D=2025-26&zone%5B%5D=North&bde%5B%5D=Madhu HTTP/1.1" 200 428
127.0.0.1 - - [26/Jul/2024:12:19:14 +0530] "POST /salesCore/getDashboardData HTTP/1.1" 200 367
0:0:0:0:0:0:0:1 - - [26/Jul/2024:12:19:14 +0530] "GET /sales/getChartData?year%5B%5D=2025-26&zone%5B%5D=North HTTP/1.1" 200 440
127.0.0.1 - - [26/Jul/2024:12:19:14 +0530] "POST /salesCore/getYearBudgets HTTP/1.1" 200 110
0:0:0:0:0:0:0:1 - - [26/Jul/2024:12:19:14 +0530] "GET /sales/yearBudgets?year%5B%5D=2025-26&zone%5B%5D=North HTTP/1.1" 200 12
127.0.0.1 - - [26/Jul/2024:12:19:15 +0530] "POST /salesCore/getAllbyzone HTTP/1.1" 200 110
0:0:0:0:0:0:0:1 - - [26/Jul/2024:12:19:15 +0530] "POST /sales/getAllbyzone HTTP/1.1" 200 12
127.0.0.1 - - [26/Jul/2024:12:19:15 +0530] "POST /salesCore/getDashboardData HTTP/1.1" 200 367
127.0.0.1 - - [26/Jul/2024:12:19:15 +0530] "POST /salesCore/getYearBudgets HTTP/1.1" 200 110
0:0:0:0:0:0:0:1 - - [26/Jul/2024:12:19:15 +0530] "GET /sales/getChartData?year%5B%5D=2025-26 HTTP/1.1" 200 440
0:0:0:0:0:0:0:1 - - [26/Jul/2024:12:19:15 +0530] "GET /sales/yearBudgets?year%5B%5D=2025-26 HTTP/1.1" 200 12
127.0.0.1 - - [26/Jul/2024:12:19:17 +0530] "POST /salesCore/getDashboardData HTTP/1.1" 200 3095
0:0:0:0:0:0:0:1 - - [26/Jul/2024:12:19:17 +0530] "GET /sales/getChartData HTTP/1.1" 200 463
0:0:0:0:0:0:0:1 - - [26/Jul/2024:12:19:17 +0530] "GET /sales/yearBudgets HTTP/1.1" 500 129
127.0.0.1 - - [26/Jul/2024:12:19:18 +0530] "POST /salesCore/getYearBudgets HTTP/1.1" 200 2883
0:0:0:0:0:0:0:1 - - [26/Jul/2024:12:19:18 +0530] "GET /sales/yearBudgets?year%5B%5D=2024-25 HTTP/1.1" 200 2083
127.0.0.1 - - [26/Jul/2024:12:19:18 +0530] "POST /salesCore/getDashboardData HTTP/1.1" 200 3095
0:0:0:0:0:0:0:1 - - [26/Jul/2024:12:19:18 +0530] "GET /sales/getChartData?year%5B%5D=2024-25 HTTP/1.1" 200 463
127.0.0.1 - - [26/Jul/2024:12:19:26 +0530] "POST /salesCore/getDashboardData HTTP/1.1" 200 2371
127.0.0.1 - - [26/Jul/2024:12:19:26 +0530] "POST /salesCore/getAllbyzone HTTP/1.1" 200 1431
0:0:0:0:0:0:0:1 - - [26/Jul/2024:12:19:26 +0530] "POST /sales/getAllbyzone HTTP/1.1" 200 995
0:0:0:0:0:0:0:1 - - [26/Jul/2024:12:19:26 +0530] "GET /sales/getChartData?year%5B%5D=2024-25&zone%5B%5D=North HTTP/1.1" 200 462
127.0.0.1 - - [26/Jul/2024:12:19:26 +0530] "POST /salesCore/getYearBudgets HTTP/1.1" 200 2883
0:0:0:0:0:0:0:1 - - [26/Jul/2024:12:19:26 +0530] "GET /sales/yearBudgets?year%5B%5D=2024-25&zone%5B%5D=North HTTP/1.1" 200 2082
127.0.0.1 - - [26/Jul/2024:12:19:31 +0530] "POST /salesCore/getYearBudgets HTTP/1.1" 200 2883
0:0:0:0:0:0:0:1 - - [26/Jul/2024:12:19:31 +0530] "GET /sales/yearBudgets?year%5B%5D=2024-25&zone%5B%5D=North&bde%5B%5D=Aravind HTTP/1.1" 200 2079
127.0.0.1 - - [26/Jul/2024:12:19:31 +0530] "POST /salesCore/getDashboardData HTTP/1.1" 200 1455
0:0:0:0:0:0:0:1 - - [26/Jul/2024:12:19:31 +0530] "GET /sales/getChartData?year%5B%5D=2024-25&zone%5B%5D=North&bde%5B%5D=Aravind HTTP/1.1" 200 440
127.0.0.1 - - [26/Jul/2024:12:19:42 +0530] "POST /salesCore/getYearBudgets HTTP/1.1" 200 2883
127.0.0.1 - - [26/Jul/2024:12:19:42 +0530] "POST /salesCore/getDashboardData HTTP/1.1" 200 2371
0:0:0:0:0:0:0:1 - - [26/Jul/2024:12:19:42 +0530] "GET /sales/yearBudgets?year%5B%5D=2024-25&zone%5B%5D=North HTTP/1.1" 200 2082
0:0:0:0:0:0:0:1 - - [26/Jul/2024:12:19:42 +0530] "GET /sales/getChartData?year%5B%5D=2024-25&zone%5B%5D=North HTTP/1.1" 200 462
127.0.0.1 - - [26/Jul/2024:12:19:43 +0530] "POST /salesCore/getYearBudgets HTTP/1.1" 200 110
127.0.0.1 - - [26/Jul/2024:12:19:43 +0530] "POST /salesCore/getDashboardData HTTP/1.1" 200 367
0:0:0:0:0:0:0:1 - - [26/Jul/2024:12:19:43 +0530] "GET /sales/yearBudgets?year%5B%5D=2024-25&zone%5B%5D=North&bde%5B%5D=Preeti HTTP/1.1" 200 12
0:0:0:0:0:0:0:1 - - [26/Jul/2024:12:19:43 +0530] "GET /sales/getChartData?year%5B%5D=2024-25&zone%5B%5D=North&bde%5B%5D=Preeti HTTP/1.1" 200 428
127.0.0.1 - - [26/Jul/2024:12:19:47 +0530] "POST /salesCore/getDashboardData HTTP/1.1" 200 367
127.0.0.1 - - [26/Jul/2024:12:19:47 +0530] "POST /salesCore/getAllbyzone HTTP/1.1" 200 110
0:0:0:0:0:0:0:1 - - [26/Jul/2024:12:19:47 +0530] "POST /sales/getAllbyzone HTTP/1.1" 200 12
0:0:0:0:0:0:0:1 - - [26/Jul/2024:12:19:47 +0530] "GET /sales/getChartData?year%5B%5D=2024-25&bde%5B%5D=Preeti HTTP/1.1" 200 428
127.0.0.1 - - [26/Jul/2024:12:19:47 +0530] "POST /salesCore/getYearBudgets HTTP/1.1" 200 110
0:0:0:0:0:0:0:1 - - [26/Jul/2024:12:19:47 +0530] "GET /sales/yearBudgets?year%5B%5D=2024-25&bde%5B%5D=Preeti HTTP/1.1" 200 12
127.0.0.1 - - [26/Jul/2024:12:19:49 +0530] "POST /salesCore/getAllbyzone HTTP/1.1" 200 1431
127.0.0.1 - - [26/Jul/2024:12:19:49 +0530] "POST /salesCore/getYearBudgets HTTP/1.1" 200 110
127.0.0.1 - - [26/Jul/2024:12:19:49 +0530] "POST /salesCore/getDashboardData HTTP/1.1" 200 367
0:0:0:0:0:0:0:1 - - [26/Jul/2024:12:19:49 +0530] "POST /sales/getAllbyzone HTTP/1.1" 200 995
0:0:0:0:0:0:0:1 - - [26/Jul/2024:12:19:49 +0530] "GET /sales/getChartData?year%5B%5D=2024-25&zone%5B%5D=North&bde%5B%5D=Preeti HTTP/1.1" 200 428
0:0:0:0:0:0:0:1 - - [26/Jul/2024:12:19:49 +0530] "GET /sales/yearBudgets?year%5B%5D=2024-25&zone%5B%5D=North&bde%5B%5D=Preeti HTTP/1.1" 200 12
127.0.0.1 - - [26/Jul/2024:12:19:51 +0530] "POST /salesCore/getDashboardData HTTP/1.1" 200 367
127.0.0.1 - - [26/Jul/2024:12:19:51 +0530] "POST /salesCore/getAllbyzone HTTP/1.1" 200 2071
0:0:0:0:0:0:0:1 - - [26/Jul/2024:12:19:51 +0530] "GET /sales/getChartData?year%5B%5D=2024-25&zone%5B%5D=North&zone%5B%5D=South&bde%5B%5D=Preeti HTTP/1.1" 200 428
0:0:0:0:0:0:0:1 - - [26/Jul/2024:12:19:51 +0530] "POST /sales/getAllbyzone HTTP/1.1" 200 1486
127.0.0.1 - - [26/Jul/2024:12:19:51 +0530] "POST /salesCore/getYearBudgets HTTP/1.1" 200 110
0:0:0:0:0:0:0:1 - - [26/Jul/2024:12:19:51 +0530] "GET /sales/yearBudgets?year%5B%5D=2024-25&zone%5B%5D=North&zone%5B%5D=South&bde%5B%5D=Preeti HTTP/1.1" 200 12
127.0.0.1 - - [26/Jul/2024:12:19:58 +0530] "POST /salesCore/getYearBudgets HTTP/1.1" 200 110
127.0.0.1 - - [26/Jul/2024:12:19:58 +0530] "POST /salesCore/getAllbyzone HTTP/1.1" 200 3375
0:0:0:0:0:0:0:1 - - [26/Jul/2024:12:19:58 +0530] "GET /sales/yearBudgets?year%5B%5D=2024-25&zone%5B%5D=North&zone%5B%5D=West&zone%5B%5D=South&bde%5B%5D=Preeti HTTP/1.1" 200 12
0:0:0:0:0:0:0:1 - - [26/Jul/2024:12:19:58 +0530] "POST /sales/getAllbyzone HTTP/1.1" 200 2463
127.0.0.1 - - [26/Jul/2024:12:19:58 +0530] "POST /salesCore/getDashboardData HTTP/1.1" 200 367
0:0:0:0:0:0:0:1 - - [26/Jul/2024:12:19:58 +0530] "GET /sales/getChartData?year%5B%5D=2024-25&zone%5B%5D=North&zone%5B%5D=West&zone%5B%5D=South&bde%5B%5D=Preeti HTTP/1.1" 200 428
127.0.0.1 - - [26/Jul/2024:12:20:05 +0530] "POST /salesCore/getDashboardData HTTP/1.1" 200 367
127.0.0.1 - - [26/Jul/2024:12:20:05 +0530] "POST /salesCore/getYearBudgets HTTP/1.1" 200 110
127.0.0.1 - - [26/Jul/2024:12:20:05 +0530] "POST /salesCore/getAllbyzone HTTP/1.1" 200 4676
0:0:0:0:0:0:0:1 - - [26/Jul/2024:12:20:05 +0530] "POST /sales/getAllbyzone HTTP/1.1" 200 3438
0:0:0:0:0:0:0:1 - - [26/Jul/2024:12:20:05 +0530] "GET /sales/getChartData?year%5B%5D=2024-25&zone%5B%5D=North&zone%5B%5D=East&zone%5B%5D=West&zone%5B%5D=South&bde%5B%5D=Preeti HTTP/1.1" 200 428
0:0:0:0:0:0:0:1 - - [26/Jul/2024:12:20:05 +0530] "GET /sales/yearBudgets?year%5B%5D=2024-25&zone%5B%5D=North&zone%5B%5D=East&zone%5B%5D=West&zone%5B%5D=South&bde%5B%5D=Preeti HTTP/1.1" 200 12
127.0.0.1 - - [26/Jul/2024:12:20:09 +0530] "POST /salesCore/getYearBudgets HTTP/1.1" 200 1219
0:0:0:0:0:0:0:1 - - [26/Jul/2024:12:20:09 +0530] "GET /sales/yearBudgets?year%5B%5D=2024-25&zone%5B%5D=North&zone%5B%5D=East&zone%5B%5D=West&zone%5B%5D=South&bde%5B%5D=BDE1 HTTP/1.1" 200 839
127.0.0.1 - - [26/Jul/2024:12:20:09 +0530] "POST /salesCore/getDashboardData HTTP/1.1" 200 687
0:0:0:0:0:0:0:1 - - [26/Jul/2024:12:20:09 +0530] "GET /sales/getChartData?year%5B%5D=2024-25&zone%5B%5D=North&zone%5B%5D=East&zone%5B%5D=West&zone%5B%5D=South&bde%5B%5D=BDE1 HTTP/1.1" 200 446
127.0.0.1 - - [26/Jul/2024:12:20:15 +0530] "POST /salesCore/getDashboardData HTTP/1.1" 200 2691
127.0.0.1 - - [26/Jul/2024:12:20:15 +0530] "POST /salesCore/getYearBudgets HTTP/1.1" 200 2883
0:0:0:0:0:0:0:1 - - [26/Jul/2024:12:20:15 +0530] "GET /sales/yearBudgets?year%5B%5D=2024-25&zone%5B%5D=North&zone%5B%5D=East&zone%5B%5D=West&zone%5B%5D=South HTTP/1.1" 200 2082
0:0:0:0:0:0:0:1 - - [26/Jul/2024:12:20:15 +0530] "GET /sales/getChartData?year%5B%5D=2024-25&zone%5B%5D=North&zone%5B%5D=East&zone%5B%5D=West&zone%5B%5D=South HTTP/1.1" 200 463
127.0.0.1 - - [26/Jul/2024:12:20:16 +0530] "POST /salesCore/getYearBudgets HTTP/1.1" 200 110
127.0.0.1 - - [26/Jul/2024:12:20:16 +0530] "POST /salesCore/getDashboardData HTTP/1.1" 200 367
0:0:0:0:0:0:0:1 - - [26/Jul/2024:12:20:16 +0530] "GET /sales/yearBudgets?year%5B%5D=2024-25&zone%5B%5D=North&zone%5B%5D=East&zone%5B%5D=West&zone%5B%5D=South&bde%5B%5D=srinivas HTTP/1.1" 200 12
0:0:0:0:0:0:0:1 - - [26/Jul/2024:12:20:16 +0530] "GET /sales/getChartData?year%5B%5D=2024-25&zone%5B%5D=North&zone%5B%5D=East&zone%5B%5D=West&zone%5B%5D=South&bde%5B%5D=srinivas HTTP/1.1" 200 428
127.0.0.1 - - [26/Jul/2024:12:20:18 +0530] "POST /salesCore/getYearBudgets HTTP/1.1" 200 2883
127.0.0.1 - - [26/Jul/2024:12:20:18 +0530] "POST /salesCore/getDashboardData HTTP/1.1" 200 2691
0:0:0:0:0:0:0:1 - - [26/Jul/2024:12:20:18 +0530] "GET /sales/getChartData?year%5B%5D=2024-25&zone%5B%5D=North&zone%5B%5D=East&zone%5B%5D=West&zone%5B%5D=South HTTP/1.1" 200 463
0:0:0:0:0:0:0:1 - - [26/Jul/2024:12:20:18 +0530] "GET /sales/yearBudgets?year%5B%5D=2024-25&zone%5B%5D=North&zone%5B%5D=East&zone%5B%5D=West&zone%5B%5D=South HTTP/1.1" 200 2082
127.0.0.1 - - [26/Jul/2024:12:20:20 +0530] "POST /salesCore/getDashboardData HTTP/1.1" 200 1455
0:0:0:0:0:0:0:1 - - [26/Jul/2024:12:20:20 +0530] "GET /sales/getChartData?year%5B%5D=2024-25&zone%5B%5D=North&zone%5B%5D=East&zone%5B%5D=West&zone%5B%5D=South&bde%5B%5D=Aravind HTTP/1.1" 200 440
127.0.0.1 - - [26/Jul/2024:12:20:20 +0530] "POST /salesCore/getYearBudgets HTTP/1.1" 200 2883
0:0:0:0:0:0:0:1 - - [26/Jul/2024:12:20:20 +0530] "GET /sales/yearBudgets?year%5B%5D=2024-25&zone%5B%5D=North&zone%5B%5D=East&zone%5B%5D=West&zone%5B%5D=South&bde%5B%5D=Aravind HTTP/1.1" 200 2079
127.0.0.1 - - [26/Jul/2024:12:20:26 +0530] "POST /salesCore/getDashboardData HTTP/1.1" 200 1455
0:0:0:0:0:0:0:1 - - [26/Jul/2024:12:20:26 +0530] "GET /sales/getChartData?year%5B%5D=2024-25&zone%5B%5D=North&zone%5B%5D=East&zone%5B%5D=West&zone%5B%5D=South&bde%5B%5D=Aravind&bde%5B%5D=Vikrant HTTP/1.1" 200 440
127.0.0.1 - - [26/Jul/2024:12:20:26 +0530] "POST /salesCore/getYearBudgets HTTP/1.1" 200 2883
0:0:0:0:0:0:0:1 - - [26/Jul/2024:12:20:26 +0530] "GET /sales/yearBudgets?year%5B%5D=2024-25&zone%5B%5D=North&zone%5B%5D=East&zone%5B%5D=West&zone%5B%5D=South&bde%5B%5D=Aravind&bde%5B%5D=Vikrant HTTP/1.1" 200 2079
127.0.0.1 - - [26/Jul/2024:12:20:30 +0530] "POST /salesCore/getYearBudgets HTTP/1.1" 200 2883
0:0:0:0:0:0:0:1 - - [26/Jul/2024:12:20:30 +0530] "GET /sales/yearBudgets?year%5B%5D=2024-25&zone%5B%5D=North&zone%5B%5D=East&zone%5B%5D=West&zone%5B%5D=South&bde%5B%5D=Aravind&bde%5B%5D=Vikrant&bde%5B%5D=Preeti HTTP/1.1" 200 2079
127.0.0.1 - - [26/Jul/2024:12:20:30 +0530] "POST /salesCore/getDashboardData HTTP/1.1" 200 1455
0:0:0:0:0:0:0:1 - - [26/Jul/2024:12:20:30 +0530] "GET /sales/getChartData?year%5B%5D=2024-25&zone%5B%5D=North&zone%5B%5D=East&zone%5B%5D=West&zone%5B%5D=South&bde%5B%5D=Aravind&bde%5B%5D=Vikrant&bde%5B%5D=Preeti HTTP/1.1" 200 452
127.0.0.1 - - [26/Jul/2024:12:20:34 +0530] "POST /salesCore/getDashboardData HTTP/1.1" 200 1455
127.0.0.1 - - [26/Jul/2024:12:20:34 +0530] "POST /salesCore/getYearBudgets HTTP/1.1" 200 2883
0:0:0:0:0:0:0:1 - - [26/Jul/2024:12:20:34 +0530] "GET /sales/getChartData?year%5B%5D=2024-25&zone%5B%5D=North&zone%5B%5D=East&zone%5B%5D=West&zone%5B%5D=South&bde%5B%5D=Aravind&bde%5B%5D=Vikrant&bde%5B%5D=Preeti&bde%5B%5D=Mahedra HTTP/1.1" 200 452
0:0:0:0:0:0:0:1 - - [26/Jul/2024:12:20:34 +0530] "GET /sales/yearBudgets?year%5B%5D=2024-25&zone%5B%5D=North&zone%5B%5D=East&zone%5B%5D=West&zone%5B%5D=South&bde%5B%5D=Aravind&bde%5B%5D=Vikrant&bde%5B%5D=Preeti&bde%5B%5D=Mahedra HTTP/1.1" 200 2079
127.0.0.1 - - [26/Jul/2024:12:20:38 +0530] "POST /salesCore/getDashboardData HTTP/1.1" 200 1455
0:0:0:0:0:0:0:1 - - [26/Jul/2024:12:20:38 +0530] "GET /sales/getChartData?year%5B%5D=2024-25&zone%5B%5D=North&zone%5B%5D=East&zone%5B%5D=West&zone%5B%5D=South&bde%5B%5D=Aravind&bde%5B%5D=Vikrant&bde%5B%5D=Preeti&bde%5B%5D=Mahedra&bde%5B%5D=Nitesh HTTP/1.1" 200 452
127.0.0.1 - - [26/Jul/2024:12:20:38 +0530] "POST /salesCore/getYearBudgets HTTP/1.1" 200 2883
0:0:0:0:0:0:0:1 - - [26/Jul/2024:12:20:39 +0530] "GET /sales/yearBudgets?year%5B%5D=2024-25&zone%5B%5D=North&zone%5B%5D=East&zone%5B%5D=West&zone%5B%5D=South&bde%5B%5D=Aravind&bde%5B%5D=Vikrant&bde%5B%5D=Preeti&bde%5B%5D=Mahedra&bde%5B%5D=Nitesh HTTP/1.1" 200 2079
127.0.0.1 - - [26/Jul/2024:12:20:42 +0530] "POST /salesCore/getDashboardData HTTP/1.1" 200 2371
127.0.0.1 - - [26/Jul/2024:12:20:42 +0530] "POST /salesCore/getYearBudgets HTTP/1.1" 200 2883
0:0:0:0:0:0:0:1 - - [26/Jul/2024:12:20:42 +0530] "GET /sales/getChartData?year%5B%5D=2024-25&zone%5B%5D=North&zone%5B%5D=East&zone%5B%5D=West&zone%5B%5D=South&bde%5B%5D=Aravind&bde%5B%5D=Madhu&bde%5B%5D=Vikrant&bde%5B%5D=Preeti&bde%5B%5D=Mahedra&bde%5B%5D=Nitesh HTTP/1.1" 200 462
0:0:0:0:0:0:0:1 - - [26/Jul/2024:12:20:42 +0530] "GET /sales/yearBudgets?year%5B%5D=2024-25&zone%5B%5D=North&zone%5B%5D=East&zone%5B%5D=West&zone%5B%5D=South&bde%5B%5D=Aravind&bde%5B%5D=Madhu&bde%5B%5D=Vikrant&bde%5B%5D=Preeti&bde%5B%5D=Mahedra&bde%5B%5D=Nitesh HTTP/1.1" 200 2082
127.0.0.1 - - [26/Jul/2024:12:20:46 +0530] "POST /salesCore/getDashboardData HTTP/1.1" 200 2371
127.0.0.1 - - [26/Jul/2024:12:20:46 +0530] "POST /salesCore/getYearBudgets HTTP/1.1" 200 2883
0:0:0:0:0:0:0:1 - - [26/Jul/2024:12:20:46 +0530] "GET /sales/getChartData?year%5B%5D=2024-25&zone%5B%5D=North&zone%5B%5D=East&zone%5B%5D=West&zone%5B%5D=South&bde%5B%5D=Aravind&bde%5B%5D=Madhu&bde%5B%5D=srinivas&bde%5B%5D=Vikrant&bde%5B%5D=Preeti&bde%5B%5D=Mahedra&bde%5B%5D=Nitesh HTTP/1.1" 200 462
0:0:0:0:0:0:0:1 - - [26/Jul/2024:12:20:46 +0530] "GET /sales/yearBudgets?year%5B%5D=2024-25&zone%5B%5D=North&zone%5B%5D=East&zone%5B%5D=West&zone%5B%5D=South&bde%5B%5D=Aravind&bde%5B%5D=Madhu&bde%5B%5D=srinivas&bde%5B%5D=Vikrant&bde%5B%5D=Preeti&bde%5B%5D=Mahedra&bde%5B%5D=Nitesh HTTP/1.1" 200 2082
127.0.0.1 - - [26/Jul/2024:12:20:50 +0530] "POST /salesCore/getDashboardData HTTP/1.1" 200 2371
0:0:0:0:0:0:0:1 - - [26/Jul/2024:12:20:50 +0530] "GET /sales/getChartData?year%5B%5D=2024-25&zone%5B%5D=North&zone%5B%5D=East&zone%5B%5D=West&zone%5B%5D=South&bde%5B%5D=Aravind&bde%5B%5D=Madhu&bde%5B%5D=srinivas&bde%5B%5D=Vikrant&bde%5B%5D=Preeti&bde%5B%5D=Mahedra&bde%5B%5D=Nitesh&bde%5B%5D=BDE3 HTTP/1.1" 200 462
127.0.0.1 - - [26/Jul/2024:12:20:51 +0530] "POST /salesCore/getYearBudgets HTTP/1.1" 200 2883
0:0:0:0:0:0:0:1 - - [26/Jul/2024:12:20:51 +0530] "GET /sales/yearBudgets?year%5B%5D=2024-25&zone%5B%5D=North&zone%5B%5D=East&zone%5B%5D=West&zone%5B%5D=South&bde%5B%5D=Aravind&bde%5B%5D=Madhu&bde%5B%5D=srinivas&bde%5B%5D=Vikrant&bde%5B%5D=Preeti&bde%5B%5D=Mahedra&bde%5B%5D=Nitesh&bde%5B%5D=BDE3 HTTP/1.1" 200 2082
127.0.0.1 - - [26/Jul/2024:12:20:55 +0530] "POST /salesCore/getDashboardData HTTP/1.1" 200 2691
127.0.0.1 - - [26/Jul/2024:12:20:55 +0530] "POST /salesCore/getYearBudgets HTTP/1.1" 200 2883
0:0:0:0:0:0:0:1 - - [26/Jul/2024:12:20:55 +0530] "GET /sales/yearBudgets?year%5B%5D=2024-25&zone%5B%5D=North&zone%5B%5D=East&zone%5B%5D=West&zone%5B%5D=South&bde%5B%5D=Aravind&bde%5B%5D=Madhu&bde%5B%5D=srinivas&bde%5B%5D=Vikrant&bde%5B%5D=Preeti&bde%5B%5D=Mahedra&bde%5B%5D=Nitesh&bde%5B%5D=BDE1&bde%5B%5D=BDE3 HTTP/1.1" 200 2082
0:0:0:0:0:0:0:1 - - [26/Jul/2024:12:20:55 +0530] "GET /sales/getChartData?year%5B%5D=2024-25&zone%5B%5D=North&zone%5B%5D=East&zone%5B%5D=West&zone%5B%5D=South&bde%5B%5D=Aravind&bde%5B%5D=Madhu&bde%5B%5D=srinivas&bde%5B%5D=Vikrant&bde%5B%5D=Preeti&bde%5B%5D=Mahedra&bde%5B%5D=Nitesh&bde%5B%5D=BDE1&bde%5B%5D=BDE3 HTTP/1.1" 200 463
127.0.0.1 - - [26/Jul/2024:12:20:58 +0530] "POST /salesCore/getYearBudgets HTTP/1.1" 200 2883
127.0.0.1 - - [26/Jul/2024:12:20:58 +0530] "POST /salesCore/getDashboardData HTTP/1.1" 200 2691
0:0:0:0:0:0:0:1 - - [26/Jul/2024:12:20:58 +0530] "GET /sales/yearBudgets?year%5B%5D=2024-25&zone%5B%5D=North&zone%5B%5D=East&zone%5B%5D=West&zone%5B%5D=South&bde%5B%5D=Aravind&bde%5B%5D=Madhu&bde%5B%5D=srinivas&bde%5B%5D=Vikrant&bde%5B%5D=Preeti&bde%5B%5D=Mahedra&bde%5B%5D=Nitesh&bde%5B%5D=BDE1&bde%5B%5D=BDE2&bde%5B%5D=BDE3 HTTP/1.1" 200 2082
0:0:0:0:0:0:0:1 - - [26/Jul/2024:12:20:58 +0530] "GET /sales/getChartData?year%5B%5D=2024-25&zone%5B%5D=North&zone%5B%5D=East&zone%5B%5D=West&zone%5B%5D=South&bde%5B%5D=Aravind&bde%5B%5D=Madhu&bde%5B%5D=srinivas&bde%5B%5D=Vikrant&bde%5B%5D=Preeti&bde%5B%5D=Mahedra&bde%5B%5D=Nitesh&bde%5B%5D=BDE1&bde%5B%5D=BDE2&bde%5B%5D=BDE3 HTTP/1.1" 200 463
127.0.0.1 - - [26/Jul/2024:12:21:02 +0530] "POST /salesCore/getDashboardData HTTP/1.1" 200 2691
0:0:0:0:0:0:0:1 - - [26/Jul/2024:12:21:02 +0530] "GET /sales/getChartData?year%5B%5D=2024-25&zone%5B%5D=North&zone%5B%5D=East&zone%5B%5D=West&zone%5B%5D=South&bde%5B%5D=Aravind&bde%5B%5D=Madhu&bde%5B%5D=srinivas&bde%5B%5D=Vikrant&bde%5B%5D=Preeti&bde%5B%5D=Mahedra&bde%5B%5D=Nitesh&bde%5B%5D=BDE1&bde%5B%5D=BDE2&bde%5B%5D=BDE3&bde%5B%5D=BDE1 HTTP/1.1" 200 463
127.0.0.1 - - [26/Jul/2024:12:21:02 +0530] "POST /salesCore/getYearBudgets HTTP/1.1" 200 2883
0:0:0:0:0:0:0:1 - - [26/Jul/2024:12:21:02 +0530] "GET /sales/yearBudgets?year%5B%5D=2024-25&zone%5B%5D=North&zone%5B%5D=East&zone%5B%5D=West&zone%5B%5D=South&bde%5B%5D=Aravind&bde%5B%5D=Madhu&bde%5B%5D=srinivas&bde%5B%5D=Vikrant&bde%5B%5D=Preeti&bde%5B%5D=Mahedra&bde%5B%5D=Nitesh&bde%5B%5D=BDE1&bde%5B%5D=BDE2&bde%5B%5D=BDE3&bde%5B%5D=BDE1 HTTP/1.1" 200 2082
127.0.0.1 - - [26/Jul/2024:12:21:07 +0530] "POST /salesCore/getDashboardData HTTP/1.1" 200 2691
127.0.0.1 - - [26/Jul/2024:12:21:07 +0530] "POST /salesCore/getYearBudgets HTTP/1.1" 200 2883
0:0:0:0:0:0:0:1 - - [26/Jul/2024:12:21:07 +0530] "GET /sales/getChartData?year%5B%5D=2024-25&zone%5B%5D=North&zone%5B%5D=East&zone%5B%5D=West&zone%5B%5D=South&bde%5B%5D=Aravind&bde%5B%5D=Madhu&bde%5B%5D=srinivas&bde%5B%5D=Vikrant&bde%5B%5D=Preeti&bde%5B%5D=Mahedra&bde%5B%5D=Nitesh&bde%5B%5D=BDE1&bde%5B%5D=BDE2&bde%5B%5D=BDE3&bde%5B%5D=BDE1&bde%5B%5D=BDE2 HTTP/1.1" 200 463
0:0:0:0:0:0:0:1 - - [26/Jul/2024:12:21:07 +0530] "GET /sales/yearBudgets?year%5B%5D=2024-25&zone%5B%5D=North&zone%5B%5D=East&zone%5B%5D=West&zone%5B%5D=South&bde%5B%5D=Aravind&bde%5B%5D=Madhu&bde%5B%5D=srinivas&bde%5B%5D=Vikrant&bde%5B%5D=Preeti&bde%5B%5D=Mahedra&bde%5B%5D=Nitesh&bde%5B%5D=BDE1&bde%5B%5D=BDE2&bde%5B%5D=BDE3&bde%5B%5D=BDE1&bde%5B%5D=BDE2 HTTP/1.1" 200 2082
127.0.0.1 - - [26/Jul/2024:12:21:11 +0530] "POST /salesCore/getYearBudgets HTTP/1.1" 200 2883
0:0:0:0:0:0:0:1 - - [26/Jul/2024:12:21:11 +0530] "GET /sales/yearBudgets?year%5B%5D=2024-25&zone%5B%5D=North&zone%5B%5D=East&zone%5B%5D=West&zone%5B%5D=South&bde%5B%5D=Aravind&bde%5B%5D=Madhu&bde%5B%5D=srinivas&bde%5B%5D=Vikrant&bde%5B%5D=Preeti&bde%5B%5D=Mahedra&bde%5B%5D=Nitesh&bde%5B%5D=BDE1&bde%5B%5D=BDE2&bde%5B%5D=BDE3&bde%5B%5D=BDE1&bde%5B%5D=BDE2&bde%5B%5D=BDE3 HTTP/1.1" 200 2082
127.0.0.1 - - [26/Jul/2024:12:21:11 +0530] "POST /salesCore/getDashboardData HTTP/1.1" 200 2691
0:0:0:0:0:0:0:1 - - [26/Jul/2024:12:21:11 +0530] "GET /sales/getChartData?year%5B%5D=2024-25&zone%5B%5D=North&zone%5B%5D=East&zone%5B%5D=West&zone%5B%5D=South&bde%5B%5D=Aravind&bde%5B%5D=Madhu&bde%5B%5D=srinivas&bde%5B%5D=Vikrant&bde%5B%5D=Preeti&bde%5B%5D=Mahedra&bde%5B%5D=Nitesh&bde%5B%5D=BDE1&bde%5B%5D=BDE2&bde%5B%5D=BDE3&bde%5B%5D=BDE1&bde%5B%5D=BDE2&bde%5B%5D=BDE3 HTTP/1.1" 200 475
127.0.0.1 - - [26/Jul/2024:12:21:18 +0530] "POST /salesCore/getYearBudgets HTTP/1.1" 200 2883
127.0.0.1 - - [26/Jul/2024:12:21:18 +0530] "POST /salesCore/getDashboardData HTTP/1.1" 200 2691
0:0:0:0:0:0:0:1 - - [26/Jul/2024:12:21:18 +0530] "GET /sales/yearBudgets?year%5B%5D=2024-25&zone%5B%5D=North&zone%5B%5D=East&zone%5B%5D=West&zone%5B%5D=South&bde%5B%5D=Aravind&bde%5B%5D=Madhu&bde%5B%5D=srinivas&bde%5B%5D=Vikrant&bde%5B%5D=Preeti&bde%5B%5D=Mahedra&bde%5B%5D=Nitesh&bde%5B%5D=BDE1&bde%5B%5D=BDE2&bde%5B%5D=BDE3&bde%5B%5D=BDE1&bde%5B%5D=BDE2&bde%5B%5D=BDE3&bde%5B%5D=BDE1 HTTP/1.1" 200 2082
0:0:0:0:0:0:0:1 - - [26/Jul/2024:12:21:18 +0530] "GET /sales/getChartData?year%5B%5D=2024-25&zone%5B%5D=North&zone%5B%5D=East&zone%5B%5D=West&zone%5B%5D=South&bde%5B%5D=Aravind&bde%5B%5D=Madhu&bde%5B%5D=srinivas&bde%5B%5D=Vikrant&bde%5B%5D=Preeti&bde%5B%5D=Mahedra&bde%5B%5D=Nitesh&bde%5B%5D=BDE1&bde%5B%5D=BDE2&bde%5B%5D=BDE3&bde%5B%5D=BDE1&bde%5B%5D=BDE2&bde%5B%5D=BDE3&bde%5B%5D=BDE1 HTTP/1.1" 200 475
127.0.0.1 - - [26/Jul/2024:12:23:53 +0530] "POST /salesCore/getYearBudgets HTTP/1.1" 200 2883
127.0.0.1 - - [26/Jul/2024:12:23:53 +0530] "POST /salesCore/getDashboardData HTTP/1.1" 200 2691
0:0:0:0:0:0:0:1 - - [26/Jul/2024:12:23:53 +0530] "GET /sales/getChartData?year%5B%5D=2024-25&zone%5B%5D=North&zone%5B%5D=East&zone%5B%5D=West&zone%5B%5D=South&bde%5B%5D=Aravind&bde%5B%5D=Madhu&bde%5B%5D=srinivas&bde%5B%5D=Vikrant&bde%5B%5D=Preeti&bde%5B%5D=Mahedra&bde%5B%5D=Nitesh&bde%5B%5D=BDE1&bde%5B%5D=BDE2&bde%5B%5D=BDE3&bde%5B%5D=BDE1&bde%5B%5D=BDE2&bde%5B%5D=BDE3 HTTP/1.1" 200 475
0:0:0:0:0:0:0:1 - - [26/Jul/2024:12:23:53 +0530] "GET /sales/yearBudgets?year%5B%5D=2024-25&zone%5B%5D=North&zone%5B%5D=East&zone%5B%5D=West&zone%5B%5D=South&bde%5B%5D=Aravind&bde%5B%5D=Madhu&bde%5B%5D=srinivas&bde%5B%5D=Vikrant&bde%5B%5D=Preeti&bde%5B%5D=Mahedra&bde%5B%5D=Nitesh&bde%5B%5D=BDE1&bde%5B%5D=BDE2&bde%5B%5D=BDE3&bde%5B%5D=BDE1&bde%5B%5D=BDE2&bde%5B%5D=BDE3 HTTP/1.1" 200 2082
127.0.0.1 - - [26/Jul/2024:12:23:54 +0530] "POST /salesCore/getYearBudgets HTTP/1.1" 200 2883
0:0:0:0:0:0:0:1 - - [26/Jul/2024:12:23:54 +0530] "GET /sales/yearBudgets?year%5B%5D=2024-25&zone%5B%5D=North&zone%5B%5D=East&zone%5B%5D=West&zone%5B%5D=South&bde%5B%5D=Aravind&bde%5B%5D=Madhu&bde%5B%5D=srinivas&bde%5B%5D=Vikrant&bde%5B%5D=Preeti&bde%5B%5D=Mahedra&bde%5B%5D=Nitesh&bde%5B%5D=BDE1&bde%5B%5D=BDE2&bde%5B%5D=BDE3&bde%5B%5D=BDE1&bde%5B%5D=BDE2 HTTP/1.1" 200 2082
127.0.0.1 - - [26/Jul/2024:12:23:54 +0530] "POST /salesCore/getDashboardData HTTP/1.1" 200 2691
0:0:0:0:0:0:0:1 - - [26/Jul/2024:12:23:54 +0530] "GET /sales/getChartData?year%5B%5D=2024-25&zone%5B%5D=North&zone%5B%5D=East&zone%5B%5D=West&zone%5B%5D=South&bde%5B%5D=Aravind&bde%5B%5D=Madhu&bde%5B%5D=srinivas&bde%5B%5D=Vikrant&bde%5B%5D=Preeti&bde%5B%5D=Mahedra&bde%5B%5D=Nitesh&bde%5B%5D=BDE1&bde%5B%5D=BDE2&bde%5B%5D=BDE3&bde%5B%5D=BDE1&bde%5B%5D=BDE2 HTTP/1.1" 200 463
127.0.0.1 - - [26/Jul/2024:12:23:55 +0530] "POST /salesCore/getYearBudgets HTTP/1.1" 200 2883
127.0.0.1 - - [26/Jul/2024:12:23:55 +0530] "POST /salesCore/getDashboardData HTTP/1.1" 200 2691
0:0:0:0:0:0:0:1 - - [26/Jul/2024:12:23:55 +0530] "GET /sales/yearBudgets?year%5B%5D=2024-25&zone%5B%5D=North&zone%5B%5D=East&zone%5B%5D=West&zone%5B%5D=South&bde%5B%5D=Aravind&bde%5B%5D=Madhu&bde%5B%5D=srinivas&bde%5B%5D=Vikrant&bde%5B%5D=Preeti&bde%5B%5D=Mahedra&bde%5B%5D=Nitesh&bde%5B%5D=BDE1&bde%5B%5D=BDE2&bde%5B%5D=BDE3&bde%5B%5D=BDE2 HTTP/1.1" 200 2082
0:0:0:0:0:0:0:1 - - [26/Jul/2024:12:23:55 +0530] "GET /sales/getChartData?year%5B%5D=2024-25&zone%5B%5D=North&zone%5B%5D=East&zone%5B%5D=West&zone%5B%5D=South&bde%5B%5D=Aravind&bde%5B%5D=Madhu&bde%5B%5D=srinivas&bde%5B%5D=Vikrant&bde%5B%5D=Preeti&bde%5B%5D=Mahedra&bde%5B%5D=Nitesh&bde%5B%5D=BDE1&bde%5B%5D=BDE2&bde%5B%5D=BDE3&bde%5B%5D=BDE2 HTTP/1.1" 200 463
127.0.0.1 - - [26/Jul/2024:12:23:56 +0530] "POST /salesCore/getYearBudgets HTTP/1.1" 200 2883
127.0.0.1 - - [26/Jul/2024:12:23:56 +0530] "POST /salesCore/getDashboardData HTTP/1.1" 200 2691
0:0:0:0:0:0:0:1 - - [26/Jul/2024:12:23:56 +0530] "GET /sales/yearBudgets?year%5B%5D=2024-25&zone%5B%5D=North&zone%5B%5D=East&zone%5B%5D=West&zone%5B%5D=South&bde%5B%5D=Aravind&bde%5B%5D=Madhu&bde%5B%5D=srinivas&bde%5B%5D=Vikrant&bde%5B%5D=Preeti&bde%5B%5D=Mahedra&bde%5B%5D=Nitesh&bde%5B%5D=BDE1&bde%5B%5D=BDE3&bde%5B%5D=BDE2 HTTP/1.1" 200 2082
0:0:0:0:0:0:0:1 - - [26/Jul/2024:12:23:56 +0530] "GET /sales/getChartData?year%5B%5D=2024-25&zone%5B%5D=North&zone%5B%5D=East&zone%5B%5D=West&zone%5B%5D=South&bde%5B%5D=Aravind&bde%5B%5D=Madhu&bde%5B%5D=srinivas&bde%5B%5D=Vikrant&bde%5B%5D=Preeti&bde%5B%5D=Mahedra&bde%5B%5D=Nitesh&bde%5B%5D=BDE1&bde%5B%5D=BDE3&bde%5B%5D=BDE2 HTTP/1.1" 200 463
127.0.0.1 - - [26/Jul/2024:12:23:57 +0530] "POST /salesCore/getYearBudgets HTTP/1.1" 200 2883
127.0.0.1 - - [26/Jul/2024:12:23:57 +0530] "POST /salesCore/getDashboardData HTTP/1.1" 200 2691
0:0:0:0:0:0:0:1 - - [26/Jul/2024:12:23:57 +0530] "GET /sales/getChartData?year%5B%5D=2024-25&zone%5B%5D=North&zone%5B%5D=East&zone%5B%5D=West&zone%5B%5D=South&bde%5B%5D=Aravind&bde%5B%5D=Madhu&bde%5B%5D=srinivas&bde%5B%5D=Vikrant&bde%5B%5D=Preeti&bde%5B%5D=Mahedra&bde%5B%5D=Nitesh&bde%5B%5D=BDE1&bde%5B%5D=BDE2 HTTP/1.1" 200 463
0:0:0:0:0:0:0:1 - - [26/Jul/2024:12:23:57 +0530] "GET /sales/yearBudgets?year%5B%5D=2024-25&zone%5B%5D=North&zone%5B%5D=East&zone%5B%5D=West&zone%5B%5D=South&bde%5B%5D=Aravind&bde%5B%5D=Madhu&bde%5B%5D=srinivas&bde%5B%5D=Vikrant&bde%5B%5D=Preeti&bde%5B%5D=Mahedra&bde%5B%5D=Nitesh&bde%5B%5D=BDE1&bde%5B%5D=BDE2 HTTP/1.1" 200 2082
127.0.0.1 - - [26/Jul/2024:12:23:58 +0530] "POST /salesCore/getYearBudgets HTTP/1.1" 200 2883
127.0.0.1 - - [26/Jul/2024:12:23:58 +0530] "POST /salesCore/getDashboardData HTTP/1.1" 200 2691
0:0:0:0:0:0:0:1 - - [26/Jul/2024:12:23:58 +0530] "GET /sales/getChartData?year%5B%5D=2024-25&zone%5B%5D=North&zone%5B%5D=East&zone%5B%5D=West&zone%5B%5D=South&bde%5B%5D=Aravind&bde%5B%5D=Madhu&bde%5B%5D=srinivas&bde%5B%5D=Vikrant&bde%5B%5D=Preeti&bde%5B%5D=Mahedra&bde%5B%5D=Nitesh&bde%5B%5D=BDE1 HTTP/1.1" 200 463
0:0:0:0:0:0:0:1 - - [26/Jul/2024:12:23:58 +0530] "GET /sales/yearBudgets?year%5B%5D=2024-25&zone%5B%5D=North&zone%5B%5D=East&zone%5B%5D=West&zone%5B%5D=South&bde%5B%5D=Aravind&bde%5B%5D=Madhu&bde%5B%5D=srinivas&bde%5B%5D=Vikrant&bde%5B%5D=Preeti&bde%5B%5D=Mahedra&bde%5B%5D=Nitesh&bde%5B%5D=BDE1 HTTP/1.1" 200 2082
127.0.0.1 - - [26/Jul/2024:12:24:00 +0530] "POST /salesCore/getDashboardData HTTP/1.1" 200 2691
0:0:0:0:0:0:0:1 - - [26/Jul/2024:12:24:00 +0530] "GET /sales/getChartData?year%5B%5D=2024-25&zone%5B%5D=North&zone%5B%5D=East&zone%5B%5D=West&zone%5B%5D=South&bde%5B%5D=Aravind&bde%5B%5D=Madhu&bde%5B%5D=srinivas&bde%5B%5D=Vikrant&bde%5B%5D=Mahedra&bde%5B%5D=Nitesh&bde%5B%5D=BDE1 HTTP/1.1" 200 463
127.0.0.1 - - [26/Jul/2024:12:24:00 +0530] "POST /salesCore/getYearBudgets HTTP/1.1" 200 2883
0:0:0:0:0:0:0:1 - - [26/Jul/2024:12:24:00 +0530] "GET /sales/yearBudgets?year%5B%5D=2024-25&zone%5B%5D=North&zone%5B%5D=East&zone%5B%5D=West&zone%5B%5D=South&bde%5B%5D=Aravind&bde%5B%5D=Madhu&bde%5B%5D=srinivas&bde%5B%5D=Vikrant&bde%5B%5D=Mahedra&bde%5B%5D=Nitesh&bde%5B%5D=BDE1 HTTP/1.1" 200 2082
127.0.0.1 - - [26/Jul/2024:12:24:02 +0530] "POST /salesCore/getDashboardData HTTP/1.1" 200 2691
127.0.0.1 - - [26/Jul/2024:12:24:02 +0530] "POST /salesCore/getYearBudgets HTTP/1.1" 200 2883
0:0:0:0:0:0:0:1 - - [26/Jul/2024:12:24:02 +0530] "GET /sales/getChartData?year%5B%5D=2024-25&zone%5B%5D=North&zone%5B%5D=East&zone%5B%5D=West&zone%5B%5D=South&bde%5B%5D=Aravind&bde%5B%5D=Madhu&bde%5B%5D=srinivas&bde%5B%5D=Vikrant&bde%5B%5D=Nitesh&bde%5B%5D=BDE1 HTTP/1.1" 200 463
0:0:0:0:0:0:0:1 - - [26/Jul/2024:12:24:02 +0530] "GET /sales/yearBudgets?year%5B%5D=2024-25&zone%5B%5D=North&zone%5B%5D=East&zone%5B%5D=West&zone%5B%5D=South&bde%5B%5D=Aravind&bde%5B%5D=Madhu&bde%5B%5D=srinivas&bde%5B%5D=Vikrant&bde%5B%5D=Nitesh&bde%5B%5D=BDE1 HTTP/1.1" 200 2082
127.0.0.1 - - [26/Jul/2024:12:24:03 +0530] "POST /salesCore/getYearBudgets HTTP/1.1" 200 2883
127.0.0.1 - - [26/Jul/2024:12:24:03 +0530] "POST /salesCore/getDashboardData HTTP/1.1" 200 2691
0:0:0:0:0:0:0:1 - - [26/Jul/2024:12:24:03 +0530] "GET /sales/yearBudgets?year%5B%5D=2024-25&zone%5B%5D=North&zone%5B%5D=East&zone%5B%5D=West&zone%5B%5D=South&bde%5B%5D=Aravind&bde%5B%5D=Madhu&bde%5B%5D=Vikrant&bde%5B%5D=Nitesh&bde%5B%5D=BDE1 HTTP/1.1" 200 2082
0:0:0:0:0:0:0:1 - - [26/Jul/2024:12:24:03 +0530] "GET /sales/getChartData?year%5B%5D=2024-25&zone%5B%5D=North&zone%5B%5D=East&zone%5B%5D=West&zone%5B%5D=South&bde%5B%5D=Aravind&bde%5B%5D=Madhu&bde%5B%5D=Vikrant&bde%5B%5D=Nitesh&bde%5B%5D=BDE1 HTTP/1.1" 200 463
127.0.0.1 - - [26/Jul/2024:12:24:04 +0530] "POST /salesCore/getYearBudgets HTTP/1.1" 200 2883
0:0:0:0:0:0:0:1 - - [26/Jul/2024:12:24:04 +0530] "GET /sales/yearBudgets?year%5B%5D=2024-25&zone%5B%5D=North&zone%5B%5D=East&zone%5B%5D=West&zone%5B%5D=South&bde%5B%5D=Aravind&bde%5B%5D=Madhu&bde%5B%5D=Nitesh&bde%5B%5D=BDE1 HTTP/1.1" 200 2082
127.0.0.1 - - [26/Jul/2024:12:24:04 +0530] "POST /salesCore/getDashboardData HTTP/1.1" 200 2691
0:0:0:0:0:0:0:1 - - [26/Jul/2024:12:24:04 +0530] "GET /sales/getChartData?year%5B%5D=2024-25&zone%5B%5D=North&zone%5B%5D=East&zone%5B%5D=West&zone%5B%5D=South&bde%5B%5D=Aravind&bde%5B%5D=Madhu&bde%5B%5D=Nitesh&bde%5B%5D=BDE1 HTTP/1.1" 200 463
127.0.0.1 - - [26/Jul/2024:12:24:07 +0530] "POST /salesCore/getYearBudgets HTTP/1.1" 200 2883
127.0.0.1 - - [26/Jul/2024:12:24:07 +0530] "POST /salesCore/getDashboardData HTTP/1.1" 200 2371
0:0:0:0:0:0:0:1 - - [26/Jul/2024:12:24:07 +0530] "GET /sales/yearBudgets?year%5B%5D=2024-25&zone%5B%5D=North&zone%5B%5D=East&zone%5B%5D=West&zone%5B%5D=South&bde%5B%5D=Aravind&bde%5B%5D=Madhu&bde%5B%5D=Nitesh HTTP/1.1" 200 2082
0:0:0:0:0:0:0:1 - - [26/Jul/2024:12:24:07 +0530] "GET /sales/getChartData?year%5B%5D=2024-25&zone%5B%5D=North&zone%5B%5D=East&zone%5B%5D=West&zone%5B%5D=South&bde%5B%5D=Aravind&bde%5B%5D=Madhu&bde%5B%5D=Nitesh HTTP/1.1" 200 462
127.0.0.1 - - [26/Jul/2024:12:24:08 +0530] "POST /salesCore/getYearBudgets HTTP/1.1" 200 2883
0:0:0:0:0:0:0:1 - - [26/Jul/2024:12:24:08 +0530] "GET /sales/yearBudgets?year%5B%5D=2024-25&zone%5B%5D=North&zone%5B%5D=East&zone%5B%5D=West&zone%5B%5D=South&bde%5B%5D=Aravind&bde%5B%5D=Madhu HTTP/1.1" 200 2082
127.0.0.1 - - [26/Jul/2024:12:24:08 +0530] "POST /salesCore/getDashboardData HTTP/1.1" 200 2371
0:0:0:0:0:0:0:1 - - [26/Jul/2024:12:24:08 +0530] "GET /sales/getChartData?year%5B%5D=2024-25&zone%5B%5D=North&zone%5B%5D=East&zone%5B%5D=West&zone%5B%5D=South&bde%5B%5D=Aravind&bde%5B%5D=Madhu HTTP/1.1" 200 450
127.0.0.1 - - [26/Jul/2024:12:24:11 +0530] "POST /salesCore/getYearBudgets HTTP/1.1" 200 2883
127.0.0.1 - - [26/Jul/2024:12:24:11 +0530] "POST /salesCore/getDashboardData HTTP/1.1" 200 2371
0:0:0:0:0:0:0:1 - - [26/Jul/2024:12:24:11 +0530] "GET /sales/yearBudgets?year%5B%5D=2024-25&zone%5B%5D=North&zone%5B%5D=East&zone%5B%5D=West&zone%5B%5D=South&bde%5B%5D=Aravind&bde%5B%5D=Madhu&bde%5B%5D=srinivas HTTP/1.1" 200 2082
0:0:0:0:0:0:0:1 - - [26/Jul/2024:12:24:11 +0530] "GET /sales/getChartData?year%5B%5D=2024-25&zone%5B%5D=North&zone%5B%5D=East&zone%5B%5D=West&zone%5B%5D=South&bde%5B%5D=Aravind&bde%5B%5D=Madhu&bde%5B%5D=srinivas HTTP/1.1" 200 462
127.0.0.1 - - [26/Jul/2024:12:24:13 +0530] "POST /salesCore/getYearBudgets HTTP/1.1" 200 2883
127.0.0.1 - - [26/Jul/2024:12:24:13 +0530] "POST /salesCore/getDashboardData HTTP/1.1" 200 2371
0:0:0:0:0:0:0:1 - - [26/Jul/2024:12:24:13 +0530] "GET /sales/yearBudgets?year%5B%5D=2024-25&zone%5B%5D=North&zone%5B%5D=East&zone%5B%5D=West&zone%5B%5D=South&bde%5B%5D=Aravind&bde%5B%5D=Madhu&bde%5B%5D=srinivas&bde%5B%5D=Preeti HTTP/1.1" 200 2082
0:0:0:0:0:0:0:1 - - [26/Jul/2024:12:24:13 +0530] "GET /sales/getChartData?year%5B%5D=2024-25&zone%5B%5D=North&zone%5B%5D=East&zone%5B%5D=West&zone%5B%5D=South&bde%5B%5D=Aravind&bde%5B%5D=Madhu&bde%5B%5D=srinivas&bde%5B%5D=Preeti HTTP/1.1" 200 462
127.0.0.1 - - [26/Jul/2024:12:26:49 +0530] "POST /salesCore/getYearBudgets HTTP/1.1" 200 2883
