127.0.0.1 - - [22/Jul/2024:11:18:37 +0530] "GET / HTTP/1.1" 404 751
0:0:0:0:0:0:0:1 - - [22/Jul/2024:11:18:49 +0530] "GET /salesweb/ HTTP/1.1" 404 764
0:0:0:0:0:0:0:1 - - [22/Jul/2024:11:18:55 +0530] "GET /sales/ HTTP/1.1" 200 10532
0:0:0:0:0:0:0:1 - - [22/Jul/2024:11:18:55 +0530] "GET /sales/css/style.css HTTP/1.1" 304 -
0:0:0:0:0:0:0:1 - - [22/Jul/2024:11:18:55 +0530] "GET /sales/img/logo.png HTTP/1.1" 304 -
0:0:0:0:0:0:0:1 - - [22/Jul/2024:11:18:55 +0530] "GET /sales/js/jquery.js HTTP/1.1" 304 -
0:0:0:0:0:0:0:1 - - [22/Jul/2024:11:18:55 +0530] "GET /sales/fonts/boxicons.css HTTP/1.1" 304 -
0:0:0:0:0:0:0:1 - - [22/Jul/2024:11:18:55 +0530] "GET /sales/img/reload.png HTTP/1.1" 304 -
0:0:0:0:0:0:0:1 - - [22/Jul/2024:11:18:55 +0530] "GET /sales/img/loading.gif HTTP/1.1" 304 -
0:0:0:0:0:0:0:1 - - [22/Jul/2024:11:18:55 +0530] "GET /sales/js/perfect-scrollbar.js HTTP/1.1" 304 -
0:0:0:0:0:0:0:1 - - [22/Jul/2024:11:18:55 +0530] "GET /sales/js/main.js HTTP/1.1" 304 -
0:0:0:0:0:0:0:1 - - [22/Jul/2024:11:18:55 +0530] "GET /sales/js/menu.js HTTP/1.1" 304 -
0:0:0:0:0:0:0:1 - - [22/Jul/2024:11:18:55 +0530] "GET /sales/js/popper.js HTTP/1.1" 304 -
0:0:0:0:0:0:0:1 - - [22/Jul/2024:11:18:55 +0530] "GET /sales/js/bootstrap.js HTTP/1.1" 304 -
0:0:0:0:0:0:0:1 - - [22/Jul/2024:11:18:55 +0530] "GET /sales/js/helpers.js HTTP/1.1" 304 -
0:0:0:0:0:0:0:1 - - [22/Jul/2024:11:18:55 +0530] "GET /sales/fonts/boxicons/boxicons.woff2 HTTP/1.1" 304 -
0:0:0:0:0:0:0:1 - - [22/Jul/2024:11:18:55 +0530] "GET /sales/img/captcha-bg.png HTTP/1.1" 304 -
0:0:0:0:0:0:0:1 - - [22/Jul/2024:11:18:55 +0530] "GET /sales/img/favicon.ico HTTP/1.1" 404 121
127.0.0.1 - - [22/Jul/2024:11:19:04 +0530] "POST /salesCore/login HTTP/1.1" 200 656
0:0:0:0:0:0:0:1 - - [22/Jul/2024:11:19:04 +0530] "POST /sales/login HTTP/1.1" 302 -
0:0:0:0:0:0:0:1 - - [22/Jul/2024:11:19:04 +0530] "GET /sales/dashboard HTTP/1.1" 200 26822
0:0:0:0:0:0:0:1 - - [22/Jul/2024:11:19:04 +0530] "GET /sales/js/filter-multi-select-bundle.min.js HTTP/1.1" 304 -
0:0:0:0:0:0:0:1 - - [22/Jul/2024:11:19:04 +0530] "GET /sales/js/chart.js HTTP/1.1" 304 -
0:0:0:0:0:0:0:1 - - [22/Jul/2024:11:19:04 +0530] "GET /sales/js/moment.min.js HTTP/1.1" 304 -
0:0:0:0:0:0:0:1 - - [22/Jul/2024:11:19:04 +0530] "GET /sales/js/dataTables.js HTTP/1.1" 304 -
0:0:0:0:0:0:0:1 - - [22/Jul/2024:11:19:04 +0530] "GET /sales/img/1.png HTTP/1.1" 304 -
0:0:0:0:0:0:0:1 - - [22/Jul/2024:11:19:04 +0530] "GET /sales/img/leadCaptured.svg HTTP/1.1" 304 -
0:0:0:0:0:0:0:1 - - [22/Jul/2024:11:19:04 +0530] "GET /sales/js/bootstrap-datetimepicker.min.js HTTP/1.1" 304 -
0:0:0:0:0:0:0:1 - - [22/Jul/2024:11:19:04 +0530] "GET /sales/img/in-progress.svg HTTP/1.1" 304 -
0:0:0:0:0:0:0:1 - - [22/Jul/2024:11:19:04 +0530] "GET /sales/img/proposal.svg HTTP/1.1" 304 -
0:0:0:0:0:0:0:1 - - [22/Jul/2024:11:19:04 +0530] "GET /sales/img/won.svg HTTP/1.1" 304 -
0:0:0:0:0:0:0:1 - - [22/Jul/2024:11:19:04 +0530] "GET /sales/js/dataTables.bootstrap5.js HTTP/1.1" 304 -
0:0:0:0:0:0:0:1 - - [22/Jul/2024:11:19:04 +0530] "GET /sales/img/lost.svg HTTP/1.1" 304 -
0:0:0:0:0:0:0:1 - - [22/Jul/2024:11:19:04 +0530] "GET /sales/css/bootstrap-datetimepicker.min.css HTTP/1.1" 304 -
127.0.0.1 - - [22/Jul/2024:11:19:05 +0530] "POST /salesCore/todayRemindersCount HTTP/1.1" 200 110
127.0.0.1 - - [22/Jul/2024:11:19:05 +0530] "POST /salesCore/getDashboardData HTTP/1.1" 200 1199
127.0.0.1 - - [22/Jul/2024:11:19:05 +0530] "POST /salesCore/getUserReminderDetails HTTP/1.1" 200 687
0:0:0:0:0:0:0:1 - - [22/Jul/2024:11:19:05 +0530] "POST /sales/todayReminders HTTP/1.1" 200 11
0:0:0:0:0:0:0:1 - - [22/Jul/2024:11:19:05 +0530] "POST /sales/getDueReminders HTTP/1.1" 200 448
0:0:0:0:0:0:0:1 - - [22/Jul/2024:11:19:05 +0530] "GET /sales/getChartData HTTP/1.1" 200 941
127.0.0.1 - - [22/Jul/2024:11:19:23 +0530] "POST /salesCore/getClientDetailsbyid HTTP/1.1" 200 1111
0:0:0:0:0:0:0:1 - - [22/Jul/2024:11:19:23 +0530] "GET /sales/clientList HTTP/1.1" 200 19993
0:0:0:0:0:0:0:1 - - [22/Jul/2024:11:19:23 +0530] "GET /sales/css/datatables.bootstrap5.css HTTP/1.1" 304 -
127.0.0.1 - - [22/Jul/2024:11:19:23 +0530] "POST /salesCore/todayRemindersCount HTTP/1.1" 200 110
127.0.0.1 - - [22/Jul/2024:11:19:23 +0530] "POST /salesCore/getUserReminderDetails HTTP/1.1" 200 687
0:0:0:0:0:0:0:1 - - [22/Jul/2024:11:19:23 +0530] "POST /sales/todayReminders HTTP/1.1" 200 11
0:0:0:0:0:0:0:1 - - [22/Jul/2024:11:19:23 +0530] "POST /sales/getDueReminders HTTP/1.1" 200 448
0:0:0:0:0:0:0:1 - - [22/Jul/2024:11:19:23 +0530] "GET /favicon.ico HTTP/1.1" 404 762
127.0.0.1 - - [22/Jul/2024:11:19:26 +0530] "POST /salesCore/getAllLeadDetails HTTP/1.1" 200 3031
0:0:0:0:0:0:0:1 - - [22/Jul/2024:11:19:27 +0530] "GET /sales/leadList HTTP/1.1" 200 24477
127.0.0.1 - - [22/Jul/2024:11:19:27 +0530] "POST /salesCore/todayRemindersCount HTTP/1.1" 200 110
127.0.0.1 - - [22/Jul/2024:11:19:27 +0530] "POST /salesCore/getUserReminderDetails HTTP/1.1" 200 687
0:0:0:0:0:0:0:1 - - [22/Jul/2024:11:19:27 +0530] "POST /sales/todayReminders HTTP/1.1" 200 11
0:0:0:0:0:0:0:1 - - [22/Jul/2024:11:19:27 +0530] "POST /sales/getDueReminders HTTP/1.1" 200 448
127.0.0.1 - - [22/Jul/2024:11:19:58 +0530] "POST /salesCore/getUserReminderDetails HTTP/1.1" 200 687
0:0:0:0:0:0:0:1 - - [22/Jul/2024:11:19:58 +0530] "POST /sales/getDueReminders HTTP/1.1" 200 448
127.0.0.1 - - [22/Jul/2024:11:32:08 +0530] "GET / HTTP/1.1" 404 751
0:0:0:0:0:0:0:1 - - [22/Jul/2024:11:32:08 +0530] "GET /sales/ HTTP/1.1" 200 10532
127.0.0.1 - - [22/Jul/2024:11:32:33 +0530] "POST /salesCore/login HTTP/1.1" 200 656
0:0:0:0:0:0:0:1 - - [22/Jul/2024:11:32:33 +0530] "POST /sales/login HTTP/1.1" 302 -
0:0:0:0:0:0:0:1 - - [22/Jul/2024:11:32:36 +0530] "GET /sales/dashboard HTTP/1.1" 200 25566
127.0.0.1 - - [22/Jul/2024:11:32:36 +0530] "POST /salesCore/todayRemindersCount HTTP/1.1" 200 110
127.0.0.1 - - [22/Jul/2024:11:32:36 +0530] "POST /salesCore/getUserReminderDetails HTTP/1.1" 200 687
127.0.0.1 - - [22/Jul/2024:11:32:36 +0530] "POST /salesCore/getDashboardData HTTP/1.1" 200 1199
0:0:0:0:0:0:0:1 - - [22/Jul/2024:11:32:37 +0530] "POST /sales/todayReminders HTTP/1.1" 200 11
0:0:0:0:0:0:0:1 - - [22/Jul/2024:11:32:37 +0530] "POST /sales/getDueReminders HTTP/1.1" 200 448
0:0:0:0:0:0:0:1 - - [22/Jul/2024:11:32:37 +0530] "GET /sales/getChartData HTTP/1.1" 200 941
127.0.0.1 - - [22/Jul/2024:11:33:06 +0530] "POST /salesCore/getUserReminderDetails HTTP/1.1" 200 687
0:0:0:0:0:0:0:1 - - [22/Jul/2024:11:33:06 +0530] "POST /sales/getDueReminders HTTP/1.1" 200 448
127.0.0.1 - - [22/Jul/2024:11:33:36 +0530] "POST /salesCore/getUserReminderDetails HTTP/1.1" 200 687
0:0:0:0:0:0:0:1 - - [22/Jul/2024:11:33:36 +0530] "POST /sales/getDueReminders HTTP/1.1" 200 448
127.0.0.1 - - [22/Jul/2024:11:34:06 +0530] "POST /salesCore/getUserReminderDetails HTTP/1.1" 200 687
0:0:0:0:0:0:0:1 - - [22/Jul/2024:11:34:06 +0530] "POST /sales/getDueReminders HTTP/1.1" 200 448
127.0.0.1 - - [22/Jul/2024:11:34:36 +0530] "POST /salesCore/getUserReminderDetails HTTP/1.1" 200 687
0:0:0:0:0:0:0:1 - - [22/Jul/2024:11:34:36 +0530] "POST /sales/getDueReminders HTTP/1.1" 200 448
127.0.0.1 - - [22/Jul/2024:11:35:06 +0530] "POST /salesCore/getUserReminderDetails HTTP/1.1" 200 687
0:0:0:0:0:0:0:1 - - [22/Jul/2024:11:35:06 +0530] "POST /sales/getDueReminders HTTP/1.1" 200 448
127.0.0.1 - - [22/Jul/2024:11:35:37 +0530] "POST /salesCore/getUserReminderDetails HTTP/1.1" 200 687
0:0:0:0:0:0:0:1 - - [22/Jul/2024:11:35:37 +0530] "POST /sales/getDueReminders HTTP/1.1" 200 448
0:0:0:0:0:0:0:1 - - [22/Jul/2024:11:36:03 +0530] "GET /sales/dashboard HTTP/1.1" 200 25566
127.0.0.1 - - [22/Jul/2024:11:36:03 +0530] "POST /salesCore/getDashboardData HTTP/1.1" 200 1199
127.0.0.1 - - [22/Jul/2024:11:36:03 +0530] "POST /salesCore/todayRemindersCount HTTP/1.1" 200 110
0:0:0:0:0:0:0:1 - - [22/Jul/2024:11:36:03 +0530] "GET /sales/getChartData HTTP/1.1" 200 941
0:0:0:0:0:0:0:1 - - [22/Jul/2024:11:36:03 +0530] "POST /sales/todayReminders HTTP/1.1" 200 11
127.0.0.1 - - [22/Jul/2024:11:36:03 +0530] "POST /salesCore/getUserReminderDetails HTTP/1.1" 200 687
0:0:0:0:0:0:0:1 - - [22/Jul/2024:11:36:03 +0530] "POST /sales/getDueReminders HTTP/1.1" 200 448
127.0.0.1 - - [22/Jul/2024:11:36:33 +0530] "POST /salesCore/getUserReminderDetails HTTP/1.1" 200 687
0:0:0:0:0:0:0:1 - - [22/Jul/2024:11:36:33 +0530] "POST /sales/getDueReminders HTTP/1.1" 200 448
127.0.0.1 - - [22/Jul/2024:11:37:03 +0530] "POST /salesCore/getUserReminderDetails HTTP/1.1" 200 687
0:0:0:0:0:0:0:1 - - [22/Jul/2024:11:37:03 +0530] "POST /sales/getDueReminders HTTP/1.1" 200 448
127.0.0.1 - - [22/Jul/2024:11:37:33 +0530] "POST /salesCore/getUserReminderDetails HTTP/1.1" 200 687
0:0:0:0:0:0:0:1 - - [22/Jul/2024:11:37:33 +0530] "POST /sales/getDueReminders HTTP/1.1" 200 448
127.0.0.1 - - [22/Jul/2024:11:37:52 +0530] "POST /salesCore/getAllReminders HTTP/1.1" 200 1775
0:0:0:0:0:0:0:1 - - [22/Jul/2024:11:37:53 +0530] "GET /sales/reminderList HTTP/1.1" 200 33829
127.0.0.1 - - [22/Jul/2024:11:37:53 +0530] "POST /salesCore/todayRemindersCount HTTP/1.1" 200 110
0:0:0:0:0:0:0:1 - - [22/Jul/2024:11:37:53 +0530] "POST /sales/todayReminders HTTP/1.1" 200 11
127.0.0.1 - - [22/Jul/2024:11:37:53 +0530] "POST /salesCore/getUserReminderDetails HTTP/1.1" 200 687
0:0:0:0:0:0:0:1 - - [22/Jul/2024:11:37:53 +0530] "POST /sales/getDueReminders HTTP/1.1" 200 448
127.0.0.1 - - [22/Jul/2024:11:38:23 +0530] "POST /salesCore/getUserReminderDetails HTTP/1.1" 200 687
0:0:0:0:0:0:0:1 - - [22/Jul/2024:11:38:23 +0530] "POST /sales/getDueReminders HTTP/1.1" 200 448
127.0.0.1 - - [22/Jul/2024:11:38:53 +0530] "POST /salesCore/getUserReminderDetails HTTP/1.1" 200 687
0:0:0:0:0:0:0:1 - - [22/Jul/2024:11:38:53 +0530] "POST /sales/getDueReminders HTTP/1.1" 200 448
127.0.0.1 - - [22/Jul/2024:11:39:23 +0530] "POST /salesCore/getUserReminderDetails HTTP/1.1" 200 687
0:0:0:0:0:0:0:1 - - [22/Jul/2024:11:39:24 +0530] "POST /sales/getDueReminders HTTP/1.1" 200 448
127.0.0.1 - - [22/Jul/2024:11:39:54 +0530] "POST /salesCore/getUserReminderDetails HTTP/1.1" 200 687
0:0:0:0:0:0:0:1 - - [22/Jul/2024:11:39:54 +0530] "POST /sales/getDueReminders HTTP/1.1" 200 448
127.0.0.1 - - [22/Jul/2024:11:40:24 +0530] "POST /salesCore/getUserReminderDetails HTTP/1.1" 200 687
0:0:0:0:0:0:0:1 - - [22/Jul/2024:11:40:24 +0530] "POST /sales/getDueReminders HTTP/1.1" 200 448
127.0.0.1 - - [22/Jul/2024:11:41:25 +0530] "POST /salesCore/getUserReminderDetails HTTP/1.1" 200 687
0:0:0:0:0:0:0:1 - - [22/Jul/2024:11:41:25 +0530] "POST /sales/getDueReminders HTTP/1.1" 200 448
127.0.0.1 - - [22/Jul/2024:11:44:25 +0530] "GET / HTTP/1.1" 404 751
0:0:0:0:0:0:0:1 - - [22/Jul/2024:11:44:25 +0530] "GET /sales/ HTTP/1.1" 200 10532
127.0.0.1 - - [22/Jul/2024:11:45:29 +0530] "POST /salesCore/login HTTP/1.1" 200 656
0:0:0:0:0:0:0:1 - - [22/Jul/2024:11:45:29 +0530] "POST /sales/login HTTP/1.1" 302 -
0:0:0:0:0:0:0:1 - - [22/Jul/2024:11:45:30 +0530] "GET /sales/dashboard HTTP/1.1" 200 25739
127.0.0.1 - - [22/Jul/2024:11:45:31 +0530] "POST /salesCore/todayRemindersCount HTTP/1.1" 200 110
127.0.0.1 - - [22/Jul/2024:11:45:31 +0530] "POST /salesCore/getDashboardData HTTP/1.1" 200 1199
127.0.0.1 - - [22/Jul/2024:11:45:31 +0530] "POST /salesCore/getUserReminderDetails HTTP/1.1" 200 687
0:0:0:0:0:0:0:1 - - [22/Jul/2024:11:45:31 +0530] "POST /sales/todayReminders HTTP/1.1" 200 11
0:0:0:0:0:0:0:1 - - [22/Jul/2024:11:45:31 +0530] "POST /sales/getDueReminders HTTP/1.1" 200 448
0:0:0:0:0:0:0:1 - - [22/Jul/2024:11:45:31 +0530] "GET /sales/getChartData HTTP/1.1" 200 941
127.0.0.1 - - [22/Jul/2024:11:45:45 +0530] "POST /salesCore/getClientDetailsbyid HTTP/1.1" 200 1111
0:0:0:0:0:0:0:1 - - [22/Jul/2024:11:45:46 +0530] "GET /sales/clientList HTTP/1.1" 200 18910
127.0.0.1 - - [22/Jul/2024:11:45:46 +0530] "POST /salesCore/todayRemindersCount HTTP/1.1" 200 110
127.0.0.1 - - [22/Jul/2024:11:45:46 +0530] "POST /salesCore/getUserReminderDetails HTTP/1.1" 200 687
0:0:0:0:0:0:0:1 - - [22/Jul/2024:11:45:46 +0530] "POST /sales/todayReminders HTTP/1.1" 200 11
0:0:0:0:0:0:0:1 - - [22/Jul/2024:11:45:46 +0530] "POST /sales/getDueReminders HTTP/1.1" 200 448
127.0.0.1 - - [22/Jul/2024:11:45:49 +0530] "POST /salesCore/getAllLeadDetails HTTP/1.1" 200 3031
0:0:0:0:0:0:0:1 - - [22/Jul/2024:11:45:49 +0530] "GET /sales/leadList HTTP/1.1" 200 23394
127.0.0.1 - - [22/Jul/2024:11:45:49 +0530] "POST /salesCore/todayRemindersCount HTTP/1.1" 200 110
127.0.0.1 - - [22/Jul/2024:11:45:49 +0530] "POST /salesCore/getUserReminderDetails HTTP/1.1" 200 687
0:0:0:0:0:0:0:1 - - [22/Jul/2024:11:45:49 +0530] "POST /sales/todayReminders HTTP/1.1" 200 11
0:0:0:0:0:0:0:1 - - [22/Jul/2024:11:45:49 +0530] "POST /sales/getDueReminders HTTP/1.1" 200 448
127.0.0.1 - - [22/Jul/2024:11:46:12 +0530] "POST /salesCore/getClientDetailsbyid HTTP/1.1" 200 1111
0:0:0:0:0:0:0:1 - - [22/Jul/2024:11:46:12 +0530] "GET /sales/clientList HTTP/1.1" 200 18910
127.0.0.1 - - [22/Jul/2024:11:46:13 +0530] "POST /salesCore/getUserReminderDetails HTTP/1.1" 200 687
0:0:0:0:0:0:0:1 - - [22/Jul/2024:11:46:13 +0530] "POST /sales/getDueReminders HTTP/1.1" 200 448
127.0.0.1 - - [22/Jul/2024:11:46:13 +0530] "POST /salesCore/todayRemindersCount HTTP/1.1" 200 110
0:0:0:0:0:0:0:1 - - [22/Jul/2024:11:46:13 +0530] "POST /sales/todayReminders HTTP/1.1" 200 11
127.0.0.1 - - [22/Jul/2024:11:46:43 +0530] "POST /salesCore/getUserReminderDetails HTTP/1.1" 200 687
0:0:0:0:0:0:0:1 - - [22/Jul/2024:11:46:43 +0530] "POST /sales/getDueReminders HTTP/1.1" 200 448
127.0.0.1 - - [22/Jul/2024:11:46:52 +0530] "POST /salesCore/getAllLeadDetails HTTP/1.1" 200 3031
0:0:0:0:0:0:0:1 - - [22/Jul/2024:11:46:52 +0530] "GET /sales/leadList HTTP/1.1" 200 23394
127.0.0.1 - - [22/Jul/2024:11:46:53 +0530] "POST /salesCore/todayRemindersCount HTTP/1.1" 200 110
0:0:0:0:0:0:0:1 - - [22/Jul/2024:11:46:53 +0530] "POST /sales/todayReminders HTTP/1.1" 200 11
127.0.0.1 - - [22/Jul/2024:11:46:53 +0530] "POST /salesCore/getUserReminderDetails HTTP/1.1" 200 687
0:0:0:0:0:0:0:1 - - [22/Jul/2024:11:46:53 +0530] "POST /sales/getDueReminders HTTP/1.1" 200 448
127.0.0.1 - - [22/Jul/2024:11:47:23 +0530] "POST /salesCore/getUserReminderDetails HTTP/1.1" 200 687
0:0:0:0:0:0:0:1 - - [22/Jul/2024:11:47:23 +0530] "POST /sales/getDueReminders HTTP/1.1" 200 448
127.0.0.1 - - [22/Jul/2024:11:47:48 +0530] "POST /salesCore/getClientDetailsbyid HTTP/1.1" 200 1111
0:0:0:0:0:0:0:1 - - [22/Jul/2024:11:47:48 +0530] "GET /sales/clientList HTTP/1.1" 200 18910
127.0.0.1 - - [22/Jul/2024:11:47:48 +0530] "POST /salesCore/todayRemindersCount HTTP/1.1" 200 110
0:0:0:0:0:0:0:1 - - [22/Jul/2024:11:47:48 +0530] "POST /sales/todayReminders HTTP/1.1" 200 11
127.0.0.1 - - [22/Jul/2024:11:47:48 +0530] "POST /salesCore/getUserReminderDetails HTTP/1.1" 200 687
0:0:0:0:0:0:0:1 - - [22/Jul/2024:11:47:48 +0530] "POST /sales/getDueReminders HTTP/1.1" 200 448
127.0.0.1 - - [22/Jul/2024:11:47:53 +0530] "POST /salesCore/getAllReminders HTTP/1.1" 200 1775
0:0:0:0:0:0:0:1 - - [22/Jul/2024:11:47:54 +0530] "GET /sales/reminderList HTTP/1.1" 200 34002
127.0.0.1 - - [22/Jul/2024:11:47:54 +0530] "POST /salesCore/todayRemindersCount HTTP/1.1" 200 110
0:0:0:0:0:0:0:1 - - [22/Jul/2024:11:47:54 +0530] "POST /sales/todayReminders HTTP/1.1" 200 11
127.0.0.1 - - [22/Jul/2024:11:47:54 +0530] "POST /salesCore/getUserReminderDetails HTTP/1.1" 200 687
0:0:0:0:0:0:0:1 - - [22/Jul/2024:11:47:54 +0530] "POST /sales/getDueReminders HTTP/1.1" 200 448
127.0.0.1 - - [22/Jul/2024:11:47:58 +0530] "POST /salesCore/getAllLeadDetails HTTP/1.1" 200 3031
0:0:0:0:0:0:0:1 - - [22/Jul/2024:11:47:58 +0530] "GET /sales/leadList HTTP/1.1" 200 23394
127.0.0.1 - - [22/Jul/2024:11:47:58 +0530] "POST /salesCore/getUserReminderDetails HTTP/1.1" 200 687
127.0.0.1 - - [22/Jul/2024:11:47:58 +0530] "POST /salesCore/todayRemindersCount HTTP/1.1" 200 110
0:0:0:0:0:0:0:1 - - [22/Jul/2024:11:47:58 +0530] "POST /sales/todayReminders HTTP/1.1" 200 11
0:0:0:0:0:0:0:1 - - [22/Jul/2024:11:47:58 +0530] "POST /sales/getDueReminders HTTP/1.1" 200 448
127.0.0.1 - - [22/Jul/2024:11:48:28 +0530] "POST /salesCore/getUserReminderDetails HTTP/1.1" 200 687
0:0:0:0:0:0:0:1 - - [22/Jul/2024:11:48:28 +0530] "POST /sales/getDueReminders HTTP/1.1" 200 448
127.0.0.1 - - [22/Jul/2024:11:48:33 +0530] "POST /salesCore/getClientDetailsbyid HTTP/1.1" 200 1111
0:0:0:0:0:0:0:1 - - [22/Jul/2024:11:48:33 +0530] "GET /sales/clientList HTTP/1.1" 200 18910
127.0.0.1 - - [22/Jul/2024:11:48:33 +0530] "POST /salesCore/todayRemindersCount HTTP/1.1" 200 110
0:0:0:0:0:0:0:1 - - [22/Jul/2024:11:48:33 +0530] "POST /sales/todayReminders HTTP/1.1" 200 11
127.0.0.1 - - [22/Jul/2024:11:48:33 +0530] "POST /salesCore/getUserReminderDetails HTTP/1.1" 200 687
0:0:0:0:0:0:0:1 - - [22/Jul/2024:11:48:33 +0530] "POST /sales/getDueReminders HTTP/1.1" 200 448
127.0.0.1 - - [22/Jul/2024:11:49:03 +0530] "POST /salesCore/getUserReminderDetails HTTP/1.1" 200 687
0:0:0:0:0:0:0:1 - - [22/Jul/2024:11:49:03 +0530] "POST /sales/getDueReminders HTTP/1.1" 200 448
127.0.0.1 - - [22/Jul/2024:11:49:33 +0530] "POST /salesCore/getUserReminderDetails HTTP/1.1" 200 687
0:0:0:0:0:0:0:1 - - [22/Jul/2024:11:49:33 +0530] "POST /sales/getDueReminders HTTP/1.1" 200 448
127.0.0.1 - - [22/Jul/2024:11:50:03 +0530] "POST /salesCore/getUserReminderDetails HTTP/1.1" 200 687
0:0:0:0:0:0:0:1 - - [22/Jul/2024:11:50:03 +0530] "POST /sales/getDueReminders HTTP/1.1" 200 448
127.0.0.1 - - [22/Jul/2024:11:50:33 +0530] "POST /salesCore/getUserReminderDetails HTTP/1.1" 200 687
0:0:0:0:0:0:0:1 - - [22/Jul/2024:11:50:33 +0530] "POST /sales/getDueReminders HTTP/1.1" 200 448
127.0.0.1 - - [22/Jul/2024:11:51:03 +0530] "POST /salesCore/getUserReminderDetails HTTP/1.1" 200 687
0:0:0:0:0:0:0:1 - - [22/Jul/2024:11:51:03 +0530] "POST /sales/getDueReminders HTTP/1.1" 200 448
127.0.0.1 - - [22/Jul/2024:11:51:33 +0530] "POST /salesCore/getUserReminderDetails HTTP/1.1" 200 687
0:0:0:0:0:0:0:1 - - [22/Jul/2024:11:51:33 +0530] "POST /sales/getDueReminders HTTP/1.1" 200 448
127.0.0.1 - - [22/Jul/2024:11:52:39 +0530] "POST /salesCore/getUserReminderDetails HTTP/1.1" 200 687
0:0:0:0:0:0:0:1 - - [22/Jul/2024:11:52:39 +0530] "POST /sales/getDueReminders HTTP/1.1" 200 448
127.0.0.1 - - [22/Jul/2024:11:53:03 +0530] "POST /salesCore/getUserReminderDetails HTTP/1.1" 200 687
0:0:0:0:0:0:0:1 - - [22/Jul/2024:11:53:03 +0530] "POST /sales/getDueReminders HTTP/1.1" 200 448
127.0.0.1 - - [22/Jul/2024:11:53:33 +0530] "POST /salesCore/getUserReminderDetails HTTP/1.1" 200 687
0:0:0:0:0:0:0:1 - - [22/Jul/2024:11:53:33 +0530] "POST /sales/getDueReminders HTTP/1.1" 200 448
127.0.0.1 - - [22/Jul/2024:11:54:03 +0530] "POST /salesCore/getUserReminderDetails HTTP/1.1" 200 687
0:0:0:0:0:0:0:1 - - [22/Jul/2024:11:54:03 +0530] "POST /sales/getDueReminders HTTP/1.1" 200 448
127.0.0.1 - - [22/Jul/2024:11:54:33 +0530] "POST /salesCore/getUserReminderDetails HTTP/1.1" 200 687
0:0:0:0:0:0:0:1 - - [22/Jul/2024:11:54:33 +0530] "POST /sales/getDueReminders HTTP/1.1" 200 448
127.0.0.1 - - [22/Jul/2024:11:55:03 +0530] "POST /salesCore/getUserReminderDetails HTTP/1.1" 200 687
0:0:0:0:0:0:0:1 - - [22/Jul/2024:11:55:03 +0530] "POST /sales/getDueReminders HTTP/1.1" 200 448
127.0.0.1 - - [22/Jul/2024:11:55:29 +0530] "POST /salesCore/getAllReminders HTTP/1.1" 200 1775
0:0:0:0:0:0:0:1 - - [22/Jul/2024:11:55:29 +0530] "GET /sales/reminderList HTTP/1.1" 200 34002
127.0.0.1 - - [22/Jul/2024:11:55:29 +0530] "POST /salesCore/getUserReminderDetails HTTP/1.1" 200 687
0:0:0:0:0:0:0:1 - - [22/Jul/2024:11:55:29 +0530] "POST /sales/getDueReminders HTTP/1.1" 200 448
127.0.0.1 - - [22/Jul/2024:11:55:29 +0530] "POST /salesCore/todayRemindersCount HTTP/1.1" 200 110
0:0:0:0:0:0:0:1 - - [22/Jul/2024:11:55:29 +0530] "POST /sales/todayReminders HTTP/1.1" 200 11
127.0.0.1 - - [22/Jul/2024:11:56:00 +0530] "POST /salesCore/getUserReminderDetails HTTP/1.1" 200 687
0:0:0:0:0:0:0:1 - - [22/Jul/2024:11:56:00 +0530] "POST /sales/getDueReminders HTTP/1.1" 200 448
127.0.0.1 - - [22/Jul/2024:11:56:30 +0530] "POST /salesCore/getUserReminderDetails HTTP/1.1" 200 687
0:0:0:0:0:0:0:1 - - [22/Jul/2024:11:56:30 +0530] "POST /sales/getDueReminders HTTP/1.1" 200 448
127.0.0.1 - - [22/Jul/2024:11:56:59 +0530] "POST /salesCore/getUserReminderDetails HTTP/1.1" 200 687
0:0:0:0:0:0:0:1 - - [22/Jul/2024:11:56:59 +0530] "POST /sales/getDueReminders HTTP/1.1" 200 448
127.0.0.1 - - [22/Jul/2024:11:57:29 +0530] "POST /salesCore/getUserReminderDetails HTTP/1.1" 200 687
0:0:0:0:0:0:0:1 - - [22/Jul/2024:11:57:29 +0530] "POST /sales/getDueReminders HTTP/1.1" 200 448
127.0.0.1 - - [22/Jul/2024:11:57:48 +0530] "POST /salesCore/getAllReminders HTTP/1.1" 200 1775
0:0:0:0:0:0:0:1 - - [22/Jul/2024:11:57:48 +0530] "GET /sales/reminderList HTTP/1.1" 200 34268
127.0.0.1 - - [22/Jul/2024:11:57:49 +0530] "POST /salesCore/todayRemindersCount HTTP/1.1" 200 110
127.0.0.1 - - [22/Jul/2024:11:57:49 +0530] "POST /salesCore/getUserReminderDetails HTTP/1.1" 200 687
0:0:0:0:0:0:0:1 - - [22/Jul/2024:11:57:49 +0530] "POST /sales/todayReminders HTTP/1.1" 200 11
0:0:0:0:0:0:0:1 - - [22/Jul/2024:11:57:49 +0530] "POST /sales/getDueReminders HTTP/1.1" 200 448
0:0:0:0:0:0:0:1 - - [22/Jul/2024:11:57:53 +0530] "GET /sales/logout HTTP/1.1" 302 -
0:0:0:0:0:0:0:1 - - [22/Jul/2024:11:57:53 +0530] "GET /sales/login HTTP/1.1" 200 10532
127.0.0.1 - - [22/Jul/2024:11:57:58 +0530] "POST /salesCore/login HTTP/1.1" 200 656
0:0:0:0:0:0:0:1 - - [22/Jul/2024:11:57:58 +0530] "POST /sales/login HTTP/1.1" 302 -
0:0:0:0:0:0:0:1 - - [22/Jul/2024:11:57:58 +0530] "GET /sales/dashboard HTTP/1.1" 200 26005
127.0.0.1 - - [22/Jul/2024:11:57:59 +0530] "POST /salesCore/todayRemindersCount HTTP/1.1" 200 110
127.0.0.1 - - [22/Jul/2024:11:57:59 +0530] "POST /salesCore/getUserReminderDetails HTTP/1.1" 200 687
0:0:0:0:0:0:0:1 - - [22/Jul/2024:11:57:59 +0530] "POST /sales/todayReminders HTTP/1.1" 200 11
0:0:0:0:0:0:0:1 - - [22/Jul/2024:11:57:59 +0530] "POST /sales/getDueReminders HTTP/1.1" 200 448
127.0.0.1 - - [22/Jul/2024:11:57:59 +0530] "POST /salesCore/getDashboardData HTTP/1.1" 200 1199
0:0:0:0:0:0:0:1 - - [22/Jul/2024:11:57:59 +0530] "GET /sales/getChartData HTTP/1.1" 200 941
127.0.0.1 - - [22/Jul/2024:11:58:06 +0530] "POST /salesCore/getClientDetailsbyid HTTP/1.1" 200 1111
0:0:0:0:0:0:0:1 - - [22/Jul/2024:11:58:06 +0530] "GET /sales/clientList HTTP/1.1" 200 19176
127.0.0.1 - - [22/Jul/2024:11:58:06 +0530] "POST /salesCore/todayRemindersCount HTTP/1.1" 200 110
0:0:0:0:0:0:0:1 - - [22/Jul/2024:11:58:06 +0530] "POST /sales/todayReminders HTTP/1.1" 200 11
127.0.0.1 - - [22/Jul/2024:11:58:06 +0530] "POST /salesCore/getUserReminderDetails HTTP/1.1" 200 687
0:0:0:0:0:0:0:1 - - [22/Jul/2024:11:58:06 +0530] "POST /sales/getDueReminders HTTP/1.1" 200 448
127.0.0.1 - - [22/Jul/2024:11:58:09 +0530] "POST /salesCore/getAllLeadDetails HTTP/1.1" 200 3031
0:0:0:0:0:0:0:1 - - [22/Jul/2024:11:58:10 +0530] "GET /sales/leadList HTTP/1.1" 200 23660
127.0.0.1 - - [22/Jul/2024:11:58:10 +0530] "POST /salesCore/getUserReminderDetails HTTP/1.1" 200 687
127.0.0.1 - - [22/Jul/2024:11:58:10 +0530] "POST /salesCore/todayRemindersCount HTTP/1.1" 200 110
0:0:0:0:0:0:0:1 - - [22/Jul/2024:11:58:10 +0530] "POST /sales/todayReminders HTTP/1.1" 200 11
0:0:0:0:0:0:0:1 - - [22/Jul/2024:11:58:10 +0530] "POST /sales/getDueReminders HTTP/1.1" 200 448
127.0.0.1 - - [22/Jul/2024:11:59:04 +0530] "POST /salesCore/getAllLeadDetails HTTP/1.1" 200 3031
127.0.0.1 - - [22/Jul/2024:11:59:04 +0530] "POST /salesCore/getAllLeadDetails HTTP/1.1" 200 3031
0:0:0:0:0:0:0:1 - - [22/Jul/2024:11:59:04 +0530] "GET /sales/leadList HTTP/1.1" 200 23850
0:0:0:0:0:0:0:1 - - [22/Jul/2024:11:59:04 +0530] "GET /sales/leadList HTTP/1.1" 200 8206
127.0.0.1 - - [22/Jul/2024:11:59:04 +0530] "POST /salesCore/getAllLeadDetails HTTP/1.1" 200 3031
0:0:0:0:0:0:0:1 - - [22/Jul/2024:11:59:04 +0530] "GET /sales/leadList HTTP/1.1" 200 23850
127.0.0.1 - - [22/Jul/2024:11:59:04 +0530] "POST /salesCore/todayRemindersCount HTTP/1.1" 200 110
0:0:0:0:0:0:0:1 - - [22/Jul/2024:11:59:04 +0530] "POST /sales/todayReminders HTTP/1.1" 200 11
127.0.0.1 - - [22/Jul/2024:11:59:04 +0530] "POST /salesCore/getUserReminderDetails HTTP/1.1" 200 687
0:0:0:0:0:0:0:1 - - [22/Jul/2024:11:59:04 +0530] "POST /sales/getDueReminders HTTP/1.1" 200 448
127.0.0.1 - - [22/Jul/2024:11:59:04 +0530] "POST /salesCore/getAllLeadDetails HTTP/1.1" 200 3031
127.0.0.1 - - [22/Jul/2024:11:59:04 +0530] "POST /salesCore/todayRemindersCount HTTP/1.1" 200 110
0:0:0:0:0:0:0:1 - - [22/Jul/2024:11:59:04 +0530] "POST /sales/todayReminders HTTP/1.1" 200 11
0:0:0:0:0:0:0:1 - - [22/Jul/2024:11:59:04 +0530] "GET /sales/leadList HTTP/1.1" 200 23850
127.0.0.1 - - [22/Jul/2024:11:59:04 +0530] "POST /salesCore/getUserReminderDetails HTTP/1.1" 200 687
0:0:0:0:0:0:0:1 - - [22/Jul/2024:11:59:04 +0530] "POST /sales/getDueReminders HTTP/1.1" 200 448
127.0.0.1 - - [22/Jul/2024:11:59:05 +0530] "POST /salesCore/getUserReminderDetails HTTP/1.1" 200 687
127.0.0.1 - - [22/Jul/2024:11:59:05 +0530] "POST /salesCore/todayRemindersCount HTTP/1.1" 200 110
0:0:0:0:0:0:0:1 - - [22/Jul/2024:11:59:05 +0530] "POST /sales/getDueReminders HTTP/1.1" 200 448
0:0:0:0:0:0:0:1 - - [22/Jul/2024:11:59:05 +0530] "POST /sales/todayReminders HTTP/1.1" 200 11
127.0.0.1 - - [22/Jul/2024:11:59:05 +0530] "POST /salesCore/getAllLeadDetails HTTP/1.1" 200 3031
0:0:0:0:0:0:0:1 - - [22/Jul/2024:11:59:05 +0530] "GET /sales/leadList HTTP/1.1" 200 23850
127.0.0.1 - - [22/Jul/2024:11:59:05 +0530] "POST /salesCore/getUserReminderDetails HTTP/1.1" 200 687
127.0.0.1 - - [22/Jul/2024:11:59:05 +0530] "POST /salesCore/todayRemindersCount HTTP/1.1" 200 110
0:0:0:0:0:0:0:1 - - [22/Jul/2024:11:59:05 +0530] "POST /sales/getDueReminders HTTP/1.1" 200 448
0:0:0:0:0:0:0:1 - - [22/Jul/2024:11:59:05 +0530] "POST /sales/todayReminders HTTP/1.1" 200 11
127.0.0.1 - - [22/Jul/2024:11:59:05 +0530] "POST /salesCore/getAllLeadDetails HTTP/1.1" 200 3031
0:0:0:0:0:0:0:1 - - [22/Jul/2024:11:59:05 +0530] "GET /sales/leadList HTTP/1.1" 200 23850
127.0.0.1 - - [22/Jul/2024:11:59:05 +0530] "POST /salesCore/todayRemindersCount HTTP/1.1" 200 110
0:0:0:0:0:0:0:1 - - [22/Jul/2024:11:59:05 +0530] "POST /sales/todayReminders HTTP/1.1" 200 11
127.0.0.1 - - [22/Jul/2024:11:59:05 +0530] "POST /salesCore/getUserReminderDetails HTTP/1.1" 200 687
0:0:0:0:0:0:0:1 - - [22/Jul/2024:11:59:05 +0530] "POST /sales/getDueReminders HTTP/1.1" 200 448
127.0.0.1 - - [22/Jul/2024:11:59:05 +0530] "POST /salesCore/getAllLeadDetails HTTP/1.1" 200 3031
0:0:0:0:0:0:0:1 - - [22/Jul/2024:11:59:05 +0530] "GET /sales/leadList HTTP/1.1" 200 23850
127.0.0.1 - - [22/Jul/2024:11:59:05 +0530] "POST /salesCore/todayRemindersCount HTTP/1.1" 200 110
127.0.0.1 - - [22/Jul/2024:11:59:05 +0530] "POST /salesCore/getUserReminderDetails HTTP/1.1" 200 687
0:0:0:0:0:0:0:1 - - [22/Jul/2024:11:59:05 +0530] "POST /sales/todayReminders HTTP/1.1" 200 11
0:0:0:0:0:0:0:1 - - [22/Jul/2024:11:59:05 +0530] "POST /sales/getDueReminders HTTP/1.1" 200 448
127.0.0.1 - - [22/Jul/2024:11:59:05 +0530] "POST /salesCore/getAllLeadDetails HTTP/1.1" 200 3031
0:0:0:0:0:0:0:1 - - [22/Jul/2024:11:59:05 +0530] "GET /sales/leadList HTTP/1.1" 200 23850
127.0.0.1 - - [22/Jul/2024:11:59:06 +0530] "POST /salesCore/todayRemindersCount HTTP/1.1" 200 110
0:0:0:0:0:0:0:1 - - [22/Jul/2024:11:59:06 +0530] "POST /sales/todayReminders HTTP/1.1" 200 11
127.0.0.1 - - [22/Jul/2024:11:59:06 +0530] "POST /salesCore/getUserReminderDetails HTTP/1.1" 200 687
127.0.0.1 - - [22/Jul/2024:11:59:06 +0530] "POST /salesCore/getAllLeadDetails HTTP/1.1" 200 3031
0:0:0:0:0:0:0:1 - - [22/Jul/2024:11:59:06 +0530] "POST /sales/getDueReminders HTTP/1.1" 200 448
0:0:0:0:0:0:0:1 - - [22/Jul/2024:11:59:06 +0530] "GET /sales/leadList HTTP/1.1" 200 23850
127.0.0.1 - - [22/Jul/2024:11:59:06 +0530] "POST /salesCore/todayRemindersCount HTTP/1.1" 200 110
127.0.0.1 - - [22/Jul/2024:11:59:06 +0530] "POST /salesCore/getUserReminderDetails HTTP/1.1" 200 687
0:0:0:0:0:0:0:1 - - [22/Jul/2024:11:59:06 +0530] "POST /sales/todayReminders HTTP/1.1" 200 11
0:0:0:0:0:0:0:1 - - [22/Jul/2024:11:59:06 +0530] "POST /sales/getDueReminders HTTP/1.1" 200 448
127.0.0.1 - - [22/Jul/2024:11:59:06 +0530] "POST /salesCore/getAllLeadDetails HTTP/1.1" 200 3031
0:0:0:0:0:0:0:1 - - [22/Jul/2024:11:59:06 +0530] "GET /sales/leadList HTTP/1.1" 200 23850
127.0.0.1 - - [22/Jul/2024:11:59:06 +0530] "POST /salesCore/getAllLeadDetails HTTP/1.1" 200 3031
0:0:0:0:0:0:0:1 - - [22/Jul/2024:11:59:06 +0530] "GET /sales/leadList HTTP/1.1" 200 23850
127.0.0.1 - - [22/Jul/2024:11:59:06 +0530] "POST /salesCore/todayRemindersCount HTTP/1.1" 200 110
0:0:0:0:0:0:0:1 - - [22/Jul/2024:11:59:06 +0530] "POST /sales/todayReminders HTTP/1.1" 200 11
127.0.0.1 - - [22/Jul/2024:11:59:06 +0530] "POST /salesCore/getUserReminderDetails HTTP/1.1" 200 687
0:0:0:0:0:0:0:1 - - [22/Jul/2024:11:59:06 +0530] "POST /sales/getDueReminders HTTP/1.1" 200 448
127.0.0.1 - - [22/Jul/2024:11:59:06 +0530] "POST /salesCore/getAllLeadDetails HTTP/1.1" 200 3031
0:0:0:0:0:0:0:1 - - [22/Jul/2024:11:59:06 +0530] "GET /sales/leadList HTTP/1.1" 200 23850
127.0.0.1 - - [22/Jul/2024:11:59:06 +0530] "POST /salesCore/todayRemindersCount HTTP/1.1" 200 110
127.0.0.1 - - [22/Jul/2024:11:59:06 +0530] "POST /salesCore/getUserReminderDetails HTTP/1.1" 200 687
0:0:0:0:0:0:0:1 - - [22/Jul/2024:11:59:06 +0530] "POST /sales/todayReminders HTTP/1.1" 200 11
0:0:0:0:0:0:0:1 - - [22/Jul/2024:11:59:06 +0530] "POST /sales/getDueReminders HTTP/1.1" 200 448
127.0.0.1 - - [22/Jul/2024:11:59:06 +0530] "POST /salesCore/todayRemindersCount HTTP/1.1" 200 110
127.0.0.1 - - [22/Jul/2024:11:59:06 +0530] "POST /salesCore/getUserReminderDetails HTTP/1.1" 200 687
0:0:0:0:0:0:0:1 - - [22/Jul/2024:11:59:06 +0530] "POST /sales/todayReminders HTTP/1.1" 200 11
0:0:0:0:0:0:0:1 - - [22/Jul/2024:11:59:06 +0530] "POST /sales/getDueReminders HTTP/1.1" 200 448
127.0.0.1 - - [22/Jul/2024:11:59:06 +0530] "POST /salesCore/getAllLeadDetails HTTP/1.1" 200 3031
0:0:0:0:0:0:0:1 - - [22/Jul/2024:11:59:06 +0530] "GET /sales/leadList HTTP/1.1" 200 23850
127.0.0.1 - - [22/Jul/2024:11:59:07 +0530] "POST /salesCore/getAllLeadDetails HTTP/1.1" 200 3031
0:0:0:0:0:0:0:1 - - [22/Jul/2024:11:59:07 +0530] "GET /sales/leadList HTTP/1.1" 200 23850
127.0.0.1 - - [22/Jul/2024:11:59:07 +0530] "POST /salesCore/getUserReminderDetails HTTP/1.1" 200 687
127.0.0.1 - - [22/Jul/2024:11:59:07 +0530] "POST /salesCore/todayRemindersCount HTTP/1.1" 200 110
0:0:0:0:0:0:0:1 - - [22/Jul/2024:11:59:07 +0530] "POST /sales/todayReminders HTTP/1.1" 200 11
0:0:0:0:0:0:0:1 - - [22/Jul/2024:11:59:07 +0530] "POST /sales/getDueReminders HTTP/1.1" 200 448
127.0.0.1 - - [22/Jul/2024:11:59:07 +0530] "POST /salesCore/getAllLeadDetails HTTP/1.1" 200 3031
0:0:0:0:0:0:0:1 - - [22/Jul/2024:11:59:07 +0530] "GET /sales/leadList HTTP/1.1" 200 23850
127.0.0.1 - - [22/Jul/2024:11:59:07 +0530] "POST /salesCore/todayRemindersCount HTTP/1.1" 200 110
127.0.0.1 - - [22/Jul/2024:11:59:07 +0530] "POST /salesCore/getUserReminderDetails HTTP/1.1" 200 687
0:0:0:0:0:0:0:1 - - [22/Jul/2024:11:59:07 +0530] "POST /sales/todayReminders HTTP/1.1" 200 11
0:0:0:0:0:0:0:1 - - [22/Jul/2024:11:59:07 +0530] "POST /sales/getDueReminders HTTP/1.1" 200 448
127.0.0.1 - - [22/Jul/2024:11:59:07 +0530] "POST /salesCore/getUserReminderDetails HTTP/1.1" 200 687
127.0.0.1 - - [22/Jul/2024:11:59:07 +0530] "POST /salesCore/todayRemindersCount HTTP/1.1" 200 110
0:0:0:0:0:0:0:1 - - [22/Jul/2024:11:59:07 +0530] "POST /sales/getDueReminders HTTP/1.1" 200 448
0:0:0:0:0:0:0:1 - - [22/Jul/2024:11:59:07 +0530] "POST /sales/todayReminders HTTP/1.1" 200 11
127.0.0.1 - - [22/Jul/2024:11:59:07 +0530] "POST /salesCore/getAllLeadDetails HTTP/1.1" 200 3031
0:0:0:0:0:0:0:1 - - [22/Jul/2024:11:59:07 +0530] "GET /sales/leadList HTTP/1.1" 200 23850
127.0.0.1 - - [22/Jul/2024:11:59:07 +0530] "POST /salesCore/todayRemindersCount HTTP/1.1" 200 110
127.0.0.1 - - [22/Jul/2024:11:59:07 +0530] "POST /salesCore/getAllLeadDetails HTTP/1.1" 200 3031
0:0:0:0:0:0:0:1 - - [22/Jul/2024:11:59:07 +0530] "POST /sales/todayReminders HTTP/1.1" 200 11
0:0:0:0:0:0:0:1 - - [22/Jul/2024:11:59:07 +0530] "GET /sales/leadList HTTP/1.1" 200 23850
127.0.0.1 - - [22/Jul/2024:11:59:07 +0530] "POST /salesCore/getUserReminderDetails HTTP/1.1" 200 687
0:0:0:0:0:0:0:1 - - [22/Jul/2024:11:59:07 +0530] "POST /sales/getDueReminders HTTP/1.1" 200 448
127.0.0.1 - - [22/Jul/2024:11:59:07 +0530] "POST /salesCore/todayRemindersCount HTTP/1.1" 200 110
0:0:0:0:0:0:0:1 - - [22/Jul/2024:11:59:07 +0530] "POST /sales/todayReminders HTTP/1.1" 200 11
127.0.0.1 - - [22/Jul/2024:11:59:07 +0530] "POST /salesCore/getUserReminderDetails HTTP/1.1" 200 687
0:0:0:0:0:0:0:1 - - [22/Jul/2024:11:59:07 +0530] "POST /sales/getDueReminders HTTP/1.1" 200 448
0:0:0:0:0:0:0:1 - - [22/Jul/2024:11:59:11 +0530] "GET /sales/logout HTTP/1.1" 302 -
0:0:0:0:0:0:0:1 - - [22/Jul/2024:11:59:11 +0530] "GET /sales/login HTTP/1.1" 200 10532
0:0:0:0:0:0:0:1 - - [22/Jul/2024:11:59:18 +0530] "POST /sales/login HTTP/1.1" 302 -
127.0.0.1 - - [22/Jul/2024:11:59:18 +0530] "POST /salesCore/login HTTP/1.1" 200 656
0:0:0:0:0:0:0:1 - - [22/Jul/2024:11:59:19 +0530] "GET /sales/dashboard HTTP/1.1" 200 26195
127.0.0.1 - - [22/Jul/2024:11:59:19 +0530] "POST /salesCore/todayRemindersCount HTTP/1.1" 200 110
0:0:0:0:0:0:0:1 - - [22/Jul/2024:11:59:19 +0530] "POST /sales/todayReminders HTTP/1.1" 200 11
127.0.0.1 - - [22/Jul/2024:11:59:19 +0530] "POST /salesCore/getUserReminderDetails HTTP/1.1" 200 687
127.0.0.1 - - [22/Jul/2024:11:59:19 +0530] "POST /salesCore/getDashboardData HTTP/1.1" 200 1199
0:0:0:0:0:0:0:1 - - [22/Jul/2024:11:59:19 +0530] "POST /sales/getDueReminders HTTP/1.1" 200 448
0:0:0:0:0:0:0:1 - - [22/Jul/2024:11:59:19 +0530] "GET /sales/getChartData HTTP/1.1" 200 941
0:0:0:0:0:0:0:1 - - [22/Jul/2024:11:59:25 +0530] "GET /sales/js/filter-multi-select-bundle.min.js.map HTTP/1.1" 404 146
0:0:0:0:0:0:0:1 - - [22/Jul/2024:11:59:25 +0530] "GET /sales/js/chart.umd.js.map HTTP/1.1" 404 125
127.0.0.1 - - [22/Jul/2024:11:59:48 +0530] "POST /salesCore/getClientDetailsbyid HTTP/1.1" 200 1111
0:0:0:0:0:0:0:1 - - [22/Jul/2024:11:59:49 +0530] "GET /sales/clientList HTTP/1.1" 200 19366
127.0.0.1 - - [22/Jul/2024:11:59:49 +0530] "POST /salesCore/getUserReminderDetails HTTP/1.1" 200 687
0:0:0:0:0:0:0:1 - - [22/Jul/2024:11:59:49 +0530] "POST /sales/getDueReminders HTTP/1.1" 200 448
127.0.0.1 - - [22/Jul/2024:11:59:49 +0530] "POST /salesCore/todayRemindersCount HTTP/1.1" 200 110
0:0:0:0:0:0:0:1 - - [22/Jul/2024:11:59:49 +0530] "POST /sales/todayReminders HTTP/1.1" 200 11
0:0:0:0:0:0:0:1 - - [22/Jul/2024:11:59:52 +0530] "GET /sales/js/filter-multi-select-bundle.min.js.map HTTP/1.1" 404 146
0:0:0:0:0:0:0:1 - - [22/Jul/2024:11:59:52 +0530] "GET /sales/js/chart.umd.js.map HTTP/1.1" 404 125
127.0.0.1 - - [22/Jul/2024:12:00:22 +0530] "POST /salesCore/getClientDetailsbyid HTTP/1.1" 200 1111
0:0:0:0:0:0:0:1 - - [22/Jul/2024:12:00:23 +0530] "GET /sales/clientList HTTP/1.1" 200 19366
0:0:0:0:0:0:0:1 - - [22/Jul/2024:12:00:23 +0530] "GET /sales/js/chart.umd.js.map HTTP/1.1" 404 125
0:0:0:0:0:0:0:1 - - [22/Jul/2024:12:00:23 +0530] "GET /sales/js/filter-multi-select-bundle.min.js.map HTTP/1.1" 404 146
127.0.0.1 - - [22/Jul/2024:12:00:23 +0530] "POST /salesCore/todayRemindersCount HTTP/1.1" 200 110
127.0.0.1 - - [22/Jul/2024:12:00:23 +0530] "POST /salesCore/getUserReminderDetails HTTP/1.1" 200 687
0:0:0:0:0:0:0:1 - - [22/Jul/2024:12:00:23 +0530] "POST /sales/todayReminders HTTP/1.1" 200 11
0:0:0:0:0:0:0:1 - - [22/Jul/2024:12:00:23 +0530] "POST /sales/getDueReminders HTTP/1.1" 200 448
127.0.0.1 - - [22/Jul/2024:12:00:26 +0530] "POST /salesCore/getClientDetailsbyid HTTP/1.1" 200 1111
0:0:0:0:0:0:0:1 - - [22/Jul/2024:12:00:26 +0530] "GET /sales/clientList HTTP/1.1" 200 19366
127.0.0.1 - - [22/Jul/2024:12:00:26 +0530] "POST /salesCore/todayRemindersCount HTTP/1.1" 200 110
0:0:0:0:0:0:0:1 - - [22/Jul/2024:12:00:26 +0530] "POST /sales/todayReminders HTTP/1.1" 200 11
127.0.0.1 - - [22/Jul/2024:12:00:26 +0530] "POST /salesCore/getUserReminderDetails HTTP/1.1" 200 687
0:0:0:0:0:0:0:1 - - [22/Jul/2024:12:00:26 +0530] "POST /sales/getDueReminders HTTP/1.1" 200 448
127.0.0.1 - - [22/Jul/2024:12:00:29 +0530] "POST /salesCore/getAllLeadDetails HTTP/1.1" 200 3031
0:0:0:0:0:0:0:1 - - [22/Jul/2024:12:00:29 +0530] "GET /sales/leadList HTTP/1.1" 200 23850
127.0.0.1 - - [22/Jul/2024:12:00:29 +0530] "POST /salesCore/getUserReminderDetails HTTP/1.1" 200 687
127.0.0.1 - - [22/Jul/2024:12:00:29 +0530] "POST /salesCore/todayRemindersCount HTTP/1.1" 200 110
0:0:0:0:0:0:0:1 - - [22/Jul/2024:12:00:29 +0530] "POST /sales/todayReminders HTTP/1.1" 200 11
0:0:0:0:0:0:0:1 - - [22/Jul/2024:12:00:29 +0530] "POST /sales/getDueReminders HTTP/1.1" 200 448
0:0:0:0:0:0:0:1 - - [22/Jul/2024:12:00:31 +0530] "GET /sales/js/chart.umd.js.map HTTP/1.1" 404 125
0:0:0:0:0:0:0:1 - - [22/Jul/2024:12:00:31 +0530] "GET /sales/js/filter-multi-select-bundle.min.js.map HTTP/1.1" 404 146
127.0.0.1 - - [22/Jul/2024:12:00:59 +0530] "POST /salesCore/getUserReminderDetails HTTP/1.1" 200 687
0:0:0:0:0:0:0:1 - - [22/Jul/2024:12:00:59 +0530] "POST /sales/getDueReminders HTTP/1.1" 200 448
127.0.0.1 - - [22/Jul/2024:12:01:04 +0530] "POST /salesCore/getClientDetailsbyid HTTP/1.1" 200 1111
0:0:0:0:0:0:0:1 - - [22/Jul/2024:12:01:04 +0530] "GET /sales/clientList HTTP/1.1" 200 19366
0:0:0:0:0:0:0:1 - - [22/Jul/2024:12:01:04 +0530] "GET /sales/js/chart.umd.js.map HTTP/1.1" 404 125
0:0:0:0:0:0:0:1 - - [22/Jul/2024:12:01:04 +0530] "GET /sales/js/filter-multi-select-bundle.min.js.map HTTP/1.1" 404 146
127.0.0.1 - - [22/Jul/2024:12:01:05 +0530] "POST /salesCore/todayRemindersCount HTTP/1.1" 200 110
127.0.0.1 - - [22/Jul/2024:12:01:05 +0530] "POST /salesCore/getUserReminderDetails HTTP/1.1" 200 687
0:0:0:0:0:0:0:1 - - [22/Jul/2024:12:01:05 +0530] "POST /sales/todayReminders HTTP/1.1" 200 11
0:0:0:0:0:0:0:1 - - [22/Jul/2024:12:01:05 +0530] "POST /sales/getDueReminders HTTP/1.1" 200 448
127.0.0.1 - - [22/Jul/2024:12:01:14 +0530] "POST /salesCore/getClientDetailsbyid HTTP/1.1" 200 1111
0:0:0:0:0:0:0:1 - - [22/Jul/2024:12:01:14 +0530] "GET /sales/clientList HTTP/1.1" 200 19366
0:0:0:0:0:0:0:1 - - [22/Jul/2024:12:01:15 +0530] "GET /sales/fonts/boxicons.css HTTP/1.1" 200 86510
0:0:0:0:0:0:0:1 - - [22/Jul/2024:12:01:15 +0530] "GET /sales/css/datatables.bootstrap5.css HTTP/1.1" 200 16708
0:0:0:0:0:0:0:1 - - [22/Jul/2024:12:01:15 +0530] "GET /sales/js/popper.js HTTP/1.1" 200 57859
0:0:0:0:0:0:0:1 - - [22/Jul/2024:12:01:15 +0530] "GET /sales/css/bootstrap-datetimepicker.min.css HTTP/1.1" 200 8249
0:0:0:0:0:0:0:1 - - [22/Jul/2024:12:01:15 +0530] "GET /sales/css/style.css HTTP/1.1" 200 379356
0:0:0:0:0:0:0:1 - - [22/Jul/2024:12:01:15 +0530] "GET /sales/js/chart.js HTTP/1.1" 200 205657
0:0:0:0:0:0:0:1 - - [22/Jul/2024:12:01:15 +0530] "GET /sales/js/filter-multi-select-bundle.min.js HTTP/1.1" 200 25275
0:0:0:0:0:0:0:1 - - [22/Jul/2024:12:01:15 +0530] "GET /sales/js/jquery.js HTTP/1.1" 200 831850
0:0:0:0:0:0:0:1 - - [22/Jul/2024:12:01:15 +0530] "GET /sales/js/bootstrap.js HTTP/1.1" 200 843148
0:0:0:0:0:0:0:1 - - [22/Jul/2024:12:01:15 +0530] "GET /sales/js/helpers.js HTTP/1.1" 200 103179
0:0:0:0:0:0:0:1 - - [22/Jul/2024:12:01:15 +0530] "GET /sales/js/perfect-scrollbar.js HTTP/1.1" 200 108858
0:0:0:0:0:0:0:1 - - [22/Jul/2024:12:01:15 +0530] "GET /sales/js/dataTables.bootstrap5.js HTTP/1.1" 200 3317
0:0:0:0:0:0:0:1 - - [22/Jul/2024:12:01:15 +0530] "GET /sales/js/dataTables.js HTTP/1.1" 200 380013
0:0:0:0:0:0:0:1 - - [22/Jul/2024:12:01:15 +0530] "GET /sales/js/moment.min.js HTTP/1.1" 200 51654
0:0:0:0:0:0:0:1 - - [22/Jul/2024:12:01:15 +0530] "GET /sales/js/menu.js HTTP/1.1" 200 80283
0:0:0:0:0:0:0:1 - - [22/Jul/2024:12:01:15 +0530] "GET /sales/js/bootstrap-datetimepicker.min.js HTTP/1.1" 200 37973
0:0:0:0:0:0:0:1 - - [22/Jul/2024:12:01:15 +0530] "GET /sales/js/main.js HTTP/1.1" 200 7700
0:0:0:0:0:0:0:1 - - [22/Jul/2024:12:01:15 +0530] "GET /sales/img/logo.png HTTP/1.1" 200 5628
0:0:0:0:0:0:0:1 - - [22/Jul/2024:12:01:15 +0530] "GET /sales/img/1.png HTTP/1.1" 200 6796
0:0:0:0:0:0:0:1 - - [22/Jul/2024:12:01:15 +0530] "GET /sales/img/loading.gif HTTP/1.1" 200 111469
0:0:0:0:0:0:0:1 - - [22/Jul/2024:12:01:15 +0530] "GET /sales/js/chart.umd.js.map HTTP/1.1" 404 125
0:0:0:0:0:0:0:1 - - [22/Jul/2024:12:01:15 +0530] "GET /sales/js/filter-multi-select-bundle.min.js.map HTTP/1.1" 404 146
0:0:0:0:0:0:0:1 - - [22/Jul/2024:12:01:15 +0530] "GET /sales/fonts/boxicons/boxicons.woff2 HTTP/1.1" 200 102988
127.0.0.1 - - [22/Jul/2024:12:01:15 +0530] "POST /salesCore/todayRemindersCount HTTP/1.1" 200 110
127.0.0.1 - - [22/Jul/2024:12:01:15 +0530] "POST /salesCore/getUserReminderDetails HTTP/1.1" 200 687
0:0:0:0:0:0:0:1 - - [22/Jul/2024:12:01:15 +0530] "POST /sales/todayReminders HTTP/1.1" 200 11
0:0:0:0:0:0:0:1 - - [22/Jul/2024:12:01:15 +0530] "POST /sales/getDueReminders HTTP/1.1" 200 448
0:0:0:0:0:0:0:1 - - [22/Jul/2024:12:01:15 +0530] "GET /favicon.ico HTTP/1.1" 404 762
127.0.0.1 - - [22/Jul/2024:12:01:19 +0530] "POST /salesCore/getClientDetailsbyid HTTP/1.1" 200 1111
0:0:0:0:0:0:0:1 - - [22/Jul/2024:12:01:19 +0530] "GET /sales/clientList HTTP/1.1" 200 19366
0:0:0:0:0:0:0:1 - - [22/Jul/2024:12:01:19 +0530] "GET /sales/js/chart.umd.js.map HTTP/1.1" 404 125
0:0:0:0:0:0:0:1 - - [22/Jul/2024:12:01:19 +0530] "GET /sales/js/filter-multi-select-bundle.min.js.map HTTP/1.1" 404 146
127.0.0.1 - - [22/Jul/2024:12:01:19 +0530] "POST /salesCore/getUserReminderDetails HTTP/1.1" 200 687
127.0.0.1 - - [22/Jul/2024:12:01:19 +0530] "POST /salesCore/todayRemindersCount HTTP/1.1" 200 110
0:0:0:0:0:0:0:1 - - [22/Jul/2024:12:01:19 +0530] "POST /sales/todayReminders HTTP/1.1" 200 11
0:0:0:0:0:0:0:1 - - [22/Jul/2024:12:01:19 +0530] "POST /sales/getDueReminders HTTP/1.1" 200 448
127.0.0.1 - - [22/Jul/2024:12:01:21 +0530] "POST /salesCore/getClientDetailsbyid HTTP/1.1" 200 1111
0:0:0:0:0:0:0:1 - - [22/Jul/2024:12:01:21 +0530] "GET /sales/clientList HTTP/1.1" 200 19366
0:0:0:0:0:0:0:1 - - [22/Jul/2024:12:01:21 +0530] "GET /sales/css/datatables.bootstrap5.css HTTP/1.1" 200 16708
0:0:0:0:0:0:0:1 - - [22/Jul/2024:12:01:21 +0530] "GET /sales/css/style.css HTTP/1.1" 200 379356
0:0:0:0:0:0:0:1 - - [22/Jul/2024:12:01:21 +0530] "GET /sales/js/chart.js HTTP/1.1" 200 205657
0:0:0:0:0:0:0:1 - - [22/Jul/2024:12:01:21 +0530] "GET /sales/css/bootstrap-datetimepicker.min.css HTTP/1.1" 200 8249
0:0:0:0:0:0:0:1 - - [22/Jul/2024:12:01:21 +0530] "GET /sales/js/popper.js HTTP/1.1" 200 57859
0:0:0:0:0:0:0:1 - - [22/Jul/2024:12:01:21 +0530] "GET /sales/js/helpers.js HTTP/1.1" 200 103179
0:0:0:0:0:0:0:1 - - [22/Jul/2024:12:01:21 +0530] "GET /sales/js/perfect-scrollbar.js HTTP/1.1" 200 108858
0:0:0:0:0:0:0:1 - - [22/Jul/2024:12:01:21 +0530] "GET /sales/js/dataTables.js HTTP/1.1" 200 380013
0:0:0:0:0:0:0:1 - - [22/Jul/2024:12:01:21 +0530] "GET /sales/js/dataTables.bootstrap5.js HTTP/1.1" 200 3317
0:0:0:0:0:0:0:1 - - [22/Jul/2024:12:01:21 +0530] "GET /sales/js/moment.min.js HTTP/1.1" 200 51654
0:0:0:0:0:0:0:1 - - [22/Jul/2024:12:01:21 +0530] "GET /sales/js/bootstrap-datetimepicker.min.js HTTP/1.1" 200 37973
0:0:0:0:0:0:0:1 - - [22/Jul/2024:12:01:21 +0530] "GET /sales/js/menu.js HTTP/1.1" 200 80283
0:0:0:0:0:0:0:1 - - [22/Jul/2024:12:01:21 +0530] "GET /sales/js/main.js HTTP/1.1" 200 7700
0:0:0:0:0:0:0:1 - - [22/Jul/2024:12:01:21 +0530] "GET /sales/js/filter-multi-select-bundle.min.js HTTP/1.1" 200 25275
0:0:0:0:0:0:0:1 - - [22/Jul/2024:12:01:21 +0530] "GET /sales/img/logo.png HTTP/1.1" 200 5628
0:0:0:0:0:0:0:1 - - [22/Jul/2024:12:01:21 +0530] "GET /sales/img/1.png HTTP/1.1" 200 6796
0:0:0:0:0:0:0:1 - - [22/Jul/2024:12:01:21 +0530] "GET /sales/fonts/boxicons.css HTTP/1.1" 200 86510
0:0:0:0:0:0:0:1 - - [22/Jul/2024:12:01:21 +0530] "GET /sales/js/jquery.js HTTP/1.1" 200 831850
0:0:0:0:0:0:0:1 - - [22/Jul/2024:12:01:21 +0530] "GET /sales/img/loading.gif HTTP/1.1" 200 111469
0:0:0:0:0:0:0:1 - - [22/Jul/2024:12:01:21 +0530] "GET /sales/js/bootstrap.js HTTP/1.1" 200 843148
0:0:0:0:0:0:0:1 - - [22/Jul/2024:12:01:21 +0530] "GET /sales/js/filter-multi-select-bundle.min.js.map HTTP/1.1" 404 146
0:0:0:0:0:0:0:1 - - [22/Jul/2024:12:01:21 +0530] "GET /sales/js/chart.umd.js.map HTTP/1.1" 404 125
0:0:0:0:0:0:0:1 - - [22/Jul/2024:12:01:21 +0530] "GET /sales/fonts/boxicons/boxicons.woff2 HTTP/1.1" 200 102988
127.0.0.1 - - [22/Jul/2024:12:01:22 +0530] "POST /salesCore/getUserReminderDetails HTTP/1.1" 200 687
127.0.0.1 - - [22/Jul/2024:12:01:22 +0530] "POST /salesCore/todayRemindersCount HTTP/1.1" 200 110
0:0:0:0:0:0:0:1 - - [22/Jul/2024:12:01:22 +0530] "POST /sales/getDueReminders HTTP/1.1" 200 448
0:0:0:0:0:0:0:1 - - [22/Jul/2024:12:01:22 +0530] "POST /sales/todayReminders HTTP/1.1" 200 11
0:0:0:0:0:0:0:1 - - [22/Jul/2024:12:01:22 +0530] "GET /favicon.ico HTTP/1.1" 404 762
127.0.0.1 - - [22/Jul/2024:12:01:22 +0530] "POST /salesCore/getClientDetailsbyid HTTP/1.1" 200 1111
0:0:0:0:0:0:0:1 - - [22/Jul/2024:12:01:22 +0530] "GET /sales/clientList HTTP/1.1" 200 19366
0:0:0:0:0:0:0:1 - - [22/Jul/2024:12:01:22 +0530] "GET /sales/css/datatables.bootstrap5.css HTTP/1.1" 200 16708
0:0:0:0:0:0:0:1 - - [22/Jul/2024:12:01:22 +0530] "GET /sales/fonts/boxicons.css HTTP/1.1" 200 86510
0:0:0:0:0:0:0:1 - - [22/Jul/2024:12:01:22 +0530] "GET /sales/css/style.css HTTP/1.1" 200 379356
0:0:0:0:0:0:0:1 - - [22/Jul/2024:12:01:22 +0530] "GET /sales/js/jquery.js HTTP/1.1" 200 831850
0:0:0:0:0:0:0:1 - - [22/Jul/2024:12:01:22 +0530] "GET /sales/css/bootstrap-datetimepicker.min.css HTTP/1.1" 200 8249
0:0:0:0:0:0:0:1 - - [22/Jul/2024:12:01:22 +0530] "GET /sales/js/popper.js HTTP/1.1" 200 57859
0:0:0:0:0:0:0:1 - - [22/Jul/2024:12:01:22 +0530] "GET /sales/js/chart.js HTTP/1.1" 200 205657
0:0:0:0:0:0:0:1 - - [22/Jul/2024:12:01:22 +0530] "GET /sales/js/bootstrap.js HTTP/1.1" 200 843148
0:0:0:0:0:0:0:1 - - [22/Jul/2024:12:01:22 +0530] "GET /sales/js/filter-multi-select-bundle.min.js HTTP/1.1" 200 25275
0:0:0:0:0:0:0:1 - - [22/Jul/2024:12:01:22 +0530] "GET /sales/js/helpers.js HTTP/1.1" 200 103179
0:0:0:0:0:0:0:1 - - [22/Jul/2024:12:01:22 +0530] "GET /sales/js/perfect-scrollbar.js HTTP/1.1" 200 108858
0:0:0:0:0:0:0:1 - - [22/Jul/2024:12:01:22 +0530] "GET /sales/js/dataTables.bootstrap5.js HTTP/1.1" 200 3317
0:0:0:0:0:0:0:1 - - [22/Jul/2024:12:01:22 +0530] "GET /sales/js/dataTables.js HTTP/1.1" 200 380013
0:0:0:0:0:0:0:1 - - [22/Jul/2024:12:01:22 +0530] "GET /sales/js/moment.min.js HTTP/1.1" 200 51654
0:0:0:0:0:0:0:1 - - [22/Jul/2024:12:01:22 +0530] "GET /sales/js/bootstrap-datetimepicker.min.js HTTP/1.1" 200 37973
0:0:0:0:0:0:0:1 - - [22/Jul/2024:12:01:22 +0530] "GET /sales/js/menu.js HTTP/1.1" 200 80283
0:0:0:0:0:0:0:1 - - [22/Jul/2024:12:01:22 +0530] "GET /sales/js/main.js HTTP/1.1" 200 7700
0:0:0:0:0:0:0:1 - - [22/Jul/2024:12:01:22 +0530] "GET /sales/img/logo.png HTTP/1.1" 200 5628
0:0:0:0:0:0:0:1 - - [22/Jul/2024:12:01:22 +0530] "GET /sales/img/1.png HTTP/1.1" 200 6796
0:0:0:0:0:0:0:1 - - [22/Jul/2024:12:01:22 +0530] "GET /sales/img/loading.gif HTTP/1.1" 200 111469
0:0:0:0:0:0:0:1 - - [22/Jul/2024:12:01:22 +0530] "GET /sales/js/chart.umd.js.map HTTP/1.1" 404 125
0:0:0:0:0:0:0:1 - - [22/Jul/2024:12:01:22 +0530] "GET /sales/js/filter-multi-select-bundle.min.js.map HTTP/1.1" 404 146
0:0:0:0:0:0:0:1 - - [22/Jul/2024:12:01:22 +0530] "GET /sales/fonts/boxicons/boxicons.woff2 HTTP/1.1" 200 102988
127.0.0.1 - - [22/Jul/2024:12:01:22 +0530] "POST /salesCore/todayRemindersCount HTTP/1.1" 200 110
127.0.0.1 - - [22/Jul/2024:12:01:22 +0530] "POST /salesCore/getUserReminderDetails HTTP/1.1" 200 687
0:0:0:0:0:0:0:1 - - [22/Jul/2024:12:01:22 +0530] "GET /favicon.ico HTTP/1.1" 404 762
0:0:0:0:0:0:0:1 - - [22/Jul/2024:12:01:22 +0530] "POST /sales/todayReminders HTTP/1.1" 200 11
0:0:0:0:0:0:0:1 - - [22/Jul/2024:12:01:22 +0530] "POST /sales/getDueReminders HTTP/1.1" 200 448
127.0.0.1 - - [22/Jul/2024:12:01:22 +0530] "POST /salesCore/getClientDetailsbyid HTTP/1.1" 200 1111
0:0:0:0:0:0:0:1 - - [22/Jul/2024:12:01:22 +0530] "GET /sales/clientList HTTP/1.1" 200 19366
0:0:0:0:0:0:0:1 - - [22/Jul/2024:12:01:22 +0530] "GET /sales/fonts/boxicons.css HTTP/1.1" 200 86510
0:0:0:0:0:0:0:1 - - [22/Jul/2024:12:01:22 +0530] "GET /sales/css/datatables.bootstrap5.css HTTP/1.1" 200 16708
0:0:0:0:0:0:0:1 - - [22/Jul/2024:12:01:22 +0530] "GET /sales/js/popper.js HTTP/1.1" 200 57859
0:0:0:0:0:0:0:1 - - [22/Jul/2024:12:01:22 +0530] "GET /sales/css/bootstrap-datetimepicker.min.css HTTP/1.1" 200 8249
0:0:0:0:0:0:0:1 - - [22/Jul/2024:12:01:22 +0530] "GET /sales/css/style.css HTTP/1.1" 200 379356
0:0:0:0:0:0:0:1 - - [22/Jul/2024:12:01:22 +0530] "GET /sales/js/bootstrap.js HTTP/1.1" 200 843148
0:0:0:0:0:0:0:1 - - [22/Jul/2024:12:01:22 +0530] "GET /sales/js/filter-multi-select-bundle.min.js HTTP/1.1" 200 25275
0:0:0:0:0:0:0:1 - - [22/Jul/2024:12:01:22 +0530] "GET /sales/js/jquery.js HTTP/1.1" 200 831850
0:0:0:0:0:0:0:1 - - [22/Jul/2024:12:01:23 +0530] "GET /sales/js/helpers.js HTTP/1.1" 200 103179
0:0:0:0:0:0:0:1 - - [22/Jul/2024:12:01:23 +0530] "GET /sales/js/chart.js HTTP/1.1" 200 205657
0:0:0:0:0:0:0:1 - - [22/Jul/2024:12:01:23 +0530] "GET /sales/js/perfect-scrollbar.js HTTP/1.1" 200 108858
0:0:0:0:0:0:0:1 - - [22/Jul/2024:12:01:23 +0530] "GET /sales/js/dataTables.js HTTP/1.1" 200 380013
0:0:0:0:0:0:0:1 - - [22/Jul/2024:12:01:23 +0530] "GET /sales/js/dataTables.bootstrap5.js HTTP/1.1" 200 3317
0:0:0:0:0:0:0:1 - - [22/Jul/2024:12:01:23 +0530] "GET /sales/js/moment.min.js HTTP/1.1" 200 51654
0:0:0:0:0:0:0:1 - - [22/Jul/2024:12:01:23 +0530] "GET /sales/js/menu.js HTTP/1.1" 200 80283
0:0:0:0:0:0:0:1 - - [22/Jul/2024:12:01:23 +0530] "GET /sales/js/bootstrap-datetimepicker.min.js HTTP/1.1" 200 37973
0:0:0:0:0:0:0:1 - - [22/Jul/2024:12:01:23 +0530] "GET /sales/js/main.js HTTP/1.1" 200 7700
0:0:0:0:0:0:0:1 - - [22/Jul/2024:12:01:23 +0530] "GET /sales/img/1.png HTTP/1.1" 200 6796
0:0:0:0:0:0:0:1 - - [22/Jul/2024:12:01:23 +0530] "GET /sales/img/logo.png HTTP/1.1" 200 5628
0:0:0:0:0:0:0:1 - - [22/Jul/2024:12:01:23 +0530] "GET /sales/img/loading.gif HTTP/1.1" 200 111469
127.0.0.1 - - [22/Jul/2024:12:01:23 +0530] "POST /salesCore/getClientDetailsbyid HTTP/1.1" 200 1111
0:0:0:0:0:0:0:1 - - [22/Jul/2024:12:01:23 +0530] "GET /sales/clientList HTTP/1.1" 200 19366
