0:0:0:0:0:0:0:1 - - [22/Jul/2024:18:38:32 +0530] "GET /sales/js/filter-multi-select-bundle.min.js HTTP/1.1" 200 25275
0:0:0:0:0:0:0:1 - - [22/Jul/2024:18:38:32 +0530] "GET /sales/js/chart.js HTTP/1.1" 200 205657
0:0:0:0:0:0:0:1 - - [22/Jul/2024:18:38:32 +0530] "GET /sales/js/helpers.js HTTP/1.1" 200 103179
0:0:0:0:0:0:0:1 - - [22/Jul/2024:18:38:32 +0530] "GET /sales/js/bootstrap.js HTTP/1.1" 200 843148
0:0:0:0:0:0:0:1 - - [22/Jul/2024:18:38:32 +0530] "GET /sales/js/perfect-scrollbar.js HTTP/1.1" 200 108858
0:0:0:0:0:0:0:1 - - [22/Jul/2024:18:38:32 +0530] "GET /sales/js/dataTables.js HTTP/1.1" 200 380013
0:0:0:0:0:0:0:1 - - [22/Jul/2024:18:38:32 +0530] "GET /sales/js/dataTables.bootstrap5.js HTTP/1.1" 200 3317
0:0:0:0:0:0:0:1 - - [22/Jul/2024:18:38:32 +0530] "GET /sales/js/moment.min.js HTTP/1.1" 200 51654
0:0:0:0:0:0:0:1 - - [22/Jul/2024:18:38:32 +0530] "GET /sales/js/bootstrap-datetimepicker.min.js HTTP/1.1" 200 37973
0:0:0:0:0:0:0:1 - - [22/Jul/2024:18:38:32 +0530] "GET /sales/js/menu.js HTTP/1.1" 200 80283
0:0:0:0:0:0:0:1 - - [22/Jul/2024:18:38:32 +0530] "GET /sales/js/main.js HTTP/1.1" 200 7700
0:0:0:0:0:0:0:1 - - [22/Jul/2024:18:38:32 +0530] "GET /sales/img/1.png HTTP/1.1" 200 6796
0:0:0:0:0:0:0:1 - - [22/Jul/2024:18:38:32 +0530] "GET /sales/img/logo.png HTTP/1.1" 200 5628
0:0:0:0:0:0:0:1 - - [22/Jul/2024:18:38:32 +0530] "GET /sales/img/in-progress.svg HTTP/1.1" 200 5860
0:0:0:0:0:0:0:1 - - [22/Jul/2024:18:38:32 +0530] "GET /sales/img/loading.gif HTTP/1.1" 200 111469
0:0:0:0:0:0:0:1 - - [22/Jul/2024:18:38:32 +0530] "GET /sales/img/leadCaptured.svg HTTP/1.1" 200 6240
0:0:0:0:0:0:0:1 - - [22/Jul/2024:18:38:32 +0530] "GET /sales/js/select2.js HTTP/1.1" 200 80494
0:0:0:0:0:0:0:1 - - [22/Jul/2024:18:38:32 +0530] "GET /sales/img/won.svg HTTP/1.1" 200 10306
0:0:0:0:0:0:0:1 - - [22/Jul/2024:18:38:32 +0530] "GET /sales/img/proposal.svg HTTP/1.1" 200 5074
0:0:0:0:0:0:0:1 - - [22/Jul/2024:18:38:32 +0530] "GET /sales/img/lost.svg HTTP/1.1" 200 5169
0:0:0:0:0:0:0:1 - - [22/Jul/2024:18:38:33 +0530] "GET /sales/yearBudgets HTTP/1.1" 500 129
0:0:0:0:0:0:0:1 - - [22/Jul/2024:18:38:33 +0530] "GET /sales/img/favicon.ico HTTP/1.1" 404 121
127.0.0.1 - - [22/Jul/2024:18:38:33 +0530] "POST /salesCore/todayRemindersCount HTTP/1.1" 200 110
0:0:0:0:0:0:0:1 - - [22/Jul/2024:18:38:33 +0530] "POST /sales/todayReminders HTTP/1.1" 200 11
127.0.0.1 - - [22/Jul/2024:18:38:33 +0530] "POST /salesCore/getDashboardData HTTP/1.1" 200 2755
0:0:0:0:0:0:0:1 - - [22/Jul/2024:18:38:33 +0530] "GET /sales/getChartData HTTP/1.1" 200 462
127.0.0.1 - - [22/Jul/2024:18:38:37 +0530] "POST /salesCore/getDashboardData HTTP/1.1" 200 367
0:0:0:0:0:0:0:1 - - [22/Jul/2024:18:38:37 +0530] "GET /sales/getChartData?year%5B%5D=2023-24 HTTP/1.1" 200 440
127.0.0.1 - - [22/Jul/2024:18:38:49 +0530] "POST /salesCore/getYearBudget HTTP/1.1" 404 194
0:0:0:0:0:0:0:1 - - [22/Jul/2024:18:38:52 +0530] "GET /sales/yearBudgets?year%5B%5D=2023-24 HTTP/1.1" 500 129
127.0.0.1 - - [22/Jul/2024:18:39:49 +0530] "GET / HTTP/1.1" 404 751
0:0:0:0:0:0:0:1 - - [22/Jul/2024:18:39:50 +0530] "POST /sales/getDueReminders HTTP/1.1" 302 -
0:0:0:0:0:0:0:1 - - [22/Jul/2024:18:39:50 +0530] "GET /sales/login HTTP/1.1" 200 10532
0:0:0:0:0:0:0:1 - - [22/Jul/2024:18:39:59 +0530] "GET /sales/fonts/boxicons/boxicons.woff2 HTTP/1.1" 200 102988
0:0:0:0:0:0:0:1 - - [22/Jul/2024:18:40:02 +0530] "GET /sales/leadList HTTP/1.1" 302 -
0:0:0:0:0:0:0:1 - - [22/Jul/2024:18:40:02 +0530] "GET /sales/login HTTP/1.1" 200 10532
127.0.0.1 - - [22/Jul/2024:18:40:12 +0530] "POST /salesCore/login HTTP/1.1" 200 656
0:0:0:0:0:0:0:1 - - [22/Jul/2024:18:40:13 +0530] "POST /sales/login HTTP/1.1" 302 -
0:0:0:0:0:0:0:1 - - [22/Jul/2024:18:40:36 +0530] "GET /sales/ HTTP/1.1" 200 10532
127.0.0.1 - - [22/Jul/2024:18:40:41 +0530] "POST /salesCore/login HTTP/1.1" 200 656
0:0:0:0:0:0:0:1 - - [22/Jul/2024:18:40:41 +0530] "POST /sales/login HTTP/1.1" 302 -
127.0.0.1 - - [22/Jul/2024:18:40:42 +0530] "POST /salesCore/getAllBudget HTTP/1.1" 200 2883
0:0:0:0:0:0:0:1 - - [22/Jul/2024:18:40:43 +0530] "GET /sales/dashboard HTTP/1.1" 200 35689
127.0.0.1 - - [22/Jul/2024:18:40:43 +0530] "POST /salesCore/todayRemindersCount HTTP/1.1" 200 110
0:0:0:0:0:0:0:1 - - [22/Jul/2024:18:40:43 +0530] "POST /sales/todayReminders HTTP/1.1" 200 11
0:0:0:0:0:0:0:1 - - [22/Jul/2024:18:40:43 +0530] "GET /sales/yearBudgets HTTP/1.1" 500 129
127.0.0.1 - - [22/Jul/2024:18:40:43 +0530] "POST /salesCore/getDashboardData HTTP/1.1" 200 2755
0:0:0:0:0:0:0:1 - - [22/Jul/2024:18:40:43 +0530] "GET /sales/getChartData HTTP/1.1" 200 462
127.0.0.1 - - [22/Jul/2024:18:40:50 +0530] "POST /salesCore/getDashboardData HTTP/1.1" 200 2755
0:0:0:0:0:0:0:1 - - [22/Jul/2024:18:40:50 +0530] "GET /sales/getChartData?year%5B%5D=2024-25 HTTP/1.1" 200 462
127.0.0.1 - - [22/Jul/2024:18:40:59 +0530] "POST /salesCore/getYearBudget HTTP/1.1" 404 194
0:0:0:0:0:0:0:1 - - [22/Jul/2024:18:41:27 +0530] "GET /sales/yearBudgets?year%5B%5D=2024-25 HTTP/1.1" 500 129
127.0.0.1 - - [22/Jul/2024:18:41:34 +0530] "POST /salesCore/getAllBudget HTTP/1.1" 200 2883
0:0:0:0:0:0:0:1 - - [22/Jul/2024:18:41:34 +0530] "GET /sales/dashboard HTTP/1.1" 200 35689
0:0:0:0:0:0:0:1 - - [22/Jul/2024:18:41:35 +0530] "GET /sales/yearBudgets HTTP/1.1" 500 129
127.0.0.1 - - [22/Jul/2024:18:41:35 +0530] "POST /salesCore/todayRemindersCount HTTP/1.1" 200 110
0:0:0:0:0:0:0:1 - - [22/Jul/2024:18:41:35 +0530] "POST /sales/todayReminders HTTP/1.1" 200 11
127.0.0.1 - - [22/Jul/2024:18:41:35 +0530] "POST /salesCore/getDashboardData HTTP/1.1" 200 2755
0:0:0:0:0:0:0:1 - - [22/Jul/2024:18:41:35 +0530] "GET /sales/getChartData HTTP/1.1" 200 462
127.0.0.1 - - [22/Jul/2024:18:41:46 +0530] "POST /salesCore/getDashboardData HTTP/1.1" 200 2755
0:0:0:0:0:0:0:1 - - [22/Jul/2024:18:41:46 +0530] "GET /sales/getChartData?year%5B%5D=2024-25 HTTP/1.1" 200 462
127.0.0.1 - - [22/Jul/2024:18:42:35 +0530] "POST /salesCore/getUserReminderDetails HTTP/1.1" 200 1263
0:0:0:0:0:0:0:1 - - [22/Jul/2024:18:42:35 +0530] "POST /sales/getDueReminders HTTP/1.1" 200 874
127.0.0.1 - - [22/Jul/2024:18:43:35 +0530] "POST /salesCore/getUserReminderDetails HTTP/1.1" 200 1263
0:0:0:0:0:0:0:1 - - [22/Jul/2024:18:43:35 +0530] "POST /sales/getDueReminders HTTP/1.1" 200 874
127.0.0.1 - - [22/Jul/2024:18:44:35 +0530] "POST /salesCore/getUserReminderDetails HTTP/1.1" 200 1263
0:0:0:0:0:0:0:1 - - [22/Jul/2024:18:44:35 +0530] "POST /sales/getDueReminders HTTP/1.1" 200 874
127.0.0.1 - - [22/Jul/2024:18:49:27 +0530] "POST /salesCore/getUserReminderDetails HTTP/1.1" 200 1263
0:0:0:0:0:0:0:1 - - [22/Jul/2024:18:49:27 +0530] "POST /sales/getDueReminders HTTP/1.1" 200 874
127.0.0.1 - - [22/Jul/2024:18:49:35 +0530] "POST /salesCore/getUserReminderDetails HTTP/1.1" 200 1263
0:0:0:0:0:0:0:1 - - [22/Jul/2024:18:49:35 +0530] "POST /sales/getDueReminders HTTP/1.1" 200 874
127.0.0.1 - - [22/Jul/2024:18:49:36 +0530] "POST /salesCore/getYearBudget HTTP/1.1" 404 194
127.0.0.1 - - [22/Jul/2024:18:50:35 +0530] "POST /salesCore/getUserReminderDetails HTTP/1.1" 200 1263
0:0:0:0:0:0:0:1 - - [22/Jul/2024:18:50:35 +0530] "POST /sales/getDueReminders HTTP/1.1" 200 874
127.0.0.1 - - [22/Jul/2024:18:51:57 +0530] "POST /salesCore/getAllBudget HTTP/1.1" 200 2883
127.0.0.1 - - [22/Jul/2024:18:51:57 +0530] "POST /salesCore/getUserReminderDetails HTTP/1.1" 200 1263
0:0:0:0:0:0:0:1 - - [22/Jul/2024:18:51:58 +0530] "POST /sales/getDueReminders HTTP/1.1" 200 874
0:0:0:0:0:0:0:1 - - [22/Jul/2024:18:51:58 +0530] "GET /sales/fonts/boxicons.css HTTP/1.1" 200 86510
0:0:0:0:0:0:0:1 - - [22/Jul/2024:18:51:58 +0530] "GET /sales/css/style.css HTTP/1.1" 200 379356
0:0:0:0:0:0:0:1 - - [22/Jul/2024:18:51:58 +0530] "GET /sales/css/bootstrap-datetimepicker.min.css HTTP/1.1" 200 8249
0:0:0:0:0:0:0:1 - - [22/Jul/2024:18:51:58 +0530] "GET /sales/js/popper.js HTTP/1.1" 200 57859
0:0:0:0:0:0:0:1 - - [22/Jul/2024:18:51:58 +0530] "GET /sales/js/jquery.js HTTP/1.1" 200 831850
0:0:0:0:0:0:0:1 - - [22/Jul/2024:18:51:58 +0530] "GET /sales/js/bootstrap.js HTTP/1.1" 200 843148
0:0:0:0:0:0:0:1 - - [22/Jul/2024:18:51:58 +0530] "GET /sales/css/select2.css HTTP/1.1" 200 26260
0:0:0:0:0:0:0:1 - - [22/Jul/2024:18:51:58 +0530] "GET /sales/js/chart.js HTTP/1.1" 200 205657
0:0:0:0:0:0:0:1 - - [22/Jul/2024:18:51:58 +0530] "GET /sales/js/helpers.js HTTP/1.1" 200 103179
0:0:0:0:0:0:0:1 - - [22/Jul/2024:18:51:58 +0530] "GET /sales/js/perfect-scrollbar.js HTTP/1.1" 200 108858
0:0:0:0:0:0:0:1 - - [22/Jul/2024:18:51:58 +0530] "GET /sales/js/dataTables.js HTTP/1.1" 200 380013
0:0:0:0:0:0:0:1 - - [22/Jul/2024:18:51:58 +0530] "GET /sales/js/filter-multi-select-bundle.min.js HTTP/1.1" 200 25275
0:0:0:0:0:0:0:1 - - [22/Jul/2024:18:51:58 +0530] "GET /sales/js/moment.min.js HTTP/1.1" 200 51654
0:0:0:0:0:0:0:1 - - [22/Jul/2024:18:51:58 +0530] "GET /sales/dashboard HTTP/1.1" 200 35689
0:0:0:0:0:0:0:1 - - [22/Jul/2024:18:51:58 +0530] "GET /sales/js/menu.js HTTP/1.1" 200 80283
0:0:0:0:0:0:0:1 - - [22/Jul/2024:18:51:58 +0530] "GET /sales/js/dataTables.bootstrap5.js HTTP/1.1" 200 3317
0:0:0:0:0:0:0:1 - - [22/Jul/2024:18:51:58 +0530] "GET /sales/js/main.js HTTP/1.1" 200 7700
0:0:0:0:0:0:0:1 - - [22/Jul/2024:18:51:58 +0530] "GET /sales/img/1.png HTTP/1.1" 200 6796
0:0:0:0:0:0:0:1 - - [22/Jul/2024:18:51:58 +0530] "GET /sales/img/logo.png HTTP/1.1" 200 5628
0:0:0:0:0:0:0:1 - - [22/Jul/2024:18:51:58 +0530] "GET /sales/img/in-progress.svg HTTP/1.1" 200 5860
0:0:0:0:0:0:0:1 - - [22/Jul/2024:18:51:58 +0530] "GET /sales/img/loading.gif HTTP/1.1" 200 111469
0:0:0:0:0:0:0:1 - - [22/Jul/2024:18:51:58 +0530] "GET /sales/js/bootstrap-datetimepicker.min.js HTTP/1.1" 200 37973
0:0:0:0:0:0:0:1 - - [22/Jul/2024:18:51:58 +0530] "GET /sales/img/leadCaptured.svg HTTP/1.1" 200 6240
0:0:0:0:0:0:0:1 - - [22/Jul/2024:18:51:58 +0530] "GET /sales/js/select2.js HTTP/1.1" 200 80494
0:0:0:0:0:0:0:1 - - [22/Jul/2024:18:51:58 +0530] "GET /sales/img/proposal.svg HTTP/1.1" 200 5074
0:0:0:0:0:0:0:1 - - [22/Jul/2024:18:51:58 +0530] "GET /sales/img/won.svg HTTP/1.1" 200 10306
0:0:0:0:0:0:0:1 - - [22/Jul/2024:18:51:58 +0530] "GET /sales/img/lost.svg HTTP/1.1" 200 5169
127.0.0.1 - - [22/Jul/2024:18:51:58 +0530] "POST /salesCore/todayRemindersCount HTTP/1.1" 200 110
0:0:0:0:0:0:0:1 - - [22/Jul/2024:18:51:58 +0530] "POST /sales/todayReminders HTTP/1.1" 200 11
0:0:0:0:0:0:0:1 - - [22/Jul/2024:18:51:58 +0530] "GET /sales/img/favicon.ico HTTP/1.1" 404 121
0:0:0:0:0:0:0:1 - - [22/Jul/2024:18:51:58 +0530] "GET /sales/yearBudgets HTTP/1.1" 500 129
127.0.0.1 - - [22/Jul/2024:18:51:58 +0530] "POST /salesCore/getDashboardData HTTP/1.1" 200 2755
0:0:0:0:0:0:0:1 - - [22/Jul/2024:18:51:59 +0530] "GET /sales/getChartData HTTP/1.1" 200 462
127.0.0.1 - - [22/Jul/2024:18:52:08 +0530] "POST /salesCore/getDashboardData HTTP/1.1" 200 367
0:0:0:0:0:0:0:1 - - [22/Jul/2024:18:52:08 +0530] "GET /sales/getChartData?year%5B%5D=2023-24 HTTP/1.1" 200 440
0:0:0:0:0:0:0:1 - - [22/Jul/2024:18:52:20 +0530] "GET /sales/yearBudgets?year%5B%5D=2024-25 HTTP/1.1" 500 129
127.0.0.1 - - [22/Jul/2024:18:52:34 +0530] "POST /salesCore/getYearBudgets HTTP/1.1" 200 110
0:0:0:0:0:0:0:1 - - [22/Jul/2024:18:52:40 +0530] "GET /sales/yearBudgets?year%5B%5D=2023-24 HTTP/1.1" 200 12
127.0.0.1 - - [22/Jul/2024:18:52:59 +0530] "POST /salesCore/getUserReminderDetails HTTP/1.1" 200 1263
0:0:0:0:0:0:0:1 - - [22/Jul/2024:18:52:59 +0530] "POST /sales/getDueReminders HTTP/1.1" 200 874
0:0:0:0:0:0:0:1 - - [22/Jul/2024:18:53:32 +0530] "GET /sales/yearBudgets HTTP/1.1" 500 129
127.0.0.1 - - [22/Jul/2024:18:53:32 +0530] "POST /salesCore/getDashboardData HTTP/1.1" 200 2755
0:0:0:0:0:0:0:1 - - [22/Jul/2024:18:53:32 +0530] "GET /sales/getChartData HTTP/1.1" 200 462
127.0.0.1 - - [22/Jul/2024:18:53:33 +0530] "POST /salesCore/getDashboardData HTTP/1.1" 200 2755
0:0:0:0:0:0:0:1 - - [22/Jul/2024:18:53:34 +0530] "GET /sales/getChartData?year%5B%5D=2024-25 HTTP/1.1" 200 462
127.0.0.1 - - [22/Jul/2024:18:53:42 +0530] "POST /salesCore/getYearBudgets HTTP/1.1" 200 2883
0:0:0:0:0:0:0:1 - - [22/Jul/2024:18:53:43 +0530] "GET /sales/yearBudgets?year%5B%5D=2024-25 HTTP/1.1" 200 2083
0:0:0:0:0:0:0:1 - - [22/Jul/2024:18:53:52 +0530] "GET /sales/yearBudgets HTTP/1.1" 500 129
127.0.0.1 - - [22/Jul/2024:18:53:52 +0530] "POST /salesCore/getDashboardData HTTP/1.1" 200 2755
0:0:0:0:0:0:0:1 - - [22/Jul/2024:18:53:52 +0530] "GET /sales/getChartData HTTP/1.1" 200 462
127.0.0.1 - - [22/Jul/2024:18:53:53 +0530] "POST /salesCore/getYearBudgets HTTP/1.1" 200 110
0:0:0:0:0:0:0:1 - - [22/Jul/2024:18:53:53 +0530] "GET /sales/yearBudgets?year%5B%5D=2025-26 HTTP/1.1" 200 12
127.0.0.1 - - [22/Jul/2024:18:53:53 +0530] "POST /salesCore/getDashboardData HTTP/1.1" 200 367
0:0:0:0:0:0:0:1 - - [22/Jul/2024:18:53:53 +0530] "GET /sales/getChartData?year%5B%5D=2025-26 HTTP/1.1" 200 392
0:0:0:0:0:0:0:1 - - [22/Jul/2024:18:53:55 +0530] "GET /sales/yearBudgets HTTP/1.1" 500 129
127.0.0.1 - - [22/Jul/2024:18:53:55 +0530] "POST /salesCore/getDashboardData HTTP/1.1" 200 2755
0:0:0:0:0:0:0:1 - - [22/Jul/2024:18:53:55 +0530] "GET /sales/getChartData HTTP/1.1" 200 462
127.0.0.1 - - [22/Jul/2024:18:53:57 +0530] "POST /salesCore/getYearBudgets HTTP/1.1" 200 2883
127.0.0.1 - - [22/Jul/2024:18:53:57 +0530] "POST /salesCore/getDashboardData HTTP/1.1" 200 2755
0:0:0:0:0:0:0:1 - - [22/Jul/2024:18:53:57 +0530] "GET /sales/yearBudgets?year%5B%5D=2024-25 HTTP/1.1" 200 2083
0:0:0:0:0:0:0:1 - - [22/Jul/2024:18:53:57 +0530] "GET /sales/getChartData?year%5B%5D=2024-25 HTTP/1.1" 200 462
127.0.0.1 - - [22/Jul/2024:18:53:59 +0530] "POST /salesCore/getUserReminderDetails HTTP/1.1" 200 1263
0:0:0:0:0:0:0:1 - - [22/Jul/2024:18:53:59 +0530] "POST /sales/getDueReminders HTTP/1.1" 200 874
127.0.0.1 - - [22/Jul/2024:18:54:04 +0530] "POST /salesCore/getYearBudgets HTTP/1.1" 200 110
127.0.0.1 - - [22/Jul/2024:18:54:04 +0530] "POST /salesCore/getDashboardData HTTP/1.1" 200 367
0:0:0:0:0:0:0:1 - - [22/Jul/2024:18:54:04 +0530] "GET /sales/yearBudgets?year%5B%5D=2024-25&zone%5B%5D=East HTTP/1.1" 200 12
0:0:0:0:0:0:0:1 - - [22/Jul/2024:18:54:04 +0530] "GET /sales/getChartData?year%5B%5D=2024-25&zone%5B%5D=East HTTP/1.1" 200 428
127.0.0.1 - - [22/Jul/2024:18:54:06 +0530] "POST /salesCore/getYearBudgets HTTP/1.1" 200 2883
127.0.0.1 - - [22/Jul/2024:18:54:06 +0530] "POST /salesCore/getDashboardData HTTP/1.1" 200 2755
0:0:0:0:0:0:0:1 - - [22/Jul/2024:18:54:06 +0530] "GET /sales/yearBudgets?year%5B%5D=2024-25 HTTP/1.1" 200 2083
0:0:0:0:0:0:0:1 - - [22/Jul/2024:18:54:06 +0530] "GET /sales/getChartData?year%5B%5D=2024-25 HTTP/1.1" 200 462
127.0.0.1 - - [22/Jul/2024:18:54:07 +0530] "POST /salesCore/getYearBudgets HTTP/1.1" 200 110
0:0:0:0:0:0:0:1 - - [22/Jul/2024:18:54:07 +0530] "GET /sales/yearBudgets?year%5B%5D=2024-25&zone%5B%5D=West HTTP/1.1" 200 12
127.0.0.1 - - [22/Jul/2024:18:54:07 +0530] "POST /salesCore/getDashboardData HTTP/1.1" 200 367
0:0:0:0:0:0:0:1 - - [22/Jul/2024:18:54:07 +0530] "GET /sales/getChartData?year%5B%5D=2024-25&zone%5B%5D=West HTTP/1.1" 200 428
127.0.0.1 - - [22/Jul/2024:18:54:09 +0530] "POST /salesCore/getDashboardData HTTP/1.1" 200 2755
0:0:0:0:0:0:0:1 - - [22/Jul/2024:18:54:09 +0530] "GET /sales/getChartData?year%5B%5D=2024-25 HTTP/1.1" 200 462
127.0.0.1 - - [22/Jul/2024:18:54:09 +0530] "POST /salesCore/getYearBudgets HTTP/1.1" 200 2883
0:0:0:0:0:0:0:1 - - [22/Jul/2024:18:54:09 +0530] "GET /sales/yearBudgets?year%5B%5D=2024-25 HTTP/1.1" 200 2083
127.0.0.1 - - [22/Jul/2024:18:54:10 +0530] "POST /salesCore/getDashboardData HTTP/1.1" 200 2755
0:0:0:0:0:0:0:1 - - [22/Jul/2024:18:54:10 +0530] "GET /sales/getChartData?year%5B%5D=2024-25&zone%5B%5D=North HTTP/1.1" 200 450
127.0.0.1 - - [22/Jul/2024:18:54:11 +0530] "POST /salesCore/getYearBudgets HTTP/1.1" 200 2883
0:0:0:0:0:0:0:1 - - [22/Jul/2024:18:54:11 +0530] "GET /sales/yearBudgets?year%5B%5D=2024-25&zone%5B%5D=North HTTP/1.1" 200 2083
127.0.0.1 - - [22/Jul/2024:18:54:13 +0530] "POST /salesCore/getDashboardData HTTP/1.1" 200 2755
0:0:0:0:0:0:0:1 - - [22/Jul/2024:18:54:13 +0530] "GET /sales/getChartData?year%5B%5D=2024-25 HTTP/1.1" 200 462
127.0.0.1 - - [22/Jul/2024:18:54:13 +0530] "POST /salesCore/getYearBudgets HTTP/1.1" 200 2883
0:0:0:0:0:0:0:1 - - [22/Jul/2024:18:54:13 +0530] "GET /sales/yearBudgets?year%5B%5D=2024-25 HTTP/1.1" 200 2083
127.0.0.1 - - [22/Jul/2024:18:54:14 +0530] "POST /salesCore/getDashboardData HTTP/1.1" 200 367
0:0:0:0:0:0:0:1 - - [22/Jul/2024:18:54:14 +0530] "GET /sales/getChartData?year%5B%5D=2024-25&zone%5B%5D=South HTTP/1.1" 200 440
127.0.0.1 - - [22/Jul/2024:18:54:14 +0530] "POST /salesCore/getYearBudgets HTTP/1.1" 200 110
0:0:0:0:0:0:0:1 - - [22/Jul/2024:18:54:14 +0530] "GET /sales/yearBudgets?year%5B%5D=2024-25&zone%5B%5D=South HTTP/1.1" 200 12
127.0.0.1 - - [22/Jul/2024:18:54:16 +0530] "POST /salesCore/getYearBudgets HTTP/1.1" 200 2883
0:0:0:0:0:0:0:1 - - [22/Jul/2024:18:54:16 +0530] "GET /sales/yearBudgets?year%5B%5D=2024-25 HTTP/1.1" 200 2083
127.0.0.1 - - [22/Jul/2024:18:54:16 +0530] "POST /salesCore/getDashboardData HTTP/1.1" 200 2755
0:0:0:0:0:0:0:1 - - [22/Jul/2024:18:54:16 +0530] "GET /sales/getChartData?year%5B%5D=2024-25 HTTP/1.1" 200 462
127.0.0.1 - - [22/Jul/2024:18:54:59 +0530] "POST /salesCore/getUserReminderDetails HTTP/1.1" 200 1263
0:0:0:0:0:0:0:1 - - [22/Jul/2024:18:54:59 +0530] "POST /sales/getDueReminders HTTP/1.1" 200 874
127.0.0.1 - - [22/Jul/2024:18:55:59 +0530] "POST /salesCore/getUserReminderDetails HTTP/1.1" 200 1263
0:0:0:0:0:0:0:1 - - [22/Jul/2024:18:55:59 +0530] "POST /sales/getDueReminders HTTP/1.1" 200 874
127.0.0.1 - - [22/Jul/2024:18:56:58 +0530] "POST /salesCore/getUserReminderDetails HTTP/1.1" 200 1263
0:0:0:0:0:0:0:1 - - [22/Jul/2024:18:56:58 +0530] "POST /sales/getDueReminders HTTP/1.1" 200 874
127.0.0.1 - - [22/Jul/2024:19:01:17 +0530] "POST /salesCore/getUserReminderDetails HTTP/1.1" 200 1263
0:0:0:0:0:0:0:1 - - [22/Jul/2024:19:01:17 +0530] "POST /sales/getDueReminders HTTP/1.1" 200 874
0:0:0:0:0:0:0:1 - - [22/Jul/2024:19:01:21 +0530] "GET /sales/fonts/boxicons/boxicons.woff2 HTTP/1.1" 200 102988
127.0.0.1 - - [22/Jul/2024:19:01:23 +0530] "POST /salesCore/getClientDetailsbyid HTTP/1.1" 200 1111
0:0:0:0:0:0:0:1 - - [22/Jul/2024:19:01:25 +0530] "GET /sales/clientList HTTP/1.1" 200 19323
127.0.0.1 - - [22/Jul/2024:19:01:25 +0530] "POST /salesCore/todayRemindersCount HTTP/1.1" 200 110
0:0:0:0:0:0:0:1 - - [22/Jul/2024:19:01:25 +0530] "POST /sales/todayReminders HTTP/1.1" 200 11
0:0:0:0:0:0:0:1 - - [22/Jul/2024:19:01:25 +0530] "GET /favicon.ico HTTP/1.1" 404 762
0:0:0:0:0:0:0:1 - - [22/Jul/2024:19:01:29 +0530] "GET /sales/logout HTTP/1.1" 302 -
0:0:0:0:0:0:0:1 - - [22/Jul/2024:19:01:29 +0530] "GET /sales/login HTTP/1.1" 200 10532
127.0.0.1 - - [22/Jul/2024:19:01:33 +0530] "POST /salesCore/login HTTP/1.1" 200 656
0:0:0:0:0:0:0:1 - - [22/Jul/2024:19:01:33 +0530] "POST /sales/login HTTP/1.1" 302 -
127.0.0.1 - - [22/Jul/2024:19:01:33 +0530] "POST /salesCore/getAllBudget HTTP/1.1" 200 2883
0:0:0:0:0:0:0:1 - - [22/Jul/2024:19:01:33 +0530] "GET /sales/dashboard HTTP/1.1" 200 35689
127.0.0.1 - - [22/Jul/2024:19:01:34 +0530] "POST /salesCore/todayRemindersCount HTTP/1.1" 200 110
0:0:0:0:0:0:0:1 - - [22/Jul/2024:19:01:34 +0530] "GET /sales/yearBudgets HTTP/1.1" 500 129
0:0:0:0:0:0:0:1 - - [22/Jul/2024:19:01:34 +0530] "POST /sales/todayReminders HTTP/1.1" 200 11
127.0.0.1 - - [22/Jul/2024:19:01:34 +0530] "POST /salesCore/getDashboardData HTTP/1.1" 200 2755
0:0:0:0:0:0:0:1 - - [22/Jul/2024:19:01:34 +0530] "GET /sales/getChartData HTTP/1.1" 200 462
127.0.0.1 - - [22/Jul/2024:19:01:41 +0530] "POST /salesCore/getDashboardData HTTP/1.1" 200 367
0:0:0:0:0:0:0:1 - - [22/Jul/2024:19:01:41 +0530] "GET /sales/getChartData?year%5B%5D=2023-24 HTTP/1.1" 200 440
0:0:0:0:0:0:0:1 - - [22/Jul/2024:19:01:45 +0530] "GET /sales/yearBudgets HTTP/1.1" 500 129
127.0.0.1 - - [22/Jul/2024:19:01:45 +0530] "POST /salesCore/getDashboardData HTTP/1.1" 200 2755
0:0:0:0:0:0:0:1 - - [22/Jul/2024:19:01:45 +0530] "GET /sales/getChartData HTTP/1.1" 200 462
127.0.0.1 - - [22/Jul/2024:19:01:46 +0530] "POST /salesCore/getDashboardData HTTP/1.1" 200 2755
0:0:0:0:0:0:0:1 - - [22/Jul/2024:19:01:46 +0530] "GET /sales/getChartData?year%5B%5D=2024-25 HTTP/1.1" 200 462
0:0:0:0:0:0:0:1 - - [22/Jul/2024:19:01:50 +0530] "GET /sales/yearBudgets HTTP/1.1" 500 129
127.0.0.1 - - [22/Jul/2024:19:01:50 +0530] "POST /salesCore/getDashboardData HTTP/1.1" 200 2755
0:0:0:0:0:0:0:1 - - [22/Jul/2024:19:01:50 +0530] "GET /sales/getChartData HTTP/1.1" 200 462
127.0.0.1 - - [22/Jul/2024:19:01:51 +0530] "POST /salesCore/getDashboardData HTTP/1.1" 200 367
0:0:0:0:0:0:0:1 - - [22/Jul/2024:19:01:51 +0530] "GET /sales/getChartData?year%5B%5D=2025-26 HTTP/1.1" 200 392
0:0:0:0:0:0:0:1 - - [22/Jul/2024:19:01:58 +0530] "GET /sales/yearBudgets HTTP/1.1" 500 129
127.0.0.1 - - [22/Jul/2024:19:01:58 +0530] "POST /salesCore/getDashboardData HTTP/1.1" 200 2755
0:0:0:0:0:0:0:1 - - [22/Jul/2024:19:01:58 +0530] "GET /sales/getChartData HTTP/1.1" 200 462
127.0.0.1 - - [22/Jul/2024:19:01:59 +0530] "POST /salesCore/getDashboardData HTTP/1.1" 200 2755
0:0:0:0:0:0:0:1 - - [22/Jul/2024:19:01:59 +0530] "GET /sales/getChartData?year%5B%5D=2024-25 HTTP/1.1" 200 462
0:0:0:0:0:0:0:1 - - [22/Jul/2024:19:02:01 +0530] "GET /sales/yearBudgets HTTP/1.1" 500 129
127.0.0.1 - - [22/Jul/2024:19:02:01 +0530] "POST /salesCore/getDashboardData HTTP/1.1" 200 2755
0:0:0:0:0:0:0:1 - - [22/Jul/2024:19:02:01 +0530] "GET /sales/getChartData HTTP/1.1" 200 462
127.0.0.1 - - [22/Jul/2024:19:02:02 +0530] "POST /salesCore/getDashboardData HTTP/1.1" 200 2755
0:0:0:0:0:0:0:1 - - [22/Jul/2024:19:02:02 +0530] "GET /sales/getChartData?year%5B%5D=2024-25 HTTP/1.1" 200 462
0:0:0:0:0:0:0:1 - - [22/Jul/2024:19:02:03 +0530] "GET /sales/yearBudgets HTTP/1.1" 500 129
127.0.0.1 - - [22/Jul/2024:19:02:03 +0530] "POST /salesCore/getDashboardData HTTP/1.1" 200 2755
0:0:0:0:0:0:0:1 - - [22/Jul/2024:19:02:03 +0530] "GET /sales/getChartData HTTP/1.1" 200 462
127.0.0.1 - - [22/Jul/2024:19:02:10 +0530] "POST /salesCore/getDashboardData HTTP/1.1" 200 367
0:0:0:0:0:0:0:1 - - [22/Jul/2024:19:02:10 +0530] "GET /sales/getChartData?year%5B%5D=2023-24 HTTP/1.1" 200 440
127.0.0.1 - - [22/Jul/2024:19:03:15 +0530] "GET / HTTP/1.1" 404 751
0:0:0:0:0:0:0:1 - - [22/Jul/2024:19:03:34 +0530] "POST /sales/getDueReminders HTTP/1.1" 302 -
0:0:0:0:0:0:0:1 - - [22/Jul/2024:19:03:34 +0530] "GET /sales/login HTTP/1.1" 200 10532
0:0:0:0:0:0:0:1 - - [22/Jul/2024:19:03:46 +0530] "GET /sales/dashboard HTTP/1.1" 302 -
0:0:0:0:0:0:0:1 - - [22/Jul/2024:19:03:46 +0530] "GET /sales/login HTTP/1.1" 200 10532
0:0:0:0:0:0:0:1 - - [22/Jul/2024:19:03:46 +0530] "GET /sales/img/reload.png HTTP/1.1" 200 64558
0:0:0:0:0:0:0:1 - - [22/Jul/2024:19:03:46 +0530] "GET /sales/img/logo.png HTTP/1.1" 200 5628
0:0:0:0:0:0:0:1 - - [22/Jul/2024:19:03:46 +0530] "GET /sales/img/loading.gif HTTP/1.1" 200 111469
0:0:0:0:0:0:0:1 - - [22/Jul/2024:19:03:46 +0530] "GET /sales/fonts/boxicons.css HTTP/1.1" 200 86510
0:0:0:0:0:0:0:1 - - [22/Jul/2024:19:03:46 +0530] "GET /sales/css/style.css HTTP/1.1" 200 379356
0:0:0:0:0:0:0:1 - - [22/Jul/2024:19:03:46 +0530] "GET /sales/js/jquery.js HTTP/1.1" 200 831850
0:0:0:0:0:0:0:1 - - [22/Jul/2024:19:03:46 +0530] "GET /sales/js/popper.js HTTP/1.1" 200 57859
0:0:0:0:0:0:0:1 - - [22/Jul/2024:19:03:46 +0530] "GET /sales/js/helpers.js HTTP/1.1" 200 103179
0:0:0:0:0:0:0:1 - - [22/Jul/2024:19:03:46 +0530] "GET /sales/js/perfect-scrollbar.js HTTP/1.1" 200 108858
0:0:0:0:0:0:0:1 - - [22/Jul/2024:19:03:46 +0530] "GET /sales/js/bootstrap.js HTTP/1.1" 200 843148
0:0:0:0:0:0:0:1 - - [22/Jul/2024:19:03:46 +0530] "GET /sales/js/menu.js HTTP/1.1" 200 80283
0:0:0:0:0:0:0:1 - - [22/Jul/2024:19:03:46 +0530] "GET /sales/js/main.js HTTP/1.1" 200 7700
0:0:0:0:0:0:0:1 - - [22/Jul/2024:19:03:46 +0530] "GET /sales/img/captcha-bg.png HTTP/1.1" 200 98
0:0:0:0:0:0:0:1 - - [22/Jul/2024:19:03:46 +0530] "GET /sales/fonts/boxicons/boxicons.woff2 HTTP/1.1" 200 102988
0:0:0:0:0:0:0:1 - - [22/Jul/2024:19:03:47 +0530] "GET /sales/img/favicon.ico HTTP/1.1" 404 121
127.0.0.1 - - [22/Jul/2024:19:04:04 +0530] "POST /salesCore/login HTTP/1.1" 200 656
0:0:0:0:0:0:0:1 - - [22/Jul/2024:19:04:04 +0530] "POST /sales/login HTTP/1.1" 302 -
127.0.0.1 - - [22/Jul/2024:19:04:05 +0530] "POST /salesCore/getAllBudget HTTP/1.1" 200 2883
0:0:0:0:0:0:0:1 - - [22/Jul/2024:19:04:05 +0530] "GET /sales/dashboard HTTP/1.1" 200 35689
0:0:0:0:0:0:0:1 - - [22/Jul/2024:19:04:05 +0530] "GET /sales/yearBudgets HTTP/1.1" 500 129
127.0.0.1 - - [22/Jul/2024:19:04:06 +0530] "POST /salesCore/todayRemindersCount HTTP/1.1" 200 110
127.0.0.1 - - [22/Jul/2024:19:04:06 +0530] "POST /salesCore/getDashboardData HTTP/1.1" 200 2755
0:0:0:0:0:0:0:1 - - [22/Jul/2024:19:04:06 +0530] "POST /sales/todayReminders HTTP/1.1" 200 11
0:0:0:0:0:0:0:1 - - [22/Jul/2024:19:04:06 +0530] "GET /sales/getChartData HTTP/1.1" 200 462
127.0.0.1 - - [22/Jul/2024:19:04:11 +0530] "POST /salesCore/getDashboardData HTTP/1.1" 200 367
0:0:0:0:0:0:0:1 - - [22/Jul/2024:19:04:11 +0530] "GET /sales/getChartData?year%5B%5D=2023-24 HTTP/1.1" 200 440
127.0.0.1 - - [22/Jul/2024:19:04:11 +0530] "POST /salesCore/getYearBudgets HTTP/1.1" 200 110
0:0:0:0:0:0:0:1 - - [22/Jul/2024:19:04:11 +0530] "GET /sales/yearBudgets?year%5B%5D=2023-24 HTTP/1.1" 200 12
0:0:0:0:0:0:0:1 - - [22/Jul/2024:19:04:14 +0530] "GET /sales/yearBudgets HTTP/1.1" 500 129
127.0.0.1 - - [22/Jul/2024:19:04:14 +0530] "POST /salesCore/getDashboardData HTTP/1.1" 200 2755
0:0:0:0:0:0:0:1 - - [22/Jul/2024:19:04:14 +0530] "GET /sales/getChartData HTTP/1.1" 200 462
127.0.0.1 - - [22/Jul/2024:19:04:15 +0530] "POST /salesCore/getYearBudgets HTTP/1.1" 200 2883
0:0:0:0:0:0:0:1 - - [22/Jul/2024:19:04:15 +0530] "GET /sales/yearBudgets?year%5B%5D=2024-25 HTTP/1.1" 200 2083
127.0.0.1 - - [22/Jul/2024:19:04:16 +0530] "POST /salesCore/getDashboardData HTTP/1.1" 200 2755
0:0:0:0:0:0:0:1 - - [22/Jul/2024:19:04:16 +0530] "GET /sales/getChartData?year%5B%5D=2024-25 HTTP/1.1" 200 462
0:0:0:0:0:0:0:1 - - [22/Jul/2024:19:04:17 +0530] "GET /sales/yearBudgets HTTP/1.1" 500 129
127.0.0.1 - - [22/Jul/2024:19:04:17 +0530] "POST /salesCore/getDashboardData HTTP/1.1" 200 2755
0:0:0:0:0:0:0:1 - - [22/Jul/2024:19:04:17 +0530] "GET /sales/getChartData HTTP/1.1" 200 462
127.0.0.1 - - [22/Jul/2024:19:04:18 +0530] "POST /salesCore/getYearBudgets HTTP/1.1" 200 110
0:0:0:0:0:0:0:1 - - [22/Jul/2024:19:04:18 +0530] "GET /sales/yearBudgets?year%5B%5D=2025-26 HTTP/1.1" 200 12
127.0.0.1 - - [22/Jul/2024:19:04:19 +0530] "POST /salesCore/getDashboardData HTTP/1.1" 200 367
0:0:0:0:0:0:0:1 - - [22/Jul/2024:19:04:19 +0530] "GET /sales/getChartData?year%5B%5D=2025-26 HTTP/1.1" 200 392
0:0:0:0:0:0:0:1 - - [22/Jul/2024:19:04:21 +0530] "GET /sales/yearBudgets HTTP/1.1" 500 129
127.0.0.1 - - [22/Jul/2024:19:04:21 +0530] "POST /salesCore/getDashboardData HTTP/1.1" 200 2755
0:0:0:0:0:0:0:1 - - [22/Jul/2024:19:04:21 +0530] "GET /sales/getChartData HTTP/1.1" 200 462
127.0.0.1 - - [22/Jul/2024:19:04:25 +0530] "POST /salesCore/getAllBudget HTTP/1.1" 200 2883
0:0:0:0:0:0:0:1 - - [22/Jul/2024:19:04:25 +0530] "GET /sales/dashboard HTTP/1.1" 200 35689
0:0:0:0:0:0:0:1 - - [22/Jul/2024:19:04:26 +0530] "GET /sales/yearBudgets HTTP/1.1" 500 129
127.0.0.1 - - [22/Jul/2024:19:04:26 +0530] "POST /salesCore/todayRemindersCount HTTP/1.1" 200 110
0:0:0:0:0:0:0:1 - - [22/Jul/2024:19:04:26 +0530] "POST /sales/todayReminders HTTP/1.1" 200 11
127.0.0.1 - - [22/Jul/2024:19:04:26 +0530] "POST /salesCore/getDashboardData HTTP/1.1" 200 2755
0:0:0:0:0:0:0:1 - - [22/Jul/2024:19:04:26 +0530] "GET /sales/getChartData HTTP/1.1" 200 462
127.0.0.1 - - [22/Jul/2024:19:05:26 +0530] "POST /salesCore/getUserReminderDetails HTTP/1.1" 200 1263
0:0:0:0:0:0:0:1 - - [22/Jul/2024:19:05:26 +0530] "POST /sales/getDueReminders HTTP/1.1" 200 874
127.0.0.1 - - [22/Jul/2024:19:06:26 +0530] "POST /salesCore/getUserReminderDetails HTTP/1.1" 200 1263
0:0:0:0:0:0:0:1 - - [22/Jul/2024:19:06:26 +0530] "POST /sales/getDueReminders HTTP/1.1" 200 874
127.0.0.1 - - [22/Jul/2024:19:07:26 +0530] "POST /salesCore/getUserReminderDetails HTTP/1.1" 200 1263
0:0:0:0:0:0:0:1 - - [22/Jul/2024:19:07:26 +0530] "POST /sales/getDueReminders HTTP/1.1" 200 874
127.0.0.1 - - [22/Jul/2024:19:08:00 +0530] "POST /salesCore/getDashboardData HTTP/1.1" 200 2755
0:0:0:0:0:0:0:1 - - [22/Jul/2024:19:08:00 +0530] "GET /sales/getChartData?year%5B%5D=2024-25 HTTP/1.1" 200 462
127.0.0.1 - - [22/Jul/2024:19:08:00 +0530] "POST /salesCore/getYearBudgets HTTP/1.1" 200 2883
0:0:0:0:0:0:0:1 - - [22/Jul/2024:19:08:00 +0530] "GET /sales/yearBudgets?year%5B%5D=2024-25 HTTP/1.1" 200 2083
127.0.0.1 - - [22/Jul/2024:19:08:03 +0530] "POST /salesCore/getYearBudgets HTTP/1.1" 200 2883
127.0.0.1 - - [22/Jul/2024:19:08:03 +0530] "POST /salesCore/getDashboardData HTTP/1.1" 200 2755
0:0:0:0:0:0:0:1 - - [22/Jul/2024:19:08:03 +0530] "GET /sales/getChartData?year%5B%5D=2023-24&year%5B%5D=2024-25 HTTP/1.1" 200 462
0:0:0:0:0:0:0:1 - - [22/Jul/2024:19:08:03 +0530] "GET /sales/yearBudgets?year%5B%5D=2023-24&year%5B%5D=2024-25 HTTP/1.1" 200 2083
127.0.0.1 - - [22/Jul/2024:19:08:26 +0530] "POST /salesCore/getUserReminderDetails HTTP/1.1" 200 1263
0:0:0:0:0:0:0:1 - - [22/Jul/2024:19:08:26 +0530] "POST /sales/getDueReminders HTTP/1.1" 200 874
127.0.0.1 - - [22/Jul/2024:19:09:19 +0530] "POST /salesCore/getYearBudgets HTTP/1.1" 200 110
127.0.0.1 - - [22/Jul/2024:19:09:19 +0530] "POST /salesCore/getDashboardData HTTP/1.1" 200 367
0:0:0:0:0:0:0:1 - - [22/Jul/2024:19:09:19 +0530] "GET /sales/yearBudgets?year%5B%5D=2023-24 HTTP/1.1" 200 12
0:0:0:0:0:0:0:1 - - [22/Jul/2024:19:09:19 +0530] "GET /sales/getChartData?year%5B%5D=2023-24 HTTP/1.1" 200 440
127.0.0.1 - - [22/Jul/2024:19:09:21 +0530] "POST /salesCore/getYearBudgets HTTP/1.1" 200 2883
127.0.0.1 - - [22/Jul/2024:19:09:21 +0530] "POST /salesCore/getDashboardData HTTP/1.1" 200 2755
0:0:0:0:0:0:0:1 - - [22/Jul/2024:19:09:21 +0530] "GET /sales/getChartData?year%5B%5D=2023-24&year%5B%5D=2024-25 HTTP/1.1" 200 462
0:0:0:0:0:0:0:1 - - [22/Jul/2024:19:09:21 +0530] "GET /sales/yearBudgets?year%5B%5D=2023-24&year%5B%5D=2024-25 HTTP/1.1" 200 2083
127.0.0.1 - - [22/Jul/2024:19:09:23 +0530] "POST /salesCore/getDashboardData HTTP/1.1" 200 2755
127.0.0.1 - - [22/Jul/2024:19:09:23 +0530] "POST /salesCore/getYearBudgets HTTP/1.1" 200 2883
0:0:0:0:0:0:0:1 - - [22/Jul/2024:19:09:23 +0530] "GET /sales/getChartData?year%5B%5D=2024-25 HTTP/1.1" 200 462
0:0:0:0:0:0:0:1 - - [22/Jul/2024:19:09:23 +0530] "GET /sales/yearBudgets?year%5B%5D=2024-25 HTTP/1.1" 200 2083
127.0.0.1 - - [22/Jul/2024:19:09:26 +0530] "POST /salesCore/getUserReminderDetails HTTP/1.1" 200 1263
0:0:0:0:0:0:0:1 - - [22/Jul/2024:19:09:26 +0530] "POST /sales/getDueReminders HTTP/1.1" 200 874
127.0.0.1 - - [22/Jul/2024:19:09:30 +0530] "POST /salesCore/getYearBudgets HTTP/1.1" 200 2883
127.0.0.1 - - [22/Jul/2024:19:09:30 +0530] "POST /salesCore/getDashboardData HTTP/1.1" 200 2755
0:0:0:0:0:0:0:1 - - [22/Jul/2024:19:09:30 +0530] "GET /sales/getChartData?year%5B%5D=2024-25&zone%5B%5D=North HTTP/1.1" 200 450
0:0:0:0:0:0:0:1 - - [22/Jul/2024:19:09:30 +0530] "GET /sales/yearBudgets?year%5B%5D=2024-25&zone%5B%5D=North HTTP/1.1" 200 2083
127.0.0.1 - - [22/Jul/2024:19:09:34 +0530] "POST /salesCore/getYearBudgets HTTP/1.1" 200 2883
127.0.0.1 - - [22/Jul/2024:19:09:34 +0530] "POST /salesCore/getDashboardData HTTP/1.1" 200 2755
0:0:0:0:0:0:0:1 - - [22/Jul/2024:19:09:34 +0530] "GET /sales/yearBudgets?year%5B%5D=2024-25 HTTP/1.1" 200 2083
0:0:0:0:0:0:0:1 - - [22/Jul/2024:19:09:34 +0530] "GET /sales/getChartData?year%5B%5D=2024-25 HTTP/1.1" 200 462
127.0.0.1 - - [22/Jul/2024:19:09:35 +0530] "POST /salesCore/getYearBudgets HTTP/1.1" 200 110
127.0.0.1 - - [22/Jul/2024:19:09:35 +0530] "POST /salesCore/getDashboardData HTTP/1.1" 200 367
0:0:0:0:0:0:0:1 - - [22/Jul/2024:19:09:35 +0530] "GET /sales/yearBudgets?year%5B%5D=2024-25&zone%5B%5D=South HTTP/1.1" 200 12
0:0:0:0:0:0:0:1 - - [22/Jul/2024:19:09:35 +0530] "GET /sales/getChartData?year%5B%5D=2024-25&zone%5B%5D=South HTTP/1.1" 200 440
127.0.0.1 - - [22/Jul/2024:19:09:47 +0530] "POST /salesCore/getYearBudgets HTTP/1.1" 200 2883
127.0.0.1 - - [22/Jul/2024:19:09:47 +0530] "POST /salesCore/getDashboardData HTTP/1.1" 200 2755
0:0:0:0:0:0:0:1 - - [22/Jul/2024:19:09:47 +0530] "GET /sales/getChartData?year%5B%5D=2024-25 HTTP/1.1" 200 462
0:0:0:0:0:0:0:1 - - [22/Jul/2024:19:09:47 +0530] "GET /sales/yearBudgets?year%5B%5D=2024-25 HTTP/1.1" 200 2083
127.0.0.1 - - [22/Jul/2024:19:09:48 +0530] "POST /salesCore/getYearBudgets HTTP/1.1" 200 2883
127.0.0.1 - - [22/Jul/2024:19:09:48 +0530] "POST /salesCore/getDashboardData HTTP/1.1" 200 2755
0:0:0:0:0:0:0:1 - - [22/Jul/2024:19:09:48 +0530] "GET /sales/yearBudgets?year%5B%5D=2024-25&zone%5B%5D=North HTTP/1.1" 200 2083
0:0:0:0:0:0:0:1 - - [22/Jul/2024:19:09:48 +0530] "GET /sales/getChartData?year%5B%5D=2024-25&zone%5B%5D=North HTTP/1.1" 200 450
127.0.0.1 - - [22/Jul/2024:19:09:56 +0530] "POST /salesCore/getDashboardData HTTP/1.1" 200 2755
127.0.0.1 - - [22/Jul/2024:19:09:56 +0530] "POST /salesCore/getYearBudgets HTTP/1.1" 200 2883
0:0:0:0:0:0:0:1 - - [22/Jul/2024:19:09:56 +0530] "GET /sales/getChartData?year%5B%5D=2024-25&zone%5B%5D=North&zone%5B%5D=South HTTP/1.1" 200 462
0:0:0:0:0:0:0:1 - - [22/Jul/2024:19:09:56 +0530] "GET /sales/yearBudgets?year%5B%5D=2024-25&zone%5B%5D=North&zone%5B%5D=South HTTP/1.1" 200 2083
127.0.0.1 - - [22/Jul/2024:19:10:02 +0530] "POST /salesCore/getDashboardData HTTP/1.1" 200 1455
127.0.0.1 - - [22/Jul/2024:19:10:02 +0530] "POST /salesCore/getYearBudgets HTTP/1.1" 200 2883
0:0:0:0:0:0:0:1 - - [22/Jul/2024:19:10:02 +0530] "GET /sales/yearBudgets?year%5B%5D=2024-25&zone%5B%5D=North&zone%5B%5D=South&bde%5B%5D=Aravind HTTP/1.1" 200 2079
0:0:0:0:0:0:0:1 - - [22/Jul/2024:19:10:02 +0530] "GET /sales/getChartData?year%5B%5D=2024-25&zone%5B%5D=North&zone%5B%5D=South&bde%5B%5D=Aravind HTTP/1.1" 200 440
127.0.0.1 - - [22/Jul/2024:19:10:15 +0530] "POST /salesCore/getYearBudgets HTTP/1.1" 200 2883
127.0.0.1 - - [22/Jul/2024:19:10:15 +0530] "POST /salesCore/getDashboardData HTTP/1.1" 200 2371
0:0:0:0:0:0:0:1 - - [22/Jul/2024:19:10:15 +0530] "GET /sales/yearBudgets?year%5B%5D=2024-25&zone%5B%5D=North&zone%5B%5D=South&bde%5B%5D=Aravind&bde%5B%5D=madhu HTTP/1.1" 200 2082
0:0:0:0:0:0:0:1 - - [22/Jul/2024:19:10:15 +0530] "GET /sales/getChartData?year%5B%5D=2024-25&zone%5B%5D=North&zone%5B%5D=South&bde%5B%5D=Aravind&bde%5B%5D=madhu HTTP/1.1" 200 450
127.0.0.1 - - [22/Jul/2024:19:10:20 +0530] "POST /salesCore/getDashboardData HTTP/1.1" 200 1263
127.0.0.1 - - [22/Jul/2024:19:10:20 +0530] "POST /salesCore/getYearBudgets HTTP/1.1" 200 2883
0:0:0:0:0:0:0:1 - - [22/Jul/2024:19:10:20 +0530] "GET /sales/yearBudgets?year%5B%5D=2024-25&zone%5B%5D=North&zone%5B%5D=South&bde%5B%5D=madhu HTTP/1.1" 200 2079
0:0:0:0:0:0:0:1 - - [22/Jul/2024:19:10:20 +0530] "GET /sales/getChartData?year%5B%5D=2024-25&zone%5B%5D=North&zone%5B%5D=South&bde%5B%5D=madhu HTTP/1.1" 200 438
127.0.0.1 - - [22/Jul/2024:19:10:24 +0530] "POST /salesCore/getDashboardData HTTP/1.1" 200 2371
127.0.0.1 - - [22/Jul/2024:19:10:24 +0530] "POST /salesCore/getYearBudgets HTTP/1.1" 200 2883
0:0:0:0:0:0:0:1 - - [22/Jul/2024:19:10:24 +0530] "GET /sales/yearBudgets?year%5B%5D=2024-25&zone%5B%5D=North&zone%5B%5D=South&bde%5B%5D=Aravind&bde%5B%5D=madhu HTTP/1.1" 200 2082
0:0:0:0:0:0:0:1 - - [22/Jul/2024:19:10:24 +0530] "GET /sales/getChartData?year%5B%5D=2024-25&zone%5B%5D=North&zone%5B%5D=South&bde%5B%5D=Aravind&bde%5B%5D=madhu HTTP/1.1" 200 450
127.0.0.1 - - [22/Jul/2024:19:10:26 +0530] "POST /salesCore/getUserReminderDetails HTTP/1.1" 200 1263
0:0:0:0:0:0:0:1 - - [22/Jul/2024:19:10:26 +0530] "POST /sales/getDueReminders HTTP/1.1" 200 874
127.0.0.1 - - [22/Jul/2024:19:10:29 +0530] "POST /salesCore/getYearBudgets HTTP/1.1" 200 2883
127.0.0.1 - - [22/Jul/2024:19:10:29 +0530] "POST /salesCore/getDashboardData HTTP/1.1" 200 1455
0:0:0:0:0:0:0:1 - - [22/Jul/2024:19:10:29 +0530] "GET /sales/getChartData?year%5B%5D=2024-25&zone%5B%5D=North&zone%5B%5D=South&bde%5B%5D=Aravind HTTP/1.1" 200 440
0:0:0:0:0:0:0:1 - - [22/Jul/2024:19:10:29 +0530] "GET /sales/yearBudgets?year%5B%5D=2024-25&zone%5B%5D=North&zone%5B%5D=South&bde%5B%5D=Aravind HTTP/1.1" 200 2079
127.0.0.1 - - [22/Jul/2024:19:10:33 +0530] "POST /salesCore/getDashboardData HTTP/1.1" 200 2371
127.0.0.1 - - [22/Jul/2024:19:10:33 +0530] "POST /salesCore/getYearBudgets HTTP/1.1" 200 2883
0:0:0:0:0:0:0:1 - - [22/Jul/2024:19:10:33 +0530] "GET /sales/yearBudgets?year%5B%5D=2024-25&zone%5B%5D=North&zone%5B%5D=South&bde%5B%5D=Aravind&bde%5B%5D=madhu HTTP/1.1" 200 2082
0:0:0:0:0:0:0:1 - - [22/Jul/2024:19:10:33 +0530] "GET /sales/getChartData?year%5B%5D=2024-25&zone%5B%5D=North&zone%5B%5D=South&bde%5B%5D=Aravind&bde%5B%5D=madhu HTTP/1.1" 200 450
127.0.0.1 - - [22/Jul/2024:19:10:52 +0530] "POST /salesCore/getDashboardData HTTP/1.1" 200 1455
127.0.0.1 - - [22/Jul/2024:19:10:52 +0530] "POST /salesCore/getYearBudgets HTTP/1.1" 200 2883
0:0:0:0:0:0:0:1 - - [22/Jul/2024:19:10:52 +0530] "GET /sales/getChartData?year%5B%5D=2024-25&zone%5B%5D=North&zone%5B%5D=South&bde%5B%5D=Aravind HTTP/1.1" 200 440
0:0:0:0:0:0:0:1 - - [22/Jul/2024:19:10:52 +0530] "GET /sales/yearBudgets?year%5B%5D=2024-25&zone%5B%5D=North&zone%5B%5D=South&bde%5B%5D=Aravind HTTP/1.1" 200 2079
127.0.0.1 - - [22/Jul/2024:19:10:53 +0530] "POST /salesCore/getYearBudgets HTTP/1.1" 200 2883
127.0.0.1 - - [22/Jul/2024:19:10:53 +0530] "POST /salesCore/getDashboardData HTTP/1.1" 200 2755
0:0:0:0:0:0:0:1 - - [22/Jul/2024:19:10:53 +0530] "GET /sales/getChartData?year%5B%5D=2024-25&zone%5B%5D=North&zone%5B%5D=South HTTP/1.1" 200 462
0:0:0:0:0:0:0:1 - - [22/Jul/2024:19:10:53 +0530] "GET /sales/yearBudgets?year%5B%5D=2024-25&zone%5B%5D=North&zone%5B%5D=South HTTP/1.1" 200 2083
127.0.0.1 - - [22/Jul/2024:19:10:55 +0530] "POST /salesCore/getDashboardData HTTP/1.1" 200 1455
127.0.0.1 - - [22/Jul/2024:19:10:55 +0530] "POST /salesCore/getYearBudgets HTTP/1.1" 200 2883
0:0:0:0:0:0:0:1 - - [22/Jul/2024:19:10:55 +0530] "GET /sales/getChartData?year%5B%5D=2024-25&zone%5B%5D=North&zone%5B%5D=South&bde%5B%5D=Aravind HTTP/1.1" 200 440
0:0:0:0:0:0:0:1 - - [22/Jul/2024:19:10:55 +0530] "GET /sales/yearBudgets?year%5B%5D=2024-25&zone%5B%5D=North&zone%5B%5D=South&bde%5B%5D=Aravind HTTP/1.1" 200 2079
127.0.0.1 - - [22/Jul/2024:19:11:00 +0530] "POST /salesCore/getYearBudgets HTTP/1.1" 200 2883
127.0.0.1 - - [22/Jul/2024:19:11:00 +0530] "POST /salesCore/getDashboardData HTTP/1.1" 200 2755
0:0:0:0:0:0:0:1 - - [22/Jul/2024:19:11:00 +0530] "GET /sales/yearBudgets?year%5B%5D=2024-25&zone%5B%5D=North&zone%5B%5D=South HTTP/1.1" 200 2083
0:0:0:0:0:0:0:1 - - [22/Jul/2024:19:11:00 +0530] "GET /sales/getChartData?year%5B%5D=2024-25&zone%5B%5D=North&zone%5B%5D=South HTTP/1.1" 200 462
127.0.0.1 - - [22/Jul/2024:19:11:01 +0530] "POST /salesCore/getDashboardData HTTP/1.1" 200 1263
127.0.0.1 - - [22/Jul/2024:19:11:01 +0530] "POST /salesCore/getYearBudgets HTTP/1.1" 200 2883
0:0:0:0:0:0:0:1 - - [22/Jul/2024:19:11:01 +0530] "GET /sales/getChartData?year%5B%5D=2024-25&zone%5B%5D=North&zone%5B%5D=South&bde%5B%5D=madhu HTTP/1.1" 200 438
0:0:0:0:0:0:0:1 - - [22/Jul/2024:19:11:01 +0530] "GET /sales/yearBudgets?year%5B%5D=2024-25&zone%5B%5D=North&zone%5B%5D=South&bde%5B%5D=madhu HTTP/1.1" 200 2079
127.0.0.1 - - [22/Jul/2024:19:11:08 +0530] "POST /salesCore/getYearBudgets HTTP/1.1" 200 2883
127.0.0.1 - - [22/Jul/2024:19:11:08 +0530] "POST /salesCore/getDashboardData HTTP/1.1" 200 2371
0:0:0:0:0:0:0:1 - - [22/Jul/2024:19:11:08 +0530] "GET /sales/getChartData?year%5B%5D=2024-25&zone%5B%5D=North&zone%5B%5D=South&bde%5B%5D=Aravind&bde%5B%5D=madhu HTTP/1.1" 200 450
0:0:0:0:0:0:0:1 - - [22/Jul/2024:19:11:08 +0530] "GET /sales/yearBudgets?year%5B%5D=2024-25&zone%5B%5D=North&zone%5B%5D=South&bde%5B%5D=Aravind&bde%5B%5D=madhu HTTP/1.1" 200 2082
127.0.0.1 - - [22/Jul/2024:19:11:15 +0530] "POST /salesCore/getDashboardData HTTP/1.1" 200 1263
127.0.0.1 - - [22/Jul/2024:19:11:15 +0530] "POST /salesCore/getYearBudgets HTTP/1.1" 200 2883
0:0:0:0:0:0:0:1 - - [22/Jul/2024:19:11:15 +0530] "GET /sales/getChartData?year%5B%5D=2024-25&zone%5B%5D=North&zone%5B%5D=South&bde%5B%5D=madhu HTTP/1.1" 200 438
0:0:0:0:0:0:0:1 - - [22/Jul/2024:19:11:15 +0530] "GET /sales/yearBudgets?year%5B%5D=2024-25&zone%5B%5D=North&zone%5B%5D=South&bde%5B%5D=madhu HTTP/1.1" 200 2079
127.0.0.1 - - [22/Jul/2024:19:11:20 +0530] "POST /salesCore/getYearBudgets HTTP/1.1" 200 2883
127.0.0.1 - - [22/Jul/2024:19:11:20 +0530] "POST /salesCore/getDashboardData HTTP/1.1" 200 2755
0:0:0:0:0:0:0:1 - - [22/Jul/2024:19:11:20 +0530] "GET /sales/getChartData?year%5B%5D=2024-25&zone%5B%5D=North&zone%5B%5D=South HTTP/1.1" 200 462
0:0:0:0:0:0:0:1 - - [22/Jul/2024:19:11:20 +0530] "GET /sales/yearBudgets?year%5B%5D=2024-25&zone%5B%5D=North&zone%5B%5D=South HTTP/1.1" 200 2083
127.0.0.1 - - [22/Jul/2024:19:11:22 +0530] "POST /salesCore/getYearBudgets HTTP/1.1" 200 2883
127.0.0.1 - - [22/Jul/2024:19:11:22 +0530] "POST /salesCore/getDashboardData HTTP/1.1" 200 1455
0:0:0:0:0:0:0:1 - - [22/Jul/2024:19:11:22 +0530] "GET /sales/getChartData?year%5B%5D=2024-25&zone%5B%5D=North&zone%5B%5D=South&bde%5B%5D=Aravind HTTP/1.1" 200 440
0:0:0:0:0:0:0:1 - - [22/Jul/2024:19:11:22 +0530] "GET /sales/yearBudgets?year%5B%5D=2024-25&zone%5B%5D=North&zone%5B%5D=South&bde%5B%5D=Aravind HTTP/1.1" 200 2079
127.0.0.1 - - [22/Jul/2024:19:11:26 +0530] "POST /salesCore/getUserReminderDetails HTTP/1.1" 200 1263
0:0:0:0:0:0:0:1 - - [22/Jul/2024:19:11:26 +0530] "POST /sales/getDueReminders HTTP/1.1" 200 874
127.0.0.1 - - [22/Jul/2024:19:12:26 +0530] "POST /salesCore/getUserReminderDetails HTTP/1.1" 200 1263
0:0:0:0:0:0:0:1 - - [22/Jul/2024:19:12:26 +0530] "POST /sales/getDueReminders HTTP/1.1" 200 874
127.0.0.1 - - [22/Jul/2024:19:12:36 +0530] "POST /salesCore/getYearBudgets HTTP/1.1" 200 2883
127.0.0.1 - - [22/Jul/2024:19:12:36 +0530] "POST /salesCore/getDashboardData HTTP/1.1" 200 2371
0:0:0:0:0:0:0:1 - - [22/Jul/2024:19:12:36 +0530] "GET /sales/yearBudgets?year%5B%5D=2024-25&zone%5B%5D=North&zone%5B%5D=South&bde%5B%5D=Aravind&bde%5B%5D=madhu HTTP/1.1" 200 2082
0:0:0:0:0:0:0:1 - - [22/Jul/2024:19:12:36 +0530] "GET /sales/getChartData?year%5B%5D=2024-25&zone%5B%5D=North&zone%5B%5D=South&bde%5B%5D=Aravind&bde%5B%5D=madhu HTTP/1.1" 200 450
127.0.0.1 - - [22/Jul/2024:19:12:38 +0530] "POST /salesCore/getYearBudgets HTTP/1.1" 200 2883
127.0.0.1 - - [22/Jul/2024:19:12:38 +0530] "POST /salesCore/getDashboardData HTTP/1.1" 200 1455
0:0:0:0:0:0:0:1 - - [22/Jul/2024:19:12:38 +0530] "GET /sales/getChartData?year%5B%5D=2024-25&zone%5B%5D=North&zone%5B%5D=South&bde%5B%5D=Aravind HTTP/1.1" 200 440
0:0:0:0:0:0:0:1 - - [22/Jul/2024:19:12:38 +0530] "GET /sales/yearBudgets?year%5B%5D=2024-25&zone%5B%5D=North&zone%5B%5D=South&bde%5B%5D=Aravind HTTP/1.1" 200 2079
127.0.0.1 - - [22/Jul/2024:19:12:40 +0530] "POST /salesCore/getDashboardData HTTP/1.1" 200 2755
127.0.0.1 - - [22/Jul/2024:19:12:40 +0530] "POST /salesCore/getYearBudgets HTTP/1.1" 200 2883
0:0:0:0:0:0:0:1 - - [22/Jul/2024:19:12:40 +0530] "GET /sales/getChartData?year%5B%5D=2024-25&zone%5B%5D=North&zone%5B%5D=South HTTP/1.1" 200 462
0:0:0:0:0:0:0:1 - - [22/Jul/2024:19:12:40 +0530] "GET /sales/yearBudgets?year%5B%5D=2024-25&zone%5B%5D=North&zone%5B%5D=South HTTP/1.1" 200 2083
127.0.0.1 - - [22/Jul/2024:19:12:42 +0530] "POST /salesCore/getYearBudgets HTTP/1.1" 200 2883
127.0.0.1 - - [22/Jul/2024:19:12:42 +0530] "POST /salesCore/getDashboardData HTTP/1.1" 200 2755
0:0:0:0:0:0:0:1 - - [22/Jul/2024:19:12:42 +0530] "GET /sales/getChartData?year%5B%5D=2024-25&zone%5B%5D=West&zone%5B%5D=North&zone%5B%5D=South HTTP/1.1" 200 462
0:0:0:0:0:0:0:1 - - [22/Jul/2024:19:12:42 +0530] "GET /sales/yearBudgets?year%5B%5D=2024-25&zone%5B%5D=West&zone%5B%5D=North&zone%5B%5D=South HTTP/1.1" 200 2083
127.0.0.1 - - [22/Jul/2024:19:12:44 +0530] "POST /salesCore/getYearBudgets HTTP/1.1" 200 2883
127.0.0.1 - - [22/Jul/2024:19:12:44 +0530] "POST /salesCore/getDashboardData HTTP/1.1" 200 2755
0:0:0:0:0:0:0:1 - - [22/Jul/2024:19:12:44 +0530] "GET /sales/yearBudgets?year%5B%5D=2024-25&zone%5B%5D=West&zone%5B%5D=North HTTP/1.1" 200 2083
0:0:0:0:0:0:0:1 - - [22/Jul/2024:19:12:44 +0530] "GET /sales/getChartData?year%5B%5D=2024-25&zone%5B%5D=West&zone%5B%5D=North HTTP/1.1" 200 450
127.0.0.1 - - [22/Jul/2024:19:12:46 +0530] "POST /salesCore/getYearBudgets HTTP/1.1" 200 110
127.0.0.1 - - [22/Jul/2024:19:12:46 +0530] "POST /salesCore/getDashboardData HTTP/1.1" 200 367
0:0:0:0:0:0:0:1 - - [22/Jul/2024:19:12:46 +0530] "GET /sales/getChartData?year%5B%5D=2024-25&zone%5B%5D=West HTTP/1.1" 200 428
0:0:0:0:0:0:0:1 - - [22/Jul/2024:19:12:46 +0530] "GET /sales/yearBudgets?year%5B%5D=2024-25&zone%5B%5D=West HTTP/1.1" 200 12
127.0.0.1 - - [22/Jul/2024:19:12:49 +0530] "POST /salesCore/getDashboardData HTTP/1.1" 200 2755
127.0.0.1 - - [22/Jul/2024:19:12:49 +0530] "POST /salesCore/getYearBudgets HTTP/1.1" 200 2883
0:0:0:0:0:0:0:1 - - [22/Jul/2024:19:12:49 +0530] "GET /sales/getChartData?year%5B%5D=2024-25 HTTP/1.1" 200 462
0:0:0:0:0:0:0:1 - - [22/Jul/2024:19:12:49 +0530] "GET /sales/yearBudgets?year%5B%5D=2024-25 HTTP/1.1" 200 2083
127.0.0.1 - - [22/Jul/2024:19:12:58 +0530] "POST /salesCore/getYearBudgets HTTP/1.1" 200 2883
127.0.0.1 - - [22/Jul/2024:19:12:58 +0530] "POST /salesCore/getDashboardData HTTP/1.1" 200 2755
0:0:0:0:0:0:0:1 - - [22/Jul/2024:19:12:58 +0530] "GET /sales/getChartData?year%5B%5D=2024-25&zone%5B%5D=North HTTP/1.1" 200 450
0:0:0:0:0:0:0:1 - - [22/Jul/2024:19:12:58 +0530] "GET /sales/yearBudgets?year%5B%5D=2024-25&zone%5B%5D=North HTTP/1.1" 200 2083
127.0.0.1 - - [22/Jul/2024:19:13:01 +0530] "POST /salesCore/getDashboardData HTTP/1.1" 200 2755
127.0.0.1 - - [22/Jul/2024:19:13:01 +0530] "POST /salesCore/getYearBudgets HTTP/1.1" 200 2883
0:0:0:0:0:0:0:1 - - [22/Jul/2024:19:13:01 +0530] "GET /sales/yearBudgets?year%5B%5D=2024-25 HTTP/1.1" 200 2083
0:0:0:0:0:0:0:1 - - [22/Jul/2024:19:13:01 +0530] "GET /sales/getChartData?year%5B%5D=2024-25 HTTP/1.1" 200 462
127.0.0.1 - - [22/Jul/2024:19:13:03 +0530] "POST /salesCore/getYearBudgets HTTP/1.1" 200 110
127.0.0.1 - - [22/Jul/2024:19:13:03 +0530] "POST /salesCore/getDashboardData HTTP/1.1" 200 367
0:0:0:0:0:0:0:1 - - [22/Jul/2024:19:13:03 +0530] "GET /sales/getChartData?year%5B%5D=2024-25&zone%5B%5D=East HTTP/1.1" 200 428
0:0:0:0:0:0:0:1 - - [22/Jul/2024:19:13:03 +0530] "GET /sales/yearBudgets?year%5B%5D=2024-25&zone%5B%5D=East HTTP/1.1" 200 12
127.0.0.1 - - [22/Jul/2024:19:13:04 +0530] "POST /salesCore/getYearBudgets HTTP/1.1" 200 2883
127.0.0.1 - - [22/Jul/2024:19:13:04 +0530] "POST /salesCore/getDashboardData HTTP/1.1" 200 2755
0:0:0:0:0:0:0:1 - - [22/Jul/2024:19:13:04 +0530] "GET /sales/getChartData?year%5B%5D=2024-25 HTTP/1.1" 200 462
0:0:0:0:0:0:0:1 - - [22/Jul/2024:19:13:04 +0530] "GET /sales/yearBudgets?year%5B%5D=2024-25 HTTP/1.1" 200 2083
127.0.0.1 - - [22/Jul/2024:19:13:06 +0530] "POST /salesCore/getDashboardData HTTP/1.1" 200 367
127.0.0.1 - - [22/Jul/2024:19:13:06 +0530] "POST /salesCore/getYearBudgets HTTP/1.1" 200 110
0:0:0:0:0:0:0:1 - - [22/Jul/2024:19:13:06 +0530] "GET /sales/getChartData?year%5B%5D=2024-25&zone%5B%5D=South HTTP/1.1" 200 440
0:0:0:0:0:0:0:1 - - [22/Jul/2024:19:13:06 +0530] "GET /sales/yearBudgets?year%5B%5D=2024-25&zone%5B%5D=South HTTP/1.1" 200 12
127.0.0.1 - - [22/Jul/2024:19:13:08 +0530] "POST /salesCore/getDashboardData HTTP/1.1" 200 367
0:0:0:0:0:0:0:1 - - [22/Jul/2024:19:13:08 +0530] "GET /sales/yearBudgets?zone%5B%5D=South HTTP/1.1" 500 129
0:0:0:0:0:0:0:1 - - [22/Jul/2024:19:13:08 +0530] "GET /sales/getChartData?zone%5B%5D=South HTTP/1.1" 200 440
127.0.0.1 - - [22/Jul/2024:19:13:09 +0530] "POST /salesCore/getYearBudgets HTTP/1.1" 200 110
127.0.0.1 - - [22/Jul/2024:19:13:09 +0530] "POST /salesCore/getDashboardData HTTP/1.1" 200 367
0:0:0:0:0:0:0:1 - - [22/Jul/2024:19:13:09 +0530] "GET /sales/yearBudgets?year%5B%5D=2025-26&zone%5B%5D=South HTTP/1.1" 200 12
0:0:0:0:0:0:0:1 - - [22/Jul/2024:19:13:09 +0530] "GET /sales/getChartData?year%5B%5D=2025-26&zone%5B%5D=South HTTP/1.1" 200 392
127.0.0.1 - - [22/Jul/2024:19:13:13 +0530] "POST /salesCore/getDashboardData HTTP/1.1" 200 367
127.0.0.1 - - [22/Jul/2024:19:13:13 +0530] "POST /salesCore/getYearBudgets HTTP/1.1" 200 110
0:0:0:0:0:0:0:1 - - [22/Jul/2024:19:13:13 +0530] "GET /sales/yearBudgets?year%5B%5D=2025-26 HTTP/1.1" 200 12
0:0:0:0:0:0:0:1 - - [22/Jul/2024:19:13:13 +0530] "GET /sales/getChartData?year%5B%5D=2025-26 HTTP/1.1" 200 392
127.0.0.1 - - [22/Jul/2024:19:13:26 +0530] "POST /salesCore/getUserReminderDetails HTTP/1.1" 200 1263
0:0:0:0:0:0:0:1 - - [22/Jul/2024:19:13:26 +0530] "POST /sales/getDueReminders HTTP/1.1" 200 874
127.0.0.1 - - [22/Jul/2024:19:13:40 +0530] "POST /salesCore/getAllBudget HTTP/1.1" 200 2883
0:0:0:0:0:0:0:1 - - [22/Jul/2024:19:13:40 +0530] "GET /sales/dashboard HTTP/1.1" 200 35689
127.0.0.1 - - [22/Jul/2024:19:13:40 +0530] "POST /salesCore/todayRemindersCount HTTP/1.1" 200 110
0:0:0:0:0:0:0:1 - - [22/Jul/2024:19:13:40 +0530] "POST /sales/todayReminders HTTP/1.1" 200 11
0:0:0:0:0:0:0:1 - - [22/Jul/2024:19:13:41 +0530] "GET /sales/yearBudgets HTTP/1.1" 500 129
127.0.0.1 - - [22/Jul/2024:19:13:41 +0530] "POST /salesCore/getDashboardData HTTP/1.1" 200 2755
0:0:0:0:0:0:0:1 - - [22/Jul/2024:19:13:41 +0530] "GET /sales/getChartData HTTP/1.1" 200 462
127.0.0.1 - - [22/Jul/2024:19:14:05 +0530] "POST /salesCore/getYearBudgets HTTP/1.1" 200 2883
127.0.0.1 - - [22/Jul/2024:19:14:05 +0530] "POST /salesCore/getDashboardData HTTP/1.1" 200 2755
0:0:0:0:0:0:0:1 - - [22/Jul/2024:19:14:05 +0530] "GET /sales/getChartData?year%5B%5D=2024-25 HTTP/1.1" 200 462
0:0:0:0:0:0:0:1 - - [22/Jul/2024:19:14:05 +0530] "GET /sales/yearBudgets?year%5B%5D=2024-25 HTTP/1.1" 200 2083
127.0.0.1 - - [22/Jul/2024:19:14:40 +0530] "POST /salesCore/getUserReminderDetails HTTP/1.1" 200 1263
0:0:0:0:0:0:0:1 - - [22/Jul/2024:19:14:40 +0530] "POST /sales/getDueReminders HTTP/1.1" 200 874
127.0.0.1 - - [22/Jul/2024:19:15:40 +0530] "POST /salesCore/getUserReminderDetails HTTP/1.1" 200 1263
0:0:0:0:0:0:0:1 - - [22/Jul/2024:19:15:40 +0530] "POST /sales/getDueReminders HTTP/1.1" 200 874
