0:0:0:0:0:0:0:1 - - [22/Jul/2024:12:53:36 +0530] "POST /sales/todayReminders HTTP/1.1" 200 11
127.0.0.1 - - [22/Jul/2024:12:53:39 +0530] "POST /salesCore/getClientDetailsbyid HTTP/1.1" 200 1111
0:0:0:0:0:0:0:1 - - [22/Jul/2024:12:53:39 +0530] "GET /sales/clientList HTTP/1.1" 200 19323
127.0.0.1 - - [22/Jul/2024:12:53:39 +0530] "POST /salesCore/todayRemindersCount HTTP/1.1" 200 110
0:0:0:0:0:0:0:1 - - [22/Jul/2024:12:53:39 +0530] "POST /sales/todayReminders HTTP/1.1" 200 11
127.0.0.1 - - [22/Jul/2024:12:53:41 +0530] "POST /salesCore/getAllLeadDetails HTTP/1.1" 200 3031
0:0:0:0:0:0:0:1 - - [22/Jul/2024:12:53:41 +0530] "GET /sales/leadList HTTP/1.1" 200 23807
127.0.0.1 - - [22/Jul/2024:12:53:41 +0530] "POST /salesCore/todayRemindersCount HTTP/1.1" 200 110
0:0:0:0:0:0:0:1 - - [22/Jul/2024:12:53:41 +0530] "POST /sales/todayReminders HTTP/1.1" 200 11
127.0.0.1 - - [22/Jul/2024:12:53:42 +0530] "POST /salesCore/getAllClientDetails HTTP/1.1" 200 1411
127.0.0.1 - - [22/Jul/2024:12:53:42 +0530] "POST /salesCore/getAllProjectType HTTP/1.1" 200 194
127.0.0.1 - - [22/Jul/2024:12:53:42 +0530] "POST /salesCore/getAllDepartments HTTP/1.1" 200 303
127.0.0.1 - - [22/Jul/2024:12:53:42 +0530] "POST /salesCore/all-Leadstatus HTTP/1.1" 200 431
0:0:0:0:0:0:0:1 - - [22/Jul/2024:12:53:42 +0530] "GET /sales/createLeads HTTP/1.1" 200 36397
127.0.0.1 - - [22/Jul/2024:12:53:42 +0530] "POST /salesCore/todayRemindersCount HTTP/1.1" 200 110
0:0:0:0:0:0:0:1 - - [22/Jul/2024:12:53:42 +0530] "POST /sales/todayReminders HTTP/1.1" 200 11
127.0.0.1 - - [22/Jul/2024:12:54:42 +0530] "POST /salesCore/getUserReminderDetails HTTP/1.1" 200 983
0:0:0:0:0:0:0:1 - - [22/Jul/2024:12:54:42 +0530] "POST /sales/getDueReminders HTTP/1.1" 200 667
127.0.0.1 - - [22/Jul/2024:12:55:30 +0530] "POST /salesCore/getClientDetailsbyid HTTP/1.1" 200 1111
0:0:0:0:0:0:0:1 - - [22/Jul/2024:12:55:30 +0530] "GET /sales/clientList HTTP/1.1" 200 19323
127.0.0.1 - - [22/Jul/2024:12:55:30 +0530] "POST /salesCore/todayRemindersCount HTTP/1.1" 200 110
0:0:0:0:0:0:0:1 - - [22/Jul/2024:12:55:30 +0530] "POST /sales/todayReminders HTTP/1.1" 200 11
127.0.0.1 - - [22/Jul/2024:12:55:32 +0530] "POST /salesCore/getAllLeadDetails HTTP/1.1" 200 3031
0:0:0:0:0:0:0:1 - - [22/Jul/2024:12:55:32 +0530] "GET /sales/leadList HTTP/1.1" 200 23807
127.0.0.1 - - [22/Jul/2024:12:55:32 +0530] "POST /salesCore/todayRemindersCount HTTP/1.1" 200 110
0:0:0:0:0:0:0:1 - - [22/Jul/2024:12:55:32 +0530] "POST /sales/todayReminders HTTP/1.1" 200 11
127.0.0.1 - - [22/Jul/2024:12:55:33 +0530] "POST /salesCore/getAllReminders HTTP/1.1" 200 1795
0:0:0:0:0:0:0:1 - - [22/Jul/2024:12:55:33 +0530] "GET /sales/reminderList HTTP/1.1" 200 34417
127.0.0.1 - - [22/Jul/2024:12:55:33 +0530] "POST /salesCore/todayRemindersCount HTTP/1.1" 200 110
0:0:0:0:0:0:0:1 - - [22/Jul/2024:12:55:33 +0530] "POST /sales/todayReminders HTTP/1.1" 200 11
127.0.0.1 - - [22/Jul/2024:12:56:33 +0530] "POST /salesCore/getUserReminderDetails HTTP/1.1" 200 983
0:0:0:0:0:0:0:1 - - [22/Jul/2024:12:56:33 +0530] "POST /sales/getDueReminders HTTP/1.1" 200 667
127.0.0.1 - - [22/Jul/2024:12:57:33 +0530] "POST /salesCore/getUserReminderDetails HTTP/1.1" 200 983
0:0:0:0:0:0:0:1 - - [22/Jul/2024:12:57:33 +0530] "POST /sales/getDueReminders HTTP/1.1" 200 667
0:0:0:0:0:0:0:1 - - [22/Jul/2024:12:57:50 +0530] "GET / HTTP/1.1" 404 751
127.0.0.1 - - [22/Jul/2024:12:58:33 +0530] "POST /salesCore/getUserReminderDetails HTTP/1.1" 200 983
0:0:0:0:0:0:0:1 - - [22/Jul/2024:12:58:33 +0530] "POST /sales/getDueReminders HTTP/1.1" 200 667
127.0.0.1 - - [22/Jul/2024:12:59:33 +0530] "POST /salesCore/getUserReminderDetails HTTP/1.1" 200 983
0:0:0:0:0:0:0:1 - - [22/Jul/2024:12:59:33 +0530] "POST /sales/getDueReminders HTTP/1.1" 200 667
127.0.0.1 - - [22/Jul/2024:13:00:33 +0530] "POST /salesCore/getUserReminderDetails HTTP/1.1" 200 983
0:0:0:0:0:0:0:1 - - [22/Jul/2024:13:00:33 +0530] "POST /sales/getDueReminders HTTP/1.1" 200 667
127.0.0.1 - - [22/Jul/2024:13:01:33 +0530] "POST /salesCore/getUserReminderDetails HTTP/1.1" 200 983
0:0:0:0:0:0:0:1 - - [22/Jul/2024:13:01:33 +0530] "POST /sales/getDueReminders HTTP/1.1" 200 667
127.0.0.1 - - [22/Jul/2024:13:02:33 +0530] "POST /salesCore/getUserReminderDetails HTTP/1.1" 200 983
0:0:0:0:0:0:0:1 - - [22/Jul/2024:13:02:33 +0530] "POST /sales/getDueReminders HTTP/1.1" 200 667
127.0.0.1 - - [22/Jul/2024:13:03:33 +0530] "POST /salesCore/getUserReminderDetails HTTP/1.1" 200 983
0:0:0:0:0:0:0:1 - - [22/Jul/2024:13:03:33 +0530] "POST /sales/getDueReminders HTTP/1.1" 200 667
127.0.0.1 - - [22/Jul/2024:13:04:33 +0530] "POST /salesCore/getUserReminderDetails HTTP/1.1" 200 983
0:0:0:0:0:0:0:1 - - [22/Jul/2024:13:04:33 +0530] "POST /sales/getDueReminders HTTP/1.1" 200 667
127.0.0.1 - - [22/Jul/2024:13:05:33 +0530] "POST /salesCore/getUserReminderDetails HTTP/1.1" 200 983
0:0:0:0:0:0:0:1 - - [22/Jul/2024:13:05:33 +0530] "POST /sales/getDueReminders HTTP/1.1" 200 667
127.0.0.1 - - [22/Jul/2024:13:06:33 +0530] "POST /salesCore/getUserReminderDetails HTTP/1.1" 200 983
0:0:0:0:0:0:0:1 - - [22/Jul/2024:13:06:33 +0530] "POST /sales/getDueReminders HTTP/1.1" 200 667
127.0.0.1 - - [22/Jul/2024:13:07:22 +0530] "POST /salesCore/updateReminder HTTP/1.1" 200 110
0:0:0:0:0:0:0:1 - - [22/Jul/2024:13:07:22 +0530] "POST /sales/update-reminder HTTP/1.1" 200 61
127.0.0.1 - - [22/Jul/2024:13:07:23 +0530] "POST /salesCore/getAllReminders HTTP/1.1" 200 1795
0:0:0:0:0:0:0:1 - - [22/Jul/2024:13:07:23 +0530] "GET /sales/reminderList HTTP/1.1" 200 34418
127.0.0.1 - - [22/Jul/2024:13:07:23 +0530] "POST /salesCore/todayRemindersCount HTTP/1.1" 200 110
0:0:0:0:0:0:0:1 - - [22/Jul/2024:13:07:23 +0530] "POST /sales/todayReminders HTTP/1.1" 200 11
127.0.0.1 - - [22/Jul/2024:13:07:30 +0530] "POST /salesCore/getClientDetailsbyid HTTP/1.1" 200 1111
0:0:0:0:0:0:0:1 - - [22/Jul/2024:13:07:30 +0530] "GET /sales/clientList HTTP/1.1" 200 19323
127.0.0.1 - - [22/Jul/2024:13:07:30 +0530] "POST /salesCore/todayRemindersCount HTTP/1.1" 200 110
0:0:0:0:0:0:0:1 - - [22/Jul/2024:13:07:30 +0530] "POST /sales/todayReminders HTTP/1.1" 200 11
127.0.0.1 - - [22/Jul/2024:13:08:30 +0530] "POST /salesCore/getUserReminderDetails HTTP/1.1" 200 983
0:0:0:0:0:0:0:1 - - [22/Jul/2024:13:08:30 +0530] "POST /sales/getDueReminders HTTP/1.1" 200 668
127.0.0.1 - - [22/Jul/2024:13:09:30 +0530] "POST /salesCore/getUserReminderDetails HTTP/1.1" 200 983
0:0:0:0:0:0:0:1 - - [22/Jul/2024:13:09:30 +0530] "POST /sales/getDueReminders HTTP/1.1" 200 668
127.0.0.1 - - [22/Jul/2024:13:10:30 +0530] "POST /salesCore/getUserReminderDetails HTTP/1.1" 200 983
0:0:0:0:0:0:0:1 - - [22/Jul/2024:13:10:30 +0530] "POST /sales/getDueReminders HTTP/1.1" 200 668
127.0.0.1 - - [22/Jul/2024:13:11:30 +0530] "POST /salesCore/getUserReminderDetails HTTP/1.1" 200 983
0:0:0:0:0:0:0:1 - - [22/Jul/2024:13:11:30 +0530] "POST /sales/getDueReminders HTTP/1.1" 200 668
127.0.0.1 - - [22/Jul/2024:13:12:31 +0530] "POST /salesCore/getUserReminderDetails HTTP/1.1" 200 983
0:0:0:0:0:0:0:1 - - [22/Jul/2024:13:12:31 +0530] "POST /sales/getDueReminders HTTP/1.1" 200 668
127.0.0.1 - - [22/Jul/2024:13:13:32 +0530] "POST /salesCore/getUserReminderDetails HTTP/1.1" 200 983
0:0:0:0:0:0:0:1 - - [22/Jul/2024:13:13:32 +0530] "POST /sales/getDueReminders HTTP/1.1" 200 668
127.0.0.1 - - [22/Jul/2024:13:14:33 +0530] "POST /salesCore/getUserReminderDetails HTTP/1.1" 200 983
0:0:0:0:0:0:0:1 - - [22/Jul/2024:13:14:33 +0530] "POST /sales/getDueReminders HTTP/1.1" 200 668
127.0.0.1 - - [22/Jul/2024:13:15:34 +0530] "POST /salesCore/getUserReminderDetails HTTP/1.1" 200 983
0:0:0:0:0:0:0:1 - - [22/Jul/2024:13:15:34 +0530] "POST /sales/getDueReminders HTTP/1.1" 200 668
127.0.0.1 - - [22/Jul/2024:13:16:35 +0530] "POST /salesCore/getUserReminderDetails HTTP/1.1" 200 983
0:0:0:0:0:0:0:1 - - [22/Jul/2024:13:16:35 +0530] "POST /sales/getDueReminders HTTP/1.1" 200 668
127.0.0.1 - - [22/Jul/2024:13:17:30 +0530] "POST /salesCore/getUserReminderDetails HTTP/1.1" 200 983
0:0:0:0:0:0:0:1 - - [22/Jul/2024:13:17:30 +0530] "POST /sales/getDueReminders HTTP/1.1" 200 668
127.0.0.1 - - [22/Jul/2024:13:18:31 +0530] "POST /salesCore/getUserReminderDetails HTTP/1.1" 200 983
0:0:0:0:0:0:0:1 - - [22/Jul/2024:13:18:31 +0530] "POST /sales/getDueReminders HTTP/1.1" 200 668
127.0.0.1 - - [22/Jul/2024:13:19:32 +0530] "POST /salesCore/getUserReminderDetails HTTP/1.1" 200 983
0:0:0:0:0:0:0:1 - - [22/Jul/2024:13:19:32 +0530] "POST /sales/getDueReminders HTTP/1.1" 200 668
127.0.0.1 - - [22/Jul/2024:13:20:33 +0530] "POST /salesCore/getUserReminderDetails HTTP/1.1" 200 983
0:0:0:0:0:0:0:1 - - [22/Jul/2024:13:20:33 +0530] "POST /sales/getDueReminders HTTP/1.1" 200 668
127.0.0.1 - - [22/Jul/2024:13:21:34 +0530] "POST /salesCore/getUserReminderDetails HTTP/1.1" 200 983
0:0:0:0:0:0:0:1 - - [22/Jul/2024:13:21:34 +0530] "POST /sales/getDueReminders HTTP/1.1" 200 668
127.0.0.1 - - [22/Jul/2024:13:22:35 +0530] "POST /salesCore/getUserReminderDetails HTTP/1.1" 200 983
0:0:0:0:0:0:0:1 - - [22/Jul/2024:13:22:35 +0530] "POST /sales/getDueReminders HTTP/1.1" 200 668
127.0.0.1 - - [22/Jul/2024:13:23:36 +0530] "POST /salesCore/getUserReminderDetails HTTP/1.1" 200 983
0:0:0:0:0:0:0:1 - - [22/Jul/2024:13:23:36 +0530] "POST /sales/getDueReminders HTTP/1.1" 200 668
0:0:0:0:0:0:0:1 - - [22/Jul/2024:13:24:02 +0530] "GET /sales/logout HTTP/1.1" 302 -
0:0:0:0:0:0:0:1 - - [22/Jul/2024:13:24:02 +0530] "GET /sales/login HTTP/1.1" 200 10532
0:0:0:0:0:0:0:1 - - [22/Jul/2024:13:24:08 +0530] "GET / HTTP/1.1" 404 751
127.0.0.1 - - [22/Jul/2024:14:48:32 +0530] "POST /salesCore/login HTTP/1.1" 200 656
0:0:0:0:0:0:0:1 - - [22/Jul/2024:14:48:32 +0530] "POST /sales/login HTTP/1.1" 302 -
0:0:0:0:0:0:0:1 - - [22/Jul/2024:14:48:32 +0530] "GET /sales/dashboard HTTP/1.1" 200 26152
127.0.0.1 - - [22/Jul/2024:14:48:32 +0530] "POST /salesCore/todayRemindersCount HTTP/1.1" 200 110
0:0:0:0:0:0:0:1 - - [22/Jul/2024:14:48:32 +0530] "POST /sales/todayReminders HTTP/1.1" 200 11
127.0.0.1 - - [22/Jul/2024:14:48:32 +0530] "POST /salesCore/getDashboardData HTTP/1.1" 200 1199
0:0:0:0:0:0:0:1 - - [22/Jul/2024:14:48:32 +0530] "GET /sales/getChartData HTTP/1.1" 200 941
127.0.0.1 - - [22/Jul/2024:14:48:35 +0530] "POST /salesCore/getClientDetailsbyid HTTP/1.1" 200 1111
0:0:0:0:0:0:0:1 - - [22/Jul/2024:14:48:35 +0530] "GET /sales/clientList HTTP/1.1" 200 19323
127.0.0.1 - - [22/Jul/2024:14:48:35 +0530] "POST /salesCore/todayRemindersCount HTTP/1.1" 200 110
0:0:0:0:0:0:0:1 - - [22/Jul/2024:14:48:35 +0530] "POST /sales/todayReminders HTTP/1.1" 200 11
127.0.0.1 - - [22/Jul/2024:14:48:37 +0530] "POST /salesCore/getAllDepartments HTTP/1.1" 200 303
0:0:0:0:0:0:0:1 - - [22/Jul/2024:14:48:37 +0530] "GET /sales/createClient HTTP/1.1" 200 23808
127.0.0.1 - - [22/Jul/2024:14:48:38 +0530] "POST /salesCore/todayRemindersCount HTTP/1.1" 200 110
0:0:0:0:0:0:0:1 - - [22/Jul/2024:14:48:38 +0530] "POST /sales/todayReminders HTTP/1.1" 200 11
127.0.0.1 - - [22/Jul/2024:14:48:43 +0530] "POST /salesCore/getAllLeadDetails HTTP/1.1" 200 3031
0:0:0:0:0:0:0:1 - - [22/Jul/2024:14:48:43 +0530] "GET /sales/leadList HTTP/1.1" 200 23807
127.0.0.1 - - [22/Jul/2024:14:48:43 +0530] "POST /salesCore/todayRemindersCount HTTP/1.1" 200 110
0:0:0:0:0:0:0:1 - - [22/Jul/2024:14:48:43 +0530] "POST /sales/todayReminders HTTP/1.1" 200 11
127.0.0.1 - - [22/Jul/2024:14:48:45 +0530] "POST /salesCore/getAllClientDetails HTTP/1.1" 200 1411
127.0.0.1 - - [22/Jul/2024:14:48:45 +0530] "POST /salesCore/getAllProjectType HTTP/1.1" 200 194
127.0.0.1 - - [22/Jul/2024:14:48:45 +0530] "POST /salesCore/getAllDepartments HTTP/1.1" 200 303
127.0.0.1 - - [22/Jul/2024:14:48:45 +0530] "POST /salesCore/all-Leadstatus HTTP/1.1" 200 431
0:0:0:0:0:0:0:1 - - [22/Jul/2024:14:48:45 +0530] "GET /sales/createLeads HTTP/1.1" 200 36397
127.0.0.1 - - [22/Jul/2024:14:48:45 +0530] "POST /salesCore/todayRemindersCount HTTP/1.1" 200 110
0:0:0:0:0:0:0:1 - - [22/Jul/2024:14:48:45 +0530] "POST /sales/todayReminders HTTP/1.1" 200 11
127.0.0.1 - - [22/Jul/2024:14:48:55 +0530] "POST /salesCore/getAllDepartments HTTP/1.1" 200 303
0:0:0:0:0:0:0:1 - - [22/Jul/2024:14:48:55 +0530] "GET /sales/createClient HTTP/1.1" 200 23808
127.0.0.1 - - [22/Jul/2024:14:48:56 +0530] "POST /salesCore/todayRemindersCount HTTP/1.1" 200 110
0:0:0:0:0:0:0:1 - - [22/Jul/2024:14:48:56 +0530] "POST /sales/todayReminders HTTP/1.1" 200 11
127.0.0.1 - - [22/Jul/2024:14:49:33 +0530] "POST /salesCore/getClientDetailsbyid HTTP/1.1" 200 1111
0:0:0:0:0:0:0:1 - - [22/Jul/2024:14:49:33 +0530] "GET /sales/clientList HTTP/1.1" 200 19323
127.0.0.1 - - [22/Jul/2024:14:49:33 +0530] "POST /salesCore/todayRemindersCount HTTP/1.1" 200 110
0:0:0:0:0:0:0:1 - - [22/Jul/2024:14:49:33 +0530] "POST /sales/todayReminders HTTP/1.1" 200 11
127.0.0.1 - - [22/Jul/2024:14:49:34 +0530] "POST /salesCore/getAllLeadDetails HTTP/1.1" 200 3031
0:0:0:0:0:0:0:1 - - [22/Jul/2024:14:49:34 +0530] "GET /sales/leadList HTTP/1.1" 200 23807
127.0.0.1 - - [22/Jul/2024:14:49:35 +0530] "POST /salesCore/todayRemindersCount HTTP/1.1" 200 110
0:0:0:0:0:0:0:1 - - [22/Jul/2024:14:49:35 +0530] "POST /sales/todayReminders HTTP/1.1" 200 11
0:0:0:0:0:0:0:1 - - [22/Jul/2024:14:49:40 +0530] "GET /salesweb/ HTTP/1.1" 404 764
0:0:0:0:0:0:0:1 - - [22/Jul/2024:14:49:47 +0530] "GET /sales/ HTTP/1.1" 200 10532
0:0:0:0:0:0:0:1 - - [22/Jul/2024:14:49:48 +0530] "GET /sales HTTP/1.1" 302 -
0:0:0:0:0:0:0:1 - - [22/Jul/2024:14:49:48 +0530] "GET /sales/ HTTP/1.1" 200 10532
127.0.0.1 - - [22/Jul/2024:14:50:35 +0530] "POST /salesCore/getUserReminderDetails HTTP/1.1" 200 983
0:0:0:0:0:0:0:1 - - [22/Jul/2024:14:50:35 +0530] "POST /sales/getDueReminders HTTP/1.1" 200 668
127.0.0.1 - - [22/Jul/2024:14:51:35 +0530] "POST /salesCore/getUserReminderDetails HTTP/1.1" 200 983
0:0:0:0:0:0:0:1 - - [22/Jul/2024:14:51:35 +0530] "POST /sales/getDueReminders HTTP/1.1" 200 668
127.0.0.1 - - [22/Jul/2024:14:51:48 +0530] "POST /salesCore/getAllClientDetails HTTP/1.1" 200 1411
127.0.0.1 - - [22/Jul/2024:14:51:48 +0530] "POST /salesCore/getAllProjectType HTTP/1.1" 200 194
127.0.0.1 - - [22/Jul/2024:14:51:48 +0530] "POST /salesCore/getAllDepartments HTTP/1.1" 200 303
127.0.0.1 - - [22/Jul/2024:14:51:48 +0530] "POST /salesCore/all-Leadstatus HTTP/1.1" 200 431
0:0:0:0:0:0:0:1 - - [22/Jul/2024:14:51:48 +0530] "GET /sales/createLeads HTTP/1.1" 200 36397
127.0.0.1 - - [22/Jul/2024:14:51:48 +0530] "POST /salesCore/todayRemindersCount HTTP/1.1" 200 110
0:0:0:0:0:0:0:1 - - [22/Jul/2024:14:51:48 +0530] "POST /sales/todayReminders HTTP/1.1" 200 11
127.0.0.1 - - [22/Jul/2024:14:51:56 +0530] "POST /salesCore/getClientDetailsbyid HTTP/1.1" 200 1111
0:0:0:0:0:0:0:1 - - [22/Jul/2024:14:51:56 +0530] "GET /sales/clientList HTTP/1.1" 200 19323
127.0.0.1 - - [22/Jul/2024:14:51:56 +0530] "POST /salesCore/todayRemindersCount HTTP/1.1" 200 110
0:0:0:0:0:0:0:1 - - [22/Jul/2024:14:51:56 +0530] "POST /sales/todayReminders HTTP/1.1" 200 11
127.0.0.1 - - [22/Jul/2024:14:51:57 +0530] "POST /salesCore/getAllDepartments HTTP/1.1" 200 303
0:0:0:0:0:0:0:1 - - [22/Jul/2024:14:51:57 +0530] "GET /sales/createClient HTTP/1.1" 200 23808
127.0.0.1 - - [22/Jul/2024:14:51:58 +0530] "POST /salesCore/todayRemindersCount HTTP/1.1" 200 110
0:0:0:0:0:0:0:1 - - [22/Jul/2024:14:51:58 +0530] "POST /sales/todayReminders HTTP/1.1" 200 11
127.0.0.1 - - [22/Jul/2024:14:52:58 +0530] "POST /salesCore/getUserReminderDetails HTTP/1.1" 200 983
0:0:0:0:0:0:0:1 - - [22/Jul/2024:14:52:58 +0530] "POST /sales/getDueReminders HTTP/1.1" 200 668
127.0.0.1 - - [22/Jul/2024:14:53:58 +0530] "POST /salesCore/getUserReminderDetails HTTP/1.1" 200 983
0:0:0:0:0:0:0:1 - - [22/Jul/2024:14:53:58 +0530] "POST /sales/getDueReminders HTTP/1.1" 200 668
127.0.0.1 - - [22/Jul/2024:14:54:09 +0530] "POST /salesCore/getAllDepartments HTTP/1.1" 200 303
0:0:0:0:0:0:0:1 - - [22/Jul/2024:14:54:10 +0530] "GET /sales/createClient HTTP/1.1" 200 24139
127.0.0.1 - - [22/Jul/2024:14:54:10 +0530] "POST /salesCore/todayRemindersCount HTTP/1.1" 200 110
0:0:0:0:0:0:0:1 - - [22/Jul/2024:14:54:10 +0530] "POST /sales/todayReminders HTTP/1.1" 200 11
127.0.0.1 - - [22/Jul/2024:14:55:10 +0530] "POST /salesCore/getUserReminderDetails HTTP/1.1" 200 983
0:0:0:0:0:0:0:1 - - [22/Jul/2024:14:55:10 +0530] "POST /sales/getDueReminders HTTP/1.1" 200 668
127.0.0.1 - - [22/Jul/2024:14:55:57 +0530] "POST /salesCore/getAllDepartments HTTP/1.1" 200 303
0:0:0:0:0:0:0:1 - - [22/Jul/2024:14:55:57 +0530] "GET /sales/createClient HTTP/1.1" 200 24159
127.0.0.1 - - [22/Jul/2024:14:55:57 +0530] "POST /salesCore/todayRemindersCount HTTP/1.1" 200 110
0:0:0:0:0:0:0:1 - - [22/Jul/2024:14:55:57 +0530] "POST /sales/todayReminders HTTP/1.1" 200 11
127.0.0.1 - - [22/Jul/2024:14:55:57 +0530] "POST /salesCore/getAllDepartments HTTP/1.1" 200 303
0:0:0:0:0:0:0:1 - - [22/Jul/2024:14:55:57 +0530] "GET /sales/createClient HTTP/1.1" 200 24159
127.0.0.1 - - [22/Jul/2024:14:55:57 +0530] "POST /salesCore/todayRemindersCount HTTP/1.1" 200 110
0:0:0:0:0:0:0:1 - - [22/Jul/2024:14:55:57 +0530] "POST /sales/todayReminders HTTP/1.1" 200 11
127.0.0.1 - - [22/Jul/2024:14:56:58 +0530] "POST /salesCore/getUserReminderDetails HTTP/1.1" 200 983
0:0:0:0:0:0:0:1 - - [22/Jul/2024:14:56:58 +0530] "POST /sales/getDueReminders HTTP/1.1" 200 668
127.0.0.1 - - [22/Jul/2024:14:57:58 +0530] "POST /salesCore/getUserReminderDetails HTTP/1.1" 200 983
0:0:0:0:0:0:0:1 - - [22/Jul/2024:14:57:58 +0530] "POST /sales/getDueReminders HTTP/1.1" 200 668
127.0.0.1 - - [22/Jul/2024:14:58:57 +0530] "POST /salesCore/getUserReminderDetails HTTP/1.1" 200 983
0:0:0:0:0:0:0:1 - - [22/Jul/2024:14:58:57 +0530] "POST /sales/getDueReminders HTTP/1.1" 200 668
127.0.0.1 - - [22/Jul/2024:14:59:57 +0530] "POST /salesCore/getUserReminderDetails HTTP/1.1" 200 983
0:0:0:0:0:0:0:1 - - [22/Jul/2024:14:59:57 +0530] "POST /sales/getDueReminders HTTP/1.1" 200 668
127.0.0.1 - - [22/Jul/2024:15:00:06 +0530] "POST /salesCore/getAllReminders HTTP/1.1" 200 1795
0:0:0:0:0:0:0:1 - - [22/Jul/2024:15:00:06 +0530] "GET /sales/reminderList HTTP/1.1" 200 34418
127.0.0.1 - - [22/Jul/2024:15:00:07 +0530] "POST /salesCore/todayRemindersCount HTTP/1.1" 200 110
0:0:0:0:0:0:0:1 - - [22/Jul/2024:15:00:07 +0530] "POST /sales/todayReminders HTTP/1.1" 200 11
0:0:0:0:0:0:0:1 - - [22/Jul/2024:15:00:08 +0530] "GET /sales/logout HTTP/1.1" 302 -
0:0:0:0:0:0:0:1 - - [22/Jul/2024:15:00:08 +0530] "GET /sales/login HTTP/1.1" 200 10532
127.0.0.1 - - [22/Jul/2024:15:02:51 +0530] "POST /salesCore/login HTTP/1.1" 200 656
0:0:0:0:0:0:0:1 - - [22/Jul/2024:15:02:51 +0530] "POST /sales/login HTTP/1.1" 302 -
0:0:0:0:0:0:0:1 - - [22/Jul/2024:15:02:51 +0530] "GET /sales/dashboard HTTP/1.1" 200 26152
127.0.0.1 - - [22/Jul/2024:15:02:52 +0530] "POST /salesCore/todayRemindersCount HTTP/1.1" 200 110
0:0:0:0:0:0:0:1 - - [22/Jul/2024:15:02:52 +0530] "POST /sales/todayReminders HTTP/1.1" 200 11
127.0.0.1 - - [22/Jul/2024:15:02:52 +0530] "POST /salesCore/getDashboardData HTTP/1.1" 200 1199
0:0:0:0:0:0:0:1 - - [22/Jul/2024:15:02:52 +0530] "GET /sales/getChartData HTTP/1.1" 200 941
127.0.0.1 - - [22/Jul/2024:15:02:55 +0530] "POST /salesCore/getClientDetailsbyid HTTP/1.1" 200 1111
0:0:0:0:0:0:0:1 - - [22/Jul/2024:15:02:55 +0530] "GET /sales/clientList HTTP/1.1" 200 19323
127.0.0.1 - - [22/Jul/2024:15:02:55 +0530] "POST /salesCore/todayRemindersCount HTTP/1.1" 200 110
0:0:0:0:0:0:0:1 - - [22/Jul/2024:15:02:55 +0530] "POST /sales/todayReminders HTTP/1.1" 200 11
127.0.0.1 - - [22/Jul/2024:15:02:57 +0530] "POST /salesCore/getAllDepartments HTTP/1.1" 200 303
0:0:0:0:0:0:0:1 - - [22/Jul/2024:15:02:57 +0530] "GET /sales/createClient HTTP/1.1" 200 24716
127.0.0.1 - - [22/Jul/2024:15:02:57 +0530] "POST /salesCore/todayRemindersCount HTTP/1.1" 200 110
0:0:0:0:0:0:0:1 - - [22/Jul/2024:15:02:57 +0530] "POST /sales/todayReminders HTTP/1.1" 200 11
127.0.0.1 - - [22/Jul/2024:15:03:25 +0530] "POST /salesCore/getAllDepartments HTTP/1.1" 200 303
0:0:0:0:0:0:0:1 - - [22/Jul/2024:15:03:25 +0530] "GET /sales/createClient HTTP/1.1" 200 8206
127.0.0.1 - - [22/Jul/2024:15:03:25 +0530] "POST /salesCore/getAllDepartments HTTP/1.1" 200 303
0:0:0:0:0:0:0:1 - - [22/Jul/2024:15:03:25 +0530] "GET /sales/createClient HTTP/1.1" 200 24732
127.0.0.1 - - [22/Jul/2024:15:03:25 +0530] "POST /salesCore/todayRemindersCount HTTP/1.1" 200 110
0:0:0:0:0:0:0:1 - - [22/Jul/2024:15:03:25 +0530] "POST /sales/todayReminders HTTP/1.1" 200 11
127.0.0.1 - - [22/Jul/2024:15:03:26 +0530] "POST /salesCore/getAllDepartments HTTP/1.1" 200 303
0:0:0:0:0:0:0:1 - - [22/Jul/2024:15:03:26 +0530] "GET /sales/createClient HTTP/1.1" 200 24732
127.0.0.1 - - [22/Jul/2024:15:03:26 +0530] "POST /salesCore/getAllDepartments HTTP/1.1" 200 303
0:0:0:0:0:0:0:1 - - [22/Jul/2024:15:03:26 +0530] "GET /sales/createClient HTTP/1.1" 200 24732
127.0.0.1 - - [22/Jul/2024:15:03:26 +0530] "POST /salesCore/todayRemindersCount HTTP/1.1" 200 110
0:0:0:0:0:0:0:1 - - [22/Jul/2024:15:03:26 +0530] "POST /sales/todayReminders HTTP/1.1" 200 11
127.0.0.1 - - [22/Jul/2024:15:03:26 +0530] "POST /salesCore/getAllDepartments HTTP/1.1" 200 303
0:0:0:0:0:0:0:1 - - [22/Jul/2024:15:03:26 +0530] "GET /sales/createClient HTTP/1.1" 200 24732
127.0.0.1 - - [22/Jul/2024:15:03:26 +0530] "POST /salesCore/todayRemindersCount HTTP/1.1" 200 110
0:0:0:0:0:0:0:1 - - [22/Jul/2024:15:03:26 +0530] "POST /sales/todayReminders HTTP/1.1" 200 11
127.0.0.1 - - [22/Jul/2024:15:03:26 +0530] "POST /salesCore/getAllDepartments HTTP/1.1" 200 303
0:0:0:0:0:0:0:1 - - [22/Jul/2024:15:03:26 +0530] "GET /sales/createClient HTTP/1.1" 200 24732
127.0.0.1 - - [22/Jul/2024:15:03:26 +0530] "POST /salesCore/todayRemindersCount HTTP/1.1" 200 110
0:0:0:0:0:0:0:1 - - [22/Jul/2024:15:03:26 +0530] "POST /sales/todayReminders HTTP/1.1" 200 11
127.0.0.1 - - [22/Jul/2024:15:04:26 +0530] "POST /salesCore/getUserReminderDetails HTTP/1.1" 200 983
0:0:0:0:0:0:0:1 - - [22/Jul/2024:15:04:26 +0530] "POST /sales/getDueReminders HTTP/1.1" 200 668
127.0.0.1 - - [22/Jul/2024:15:05:26 +0530] "POST /salesCore/getUserReminderDetails HTTP/1.1" 200 983
0:0:0:0:0:0:0:1 - - [22/Jul/2024:15:05:26 +0530] "POST /sales/getDueReminders HTTP/1.1" 200 668
127.0.0.1 - - [22/Jul/2024:15:05:33 +0530] "POST /salesCore/getAllReminders HTTP/1.1" 200 1795
0:0:0:0:0:0:0:1 - - [22/Jul/2024:15:05:33 +0530] "GET /sales/reminderList HTTP/1.1" 200 34418
127.0.0.1 - - [22/Jul/2024:15:05:34 +0530] "POST /salesCore/todayRemindersCount HTTP/1.1" 200 110
0:0:0:0:0:0:0:1 - - [22/Jul/2024:15:05:34 +0530] "POST /sales/todayReminders HTTP/1.1" 200 11
0:0:0:0:0:0:0:1 - - [22/Jul/2024:15:05:35 +0530] "GET /sales/logout HTTP/1.1" 302 -
0:0:0:0:0:0:0:1 - - [22/Jul/2024:15:05:35 +0530] "GET /sales/login HTTP/1.1" 200 10532
127.0.0.1 - - [22/Jul/2024:15:16:02 +0530] "POST /salesCore/login HTTP/1.1" 200 656
0:0:0:0:0:0:0:1 - - [22/Jul/2024:15:16:03 +0530] "POST /sales/login HTTP/1.1" 302 -
0:0:0:0:0:0:0:1 - - [22/Jul/2024:15:16:03 +0530] "GET /sales/dashboard HTTP/1.1" 200 26152
127.0.0.1 - - [22/Jul/2024:15:16:03 +0530] "POST /salesCore/getDashboardData HTTP/1.1" 200 1199
0:0:0:0:0:0:0:1 - - [22/Jul/2024:15:16:03 +0530] "GET /sales/getChartData HTTP/1.1" 200 941
127.0.0.1 - - [22/Jul/2024:15:16:03 +0530] "POST /salesCore/todayRemindersCount HTTP/1.1" 200 110
0:0:0:0:0:0:0:1 - - [22/Jul/2024:15:16:03 +0530] "POST /sales/todayReminders HTTP/1.1" 200 11
127.0.0.1 - - [22/Jul/2024:15:16:05 +0530] "POST /salesCore/getClientDetailsbyid HTTP/1.1" 200 1111
0:0:0:0:0:0:0:1 - - [22/Jul/2024:15:16:05 +0530] "GET /sales/clientList HTTP/1.1" 200 19323
127.0.0.1 - - [22/Jul/2024:15:16:05 +0530] "POST /salesCore/todayRemindersCount HTTP/1.1" 200 110
0:0:0:0:0:0:0:1 - - [22/Jul/2024:15:16:05 +0530] "POST /sales/todayReminders HTTP/1.1" 200 11
127.0.0.1 - - [22/Jul/2024:15:16:06 +0530] "POST /salesCore/getAllDepartments HTTP/1.1" 200 303
0:0:0:0:0:0:0:1 - - [22/Jul/2024:15:16:06 +0530] "GET /sales/createClient HTTP/1.1" 200 27374
127.0.0.1 - - [22/Jul/2024:15:16:07 +0530] "POST /salesCore/todayRemindersCount HTTP/1.1" 200 110
0:0:0:0:0:0:0:1 - - [22/Jul/2024:15:16:07 +0530] "POST /sales/todayReminders HTTP/1.1" 200 11
127.0.0.1 - - [22/Jul/2024:15:17:07 +0530] "POST /salesCore/getUserReminderDetails HTTP/1.1" 200 983
0:0:0:0:0:0:0:1 - - [22/Jul/2024:15:17:07 +0530] "POST /sales/getDueReminders HTTP/1.1" 200 668
127.0.0.1 - - [22/Jul/2024:15:17:54 +0530] "POST /salesCore/getAllDepartments HTTP/1.1" 200 303
0:0:0:0:0:0:0:1 - - [22/Jul/2024:15:17:55 +0530] "GET /sales/createClient HTTP/1.1" 200 27384
127.0.0.1 - - [22/Jul/2024:15:17:55 +0530] "POST /salesCore/getAllDepartments HTTP/1.1" 200 303
127.0.0.1 - - [22/Jul/2024:15:17:55 +0530] "POST /salesCore/todayRemindersCount HTTP/1.1" 200 110
0:0:0:0:0:0:0:1 - - [22/Jul/2024:15:17:55 +0530] "POST /sales/todayReminders HTTP/1.1" 200 11
0:0:0:0:0:0:0:1 - - [22/Jul/2024:15:17:55 +0530] "GET /sales/createClient HTTP/1.1" 200 27384
127.0.0.1 - - [22/Jul/2024:15:17:55 +0530] "POST /salesCore/getAllDepartments HTTP/1.1" 200 303
0:0:0:0:0:0:0:1 - - [22/Jul/2024:15:17:55 +0530] "GET /sales/createClient HTTP/1.1" 200 27384
127.0.0.1 - - [22/Jul/2024:15:17:55 +0530] "POST /salesCore/todayRemindersCount HTTP/1.1" 200 110
0:0:0:0:0:0:0:1 - - [22/Jul/2024:15:17:55 +0530] "POST /sales/todayReminders HTTP/1.1" 200 11
127.0.0.1 - - [22/Jul/2024:15:17:55 +0530] "POST /salesCore/getAllDepartments HTTP/1.1" 200 303
0:0:0:0:0:0:0:1 - - [22/Jul/2024:15:17:55 +0530] "GET /sales/createClient HTTP/1.1" 200 27384
127.0.0.1 - - [22/Jul/2024:15:17:55 +0530] "POST /salesCore/todayRemindersCount HTTP/1.1" 200 110
0:0:0:0:0:0:0:1 - - [22/Jul/2024:15:17:55 +0530] "POST /sales/todayReminders HTTP/1.1" 200 11
127.0.0.1 - - [22/Jul/2024:15:17:55 +0530] "POST /salesCore/todayRemindersCount HTTP/1.1" 200 110
0:0:0:0:0:0:0:1 - - [22/Jul/2024:15:17:55 +0530] "POST /sales/todayReminders HTTP/1.1" 200 11
127.0.0.1 - - [22/Jul/2024:15:18:55 +0530] "POST /salesCore/getUserReminderDetails HTTP/1.1" 200 983
0:0:0:0:0:0:0:1 - - [22/Jul/2024:15:18:55 +0530] "POST /sales/getDueReminders HTTP/1.1" 200 668
127.0.0.1 - - [22/Jul/2024:15:19:55 +0530] "POST /salesCore/getUserReminderDetails HTTP/1.1" 200 983
0:0:0:0:0:0:0:1 - - [22/Jul/2024:15:19:55 +0530] "POST /sales/getDueReminders HTTP/1.1" 200 668
127.0.0.1 - - [22/Jul/2024:15:20:00 +0530] "POST /salesCore/saveClientDetails HTTP/1.1" 200 663
0:0:0:0:0:0:0:1 - - [22/Jul/2024:15:20:00 +0530] "POST /sales/saveClient HTTP/1.1" 302 -
127.0.0.1 - - [22/Jul/2024:15:20:00 +0530] "POST /salesCore/getClientDetailsbyid HTTP/1.1" 200 1391
0:0:0:0:0:0:0:1 - - [22/Jul/2024:15:20:00 +0530] "GET /sales/clientList HTTP/1.1" 200 19947
127.0.0.1 - - [22/Jul/2024:15:20:00 +0530] "POST /salesCore/todayRemindersCount HTTP/1.1" 200 110
0:0:0:0:0:0:0:1 - - [22/Jul/2024:15:20:00 +0530] "POST /sales/todayReminders HTTP/1.1" 200 11
127.0.0.1 - - [22/Jul/2024:15:20:25 +0530] "POST /salesCore/getClientDetailsbyid HTTP/1.1" 200 1111
0:0:0:0:0:0:0:1 - - [22/Jul/2024:15:20:25 +0530] "GET /sales/clientList HTTP/1.1" 200 19323
127.0.0.1 - - [22/Jul/2024:15:20:25 +0530] "POST /salesCore/todayRemindersCount HTTP/1.1" 200 110
0:0:0:0:0:0:0:1 - - [22/Jul/2024:15:20:25 +0530] "POST /sales/todayReminders HTTP/1.1" 200 11
127.0.0.1 - - [22/Jul/2024:15:20:27 +0530] "POST /salesCore/getAllReminders HTTP/1.1" 200 1795
0:0:0:0:0:0:0:1 - - [22/Jul/2024:15:20:27 +0530] "GET /sales/reminderList HTTP/1.1" 200 34418
127.0.0.1 - - [22/Jul/2024:15:20:27 +0530] "POST /salesCore/todayRemindersCount HTTP/1.1" 200 110
0:0:0:0:0:0:0:1 - - [22/Jul/2024:15:20:27 +0530] "POST /sales/todayReminders HTTP/1.1" 200 11
127.0.0.1 - - [22/Jul/2024:15:20:28 +0530] "POST /salesCore/getClientDetailsbyid HTTP/1.1" 200 1111
0:0:0:0:0:0:0:1 - - [22/Jul/2024:15:20:28 +0530] "GET /sales/clientList HTTP/1.1" 200 19323
127.0.0.1 - - [22/Jul/2024:15:20:28 +0530] "POST /salesCore/todayRemindersCount HTTP/1.1" 200 110
0:0:0:0:0:0:0:1 - - [22/Jul/2024:15:20:28 +0530] "POST /sales/todayReminders HTTP/1.1" 200 11
127.0.0.1 - - [22/Jul/2024:15:20:29 +0530] "POST /salesCore/getAllLeadDetails HTTP/1.1" 200 3031
0:0:0:0:0:0:0:1 - - [22/Jul/2024:15:20:29 +0530] "GET /sales/leadList HTTP/1.1" 200 23807
127.0.0.1 - - [22/Jul/2024:15:20:29 +0530] "POST /salesCore/todayRemindersCount HTTP/1.1" 200 110
0:0:0:0:0:0:0:1 - - [22/Jul/2024:15:20:29 +0530] "POST /sales/todayReminders HTTP/1.1" 200 11
127.0.0.1 - - [22/Jul/2024:15:20:31 +0530] "POST /salesCore/getAllClientDetails HTTP/1.1" 200 1411
127.0.0.1 - - [22/Jul/2024:15:20:31 +0530] "POST /salesCore/getAllProjectType HTTP/1.1" 200 194
127.0.0.1 - - [22/Jul/2024:15:20:31 +0530] "POST /salesCore/getAllDepartments HTTP/1.1" 200 303
127.0.0.1 - - [22/Jul/2024:15:20:31 +0530] "POST /salesCore/all-Leadstatus HTTP/1.1" 200 431
0:0:0:0:0:0:0:1 - - [22/Jul/2024:15:20:31 +0530] "GET /sales/createLeads HTTP/1.1" 200 36397
127.0.0.1 - - [22/Jul/2024:15:20:31 +0530] "POST /salesCore/todayRemindersCount HTTP/1.1" 200 110
0:0:0:0:0:0:0:1 - - [22/Jul/2024:15:20:31 +0530] "POST /sales/todayReminders HTTP/1.1" 200 11
127.0.0.1 - - [22/Jul/2024:15:20:34 +0530] "POST /salesCore/getAllDepartments HTTP/1.1" 200 303
0:0:0:0:0:0:0:1 - - [22/Jul/2024:15:20:34 +0530] "GET /sales/createClient HTTP/1.1" 200 27384
127.0.0.1 - - [22/Jul/2024:15:20:34 +0530] "POST /salesCore/todayRemindersCount HTTP/1.1" 200 110
0:0:0:0:0:0:0:1 - - [22/Jul/2024:15:20:34 +0530] "POST /sales/todayReminders HTTP/1.1" 200 11
127.0.0.1 - - [22/Jul/2024:15:20:37 +0530] "POST /salesCore/getClientDetailsbyid HTTP/1.1" 200 1111
0:0:0:0:0:0:0:1 - - [22/Jul/2024:15:20:37 +0530] "GET /sales/clientList HTTP/1.1" 200 19323
127.0.0.1 - - [22/Jul/2024:15:20:37 +0530] "POST /salesCore/todayRemindersCount HTTP/1.1" 200 110
0:0:0:0:0:0:0:1 - - [22/Jul/2024:15:20:37 +0530] "POST /sales/todayReminders HTTP/1.1" 200 11
127.0.0.1 - - [22/Jul/2024:15:20:38 +0530] "POST /salesCore/getAllLeadDetails HTTP/1.1" 200 3031
0:0:0:0:0:0:0:1 - - [22/Jul/2024:15:20:38 +0530] "GET /sales/leadList HTTP/1.1" 200 23807
127.0.0.1 - - [22/Jul/2024:15:20:38 +0530] "POST /salesCore/todayRemindersCount HTTP/1.1" 200 110
0:0:0:0:0:0:0:1 - - [22/Jul/2024:15:20:38 +0530] "POST /sales/todayReminders HTTP/1.1" 200 11
127.0.0.1 - - [22/Jul/2024:15:20:40 +0530] "POST /salesCore/getAllClientDetails HTTP/1.1" 200 1411
127.0.0.1 - - [22/Jul/2024:15:20:40 +0530] "POST /salesCore/getAllProjectType HTTP/1.1" 200 194
127.0.0.1 - - [22/Jul/2024:15:20:40 +0530] "POST /salesCore/getAllDepartments HTTP/1.1" 200 303
127.0.0.1 - - [22/Jul/2024:15:20:40 +0530] "POST /salesCore/all-Leadstatus HTTP/1.1" 200 431
0:0:0:0:0:0:0:1 - - [22/Jul/2024:15:20:40 +0530] "GET /sales/createLeads HTTP/1.1" 200 36397
127.0.0.1 - - [22/Jul/2024:15:20:40 +0530] "POST /salesCore/todayRemindersCount HTTP/1.1" 200 110
0:0:0:0:0:0:0:1 - - [22/Jul/2024:15:20:40 +0530] "POST /sales/todayReminders HTTP/1.1" 200 11
127.0.0.1 - - [22/Jul/2024:15:21:40 +0530] "POST /salesCore/getUserReminderDetails HTTP/1.1" 200 983
0:0:0:0:0:0:0:1 - - [22/Jul/2024:15:21:40 +0530] "POST /sales/getDueReminders HTTP/1.1" 200 668
127.0.0.1 - - [22/Jul/2024:15:21:45 +0530] "POST /salesCore/getClientDetailsbyid HTTP/1.1" 200 1111
0:0:0:0:0:0:0:1 - - [22/Jul/2024:15:21:45 +0530] "GET /sales/clientList HTTP/1.1" 200 19323
127.0.0.1 - - [22/Jul/2024:15:21:45 +0530] "POST /salesCore/todayRemindersCount HTTP/1.1" 200 110
0:0:0:0:0:0:0:1 - - [22/Jul/2024:15:21:45 +0530] "POST /sales/todayReminders HTTP/1.1" 200 11
127.0.0.1 - - [22/Jul/2024:15:21:46 +0530] "POST /salesCore/getAllLeadDetails HTTP/1.1" 200 3031
0:0:0:0:0:0:0:1 - - [22/Jul/2024:15:21:46 +0530] "GET /sales/leadList HTTP/1.1" 200 23807
127.0.0.1 - - [22/Jul/2024:15:21:46 +0530] "POST /salesCore/todayRemindersCount HTTP/1.1" 200 110
0:0:0:0:0:0:0:1 - - [22/Jul/2024:15:21:46 +0530] "POST /sales/todayReminders HTTP/1.1" 200 11
127.0.0.1 - - [22/Jul/2024:15:21:48 +0530] "POST /salesCore/getClientDetailsbyid HTTP/1.1" 200 1111
0:0:0:0:0:0:0:1 - - [22/Jul/2024:15:21:48 +0530] "GET /sales/clientList HTTP/1.1" 200 19323
127.0.0.1 - - [22/Jul/2024:15:21:48 +0530] "POST /salesCore/todayRemindersCount HTTP/1.1" 200 110
0:0:0:0:0:0:0:1 - - [22/Jul/2024:15:21:48 +0530] "POST /sales/todayReminders HTTP/1.1" 200 11
127.0.0.1 - - [22/Jul/2024:15:21:50 +0530] "POST /salesCore/getAllDepartments HTTP/1.1" 200 303
0:0:0:0:0:0:0:1 - - [22/Jul/2024:15:21:50 +0530] "GET /sales/createClient HTTP/1.1" 200 27384
127.0.0.1 - - [22/Jul/2024:15:21:50 +0530] "POST /salesCore/todayRemindersCount HTTP/1.1" 200 110
0:0:0:0:0:0:0:1 - - [22/Jul/2024:15:21:50 +0530] "POST /sales/todayReminders HTTP/1.1" 200 11
127.0.0.1 - - [22/Jul/2024:15:21:55 +0530] "POST /salesCore/getClientDetailsbyid HTTP/1.1" 200 1111
0:0:0:0:0:0:0:1 - - [22/Jul/2024:15:21:55 +0530] "GET /sales/clientList HTTP/1.1" 200 19323
127.0.0.1 - - [22/Jul/2024:15:21:55 +0530] "POST /salesCore/todayRemindersCount HTTP/1.1" 200 110
0:0:0:0:0:0:0:1 - - [22/Jul/2024:15:21:55 +0530] "POST /sales/todayReminders HTTP/1.1" 200 11
127.0.0.1 - - [22/Jul/2024:15:21:57 +0530] "POST /salesCore/getAllReminders HTTP/1.1" 200 1795
0:0:0:0:0:0:0:1 - - [22/Jul/2024:15:21:57 +0530] "GET /sales/reminderList HTTP/1.1" 200 34418
127.0.0.1 - - [22/Jul/2024:15:21:57 +0530] "POST /salesCore/todayRemindersCount HTTP/1.1" 200 110
0:0:0:0:0:0:0:1 - - [22/Jul/2024:15:21:57 +0530] "POST /sales/todayReminders HTTP/1.1" 200 11
127.0.0.1 - - [22/Jul/2024:15:22:12 +0530] "POST /salesCore/getAllLeadDetails HTTP/1.1" 200 3031
0:0:0:0:0:0:0:1 - - [22/Jul/2024:15:22:12 +0530] "GET /sales/leadList HTTP/1.1" 200 23807
127.0.0.1 - - [22/Jul/2024:15:22:12 +0530] "POST /salesCore/todayRemindersCount HTTP/1.1" 200 110
0:0:0:0:0:0:0:1 - - [22/Jul/2024:15:22:12 +0530] "POST /sales/todayReminders HTTP/1.1" 200 11
127.0.0.1 - - [22/Jul/2024:15:22:14 +0530] "POST /salesCore/getAllClientDetails HTTP/1.1" 200 1411
127.0.0.1 - - [22/Jul/2024:15:22:14 +0530] "POST /salesCore/getAllProjectType HTTP/1.1" 200 194
127.0.0.1 - - [22/Jul/2024:15:22:14 +0530] "POST /salesCore/getAllDepartments HTTP/1.1" 200 303
127.0.0.1 - - [22/Jul/2024:15:22:15 +0530] "POST /salesCore/all-Leadstatus HTTP/1.1" 200 431
0:0:0:0:0:0:0:1 - - [22/Jul/2024:15:22:15 +0530] "GET /sales/createLeads HTTP/1.1" 200 36397
127.0.0.1 - - [22/Jul/2024:15:22:15 +0530] "POST /salesCore/todayRemindersCount HTTP/1.1" 200 110
0:0:0:0:0:0:0:1 - - [22/Jul/2024:15:22:15 +0530] "POST /sales/todayReminders HTTP/1.1" 200 11
127.0.0.1 - - [22/Jul/2024:15:23:15 +0530] "POST /salesCore/getUserReminderDetails HTTP/1.1" 200 983
0:0:0:0:0:0:0:1 - - [22/Jul/2024:15:23:15 +0530] "POST /sales/getDueReminders HTTP/1.1" 200 668
127.0.0.1 - - [22/Jul/2024:15:24:15 +0530] "POST /salesCore/getUserReminderDetails HTTP/1.1" 200 983
0:0:0:0:0:0:0:1 - - [22/Jul/2024:15:24:15 +0530] "POST /sales/getDueReminders HTTP/1.1" 200 668
127.0.0.1 - - [22/Jul/2024:15:25:15 +0530] "POST /salesCore/getUserReminderDetails HTTP/1.1" 200 983
0:0:0:0:0:0:0:1 - - [22/Jul/2024:15:25:15 +0530] "POST /sales/getDueReminders HTTP/1.1" 200 668
127.0.0.1 - - [22/Jul/2024:15:26:15 +0530] "POST /salesCore/getUserReminderDetails HTTP/1.1" 200 983
0:0:0:0:0:0:0:1 - - [22/Jul/2024:15:26:15 +0530] "POST /sales/getDueReminders HTTP/1.1" 200 668
127.0.0.1 - - [22/Jul/2024:15:27:16 +0530] "POST /salesCore/getUserReminderDetails HTTP/1.1" 200 983
0:0:0:0:0:0:0:1 - - [22/Jul/2024:15:27:16 +0530] "POST /sales/getDueReminders HTTP/1.1" 200 668
127.0.0.1 - - [22/Jul/2024:15:28:17 +0530] "POST /salesCore/getUserReminderDetails HTTP/1.1" 200 983
0:0:0:0:0:0:0:1 - - [22/Jul/2024:15:28:17 +0530] "POST /sales/getDueReminders HTTP/1.1" 200 668
127.0.0.1 - - [22/Jul/2024:15:29:18 +0530] "POST /salesCore/getUserReminderDetails HTTP/1.1" 200 983
0:0:0:0:0:0:0:1 - - [22/Jul/2024:15:29:18 +0530] "POST /sales/getDueReminders HTTP/1.1" 200 668
127.0.0.1 - - [22/Jul/2024:15:30:19 +0530] "POST /salesCore/getUserReminderDetails HTTP/1.1" 200 983
0:0:0:0:0:0:0:1 - - [22/Jul/2024:15:30:19 +0530] "POST /sales/getDueReminders HTTP/1.1" 200 668
127.0.0.1 - - [22/Jul/2024:15:31:20 +0530] "POST /salesCore/getUserReminderDetails HTTP/1.1" 200 983
0:0:0:0:0:0:0:1 - - [22/Jul/2024:15:31:20 +0530] "POST /sales/getDueReminders HTTP/1.1" 200 668
127.0.0.1 - - [22/Jul/2024:15:32:21 +0530] "POST /salesCore/getUserReminderDetails HTTP/1.1" 200 983
0:0:0:0:0:0:0:1 - - [22/Jul/2024:15:32:21 +0530] "POST /sales/getDueReminders HTTP/1.1" 200 668
127.0.0.1 - - [22/Jul/2024:15:32:32 +0530] "POST /salesCore/getAllClientDetails HTTP/1.1" 200 1411
127.0.0.1 - - [22/Jul/2024:15:32:32 +0530] "POST /salesCore/getAllProjectType HTTP/1.1" 200 194
127.0.0.1 - - [22/Jul/2024:15:32:32 +0530] "POST /salesCore/getAllDepartments HTTP/1.1" 200 303
127.0.0.1 - - [22/Jul/2024:15:32:32 +0530] "POST /salesCore/all-Leadstatus HTTP/1.1" 200 431
0:0:0:0:0:0:0:1 - - [22/Jul/2024:15:32:32 +0530] "GET /sales/createLeads HTTP/1.1" 200 38524
127.0.0.1 - - [22/Jul/2024:15:32:32 +0530] "POST /salesCore/todayRemindersCount HTTP/1.1" 200 110
0:0:0:0:0:0:0:1 - - [22/Jul/2024:15:32:32 +0530] "POST /sales/todayReminders HTTP/1.1" 200 11
127.0.0.1 - - [22/Jul/2024:15:32:34 +0530] "POST /salesCore/getClientDetailsbyid HTTP/1.1" 200 1111
0:0:0:0:0:0:0:1 - - [22/Jul/2024:15:32:34 +0530] "GET /sales/clientList HTTP/1.1" 200 19323
127.0.0.1 - - [22/Jul/2024:15:32:34 +0530] "POST /salesCore/todayRemindersCount HTTP/1.1" 200 110
0:0:0:0:0:0:0:1 - - [22/Jul/2024:15:32:34 +0530] "POST /sales/todayReminders HTTP/1.1" 200 11
127.0.0.1 - - [22/Jul/2024:15:32:41 +0530] "POST /salesCore/getAllClientDetails HTTP/1.1" 200 1411
127.0.0.1 - - [22/Jul/2024:15:32:42 +0530] "POST /salesCore/getAllProjectType HTTP/1.1" 200 194
127.0.0.1 - - [22/Jul/2024:15:32:42 +0530] "POST /salesCore/getAllDepartments HTTP/1.1" 200 303
127.0.0.1 - - [22/Jul/2024:15:32:42 +0530] "POST /salesCore/all-Leadstatus HTTP/1.1" 200 431
0:0:0:0:0:0:0:1 - - [22/Jul/2024:15:32:42 +0530] "GET /sales/createLeads HTTP/1.1" 200 38524
127.0.0.1 - - [22/Jul/2024:15:32:42 +0530] "POST /salesCore/todayRemindersCount HTTP/1.1" 200 110
0:0:0:0:0:0:0:1 - - [22/Jul/2024:15:32:42 +0530] "POST /sales/todayReminders HTTP/1.1" 200 11
127.0.0.1 - - [22/Jul/2024:15:32:48 +0530] "POST /salesCore/getAllClientManagerDetails HTTP/1.1" 200 707
0:0:0:0:0:0:0:1 - - [22/Jul/2024:15:32:48 +0530] "POST /sales/getClientManger HTTP/1.1" 200 465
127.0.0.1 - - [22/Jul/2024:15:33:42 +0530] "POST /salesCore/getUserReminderDetails HTTP/1.1" 200 983
0:0:0:0:0:0:0:1 - - [22/Jul/2024:15:33:42 +0530] "POST /sales/getDueReminders HTTP/1.1" 200 668
127.0.0.1 - - [22/Jul/2024:15:34:42 +0530] "POST /salesCore/getUserReminderDetails HTTP/1.1" 404 787
0:0:0:0:0:0:0:1 - - [22/Jul/2024:15:34:42 +0530] "POST /sales/getDueReminders HTTP/1.1" 500 133
127.0.0.1 - - [22/Jul/2024:15:35:42 +0530] "POST /salesCore/getUserReminderDetails HTTP/1.1" 404 787
0:0:0:0:0:0:0:1 - - [22/Jul/2024:15:35:42 +0530] "POST /sales/getDueReminders HTTP/1.1" 500 133
127.0.0.1 - - [22/Jul/2024:15:36:42 +0530] "POST /salesCore/getUserReminderDetails HTTP/1.1" 404 787
0:0:0:0:0:0:0:1 - - [22/Jul/2024:15:36:42 +0530] "POST /sales/getDueReminders HTTP/1.1" 500 133
127.0.0.1 - - [22/Jul/2024:15:37:42 +0530] "POST /salesCore/getUserReminderDetails HTTP/1.1" 404 787
0:0:0:0:0:0:0:1 - - [22/Jul/2024:15:37:42 +0530] "POST /sales/getDueReminders HTTP/1.1" 500 133
127.0.0.1 - - [22/Jul/2024:15:38:43 +0530] "POST /salesCore/getUserReminderDetails HTTP/1.1" 404 787
0:0:0:0:0:0:0:1 - - [22/Jul/2024:15:38:43 +0530] "POST /sales/getDueReminders HTTP/1.1" 500 133
127.0.0.1 - - [22/Jul/2024:15:39:44 +0530] "POST /salesCore/getUserReminderDetails HTTP/1.1" 404 787
0:0:0:0:0:0:0:1 - - [22/Jul/2024:15:39:44 +0530] "POST /sales/getDueReminders HTTP/1.1" 500 133
127.0.0.1 - - [22/Jul/2024:15:40:45 +0530] "POST /salesCore/getUserReminderDetails HTTP/1.1" 404 787
0:0:0:0:0:0:0:1 - - [22/Jul/2024:15:40:45 +0530] "POST /sales/getDueReminders HTTP/1.1" 500 133
127.0.0.1 - - [22/Jul/2024:15:41:46 +0530] "POST /salesCore/getUserReminderDetails HTTP/1.1" 404 787
0:0:0:0:0:0:0:1 - - [22/Jul/2024:15:41:46 +0530] "POST /sales/getDueReminders HTTP/1.1" 500 133
127.0.0.1 - - [22/Jul/2024:15:42:47 +0530] "POST /salesCore/getUserReminderDetails HTTP/1.1" 404 787
0:0:0:0:0:0:0:1 - - [22/Jul/2024:15:42:47 +0530] "POST /sales/getDueReminders HTTP/1.1" 500 133
127.0.0.1 - - [22/Jul/2024:15:43:48 +0530] "POST /salesCore/getUserReminderDetails HTTP/1.1" 404 787
0:0:0:0:0:0:0:1 - - [22/Jul/2024:15:43:48 +0530] "POST /sales/getDueReminders HTTP/1.1" 500 133
127.0.0.1 - - [22/Jul/2024:15:44:49 +0530] "POST /salesCore/getUserReminderDetails HTTP/1.1" 404 787
0:0:0:0:0:0:0:1 - - [22/Jul/2024:15:44:49 +0530] "POST /sales/getDueReminders HTTP/1.1" 500 133
127.0.0.1 - - [22/Jul/2024:15:45:50 +0530] "POST /salesCore/getUserReminderDetails HTTP/1.1" 404 787
0:0:0:0:0:0:0:1 - - [22/Jul/2024:15:45:50 +0530] "POST /sales/getDueReminders HTTP/1.1" 500 133
127.0.0.1 - - [22/Jul/2024:15:46:33 +0530] "POST /salesCore/getAllClientDetails HTTP/1.1" 404 784
0:0:0:0:0:0:0:1 - - [22/Jul/2024:15:46:34 +0530] "GET /sales/createLeads HTTP/1.1" 500 287
127.0.0.1 - - [22/Jul/2024:16:00:50 +0530] "GET / HTTP/1.1" 404 751
0:0:0:0:0:0:0:1 - - [22/Jul/2024:16:01:00 +0530] "GET /salesweb/ HTTP/1.1" 404 764
0:0:0:0:0:0:0:1 - - [22/Jul/2024:16:01:06 +0530] "GET /sales/ HTTP/1.1" 200 10532
127.0.0.1 - - [22/Jul/2024:16:01:14 +0530] "POST /salesCore/login HTTP/1.1" 200 656
0:0:0:0:0:0:0:1 - - [22/Jul/2024:16:01:15 +0530] "POST /sales/login HTTP/1.1" 302 -
127.0.0.1 - - [22/Jul/2024:16:01:15 +0530] "POST /salesCore/getAllBudget HTTP/1.1" 200 2243
0:0:0:0:0:0:0:1 - - [22/Jul/2024:16:01:17 +0530] "GET /sales/dashboard HTTP/1.1" 200 34972
0:0:0:0:0:0:0:1 - - [22/Jul/2024:16:01:17 +0530] "GET /salesweb/yearBudgets HTTP/1.1" 404 775
127.0.0.1 - - [22/Jul/2024:16:01:18 +0530] "POST /salesCore/getDashboardData HTTP/1.1" 200 2243
127.0.0.1 - - [22/Jul/2024:16:01:18 +0530] "POST /salesCore/todayRemindersCount HTTP/1.1" 200 110
0:0:0:0:0:0:0:1 - - [22/Jul/2024:16:01:18 +0530] "POST /sales/todayReminders HTTP/1.1" 200 11
0:0:0:0:0:0:0:1 - - [22/Jul/2024:16:01:18 +0530] "GET /sales/getChartData HTTP/1.1" 200 456
0:0:0:0:0:0:0:1 - - [22/Jul/2024:16:01:29 +0530] "GET /salesweb/yearBudgets?year%5B%5D=2023-24 HTTP/1.1" 404 775
127.0.0.1 - - [22/Jul/2024:16:01:29 +0530] "POST /salesCore/getDashboardData HTTP/1.1" 200 367
0:0:0:0:0:0:0:1 - - [22/Jul/2024:16:01:29 +0530] "GET /sales/getChartData?year%5B%5D=2023-24 HTTP/1.1" 200 392
0:0:0:0:0:0:0:1 - - [22/Jul/2024:16:01:34 +0530] "GET /salesweb/yearBudgets HTTP/1.1" 404 775
127.0.0.1 - - [22/Jul/2024:16:01:34 +0530] "POST /salesCore/getDashboardData HTTP/1.1" 200 2243
0:0:0:0:0:0:0:1 - - [22/Jul/2024:16:01:34 +0530] "GET /sales/getChartData HTTP/1.1" 200 456
0:0:0:0:0:0:0:1 - - [22/Jul/2024:16:01:36 +0530] "GET /salesweb/yearBudgets?year%5B%5D=2024-25 HTTP/1.1" 404 775
127.0.0.1 - - [22/Jul/2024:16:01:36 +0530] "POST /salesCore/getDashboardData HTTP/1.1" 200 2243
0:0:0:0:0:0:0:1 - - [22/Jul/2024:16:01:36 +0530] "GET /sales/getChartData?year%5B%5D=2024-25 HTTP/1.1" 200 456
0:0:0:0:0:0:0:1 - - [22/Jul/2024:16:02:02 +0530] "GET /salesweb/yearBudgets?year%5B%5D=2024-25&zone%5B%5D=North HTTP/1.1" 404 775
127.0.0.1 - - [22/Jul/2024:16:02:02 +0530] "POST /salesCore/getDashboardData HTTP/1.1" 200 2243
0:0:0:0:0:0:0:1 - - [22/Jul/2024:16:02:02 +0530] "GET /sales/getChartData?year%5B%5D=2024-25&zone%5B%5D=North HTTP/1.1" 200 444
0:0:0:0:0:0:0:1 - - [22/Jul/2024:16:02:11 +0530] "GET /salesweb/yearBudgets?year%5B%5D=2024-25 HTTP/1.1" 404 775
127.0.0.1 - - [22/Jul/2024:16:02:11 +0530] "POST /salesCore/getDashboardData HTTP/1.1" 200 2243
0:0:0:0:0:0:0:1 - - [22/Jul/2024:16:02:11 +0530] "GET /sales/getChartData?year%5B%5D=2024-25 HTTP/1.1" 200 456
0:0:0:0:0:0:0:1 - - [22/Jul/2024:16:02:14 +0530] "GET /salesweb/yearBudgets?year%5B%5D=2024-25&zone%5B%5D=South HTTP/1.1" 404 775
127.0.0.1 - - [22/Jul/2024:16:02:14 +0530] "POST /salesCore/getDashboardData HTTP/1.1" 200 367
0:0:0:0:0:0:0:1 - - [22/Jul/2024:16:02:14 +0530] "GET /sales/getChartData?year%5B%5D=2024-25&zone%5B%5D=South HTTP/1.1" 200 440
127.0.0.1 - - [22/Jul/2024:16:02:18 +0530] "POST /salesCore/getUserReminderDetails HTTP/1.1" 200 983
0:0:0:0:0:0:0:1 - - [22/Jul/2024:16:02:18 +0530] "POST /sales/getDueReminders HTTP/1.1" 200 668
0:0:0:0:0:0:0:1 - - [22/Jul/2024:16:02:31 +0530] "GET /salesweb/yearBudgets?year%5B%5D=2024-25&zone%5B%5D=South&bde%5B%5D=Aravind HTTP/1.1" 404 775
127.0.0.1 - - [22/Jul/2024:16:02:31 +0530] "POST /salesCore/getDashboardData HTTP/1.1" 200 367
0:0:0:0:0:0:0:1 - - [22/Jul/2024:16:02:31 +0530] "GET /sales/getChartData?year%5B%5D=2024-25&zone%5B%5D=South&bde%5B%5D=Aravind HTTP/1.1" 200 428
0:0:0:0:0:0:0:1 - - [22/Jul/2024:16:02:40 +0530] "GET /salesweb/yearBudgets?year%5B%5D=2024-25&zone%5B%5D=South HTTP/1.1" 404 775
127.0.0.1 - - [22/Jul/2024:16:02:40 +0530] "POST /salesCore/getDashboardData HTTP/1.1" 200 367
0:0:0:0:0:0:0:1 - - [22/Jul/2024:16:02:40 +0530] "GET /sales/getChartData?year%5B%5D=2024-25&zone%5B%5D=South HTTP/1.1" 200 440
0:0:0:0:0:0:0:1 - - [22/Jul/2024:16:02:42 +0530] "GET /salesweb/yearBudgets?year%5B%5D=2024-25&zone%5B%5D=South&bde%5B%5D=madhu HTTP/1.1" 404 775
127.0.0.1 - - [22/Jul/2024:16:02:42 +0530] "POST /salesCore/getDashboardData HTTP/1.1" 200 367
0:0:0:0:0:0:0:1 - - [22/Jul/2024:16:02:42 +0530] "GET /sales/getChartData?year%5B%5D=2024-25&zone%5B%5D=South&bde%5B%5D=madhu HTTP/1.1" 200 428
127.0.0.1 - - [22/Jul/2024:16:03:18 +0530] "POST /salesCore/getUserReminderDetails HTTP/1.1" 200 983
0:0:0:0:0:0:0:1 - - [22/Jul/2024:16:03:18 +0530] "POST /sales/getDueReminders HTTP/1.1" 200 668
127.0.0.1 - - [22/Jul/2024:16:04:18 +0530] "POST /salesCore/getUserReminderDetails HTTP/1.1" 200 983
0:0:0:0:0:0:0:1 - - [22/Jul/2024:16:04:18 +0530] "POST /sales/getDueReminders HTTP/1.1" 200 668
127.0.0.1 - - [22/Jul/2024:16:05:18 +0530] "POST /salesCore/getUserReminderDetails HTTP/1.1" 200 983
0:0:0:0:0:0:0:1 - - [22/Jul/2024:16:05:18 +0530] "POST /sales/getDueReminders HTTP/1.1" 200 668
127.0.0.1 - - [22/Jul/2024:16:06:18 +0530] "POST /salesCore/getUserReminderDetails HTTP/1.1" 200 983
0:0:0:0:0:0:0:1 - - [22/Jul/2024:16:06:18 +0530] "POST /sales/getDueReminders HTTP/1.1" 200 668
127.0.0.1 - - [22/Jul/2024:16:07:18 +0530] "POST /salesCore/getUserReminderDetails HTTP/1.1" 200 983
0:0:0:0:0:0:0:1 - - [22/Jul/2024:16:07:18 +0530] "POST /sales/getDueReminders HTTP/1.1" 200 668
127.0.0.1 - - [22/Jul/2024:16:08:18 +0530] "POST /salesCore/getUserReminderDetails HTTP/1.1" 200 983
0:0:0:0:0:0:0:1 - - [22/Jul/2024:16:08:18 +0530] "POST /sales/getDueReminders HTTP/1.1" 200 668
127.0.0.1 - - [22/Jul/2024:16:09:18 +0530] "POST /salesCore/getUserReminderDetails HTTP/1.1" 200 983
0:0:0:0:0:0:0:1 - - [22/Jul/2024:16:09:18 +0530] "POST /sales/getDueReminders HTTP/1.1" 200 668
127.0.0.1 - - [22/Jul/2024:16:10:19 +0530] "POST /salesCore/getUserReminderDetails HTTP/1.1" 200 983
0:0:0:0:0:0:0:1 - - [22/Jul/2024:16:10:19 +0530] "POST /sales/getDueReminders HTTP/1.1" 200 668
127.0.0.1 - - [22/Jul/2024:16:11:18 +0530] "POST /salesCore/getUserReminderDetails HTTP/1.1" 200 983
0:0:0:0:0:0:0:1 - - [22/Jul/2024:16:11:18 +0530] "POST /sales/getDueReminders HTTP/1.1" 200 668
0:0:0:0:0:0:0:1 - - [22/Jul/2024:16:11:32 +0530] "GET /salesweb/yearBudgets?year%5B%5D=2024-25&zone%5B%5D=South HTTP/1.1" 404 775
127.0.0.1 - - [22/Jul/2024:16:11:32 +0530] "POST /salesCore/getDashboardData HTTP/1.1" 200 367
0:0:0:0:0:0:0:1 - - [22/Jul/2024:16:11:32 +0530] "GET /sales/getChartData?year%5B%5D=2024-25&zone%5B%5D=South HTTP/1.1" 200 440
0:0:0:0:0:0:0:1 - - [22/Jul/2024:16:11:33 +0530] "GET /salesweb/yearBudgets?year%5B%5D=2024-25&zone%5B%5D=South&bde%5B%5D=Aravind HTTP/1.1" 404 775
127.0.0.1 - - [22/Jul/2024:16:11:33 +0530] "POST /salesCore/getDashboardData HTTP/1.1" 200 367
0:0:0:0:0:0:0:1 - - [22/Jul/2024:16:11:33 +0530] "GET /sales/getChartData?year%5B%5D=2024-25&zone%5B%5D=South&bde%5B%5D=Aravind HTTP/1.1" 200 428
0:0:0:0:0:0:0:1 - - [22/Jul/2024:16:11:38 +0530] "GET /salesweb/yearBudgets?year%5B%5D=2024-25&zone%5B%5D=South&bde%5B%5D=Aravind&bde%5B%5D=madhu HTTP/1.1" 404 775
127.0.0.1 - - [22/Jul/2024:16:11:38 +0530] "POST /salesCore/getDashboardData HTTP/1.1" 200 367
0:0:0:0:0:0:0:1 - - [22/Jul/2024:16:11:38 +0530] "GET /sales/getChartData?year%5B%5D=2024-25&zone%5B%5D=South&bde%5B%5D=Aravind&bde%5B%5D=madhu HTTP/1.1" 200 428
127.0.0.1 - - [22/Jul/2024:16:11:42 +0530] "POST /salesCore/getAllBudget HTTP/1.1" 200 2243
0:0:0:0:0:0:0:1 - - [22/Jul/2024:16:11:42 +0530] "GET /sales/dashboard HTTP/1.1" 200 34972
0:0:0:0:0:0:0:1 - - [22/Jul/2024:16:11:42 +0530] "GET /salesweb/yearBudgets HTTP/1.1" 404 775
127.0.0.1 - - [22/Jul/2024:16:11:42 +0530] "POST /salesCore/todayRemindersCount HTTP/1.1" 200 110
0:0:0:0:0:0:0:1 - - [22/Jul/2024:16:11:42 +0530] "POST /sales/todayReminders HTTP/1.1" 200 11
127.0.0.1 - - [22/Jul/2024:16:11:42 +0530] "POST /salesCore/getDashboardData HTTP/1.1" 200 2243
0:0:0:0:0:0:0:1 - - [22/Jul/2024:16:11:42 +0530] "GET /sales/getChartData HTTP/1.1" 200 456
0:0:0:0:0:0:0:1 - - [22/Jul/2024:16:11:48 +0530] "GET /salesweb/yearBudgets?year%5B%5D=2024-25 HTTP/1.1" 404 775
127.0.0.1 - - [22/Jul/2024:16:11:48 +0530] "POST /salesCore/getDashboardData HTTP/1.1" 200 2243
0:0:0:0:0:0:0:1 - - [22/Jul/2024:16:11:48 +0530] "GET /sales/getChartData?year%5B%5D=2024-25 HTTP/1.1" 200 456
0:0:0:0:0:0:0:1 - - [22/Jul/2024:16:12:01 +0530] "GET /salesweb/yearBudgets?year%5B%5D=2024-25&zone%5B%5D=West HTTP/1.1" 404 775
127.0.0.1 - - [22/Jul/2024:16:12:01 +0530] "POST /salesCore/getDashboardData HTTP/1.1" 200 367
0:0:0:0:0:0:0:1 - - [22/Jul/2024:16:12:01 +0530] "GET /sales/getChartData?year%5B%5D=2024-25&zone%5B%5D=West HTTP/1.1" 200 428
0:0:0:0:0:0:0:1 - - [22/Jul/2024:16:12:22 +0530] "GET /salesweb/yearBudgets?year%5B%5D=2024-25&zone%5B%5D=West&bde%5B%5D=madhu HTTP/1.1" 404 775
127.0.0.1 - - [22/Jul/2024:16:12:22 +0530] "POST /salesCore/getDashboardData HTTP/1.1" 200 367
0:0:0:0:0:0:0:1 - - [22/Jul/2024:16:12:22 +0530] "GET /sales/getChartData?year%5B%5D=2024-25&zone%5B%5D=West&bde%5B%5D=madhu HTTP/1.1" 200 428
127.0.0.1 - - [22/Jul/2024:16:12:30 +0530] "POST /salesCore/getClientDetailsbyid HTTP/1.1" 200 1111
0:0:0:0:0:0:0:1 - - [22/Jul/2024:16:12:30 +0530] "GET /sales/clientList HTTP/1.1" 200 19323
