0:0:0:0:0:0:0:1 - - [23/Jul/2024:12:38:48 +0530] "GET /sales/yearBudgets?year%5B%5D=2023-24&zone%5B%5D=East&zone%5B%5D=North HTTP/1.1" 200 12
127.0.0.1 - - [23/Jul/2024:12:39:48 +0530] "POST /salesCore/getYearBudgets HTTP/1.1" 200 110
127.0.0.1 - - [23/Jul/2024:12:39:48 +0530] "POST /salesCore/getDashboardData HTTP/1.1" 200 367
0:0:0:0:0:0:0:1 - - [23/Jul/2024:12:39:48 +0530] "GET /sales/yearBudgets?year%5B%5D=2023-24&zone%5B%5D=East&zone%5B%5D=North&bde%5B%5D=madhu HTTP/1.1" 200 12
0:0:0:0:0:0:0:1 - - [23/Jul/2024:12:39:48 +0530] "GET /sales/getChartData?year%5B%5D=2023-24&zone%5B%5D=East&zone%5B%5D=North&bde%5B%5D=madhu HTTP/1.1" 200 428
127.0.0.1 - - [23/Jul/2024:12:40:04 +0530] "POST /salesCore/getAllBudget HTTP/1.1" 200 2883
0:0:0:0:0:0:0:1 - - [23/Jul/2024:12:40:04 +0530] "GET /sales/dashboard HTTP/1.1" 200 35714
0:0:0:0:0:0:0:1 - - [23/Jul/2024:12:40:04 +0530] "GET /sales/yearBudgets HTTP/1.1" 500 129
127.0.0.1 - - [23/Jul/2024:12:40:04 +0530] "POST /salesCore/getUserReminderDetails HTTP/1.1" 200 1283
127.0.0.1 - - [23/Jul/2024:12:40:04 +0530] "POST /salesCore/todayRemindersCount HTTP/1.1" 200 110
0:0:0:0:0:0:0:1 - - [23/Jul/2024:12:40:04 +0530] "POST /sales/getDueReminders HTTP/1.1" 200 891
0:0:0:0:0:0:0:1 - - [23/Jul/2024:12:40:04 +0530] "POST /sales/todayReminders HTTP/1.1" 200 11
127.0.0.1 - - [23/Jul/2024:12:40:04 +0530] "POST /salesCore/getDashboardData HTTP/1.1" 200 2755
0:0:0:0:0:0:0:1 - - [23/Jul/2024:12:40:04 +0530] "GET /sales/getChartData HTTP/1.1" 200 462
0:0:0:0:0:0:0:1 - - [23/Jul/2024:12:40:10 +0530] "GET /sales/yearBudgets?zone%5B%5D=West HTTP/1.1" 500 129
127.0.0.1 - - [23/Jul/2024:12:40:10 +0530] "POST /salesCore/getDashboardData HTTP/1.1" 200 367
0:0:0:0:0:0:0:1 - - [23/Jul/2024:12:40:10 +0530] "GET /sales/getChartData?zone%5B%5D=West HTTP/1.1" 200 428
127.0.0.1 - - [23/Jul/2024:12:40:47 +0530] "POST /salesCore/getAllBudget HTTP/1.1" 200 2883
0:0:0:0:0:0:0:1 - - [23/Jul/2024:12:40:47 +0530] "GET /sales/dashboard HTTP/1.1" 200 35717
0:0:0:0:0:0:0:1 - - [23/Jul/2024:12:40:48 +0530] "GET /sales/yearBudgets HTTP/1.1" 500 129
127.0.0.1 - - [23/Jul/2024:12:40:48 +0530] "POST /salesCore/todayRemindersCount HTTP/1.1" 200 110
0:0:0:0:0:0:0:1 - - [23/Jul/2024:12:40:48 +0530] "POST /sales/todayReminders HTTP/1.1" 200 11
127.0.0.1 - - [23/Jul/2024:12:40:48 +0530] "POST /salesCore/getUserReminderDetails HTTP/1.1" 200 1283
0:0:0:0:0:0:0:1 - - [23/Jul/2024:12:40:48 +0530] "POST /sales/getDueReminders HTTP/1.1" 200 891
127.0.0.1 - - [23/Jul/2024:12:40:48 +0530] "POST /salesCore/getDashboardData HTTP/1.1" 200 2755
0:0:0:0:0:0:0:1 - - [23/Jul/2024:12:40:48 +0530] "GET /sales/getChartData HTTP/1.1" 200 462
127.0.0.1 - - [23/Jul/2024:12:40:54 +0530] "POST /salesCore/getDashboardData HTTP/1.1" 200 2755
0:0:0:0:0:0:0:1 - - [23/Jul/2024:12:40:54 +0530] "GET /sales/getChartData?year=2024-25 HTTP/1.1" 200 462
0:0:0:0:0:0:0:1 - - [23/Jul/2024:12:40:54 +0530] "GET /sales/yearBudgets?year=2024-25 HTTP/1.1" 500 129
0:0:0:0:0:0:0:1 - - [23/Jul/2024:12:40:56 +0530] "GET /sales/yearBudgets?year=2024-25&zone=West HTTP/1.1" 500 129
127.0.0.1 - - [23/Jul/2024:12:40:56 +0530] "POST /salesCore/getDashboardData HTTP/1.1" 200 2755
0:0:0:0:0:0:0:1 - - [23/Jul/2024:12:40:56 +0530] "GET /sales/getChartData?year=2024-25&zone=West HTTP/1.1" 200 462
0:0:0:0:0:0:0:1 - - [23/Jul/2024:12:40:59 +0530] "GET /sales/yearBudgets?year=2024-25&zone=West&bde=madhu HTTP/1.1" 500 129
127.0.0.1 - - [23/Jul/2024:12:40:59 +0530] "POST /salesCore/getDashboardData HTTP/1.1" 200 2755
0:0:0:0:0:0:0:1 - - [23/Jul/2024:12:40:59 +0530] "GET /sales/getChartData?year=2024-25&zone=West&bde=madhu HTTP/1.1" 200 462
0:0:0:0:0:0:0:1 - - [23/Jul/2024:12:41:02 +0530] "GET /sales/yearBudgets?year=2024-25&zone=West&bde=Aravind HTTP/1.1" 500 129
127.0.0.1 - - [23/Jul/2024:12:41:02 +0530] "POST /salesCore/getDashboardData HTTP/1.1" 200 2755
0:0:0:0:0:0:0:1 - - [23/Jul/2024:12:41:02 +0530] "GET /sales/getChartData?year=2024-25&zone=West&bde=Aravind HTTP/1.1" 200 462
0:0:0:0:0:0:0:1 - - [23/Jul/2024:12:41:04 +0530] "GET /sales/yearBudgets?year=2024-25&zone=North&bde=Aravind HTTP/1.1" 500 129
127.0.0.1 - - [23/Jul/2024:12:41:04 +0530] "POST /salesCore/getDashboardData HTTP/1.1" 200 2755
0:0:0:0:0:0:0:1 - - [23/Jul/2024:12:41:04 +0530] "GET /sales/getChartData?year=2024-25&zone=North&bde=Aravind HTTP/1.1" 200 462
127.0.0.1 - - [23/Jul/2024:12:41:07 +0530] "POST /salesCore/getDashboardData HTTP/1.1" 200 2755
0:0:0:0:0:0:0:1 - - [23/Jul/2024:12:41:07 +0530] "GET /sales/yearBudgets?year=2024-25&zone=North&bde=madhu HTTP/1.1" 500 129
0:0:0:0:0:0:0:1 - - [23/Jul/2024:12:41:07 +0530] "GET /sales/getChartData?year=2024-25&zone=North&bde=madhu HTTP/1.1" 200 462
0:0:0:0:0:0:0:1 - - [23/Jul/2024:12:41:11 +0530] "GET /sales/yearBudgets?year=2024-25&zone=North&bde=Aravind HTTP/1.1" 500 129
127.0.0.1 - - [23/Jul/2024:12:41:11 +0530] "POST /salesCore/getDashboardData HTTP/1.1" 200 2755
0:0:0:0:0:0:0:1 - - [23/Jul/2024:12:41:11 +0530] "GET /sales/getChartData?year=2024-25&zone=North&bde=Aravind HTTP/1.1" 200 462
0:0:0:0:0:0:0:1 - - [23/Jul/2024:12:41:15 +0530] "GET /sales/yearBudgets?year=2023-24&zone=North&bde=Aravind HTTP/1.1" 500 129
127.0.0.1 - - [23/Jul/2024:12:41:15 +0530] "POST /salesCore/getDashboardData HTTP/1.1" 200 2755
0:0:0:0:0:0:0:1 - - [23/Jul/2024:12:41:15 +0530] "GET /sales/getChartData?year=2023-24&zone=North&bde=Aravind HTTP/1.1" 200 462
0:0:0:0:0:0:0:1 - - [23/Jul/2024:12:41:23 +0530] "GET /sales/yearBudgets?year=2024-25&zone=North&bde=Aravind HTTP/1.1" 500 129
127.0.0.1 - - [23/Jul/2024:12:41:23 +0530] "POST /salesCore/getDashboardData HTTP/1.1" 200 2755
0:0:0:0:0:0:0:1 - - [23/Jul/2024:12:41:23 +0530] "GET /sales/getChartData?year=2024-25&zone=North&bde=Aravind HTTP/1.1" 200 462
0:0:0:0:0:0:0:1 - - [23/Jul/2024:12:41:25 +0530] "GET /sales/yearBudgets?year=2025-26&zone=North&bde=Aravind HTTP/1.1" 500 129
127.0.0.1 - - [23/Jul/2024:12:41:25 +0530] "POST /salesCore/getDashboardData HTTP/1.1" 200 2755
0:0:0:0:0:0:0:1 - - [23/Jul/2024:12:41:25 +0530] "GET /sales/getChartData?year=2025-26&zone=North&bde=Aravind HTTP/1.1" 200 462
0:0:0:0:0:0:0:1 - - [23/Jul/2024:12:41:28 +0530] "GET /sales/yearBudgets?year=2025-26&zone=West&bde=Aravind HTTP/1.1" 500 129
127.0.0.1 - - [23/Jul/2024:12:41:28 +0530] "POST /salesCore/getDashboardData HTTP/1.1" 200 2755
0:0:0:0:0:0:0:1 - - [23/Jul/2024:12:41:28 +0530] "GET /sales/getChartData?year=2025-26&zone=West&bde=Aravind HTTP/1.1" 200 462
127.0.0.1 - - [23/Jul/2024:12:41:37 +0530] "POST /salesCore/getDashboardData HTTP/1.1" 200 2755
0:0:0:0:0:0:0:1 - - [23/Jul/2024:12:41:37 +0530] "GET /sales/getChartData?year=2023-24&zone=West&bde=Aravind HTTP/1.1" 200 462
0:0:0:0:0:0:0:1 - - [23/Jul/2024:12:41:37 +0530] "GET /sales/yearBudgets?year=2023-24&zone=West&bde=Aravind HTTP/1.1" 500 129
0:0:0:0:0:0:0:1 - - [23/Jul/2024:12:41:40 +0530] "GET /sales/yearBudgets?year=2024-25&zone=West&bde=Aravind HTTP/1.1" 500 129
127.0.0.1 - - [23/Jul/2024:12:41:40 +0530] "POST /salesCore/getDashboardData HTTP/1.1" 200 2755
0:0:0:0:0:0:0:1 - - [23/Jul/2024:12:41:40 +0530] "GET /sales/getChartData?year=2024-25&zone=West&bde=Aravind HTTP/1.1" 200 462
0:0:0:0:0:0:0:1 - - [23/Jul/2024:12:41:43 +0530] "GET /sales/yearBudgets?year=2025-26&zone=West&bde=Aravind HTTP/1.1" 500 129
127.0.0.1 - - [23/Jul/2024:12:41:43 +0530] "POST /salesCore/getDashboardData HTTP/1.1" 200 2755
0:0:0:0:0:0:0:1 - - [23/Jul/2024:12:41:43 +0530] "GET /sales/getChartData?year=2025-26&zone=West&bde=Aravind HTTP/1.1" 200 462
0:0:0:0:0:0:0:1 - - [23/Jul/2024:12:41:46 +0530] "GET /sales/yearBudgets?year=2023-24&zone=West&bde=Aravind HTTP/1.1" 500 129
127.0.0.1 - - [23/Jul/2024:12:41:46 +0530] "POST /salesCore/getDashboardData HTTP/1.1" 200 2755
0:0:0:0:0:0:0:1 - - [23/Jul/2024:12:41:46 +0530] "GET /sales/getChartData?year=2023-24&zone=West&bde=Aravind HTTP/1.1" 200 462
0:0:0:0:0:0:0:1 - - [23/Jul/2024:12:41:49 +0530] "GET /sales/yearBudgets?year=2023-24&zone=East&bde=Aravind HTTP/1.1" 500 129
127.0.0.1 - - [23/Jul/2024:12:41:49 +0530] "POST /salesCore/getDashboardData HTTP/1.1" 200 2755
0:0:0:0:0:0:0:1 - - [23/Jul/2024:12:41:49 +0530] "GET /sales/getChartData?year=2023-24&zone=East&bde=Aravind HTTP/1.1" 200 462
0:0:0:0:0:0:0:1 - - [23/Jul/2024:12:41:52 +0530] "GET /sales/yearBudgets?year=2023-24&zone=South&bde=Aravind HTTP/1.1" 500 129
127.0.0.1 - - [23/Jul/2024:12:41:52 +0530] "POST /salesCore/getDashboardData HTTP/1.1" 200 2755
0:0:0:0:0:0:0:1 - - [23/Jul/2024:12:41:52 +0530] "GET /sales/getChartData?year=2023-24&zone=South&bde=Aravind HTTP/1.1" 200 462
0:0:0:0:0:0:0:1 - - [23/Jul/2024:12:41:55 +0530] "GET /sales/yearBudgets?year=2023-24&zone=South&bde=madhu HTTP/1.1" 500 129
127.0.0.1 - - [23/Jul/2024:12:41:55 +0530] "POST /salesCore/getDashboardData HTTP/1.1" 200 2755
0:0:0:0:0:0:0:1 - - [23/Jul/2024:12:41:55 +0530] "GET /sales/getChartData?year=2023-24&zone=South&bde=madhu HTTP/1.1" 200 462
127.0.0.1 - - [23/Jul/2024:12:42:00 +0530] "POST /salesCore/getAllReminders HTTP/1.1" 200 1775
0:0:0:0:0:0:0:1 - - [23/Jul/2024:12:42:00 +0530] "GET /sales/reminderList HTTP/1.1" 200 34434
127.0.0.1 - - [23/Jul/2024:12:42:00 +0530] "POST /salesCore/todayRemindersCount HTTP/1.1" 200 110
127.0.0.1 - - [23/Jul/2024:12:42:00 +0530] "POST /salesCore/getUserReminderDetails HTTP/1.1" 200 1283
0:0:0:0:0:0:0:1 - - [23/Jul/2024:12:42:00 +0530] "POST /sales/todayReminders HTTP/1.1" 200 11
0:0:0:0:0:0:0:1 - - [23/Jul/2024:12:42:00 +0530] "POST /sales/getDueReminders HTTP/1.1" 200 891
0:0:0:0:0:0:0:1 - - [23/Jul/2024:12:42:04 +0530] "GET /sales/logout HTTP/1.1" 302 -
0:0:0:0:0:0:0:1 - - [23/Jul/2024:12:42:04 +0530] "GET /sales/login HTTP/1.1" 200 10532
127.0.0.1 - - [23/Jul/2024:12:42:09 +0530] "POST /salesCore/login HTTP/1.1" 200 656
0:0:0:0:0:0:0:1 - - [23/Jul/2024:12:42:10 +0530] "POST /sales/login HTTP/1.1" 302 -
127.0.0.1 - - [23/Jul/2024:12:42:10 +0530] "POST /salesCore/getAllBudget HTTP/1.1" 200 2883
0:0:0:0:0:0:0:1 - - [23/Jul/2024:12:42:10 +0530] "GET /sales/dashboard HTTP/1.1" 200 35717
0:0:0:0:0:0:0:1 - - [23/Jul/2024:12:42:10 +0530] "GET /sales/yearBudgets HTTP/1.1" 500 129
127.0.0.1 - - [23/Jul/2024:12:42:10 +0530] "POST /salesCore/getDashboardData HTTP/1.1" 200 2755
0:0:0:0:0:0:0:1 - - [23/Jul/2024:12:42:10 +0530] "GET /sales/getChartData HTTP/1.1" 200 462
127.0.0.1 - - [23/Jul/2024:12:42:10 +0530] "POST /salesCore/todayRemindersCount HTTP/1.1" 200 110
127.0.0.1 - - [23/Jul/2024:12:42:10 +0530] "POST /salesCore/getUserReminderDetails HTTP/1.1" 200 1283
0:0:0:0:0:0:0:1 - - [23/Jul/2024:12:42:10 +0530] "POST /sales/todayReminders HTTP/1.1" 200 11
0:0:0:0:0:0:0:1 - - [23/Jul/2024:12:42:10 +0530] "POST /sales/getDueReminders HTTP/1.1" 200 891
127.0.0.1 - - [23/Jul/2024:12:42:20 +0530] "POST /salesCore/getDashboardData HTTP/1.1" 200 2755
0:0:0:0:0:0:0:1 - - [23/Jul/2024:12:42:20 +0530] "GET /sales/getChartData?year=2024-25 HTTP/1.1" 200 462
0:0:0:0:0:0:0:1 - - [23/Jul/2024:12:42:20 +0530] "GET /sales/yearBudgets?year=2024-25 HTTP/1.1" 500 129
0:0:0:0:0:0:0:1 - - [23/Jul/2024:12:42:23 +0530] "GET /sales/yearBudgets?year=2023-24 HTTP/1.1" 500 129
127.0.0.1 - - [23/Jul/2024:12:42:23 +0530] "POST /salesCore/getDashboardData HTTP/1.1" 200 2755
0:0:0:0:0:0:0:1 - - [23/Jul/2024:12:42:23 +0530] "GET /sales/getChartData?year=2023-24 HTTP/1.1" 200 462
0:0:0:0:0:0:0:1 - - [23/Jul/2024:12:42:24 +0530] "GET /sales/yearBudgets?year=2023-24&zone=North HTTP/1.1" 500 129
127.0.0.1 - - [23/Jul/2024:12:42:24 +0530] "POST /salesCore/getDashboardData HTTP/1.1" 200 2755
0:0:0:0:0:0:0:1 - - [23/Jul/2024:12:42:24 +0530] "GET /sales/getChartData?year=2023-24&zone=North HTTP/1.1" 200 462
127.0.0.1 - - [23/Jul/2024:12:43:55 +0530] "POST /salesCore/getAllBudget HTTP/1.1" 200 2883
0:0:0:0:0:0:0:1 - - [23/Jul/2024:12:43:55 +0530] "GET /sales/dashboard HTTP/1.1" 200 35718
0:0:0:0:0:0:0:1 - - [23/Jul/2024:12:43:55 +0530] "GET /sales/yearBudgets HTTP/1.1" 500 129
127.0.0.1 - - [23/Jul/2024:12:43:55 +0530] "POST /salesCore/getAllBudget HTTP/1.1" 200 2883
127.0.0.1 - - [23/Jul/2024:12:43:55 +0530] "POST /salesCore/todayRemindersCount HTTP/1.1" 200 110
0:0:0:0:0:0:0:1 - - [23/Jul/2024:12:43:55 +0530] "GET /sales/dashboard HTTP/1.1" 200 35718
0:0:0:0:0:0:0:1 - - [23/Jul/2024:12:43:55 +0530] "POST /sales/todayReminders HTTP/1.1" 200 11
127.0.0.1 - - [23/Jul/2024:12:43:55 +0530] "POST /salesCore/getDashboardData HTTP/1.1" 200 2755
0:0:0:0:0:0:0:1 - - [23/Jul/2024:12:43:55 +0530] "GET /sales/getChartData HTTP/1.1" 200 462
127.0.0.1 - - [23/Jul/2024:12:43:55 +0530] "POST /salesCore/getUserReminderDetails HTTP/1.1" 200 1283
0:0:0:0:0:0:0:1 - - [23/Jul/2024:12:43:55 +0530] "POST /sales/getDueReminders HTTP/1.1" 200 891
0:0:0:0:0:0:0:1 - - [23/Jul/2024:12:43:56 +0530] "GET /sales/yearBudgets HTTP/1.1" 500 129
127.0.0.1 - - [23/Jul/2024:12:43:56 +0530] "POST /salesCore/todayRemindersCount HTTP/1.1" 200 110
0:0:0:0:0:0:0:1 - - [23/Jul/2024:12:43:56 +0530] "POST /sales/todayReminders HTTP/1.1" 200 11
127.0.0.1 - - [23/Jul/2024:12:43:56 +0530] "POST /salesCore/getDashboardData HTTP/1.1" 200 2755
0:0:0:0:0:0:0:1 - - [23/Jul/2024:12:43:56 +0530] "GET /sales/getChartData HTTP/1.1" 200 462
127.0.0.1 - - [23/Jul/2024:12:43:56 +0530] "POST /salesCore/getUserReminderDetails HTTP/1.1" 200 1283
0:0:0:0:0:0:0:1 - - [23/Jul/2024:12:43:56 +0530] "POST /sales/getDueReminders HTTP/1.1" 200 891
127.0.0.1 - - [23/Jul/2024:12:43:56 +0530] "POST /salesCore/getAllBudget HTTP/1.1" 200 2883
0:0:0:0:0:0:0:1 - - [23/Jul/2024:12:43:56 +0530] "GET /sales/dashboard HTTP/1.1" 200 35718
0:0:0:0:0:0:0:1 - - [23/Jul/2024:12:43:56 +0530] "GET /sales/yearBudgets HTTP/1.1" 500 129
127.0.0.1 - - [23/Jul/2024:12:43:56 +0530] "POST /salesCore/todayRemindersCount HTTP/1.1" 200 110
0:0:0:0:0:0:0:1 - - [23/Jul/2024:12:43:56 +0530] "POST /sales/todayReminders HTTP/1.1" 200 11
127.0.0.1 - - [23/Jul/2024:12:43:56 +0530] "POST /salesCore/getUserReminderDetails HTTP/1.1" 200 1283
127.0.0.1 - - [23/Jul/2024:12:43:56 +0530] "POST /salesCore/getDashboardData HTTP/1.1" 200 2755
0:0:0:0:0:0:0:1 - - [23/Jul/2024:12:43:56 +0530] "GET /sales/getChartData HTTP/1.1" 200 462
0:0:0:0:0:0:0:1 - - [23/Jul/2024:12:43:56 +0530] "POST /sales/getDueReminders HTTP/1.1" 200 891
127.0.0.1 - - [23/Jul/2024:12:43:57 +0530] "POST /salesCore/getAllBudget HTTP/1.1" 200 2883
0:0:0:0:0:0:0:1 - - [23/Jul/2024:12:43:57 +0530] "GET /sales/dashboard HTTP/1.1" 200 35718
0:0:0:0:0:0:0:1 - - [23/Jul/2024:12:43:57 +0530] "GET /sales/yearBudgets HTTP/1.1" 500 129
127.0.0.1 - - [23/Jul/2024:12:43:57 +0530] "POST /salesCore/getUserReminderDetails HTTP/1.1" 200 1283
127.0.0.1 - - [23/Jul/2024:12:43:57 +0530] "POST /salesCore/todayRemindersCount HTTP/1.1" 200 110
0:0:0:0:0:0:0:1 - - [23/Jul/2024:12:43:57 +0530] "POST /sales/todayReminders HTTP/1.1" 200 11
0:0:0:0:0:0:0:1 - - [23/Jul/2024:12:43:57 +0530] "POST /sales/getDueReminders HTTP/1.1" 200 891
127.0.0.1 - - [23/Jul/2024:12:43:57 +0530] "POST /salesCore/getDashboardData HTTP/1.1" 200 2755
0:0:0:0:0:0:0:1 - - [23/Jul/2024:12:43:57 +0530] "GET /sales/getChartData HTTP/1.1" 200 462
127.0.0.1 - - [23/Jul/2024:12:43:57 +0530] "POST /salesCore/getAllBudget HTTP/1.1" 200 2883
0:0:0:0:0:0:0:1 - - [23/Jul/2024:12:43:57 +0530] "GET /sales/dashboard HTTP/1.1" 200 35718
0:0:0:0:0:0:0:1 - - [23/Jul/2024:12:43:57 +0530] "GET /sales/yearBudgets HTTP/1.1" 500 129
127.0.0.1 - - [23/Jul/2024:12:43:57 +0530] "POST /salesCore/todayRemindersCount HTTP/1.1" 200 110
127.0.0.1 - - [23/Jul/2024:12:43:57 +0530] "POST /salesCore/getUserReminderDetails HTTP/1.1" 200 1283
0:0:0:0:0:0:0:1 - - [23/Jul/2024:12:43:57 +0530] "POST /sales/todayReminders HTTP/1.1" 200 11
0:0:0:0:0:0:0:1 - - [23/Jul/2024:12:43:57 +0530] "POST /sales/getDueReminders HTTP/1.1" 200 891
127.0.0.1 - - [23/Jul/2024:12:43:57 +0530] "POST /salesCore/getDashboardData HTTP/1.1" 200 2755
0:0:0:0:0:0:0:1 - - [23/Jul/2024:12:43:57 +0530] "GET /sales/getChartData HTTP/1.1" 200 462
127.0.0.1 - - [23/Jul/2024:12:44:02 +0530] "POST /salesCore/getAllBudget HTTP/1.1" 200 2883
0:0:0:0:0:0:0:1 - - [23/Jul/2024:12:44:03 +0530] "GET /sales/dashboard HTTP/1.1" 200 35718
0:0:0:0:0:0:0:1 - - [23/Jul/2024:12:44:03 +0530] "GET /sales/yearBudgets HTTP/1.1" 500 129
127.0.0.1 - - [23/Jul/2024:12:44:03 +0530] "POST /salesCore/todayRemindersCount HTTP/1.1" 200 110
127.0.0.1 - - [23/Jul/2024:12:44:03 +0530] "POST /salesCore/getDashboardData HTTP/1.1" 200 2755
127.0.0.1 - - [23/Jul/2024:12:44:03 +0530] "POST /salesCore/getUserReminderDetails HTTP/1.1" 200 1283
0:0:0:0:0:0:0:1 - - [23/Jul/2024:12:44:03 +0530] "POST /sales/todayReminders HTTP/1.1" 200 11
0:0:0:0:0:0:0:1 - - [23/Jul/2024:12:44:03 +0530] "GET /sales/getChartData HTTP/1.1" 200 462
0:0:0:0:0:0:0:1 - - [23/Jul/2024:12:44:03 +0530] "POST /sales/getDueReminders HTTP/1.1" 200 891
0:0:0:0:0:0:0:1 - - [23/Jul/2024:12:44:09 +0530] "GET /sales/yearBudgets?year=2024-25 HTTP/1.1" 500 129
127.0.0.1 - - [23/Jul/2024:12:44:09 +0530] "POST /salesCore/getDashboardData HTTP/1.1" 200 2755
0:0:0:0:0:0:0:1 - - [23/Jul/2024:12:44:09 +0530] "GET /sales/getChartData?year=2024-25 HTTP/1.1" 200 462
0:0:0:0:0:0:0:1 - - [23/Jul/2024:12:44:11 +0530] "GET /sales/yearBudgets?year=2025-26 HTTP/1.1" 500 129
127.0.0.1 - - [23/Jul/2024:12:44:11 +0530] "POST /salesCore/getDashboardData HTTP/1.1" 200 2755
0:0:0:0:0:0:0:1 - - [23/Jul/2024:12:44:11 +0530] "GET /sales/getChartData?year=2025-26 HTTP/1.1" 200 462
0:0:0:0:0:0:0:1 - - [23/Jul/2024:12:44:14 +0530] "GET /sales/yearBudgets?year=2025-26&zone=West HTTP/1.1" 500 129
127.0.0.1 - - [23/Jul/2024:12:44:14 +0530] "POST /salesCore/getDashboardData HTTP/1.1" 200 2755
0:0:0:0:0:0:0:1 - - [23/Jul/2024:12:44:14 +0530] "GET /sales/getChartData?year=2025-26&zone=West HTTP/1.1" 200 462
0:0:0:0:0:0:0:1 - - [23/Jul/2024:12:44:15 +0530] "GET /sales/yearBudgets?year=2025-26&zone=North HTTP/1.1" 500 129
127.0.0.1 - - [23/Jul/2024:12:44:15 +0530] "POST /salesCore/getDashboardData HTTP/1.1" 200 2755
0:0:0:0:0:0:0:1 - - [23/Jul/2024:12:44:15 +0530] "GET /sales/getChartData?year=2025-26&zone=North HTTP/1.1" 200 462
0:0:0:0:0:0:0:1 - - [23/Jul/2024:12:44:17 +0530] "GET /sales/yearBudgets?year=2025-26&zone=North&bde=madhu HTTP/1.1" 500 129
127.0.0.1 - - [23/Jul/2024:12:44:17 +0530] "POST /salesCore/getDashboardData HTTP/1.1" 200 2755
0:0:0:0:0:0:0:1 - - [23/Jul/2024:12:44:18 +0530] "GET /sales/getChartData?year=2025-26&zone=North&bde=madhu HTTP/1.1" 200 462
0:0:0:0:0:0:0:1 - - [23/Jul/2024:12:49:54 +0530] "GET /sales/yearBudgets?year=2024-25&zone=North&bde=madhu HTTP/1.1" 500 129
127.0.0.1 - - [23/Jul/2024:12:49:54 +0530] "POST /salesCore/getDashboardData HTTP/1.1" 200 2755
0:0:0:0:0:0:0:1 - - [23/Jul/2024:12:49:54 +0530] "GET /sales/getChartData?year=2024-25&zone=North&bde=madhu HTTP/1.1" 200 462
127.0.0.1 - - [23/Jul/2024:12:49:57 +0530] "POST /salesCore/getDashboardData HTTP/1.1" 200 2755
0:0:0:0:0:0:0:1 - - [23/Jul/2024:12:49:57 +0530] "GET /sales/getChartData?year=2023-24&zone=North&bde=madhu HTTP/1.1" 200 462
0:0:0:0:0:0:0:1 - - [23/Jul/2024:12:49:57 +0530] "GET /sales/yearBudgets?year=2023-24&zone=North&bde=madhu HTTP/1.1" 500 129
0:0:0:0:0:0:0:1 - - [23/Jul/2024:12:49:58 +0530] "GET /sales/yearBudgets?year=2025-26&zone=North&bde=madhu HTTP/1.1" 500 129
127.0.0.1 - - [23/Jul/2024:12:49:58 +0530] "POST /salesCore/getDashboardData HTTP/1.1" 200 2755
0:0:0:0:0:0:0:1 - - [23/Jul/2024:12:49:58 +0530] "GET /sales/getChartData?year=2025-26&zone=North&bde=madhu HTTP/1.1" 200 462
0:0:0:0:0:0:0:1 - - [23/Jul/2024:12:50:01 +0530] "GET /sales/yearBudgets?year=2025-26&zone=East&bde=madhu HTTP/1.1" 500 129
127.0.0.1 - - [23/Jul/2024:12:50:01 +0530] "POST /salesCore/getDashboardData HTTP/1.1" 200 2755
0:0:0:0:0:0:0:1 - - [23/Jul/2024:12:50:01 +0530] "GET /sales/getChartData?year=2025-26&zone=East&bde=madhu HTTP/1.1" 200 462
0:0:0:0:0:0:0:1 - - [23/Jul/2024:12:50:02 +0530] "GET /sales/yearBudgets?year=2025-26&zone=East&bde=Aravind HTTP/1.1" 500 129
127.0.0.1 - - [23/Jul/2024:12:50:02 +0530] "POST /salesCore/getDashboardData HTTP/1.1" 200 2755
0:0:0:0:0:0:0:1 - - [23/Jul/2024:12:50:02 +0530] "GET /sales/getChartData?year=2025-26&zone=East&bde=Aravind HTTP/1.1" 200 462
0:0:0:0:0:0:0:1 - - [23/Jul/2024:12:50:03 +0530] "GET /sales/yearBudgets?year=2025-26&zone=North&bde=Aravind HTTP/1.1" 500 129
127.0.0.1 - - [23/Jul/2024:12:50:03 +0530] "POST /salesCore/getDashboardData HTTP/1.1" 200 2755
0:0:0:0:0:0:0:1 - - [23/Jul/2024:12:50:03 +0530] "GET /sales/getChartData?year=2025-26&zone=North&bde=Aravind HTTP/1.1" 200 462
0:0:0:0:0:0:0:1 - - [23/Jul/2024:12:50:08 +0530] "GET /sales/yearBudgets?year=2024-25&zone=North&bde=Aravind HTTP/1.1" 500 129
127.0.0.1 - - [23/Jul/2024:12:50:08 +0530] "POST /salesCore/getDashboardData HTTP/1.1" 200 2755
0:0:0:0:0:0:0:1 - - [23/Jul/2024:12:50:08 +0530] "GET /sales/getChartData?year=2024-25&zone=North&bde=Aravind HTTP/1.1" 200 462
0:0:0:0:0:0:0:1 - - [23/Jul/2024:12:50:11 +0530] "GET /sales/yearBudgets?year=2023-24&zone=North&bde=Aravind HTTP/1.1" 500 129
127.0.0.1 - - [23/Jul/2024:12:50:11 +0530] "POST /salesCore/getDashboardData HTTP/1.1" 200 2755
0:0:0:0:0:0:0:1 - - [23/Jul/2024:12:50:12 +0530] "GET /sales/getChartData?year=2023-24&zone=North&bde=Aravind HTTP/1.1" 200 462
127.0.0.1 - - [23/Jul/2024:12:50:13 +0530] "POST /salesCore/getAllBudget HTTP/1.1" 200 2883
0:0:0:0:0:0:0:1 - - [23/Jul/2024:12:50:13 +0530] "GET /sales/dashboard HTTP/1.1" 200 35718
127.0.0.1 - - [23/Jul/2024:12:50:13 +0530] "POST /salesCore/todayRemindersCount HTTP/1.1" 200 110
0:0:0:0:0:0:0:1 - - [23/Jul/2024:12:50:13 +0530] "POST /sales/todayReminders HTTP/1.1" 200 11
127.0.0.1 - - [23/Jul/2024:12:50:13 +0530] "POST /salesCore/getUserReminderDetails HTTP/1.1" 200 1283
0:0:0:0:0:0:0:1 - - [23/Jul/2024:12:50:13 +0530] "POST /sales/getDueReminders HTTP/1.1" 200 891
127.0.0.1 - - [23/Jul/2024:12:50:13 +0530] "POST /salesCore/getDashboardData HTTP/1.1" 200 2755
0:0:0:0:0:0:0:1 - - [23/Jul/2024:12:50:13 +0530] "GET /sales/getChartData HTTP/1.1" 200 462
0:0:0:0:0:0:0:1 - - [23/Jul/2024:12:50:13 +0530] "GET /sales/yearBudgets HTTP/1.1" 500 129
0:0:0:0:0:0:0:1 - - [23/Jul/2024:12:50:59 +0530] "GET /sales/yearBudgets?bde=madhu HTTP/1.1" 500 129
127.0.0.1 - - [23/Jul/2024:12:50:59 +0530] "POST /salesCore/getDashboardData HTTP/1.1" 200 2755
0:0:0:0:0:0:0:1 - - [23/Jul/2024:12:50:59 +0530] "GET /sales/getChartData?bde=madhu HTTP/1.1" 200 462
0:0:0:0:0:0:0:1 - - [23/Jul/2024:12:51:02 +0530] "GET /sales/yearBudgets?zone=West&bde=madhu HTTP/1.1" 500 129
127.0.0.1 - - [23/Jul/2024:12:51:02 +0530] "POST /salesCore/getDashboardData HTTP/1.1" 200 2755
0:0:0:0:0:0:0:1 - - [23/Jul/2024:12:51:02 +0530] "GET /sales/getChartData?zone=West&bde=madhu HTTP/1.1" 200 462
127.0.0.1 - - [23/Jul/2024:12:51:04 +0530] "POST /salesCore/getDashboardData HTTP/1.1" 200 2755
0:0:0:0:0:0:0:1 - - [23/Jul/2024:12:51:04 +0530] "GET /sales/getChartData?zone=South&bde=madhu HTTP/1.1" 200 462
0:0:0:0:0:0:0:1 - - [23/Jul/2024:12:51:04 +0530] "GET /sales/yearBudgets?zone=South&bde=madhu HTTP/1.1" 500 129
0:0:0:0:0:0:0:1 - - [23/Jul/2024:13:08:00 +0530] "GET /sales/yearBudgets?zone=North&bde=madhu HTTP/1.1" 500 129
127.0.0.1 - - [23/Jul/2024:13:08:00 +0530] "POST /salesCore/getDashboardData HTTP/1.1" 200 2755
0:0:0:0:0:0:0:1 - - [23/Jul/2024:13:08:00 +0530] "GET /sales/getChartData?zone=North&bde=madhu HTTP/1.1" 200 462
127.0.0.1 - - [23/Jul/2024:13:08:02 +0530] "POST /salesCore/getDashboardData HTTP/1.1" 200 2755
0:0:0:0:0:0:0:1 - - [23/Jul/2024:13:08:02 +0530] "GET /sales/getChartData?zone=East&bde=madhu HTTP/1.1" 200 462
0:0:0:0:0:0:0:1 - - [23/Jul/2024:13:08:02 +0530] "GET /sales/yearBudgets?zone=East&bde=madhu HTTP/1.1" 500 129
0:0:0:0:0:0:0:1 - - [23/Jul/2024:13:10:58 +0530] "GET /sales/yearBudgets?zone=East&bde=Aravind HTTP/1.1" 500 129
127.0.0.1 - - [23/Jul/2024:13:10:58 +0530] "POST /salesCore/getDashboardData HTTP/1.1" 200 2755
0:0:0:0:0:0:0:1 - - [23/Jul/2024:13:10:58 +0530] "GET /sales/getChartData?zone=East&bde=Aravind HTTP/1.1" 200 462
0:0:0:0:0:0:0:1 - - [23/Jul/2024:13:11:02 +0530] "GET /sales/yearBudgets?zone=East&bde=madhu HTTP/1.1" 500 129
127.0.0.1 - - [23/Jul/2024:13:11:02 +0530] "POST /salesCore/getDashboardData HTTP/1.1" 200 2755
0:0:0:0:0:0:0:1 - - [23/Jul/2024:13:11:02 +0530] "GET /sales/getChartData?zone=East&bde=madhu HTTP/1.1" 200 462
0:0:0:0:0:0:0:1 - - [23/Jul/2024:13:11:04 +0530] "GET /sales/yearBudgets?zone=North&bde=madhu HTTP/1.1" 500 129
127.0.0.1 - - [23/Jul/2024:13:11:04 +0530] "POST /salesCore/getDashboardData HTTP/1.1" 200 2755
0:0:0:0:0:0:0:1 - - [23/Jul/2024:13:11:04 +0530] "GET /sales/getChartData?zone=North&bde=madhu HTTP/1.1" 200 462
0:0:0:0:0:0:0:1 - - [23/Jul/2024:13:46:32 +0530] "GET /sales/getChartData?zone=East&bde=madhu HTTP/1.1" 302 -
0:0:0:0:0:0:0:1 - - [23/Jul/2024:13:46:32 +0530] "GET /sales/yearBudgets?zone=East&bde=madhu HTTP/1.1" 302 -
0:0:0:0:0:0:0:1 - - [23/Jul/2024:13:46:32 +0530] "GET /sales/login HTTP/1.1" 200 10532
0:0:0:0:0:0:0:1 - - [23/Jul/2024:13:46:32 +0530] "GET /sales/login HTTP/1.1" 200 10532
0:0:0:0:0:0:0:1 - - [23/Jul/2024:13:46:34 +0530] "GET /sales/getChartData?zone=East&bde=Aravind HTTP/1.1" 302 -
0:0:0:0:0:0:0:1 - - [23/Jul/2024:13:46:34 +0530] "GET /sales/yearBudgets?zone=East&bde=Aravind HTTP/1.1" 302 -
0:0:0:0:0:0:0:1 - - [23/Jul/2024:13:46:34 +0530] "GET /sales/login HTTP/1.1" 200 10532
0:0:0:0:0:0:0:1 - - [23/Jul/2024:13:46:34 +0530] "GET /sales/login HTTP/1.1" 200 10532
0:0:0:0:0:0:0:1 - - [23/Jul/2024:14:48:44 +0530] "GET /sales/dashboard HTTP/1.1" 302 -
0:0:0:0:0:0:0:1 - - [23/Jul/2024:14:48:44 +0530] "GET /sales/login HTTP/1.1" 200 10532
127.0.0.1 - - [23/Jul/2024:14:48:50 +0530] "POST /salesCore/login HTTP/1.1" 200 656
0:0:0:0:0:0:0:1 - - [23/Jul/2024:14:48:51 +0530] "POST /sales/login HTTP/1.1" 302 -
127.0.0.1 - - [23/Jul/2024:14:48:51 +0530] "POST /salesCore/getAllBudget HTTP/1.1" 200 2883
0:0:0:0:0:0:0:1 - - [23/Jul/2024:14:48:51 +0530] "GET /sales/dashboard HTTP/1.1" 200 35718
0:0:0:0:0:0:0:1 - - [23/Jul/2024:14:48:51 +0530] "GET /sales/yearBudgets HTTP/1.1" 500 129
127.0.0.1 - - [23/Jul/2024:14:48:51 +0530] "POST /salesCore/todayRemindersCount HTTP/1.1" 200 110
127.0.0.1 - - [23/Jul/2024:14:48:51 +0530] "POST /salesCore/getUserReminderDetails HTTP/1.1" 200 1283
0:0:0:0:0:0:0:1 - - [23/Jul/2024:14:48:51 +0530] "POST /sales/todayReminders HTTP/1.1" 200 11
0:0:0:0:0:0:0:1 - - [23/Jul/2024:14:48:51 +0530] "POST /sales/getDueReminders HTTP/1.1" 200 891
127.0.0.1 - - [23/Jul/2024:14:48:51 +0530] "POST /salesCore/getDashboardData HTTP/1.1" 200 2755
0:0:0:0:0:0:0:1 - - [23/Jul/2024:14:48:51 +0530] "GET /sales/getChartData HTTP/1.1" 200 462
127.0.0.1 - - [23/Jul/2024:14:54:32 +0530] "POST /salesCore/getAllBudget HTTP/1.1" 200 2883
0:0:0:0:0:0:0:1 - - [23/Jul/2024:14:54:32 +0530] "GET /sales/dashboard HTTP/1.1" 200 35718
0:0:0:0:0:0:0:1 - - [23/Jul/2024:14:54:32 +0530] "GET /sales/yearBudgets HTTP/1.1" 500 129
127.0.0.1 - - [23/Jul/2024:14:54:32 +0530] "POST /salesCore/todayRemindersCount HTTP/1.1" 200 110
0:0:0:0:0:0:0:1 - - [23/Jul/2024:14:54:32 +0530] "POST /sales/todayReminders HTTP/1.1" 200 11
127.0.0.1 - - [23/Jul/2024:14:54:32 +0530] "POST /salesCore/getUserReminderDetails HTTP/1.1" 200 1283
0:0:0:0:0:0:0:1 - - [23/Jul/2024:14:54:32 +0530] "POST /sales/getDueReminders HTTP/1.1" 200 891
127.0.0.1 - - [23/Jul/2024:14:54:32 +0530] "POST /salesCore/getDashboardData HTTP/1.1" 200 2755
0:0:0:0:0:0:0:1 - - [23/Jul/2024:14:54:32 +0530] "GET /sales/getChartData HTTP/1.1" 200 462
0:0:0:0:0:0:0:1 - - [23/Jul/2024:14:56:09 +0530] "GET /sales/yearBudgets?zone=North HTTP/1.1" 500 129
127.0.0.1 - - [23/Jul/2024:14:56:10 +0530] "POST /salesCore/getDashboardData HTTP/1.1" 200 2755
0:0:0:0:0:0:0:1 - - [23/Jul/2024:14:56:10 +0530] "GET /sales/getChartData?zone=North HTTP/1.1" 200 462
127.0.0.1 - - [23/Jul/2024:15:08:23 +0530] "POST /salesCore/getAllBudget HTTP/1.1" 200 2883
0:0:0:0:0:0:0:1 - - [23/Jul/2024:15:08:24 +0530] "GET /sales/dashboard HTTP/1.1" 200 35711
127.0.0.1 - - [23/Jul/2024:15:08:24 +0530] "POST /salesCore/todayRemindersCount HTTP/1.1" 200 110
0:0:0:0:0:0:0:1 - - [23/Jul/2024:15:08:24 +0530] "POST /sales/todayReminders HTTP/1.1" 200 11
127.0.0.1 - - [23/Jul/2024:15:08:24 +0530] "POST /salesCore/getUserReminderDetails HTTP/1.1" 200 1283
0:0:0:0:0:0:0:1 - - [23/Jul/2024:15:08:24 +0530] "POST /sales/getDueReminders HTTP/1.1" 200 891
0:0:0:0:0:0:0:1 - - [23/Jul/2024:15:08:24 +0530] "GET /sales/yearBudgets HTTP/1.1" 500 129
127.0.0.1 - - [23/Jul/2024:15:08:24 +0530] "POST /salesCore/getDashboardData HTTP/1.1" 200 2755
0:0:0:0:0:0:0:1 - - [23/Jul/2024:15:08:24 +0530] "GET /sales/getChartData HTTP/1.1" 200 462
127.0.0.1 - - [23/Jul/2024:15:08:29 +0530] "POST /salesCore/getYearBudgets HTTP/1.1" 200 110
127.0.0.1 - - [23/Jul/2024:15:08:29 +0530] "POST /salesCore/getDashboardData HTTP/1.1" 200 367
0:0:0:0:0:0:0:1 - - [23/Jul/2024:15:08:29 +0530] "GET /sales/getChartData?year%5B%5D=2023-24 HTTP/1.1" 200 440
0:0:0:0:0:0:0:1 - - [23/Jul/2024:15:08:29 +0530] "GET /sales/yearBudgets?year%5B%5D=2023-24 HTTP/1.1" 200 12
0:0:0:0:0:0:0:1 - - [23/Jul/2024:15:08:32 +0530] "GET /sales/yearBudgets HTTP/1.1" 500 129
127.0.0.1 - - [23/Jul/2024:15:08:32 +0530] "POST /salesCore/getDashboardData HTTP/1.1" 200 2755
0:0:0:0:0:0:0:1 - - [23/Jul/2024:15:08:32 +0530] "GET /sales/getChartData HTTP/1.1" 200 462
127.0.0.1 - - [23/Jul/2024:15:08:33 +0530] "POST /salesCore/getDashboardData HTTP/1.1" 200 2755
127.0.0.1 - - [23/Jul/2024:15:08:33 +0530] "POST /salesCore/getYearBudgets HTTP/1.1" 200 2883
0:0:0:0:0:0:0:1 - - [23/Jul/2024:15:08:33 +0530] "GET /sales/getChartData?year%5B%5D=2024-25 HTTP/1.1" 200 462
0:0:0:0:0:0:0:1 - - [23/Jul/2024:15:08:33 +0530] "GET /sales/yearBudgets?year%5B%5D=2024-25 HTTP/1.1" 200 2083
0:0:0:0:0:0:0:1 - - [23/Jul/2024:15:08:37 +0530] "GET /sales/yearBudgets HTTP/1.1" 500 129
127.0.0.1 - - [23/Jul/2024:15:08:37 +0530] "POST /salesCore/getDashboardData HTTP/1.1" 200 2755
0:0:0:0:0:0:0:1 - - [23/Jul/2024:15:08:37 +0530] "GET /sales/getChartData HTTP/1.1" 200 462
127.0.0.1 - - [23/Jul/2024:15:08:38 +0530] "POST /salesCore/getYearBudgets HTTP/1.1" 200 110
127.0.0.1 - - [23/Jul/2024:15:08:38 +0530] "POST /salesCore/getDashboardData HTTP/1.1" 200 367
0:0:0:0:0:0:0:1 - - [23/Jul/2024:15:08:38 +0530] "GET /sales/getChartData?year%5B%5D=2025-26 HTTP/1.1" 200 392
0:0:0:0:0:0:0:1 - - [23/Jul/2024:15:08:38 +0530] "GET /sales/yearBudgets?year%5B%5D=2025-26 HTTP/1.1" 200 12
0:0:0:0:0:0:0:1 - - [23/Jul/2024:15:08:41 +0530] "GET /sales/yearBudgets HTTP/1.1" 500 129
127.0.0.1 - - [23/Jul/2024:15:08:41 +0530] "POST /salesCore/getDashboardData HTTP/1.1" 200 2755
0:0:0:0:0:0:0:1 - - [23/Jul/2024:15:08:41 +0530] "GET /sales/getChartData HTTP/1.1" 200 462
127.0.0.1 - - [23/Jul/2024:15:08:42 +0530] "POST /salesCore/getDashboardData HTTP/1.1" 200 2755
127.0.0.1 - - [23/Jul/2024:15:08:42 +0530] "POST /salesCore/getYearBudgets HTTP/1.1" 200 2883
0:0:0:0:0:0:0:1 - - [23/Jul/2024:15:08:42 +0530] "GET /sales/getChartData?year%5B%5D=2024-25 HTTP/1.1" 200 462
0:0:0:0:0:0:0:1 - - [23/Jul/2024:15:08:42 +0530] "GET /sales/yearBudgets?year%5B%5D=2024-25 HTTP/1.1" 200 2083
127.0.0.1 - - [23/Jul/2024:15:08:48 +0530] "POST /salesCore/getYearBudgets HTTP/1.1" 200 110
127.0.0.1 - - [23/Jul/2024:15:08:48 +0530] "POST /salesCore/getDashboardData HTTP/1.1" 200 367
0:0:0:0:0:0:0:1 - - [23/Jul/2024:15:08:48 +0530] "GET /sales/getChartData?year%5B%5D=2024-25&zone%5B%5D=East HTTP/1.1" 200 428
0:0:0:0:0:0:0:1 - - [23/Jul/2024:15:08:48 +0530] "GET /sales/yearBudgets?year%5B%5D=2024-25&zone%5B%5D=East HTTP/1.1" 200 12
127.0.0.1 - - [23/Jul/2024:15:08:51 +0530] "POST /salesCore/getYearBudgets HTTP/1.1" 200 2883
127.0.0.1 - - [23/Jul/2024:15:08:51 +0530] "POST /salesCore/getDashboardData HTTP/1.1" 200 2755
0:0:0:0:0:0:0:1 - - [23/Jul/2024:15:08:51 +0530] "GET /sales/getChartData?year%5B%5D=2024-25 HTTP/1.1" 200 462
0:0:0:0:0:0:0:1 - - [23/Jul/2024:15:08:51 +0530] "GET /sales/yearBudgets?year%5B%5D=2024-25 HTTP/1.1" 200 2083
127.0.0.1 - - [23/Jul/2024:15:08:52 +0530] "POST /salesCore/getDashboardData HTTP/1.1" 200 367
127.0.0.1 - - [23/Jul/2024:15:08:52 +0530] "POST /salesCore/getYearBudgets HTTP/1.1" 200 110
0:0:0:0:0:0:0:1 - - [23/Jul/2024:15:08:52 +0530] "GET /sales/getChartData?year%5B%5D=2024-25&zone%5B%5D=West HTTP/1.1" 200 428
0:0:0:0:0:0:0:1 - - [23/Jul/2024:15:08:52 +0530] "GET /sales/yearBudgets?year%5B%5D=2024-25&zone%5B%5D=West HTTP/1.1" 200 12
127.0.0.1 - - [23/Jul/2024:15:08:56 +0530] "POST /salesCore/getYearBudgets HTTP/1.1" 200 2883
127.0.0.1 - - [23/Jul/2024:15:08:56 +0530] "POST /salesCore/getDashboardData HTTP/1.1" 200 2755
0:0:0:0:0:0:0:1 - - [23/Jul/2024:15:08:56 +0530] "GET /sales/yearBudgets?year%5B%5D=2024-25 HTTP/1.1" 200 2083
0:0:0:0:0:0:0:1 - - [23/Jul/2024:15:08:56 +0530] "GET /sales/getChartData?year%5B%5D=2024-25 HTTP/1.1" 200 462
127.0.0.1 - - [23/Jul/2024:15:08:57 +0530] "POST /salesCore/getYearBudgets HTTP/1.1" 200 2883
0:0:0:0:0:0:0:1 - - [23/Jul/2024:15:08:57 +0530] "GET /sales/yearBudgets?year%5B%5D=2024-25&zone%5B%5D=North HTTP/1.1" 200 2083
127.0.0.1 - - [23/Jul/2024:15:08:57 +0530] "POST /salesCore/getDashboardData HTTP/1.1" 200 2755
0:0:0:0:0:0:0:1 - - [23/Jul/2024:15:08:57 +0530] "GET /sales/getChartData?year%5B%5D=2024-25&zone%5B%5D=North HTTP/1.1" 200 450
127.0.0.1 - - [23/Jul/2024:15:09:01 +0530] "POST /salesCore/getYearBudgets HTTP/1.1" 200 2883
127.0.0.1 - - [23/Jul/2024:15:09:01 +0530] "POST /salesCore/getDashboardData HTTP/1.1" 200 2755
0:0:0:0:0:0:0:1 - - [23/Jul/2024:15:09:01 +0530] "GET /sales/getChartData?year%5B%5D=2024-25 HTTP/1.1" 200 462
0:0:0:0:0:0:0:1 - - [23/Jul/2024:15:09:01 +0530] "GET /sales/yearBudgets?year%5B%5D=2024-25 HTTP/1.1" 200 2083
127.0.0.1 - - [23/Jul/2024:15:09:02 +0530] "POST /salesCore/getDashboardData HTTP/1.1" 200 367
0:0:0:0:0:0:0:1 - - [23/Jul/2024:15:09:02 +0530] "GET /sales/getChartData?year%5B%5D=2024-25&zone%5B%5D=South HTTP/1.1" 200 440
127.0.0.1 - - [23/Jul/2024:15:09:02 +0530] "POST /salesCore/getYearBudgets HTTP/1.1" 200 110
0:0:0:0:0:0:0:1 - - [23/Jul/2024:15:09:02 +0530] "GET /sales/yearBudgets?year%5B%5D=2024-25&zone%5B%5D=South HTTP/1.1" 200 12
127.0.0.1 - - [23/Jul/2024:15:09:31 +0530] "POST /salesCore/getAllLeadDetails HTTP/1.1" 200 3567
0:0:0:0:0:0:0:1 - - [23/Jul/2024:15:09:31 +0530] "GET /sales/leadList HTTP/1.1" 200 24587
127.0.0.1 - - [23/Jul/2024:15:09:31 +0530] "POST /salesCore/getUserReminderDetails HTTP/1.1" 200 1283
127.0.0.1 - - [23/Jul/2024:15:09:31 +0530] "POST /salesCore/todayRemindersCount HTTP/1.1" 200 110
0:0:0:0:0:0:0:1 - - [23/Jul/2024:15:09:31 +0530] "POST /sales/todayReminders HTTP/1.1" 200 11
0:0:0:0:0:0:0:1 - - [23/Jul/2024:15:09:31 +0530] "POST /sales/getDueReminders HTTP/1.1" 200 891
127.0.0.1 - - [23/Jul/2024:15:09:34 +0530] "POST /salesCore/getClientDetailsbyid HTTP/1.1" 200 1111
0:0:0:0:0:0:0:1 - - [23/Jul/2024:15:09:34 +0530] "GET /sales/clientList HTTP/1.1" 200 19345
127.0.0.1 - - [23/Jul/2024:15:09:34 +0530] "POST /salesCore/getUserReminderDetails HTTP/1.1" 200 1283
127.0.0.1 - - [23/Jul/2024:15:09:34 +0530] "POST /salesCore/todayRemindersCount HTTP/1.1" 200 110
0:0:0:0:0:0:0:1 - - [23/Jul/2024:15:09:34 +0530] "POST /sales/getDueReminders HTTP/1.1" 200 891
0:0:0:0:0:0:0:1 - - [23/Jul/2024:15:09:34 +0530] "POST /sales/todayReminders HTTP/1.1" 200 11
127.0.0.1 - - [23/Jul/2024:15:09:42 +0530] "POST /salesCore/getAllLeadDetails HTTP/1.1" 200 3567
0:0:0:0:0:0:0:1 - - [23/Jul/2024:15:09:42 +0530] "GET /sales/leadList HTTP/1.1" 200 24587
127.0.0.1 - - [23/Jul/2024:15:09:42 +0530] "POST /salesCore/todayRemindersCount HTTP/1.1" 200 110
127.0.0.1 - - [23/Jul/2024:15:09:42 +0530] "POST /salesCore/getUserReminderDetails HTTP/1.1" 200 1283
0:0:0:0:0:0:0:1 - - [23/Jul/2024:15:09:42 +0530] "POST /sales/getDueReminders HTTP/1.1" 200 891
0:0:0:0:0:0:0:1 - - [23/Jul/2024:15:09:42 +0530] "POST /sales/todayReminders HTTP/1.1" 200 11
127.0.0.1 - - [23/Jul/2024:15:10:06 +0530] "POST /salesCore/getLeadDetails HTTP/1.1" 200 983
127.0.0.1 - - [23/Jul/2024:15:10:06 +0530] "POST /salesCore/getLeadTrack HTTP/1.1" 200 1347
127.0.0.1 - - [23/Jul/2024:15:10:06 +0530] "POST /salesCore/all-Leadstatus HTTP/1.1" 200 431
127.0.0.1 - - [23/Jul/2024:15:10:06 +0530] "POST /salesCore/getAllProjectType HTTP/1.1" 200 194
0:0:0:0:0:0:0:1 - - [23/Jul/2024:15:10:06 +0530] "GET /sales/editleads?id=17 HTTP/1.1" 200 23675
127.0.0.1 - - [23/Jul/2024:15:10:07 +0530] "POST /salesCore/todayRemindersCount HTTP/1.1" 200 110
0:0:0:0:0:0:0:1 - - [23/Jul/2024:15:10:07 +0530] "POST /sales/todayReminders HTTP/1.1" 200 11
127.0.0.1 - - [23/Jul/2024:15:10:07 +0530] "POST /salesCore/getUserReminderDetails HTTP/1.1" 200 1283
0:0:0:0:0:0:0:1 - - [23/Jul/2024:15:10:07 +0530] "POST /sales/getDueReminders HTTP/1.1" 200 891
127.0.0.1 - - [23/Jul/2024:15:10:43 +0530] "POST /salesCore/getAllBudget HTTP/1.1" 200 2883
0:0:0:0:0:0:0:1 - - [23/Jul/2024:15:10:43 +0530] "GET /sales/dashboard HTTP/1.1" 200 35711
0:0:0:0:0:0:0:1 - - [23/Jul/2024:15:10:43 +0530] "GET /sales/yearBudgets HTTP/1.1" 500 129
127.0.0.1 - - [23/Jul/2024:15:10:43 +0530] "POST /salesCore/todayRemindersCount HTTP/1.1" 200 110
127.0.0.1 - - [23/Jul/2024:15:10:43 +0530] "POST /salesCore/getUserReminderDetails HTTP/1.1" 200 1283
127.0.0.1 - - [23/Jul/2024:15:10:43 +0530] "POST /salesCore/getDashboardData HTTP/1.1" 200 2755
0:0:0:0:0:0:0:1 - - [23/Jul/2024:15:10:43 +0530] "POST /sales/getDueReminders HTTP/1.1" 200 891
0:0:0:0:0:0:0:1 - - [23/Jul/2024:15:10:43 +0530] "POST /sales/todayReminders HTTP/1.1" 200 11
0:0:0:0:0:0:0:1 - - [23/Jul/2024:15:10:43 +0530] "GET /sales/getChartData HTTP/1.1" 200 462
127.0.0.1 - - [23/Jul/2024:15:12:24 +0530] "POST /salesCore/getAllBudget HTTP/1.1" 200 2883
0:0:0:0:0:0:0:1 - - [23/Jul/2024:15:12:24 +0530] "GET /sales/dashboard HTTP/1.1" 200 35713
127.0.0.1 - - [23/Jul/2024:15:12:24 +0530] "POST /salesCore/todayRemindersCount HTTP/1.1" 200 110
0:0:0:0:0:0:0:1 - - [23/Jul/2024:15:12:24 +0530] "POST /sales/todayReminders HTTP/1.1" 200 11
0:0:0:0:0:0:0:1 - - [23/Jul/2024:15:12:24 +0530] "GET /sales/yearBudgets HTTP/1.1" 500 129
127.0.0.1 - - [23/Jul/2024:15:12:24 +0530] "POST /salesCore/getDashboardData HTTP/1.1" 200 2755
0:0:0:0:0:0:0:1 - - [23/Jul/2024:15:12:24 +0530] "GET /sales/getChartData HTTP/1.1" 200 462
127.0.0.1 - - [23/Jul/2024:15:12:24 +0530] "POST /salesCore/getAllBudget HTTP/1.1" 200 2883
0:0:0:0:0:0:0:1 - - [23/Jul/2024:15:12:24 +0530] "GET /sales/dashboard HTTP/1.1" 200 35713
127.0.0.1 - - [23/Jul/2024:15:12:25 +0530] "POST /salesCore/todayRemindersCount HTTP/1.1" 200 110
0:0:0:0:0:0:0:1 - - [23/Jul/2024:15:12:25 +0530] "POST /sales/todayReminders HTTP/1.1" 200 11
0:0:0:0:0:0:0:1 - - [23/Jul/2024:15:12:25 +0530] "GET /sales/yearBudgets HTTP/1.1" 500 129
127.0.0.1 - - [23/Jul/2024:15:12:25 +0530] "POST /salesCore/getDashboardData HTTP/1.1" 200 2755
0:0:0:0:0:0:0:1 - - [23/Jul/2024:15:12:25 +0530] "GET /sales/getChartData HTTP/1.1" 200 462
127.0.0.1 - - [23/Jul/2024:15:12:29 +0530] "POST /salesCore/getYearBudgets HTTP/1.1" 200 110
127.0.0.1 - - [23/Jul/2024:15:12:29 +0530] "POST /salesCore/getDashboardData HTTP/1.1" 200 367
0:0:0:0:0:0:0:1 - - [23/Jul/2024:15:12:29 +0530] "GET /sales/yearBudgets?year%5B%5D=2023-24 HTTP/1.1" 200 12
0:0:0:0:0:0:0:1 - - [23/Jul/2024:15:12:29 +0530] "GET /sales/getChartData?year%5B%5D=2023-24 HTTP/1.1" 200 440
0:0:0:0:0:0:0:1 - - [23/Jul/2024:15:12:32 +0530] "GET /sales/yearBudgets HTTP/1.1" 500 129
127.0.0.1 - - [23/Jul/2024:15:12:32 +0530] "POST /salesCore/getDashboardData HTTP/1.1" 200 2755
0:0:0:0:0:0:0:1 - - [23/Jul/2024:15:12:32 +0530] "GET /sales/getChartData HTTP/1.1" 200 462
127.0.0.1 - - [23/Jul/2024:15:12:33 +0530] "POST /salesCore/getYearBudgets HTTP/1.1" 200 2883
127.0.0.1 - - [23/Jul/2024:15:12:33 +0530] "POST /salesCore/getDashboardData HTTP/1.1" 200 2755
0:0:0:0:0:0:0:1 - - [23/Jul/2024:15:12:33 +0530] "GET /sales/yearBudgets?year%5B%5D=2024-25 HTTP/1.1" 200 2083
0:0:0:0:0:0:0:1 - - [23/Jul/2024:15:12:33 +0530] "GET /sales/getChartData?year%5B%5D=2024-25 HTTP/1.1" 200 462
127.0.0.1 - - [23/Jul/2024:15:12:49 +0530] "POST /salesCore/getYearBudgets HTTP/1.1" 200 110
127.0.0.1 - - [23/Jul/2024:15:12:49 +0530] "POST /salesCore/getDashboardData HTTP/1.1" 200 367
0:0:0:0:0:0:0:1 - - [23/Jul/2024:15:12:49 +0530] "GET /sales/getChartData?year%5B%5D=2024-25&zone%5B%5D=South HTTP/1.1" 200 440
0:0:0:0:0:0:0:1 - - [23/Jul/2024:15:12:49 +0530] "GET /sales/yearBudgets?year%5B%5D=2024-25&zone%5B%5D=South HTTP/1.1" 200 12
127.0.0.1 - - [23/Jul/2024:15:12:51 +0530] "POST /salesCore/getDashboardData HTTP/1.1" 200 2755
127.0.0.1 - - [23/Jul/2024:15:12:51 +0530] "POST /salesCore/getYearBudgets HTTP/1.1" 200 2883
0:0:0:0:0:0:0:1 - - [23/Jul/2024:15:12:51 +0530] "GET /sales/yearBudgets?year%5B%5D=2024-25 HTTP/1.1" 200 2083
0:0:0:0:0:0:0:1 - - [23/Jul/2024:15:12:51 +0530] "GET /sales/getChartData?year%5B%5D=2024-25 HTTP/1.1" 200 462
127.0.0.1 - - [23/Jul/2024:15:12:52 +0530] "POST /salesCore/getYearBudgets HTTP/1.1" 200 2883
127.0.0.1 - - [23/Jul/2024:15:12:52 +0530] "POST /salesCore/getDashboardData HTTP/1.1" 200 2755
0:0:0:0:0:0:0:1 - - [23/Jul/2024:15:12:52 +0530] "GET /sales/yearBudgets?year%5B%5D=2024-25&zone%5B%5D=North HTTP/1.1" 200 2083
0:0:0:0:0:0:0:1 - - [23/Jul/2024:15:12:52 +0530] "GET /sales/getChartData?year%5B%5D=2024-25&zone%5B%5D=North HTTP/1.1" 200 450
127.0.0.1 - - [23/Jul/2024:15:12:59 +0530] "POST /salesCore/getDashboardData HTTP/1.1" 200 1455
127.0.0.1 - - [23/Jul/2024:15:12:59 +0530] "POST /salesCore/getYearBudgets HTTP/1.1" 200 2883
0:0:0:0:0:0:0:1 - - [23/Jul/2024:15:12:59 +0530] "GET /sales/getChartData?year%5B%5D=2024-25&zone%5B%5D=North&bde%5B%5D=Aravind HTTP/1.1" 200 440
0:0:0:0:0:0:0:1 - - [23/Jul/2024:15:12:59 +0530] "GET /sales/yearBudgets?year%5B%5D=2024-25&zone%5B%5D=North&bde%5B%5D=Aravind HTTP/1.1" 200 2079
127.0.0.1 - - [23/Jul/2024:15:13:11 +0530] "POST /salesCore/getYearBudgets HTTP/1.1" 200 2883
127.0.0.1 - - [23/Jul/2024:15:13:11 +0530] "POST /salesCore/getDashboardData HTTP/1.1" 200 2755
0:0:0:0:0:0:0:1 - - [23/Jul/2024:15:13:11 +0530] "GET /sales/getChartData?year%5B%5D=2024-25&zone%5B%5D=North HTTP/1.1" 200 450
0:0:0:0:0:0:0:1 - - [23/Jul/2024:15:13:11 +0530] "GET /sales/yearBudgets?year%5B%5D=2024-25&zone%5B%5D=North HTTP/1.1" 200 2083
127.0.0.1 - - [23/Jul/2024:15:13:15 +0530] "POST /salesCore/getYearBudgets HTTP/1.1" 200 2883
127.0.0.1 - - [23/Jul/2024:15:13:15 +0530] "POST /salesCore/getDashboardData HTTP/1.1" 200 1263
0:0:0:0:0:0:0:1 - - [23/Jul/2024:15:13:15 +0530] "GET /sales/yearBudgets?year%5B%5D=2024-25&zone%5B%5D=North&bde%5B%5D=madhu HTTP/1.1" 200 2079
0:0:0:0:0:0:0:1 - - [23/Jul/2024:15:13:15 +0530] "GET /sales/getChartData?year%5B%5D=2024-25&zone%5B%5D=North&bde%5B%5D=madhu HTTP/1.1" 200 438
127.0.0.1 - - [23/Jul/2024:15:15:26 +0530] "GET / HTTP/1.1" 404 751
0:0:0:0:0:0:0:1 - - [23/Jul/2024:15:16:43 +0530] "GET /sales/logout HTTP/1.1" 302 -
0:0:0:0:0:0:0:1 - - [23/Jul/2024:15:16:43 +0530] "GET /sales/login HTTP/1.1" 200 10532
0:0:0:0:0:0:0:1 - - [23/Jul/2024:15:16:47 +0530] "GET /sales/ HTTP/1.1" 200 10532
127.0.0.1 - - [23/Jul/2024:15:16:56 +0530] "POST /salesCore/login HTTP/1.1" 200 656
0:0:0:0:0:0:0:1 - - [23/Jul/2024:15:16:57 +0530] "POST /sales/login HTTP/1.1" 302 -
127.0.0.1 - - [23/Jul/2024:15:21:51 +0530] "POST /salesCore/getAllBudget HTTP/1.1" 200 2883
0:0:0:0:0:0:0:1 - - [23/Jul/2024:15:22:59 +0530] "GET /sales/dashboard HTTP/1.1" 200 35713
127.0.0.1 - - [23/Jul/2024:15:22:59 +0530] "POST /salesCore/todayRemindersCount HTTP/1.1" 200 110
0:0:0:0:0:0:0:1 - - [23/Jul/2024:15:22:59 +0530] "POST /sales/todayReminders HTTP/1.1" 200 11
0:0:0:0:0:0:0:1 - - [23/Jul/2024:15:27:00 +0530] "GET /sales/yearBudgets HTTP/1.1" 500 129
127.0.0.1 - - [23/Jul/2024:15:31:28 +0530] "POST /salesCore/getDashboardData HTTP/1.1" 200 2755
0:0:0:0:0:0:0:1 - - [23/Jul/2024:15:36:17 +0530] "GET /sales/getChartData HTTP/1.1" 200 462
127.0.0.1 - - [23/Jul/2024:15:41:53 +0530] "POST /salesCore/getYearBudgets HTTP/1.1" 200 2883
127.0.0.1 - - [23/Jul/2024:15:42:14 +0530] "POST /salesCore/getDashboardData HTTP/1.1" 200 2755
0:0:0:0:0:0:0:1 - - [23/Jul/2024:15:42:32 +0530] "GET /sales/yearBudgets?year%5B%5D=2024-25 HTTP/1.1" 200 2083
0:0:0:0:0:0:0:1 - - [23/Jul/2024:15:43:03 +0530] "GET /sales/getChartData?year%5B%5D=2024-25 HTTP/1.1" 200 462
127.0.0.1 - - [23/Jul/2024:15:43:57 +0530] "POST /salesCore/getDashboardData HTTP/1.1" 200 367
127.0.0.1 - - [23/Jul/2024:15:43:59 +0530] "POST /salesCore/getYearBudgets HTTP/1.1" 200 110
0:0:0:0:0:0:0:1 - - [23/Jul/2024:15:44:13 +0530] "GET /sales/getChartData?year%5B%5D=2024-25&zone%5B%5D=East HTTP/1.1" 200 428
0:0:0:0:0:0:0:1 - - [23/Jul/2024:15:44:14 +0530] "GET /sales/yearBudgets?year%5B%5D=2024-25&zone%5B%5D=East HTTP/1.1" 200 12
127.0.0.1 - - [23/Jul/2024:15:49:34 +0530] "POST /salesCore/getDashboardData HTTP/1.1" 200 2755
127.0.0.1 - - [23/Jul/2024:15:50:06 +0530] "POST /salesCore/getYearBudgets HTTP/1.1" 200 2883
0:0:0:0:0:0:0:1 - - [23/Jul/2024:15:50:18 +0530] "GET /sales/yearBudgets?year%5B%5D=2024-25&zone%5B%5D=East&zone%5B%5D=North HTTP/1.1" 200 2083
0:0:0:0:0:0:0:1 - - [23/Jul/2024:15:50:25 +0530] "GET /sales/getChartData?year%5B%5D=2024-25&zone%5B%5D=East&zone%5B%5D=North HTTP/1.1" 200 450
127.0.0.1 - - [23/Jul/2024:15:55:21 +0530] "POST /salesCore/getDashboardData HTTP/1.1" 200 367
0:0:0:0:0:0:0:1 - - [23/Jul/2024:15:55:21 +0530] "GET /sales/getChartData?year%5B%5D=2024-25&zone%5B%5D=East HTTP/1.1" 200 428
127.0.0.1 - - [23/Jul/2024:15:55:22 +0530] "POST /salesCore/getYearBudgets HTTP/1.1" 200 110
0:0:0:0:0:0:0:1 - - [23/Jul/2024:15:55:22 +0530] "GET /sales/yearBudgets?year%5B%5D=2024-25&zone%5B%5D=East HTTP/1.1" 200 12
127.0.0.1 - - [23/Jul/2024:15:55:23 +0530] "POST /salesCore/getDashboardData HTTP/1.1" 200 2755
0:0:0:0:0:0:0:1 - - [23/Jul/2024:15:55:23 +0530] "GET /sales/getChartData?year%5B%5D=2024-25 HTTP/1.1" 200 462
127.0.0.1 - - [23/Jul/2024:15:55:24 +0530] "POST /salesCore/getYearBudgets HTTP/1.1" 200 2883
0:0:0:0:0:0:0:1 - - [23/Jul/2024:15:55:24 +0530] "GET /sales/yearBudgets?year%5B%5D=2024-25 HTTP/1.1" 200 2083
127.0.0.1 - - [23/Jul/2024:15:55:31 +0530] "POST /salesCore/getAllBudget HTTP/1.1" 200 2883
0:0:0:0:0:0:0:1 - - [23/Jul/2024:15:55:31 +0530] "GET /sales/dashboard HTTP/1.1" 200 35713
0:0:0:0:0:0:0:1 - - [23/Jul/2024:15:55:31 +0530] "GET /sales/yearBudgets HTTP/1.1" 500 129
127.0.0.1 - - [23/Jul/2024:15:55:31 +0530] "POST /salesCore/todayRemindersCount HTTP/1.1" 200 110
0:0:0:0:0:0:0:1 - - [23/Jul/2024:15:55:31 +0530] "POST /sales/todayReminders HTTP/1.1" 200 11
127.0.0.1 - - [23/Jul/2024:15:55:31 +0530] "POST /salesCore/getDashboardData HTTP/1.1" 200 2755
0:0:0:0:0:0:0:1 - - [23/Jul/2024:15:55:31 +0530] "GET /sales/getChartData HTTP/1.1" 200 462
127.0.0.1 - - [23/Jul/2024:15:57:59 +0530] "POST /salesCore/getYearBudgets HTTP/1.1" 200 2883
127.0.0.1 - - [23/Jul/2024:15:57:59 +0530] "POST /salesCore/getDashboardData HTTP/1.1" 200 2755
0:0:0:0:0:0:0:1 - - [23/Jul/2024:15:57:59 +0530] "GET /sales/getChartData?year%5B%5D=2024-25 HTTP/1.1" 200 462
0:0:0:0:0:0:0:1 - - [23/Jul/2024:15:57:59 +0530] "GET /sales/yearBudgets?year%5B%5D=2024-25 HTTP/1.1" 200 2083
127.0.0.1 - - [23/Jul/2024:15:58:32 +0530] "POST /salesCore/getYearBudgets HTTP/1.1" 200 2883
127.0.0.1 - - [23/Jul/2024:15:58:32 +0530] "POST /salesCore/getDashboardData HTTP/1.1" 200 2755
0:0:0:0:0:0:0:1 - - [23/Jul/2024:15:58:32 +0530] "GET /sales/yearBudgets?year%5B%5D=2024-25&zone%5B%5D=North HTTP/1.1" 200 2083
0:0:0:0:0:0:0:1 - - [23/Jul/2024:15:58:32 +0530] "GET /sales/getChartData?year%5B%5D=2024-25&zone%5B%5D=North HTTP/1.1" 200 450
127.0.0.1 - - [23/Jul/2024:16:11:34 +0530] "POST /salesCore/getYearBudgets HTTP/1.1" 200 2883
127.0.0.1 - - [23/Jul/2024:16:11:34 +0530] "POST /salesCore/getDashboardData HTTP/1.1" 200 1455
0:0:0:0:0:0:0:1 - - [23/Jul/2024:16:11:34 +0530] "GET /sales/getChartData?year%5B%5D=2024-25&zone%5B%5D=North&bde%5B%5D=Aravind HTTP/1.1" 200 440
0:0:0:0:0:0:0:1 - - [23/Jul/2024:16:11:34 +0530] "GET /sales/yearBudgets?year%5B%5D=2024-25&zone%5B%5D=North&bde%5B%5D=Aravind HTTP/1.1" 200 2079
127.0.0.1 - - [23/Jul/2024:16:19:37 +0530] "POST /salesCore/getYearBudgets HTTP/1.1" 200 2883
127.0.0.1 - - [23/Jul/2024:16:19:37 +0530] "POST /salesCore/getDashboardData HTTP/1.1" 200 2371
0:0:0:0:0:0:0:1 - - [23/Jul/2024:16:19:37 +0530] "GET /sales/getChartData?year%5B%5D=2024-25&zone%5B%5D=North&bde%5B%5D=Aravind&bde%5B%5D=madhu HTTP/1.1" 200 450
0:0:0:0:0:0:0:1 - - [23/Jul/2024:16:19:37 +0530] "GET /sales/yearBudgets?year%5B%5D=2024-25&zone%5B%5D=North&bde%5B%5D=Aravind&bde%5B%5D=madhu HTTP/1.1" 200 2082
127.0.0.1 - - [23/Jul/2024:16:25:02 +0530] "POST /salesCore/getYearBudgets HTTP/1.1" 200 2883
127.0.0.1 - - [23/Jul/2024:16:25:02 +0530] "POST /salesCore/getDashboardData HTTP/1.1" 200 1455
0:0:0:0:0:0:0:1 - - [23/Jul/2024:16:25:02 +0530] "GET /sales/yearBudgets?year%5B%5D=2024-25&zone%5B%5D=North&bde%5B%5D=Aravind HTTP/1.1" 200 2079
0:0:0:0:0:0:0:1 - - [23/Jul/2024:16:25:02 +0530] "GET /sales/getChartData?year%5B%5D=2024-25&zone%5B%5D=North&bde%5B%5D=Aravind HTTP/1.1" 200 440
127.0.0.1 - - [23/Jul/2024:16:25:04 +0530] "POST /salesCore/getDashboardData HTTP/1.1" 200 2371
127.0.0.1 - - [23/Jul/2024:16:25:04 +0530] "POST /salesCore/getYearBudgets HTTP/1.1" 200 2883
0:0:0:0:0:0:0:1 - - [23/Jul/2024:16:25:04 +0530] "GET /sales/getChartData?year%5B%5D=2024-25&zone%5B%5D=North&bde%5B%5D=Aravind&bde%5B%5D=madhu HTTP/1.1" 200 450
0:0:0:0:0:0:0:1 - - [23/Jul/2024:16:25:04 +0530] "GET /sales/yearBudgets?year%5B%5D=2024-25&zone%5B%5D=North&bde%5B%5D=Aravind&bde%5B%5D=madhu HTTP/1.1" 200 2082
127.0.0.1 - - [23/Jul/2024:16:25:52 +0530] "POST /salesCore/getDashboardData HTTP/1.1" 200 1455
127.0.0.1 - - [23/Jul/2024:16:25:52 +0530] "POST /salesCore/getYearBudgets HTTP/1.1" 200 2883
0:0:0:0:0:0:0:1 - - [23/Jul/2024:16:25:52 +0530] "GET /sales/getChartData?year%5B%5D=2024-25&zone%5B%5D=North&bde%5B%5D=Aravind HTTP/1.1" 200 440
0:0:0:0:0:0:0:1 - - [23/Jul/2024:16:25:52 +0530] "GET /sales/yearBudgets?year%5B%5D=2024-25&zone%5B%5D=North&bde%5B%5D=Aravind HTTP/1.1" 200 2079
127.0.0.1 - - [23/Jul/2024:16:52:25 +0530] "POST /salesCore/getAllBudget HTTP/1.1" 200 2883
