0:0:0:0:0:0:0:1 - - [23/Jul/2024:16:52:25 +0530] "GET /sales/dashboard HTTP/1.1" 200 35713
0:0:0:0:0:0:0:1 - - [23/Jul/2024:16:52:26 +0530] "GET /sales/yearBudgets HTTP/1.1" 500 129
127.0.0.1 - - [23/Jul/2024:16:52:26 +0530] "POST /salesCore/todayRemindersCount HTTP/1.1" 200 110
0:0:0:0:0:0:0:1 - - [23/Jul/2024:16:52:26 +0530] "POST /sales/todayReminders HTTP/1.1" 200 11
127.0.0.1 - - [23/Jul/2024:16:52:26 +0530] "POST /salesCore/getDashboardData HTTP/1.1" 200 2755
0:0:0:0:0:0:0:1 - - [23/Jul/2024:16:52:26 +0530] "GET /sales/getChartData HTTP/1.1" 200 462
127.0.0.1 - - [23/Jul/2024:16:52:31 +0530] "POST /salesCore/getYearBudgets HTTP/1.1" 200 2883
127.0.0.1 - - [23/Jul/2024:16:52:31 +0530] "POST /salesCore/getDashboardData HTTP/1.1" 200 2755
0:0:0:0:0:0:0:1 - - [23/Jul/2024:16:52:31 +0530] "GET /sales/yearBudgets?year%5B%5D=2024-25 HTTP/1.1" 200 2083
0:0:0:0:0:0:0:1 - - [23/Jul/2024:16:52:31 +0530] "GET /sales/getChartData?year%5B%5D=2024-25 HTTP/1.1" 200 462
127.0.0.1 - - [23/Jul/2024:16:52:34 +0530] "POST /salesCore/getYearBudgets HTTP/1.1" 200 2883
0:0:0:0:0:0:0:1 - - [23/Jul/2024:16:52:34 +0530] "GET /sales/yearBudgets?year%5B%5D=2024-25&zone%5B%5D=North HTTP/1.1" 200 2083
127.0.0.1 - - [23/Jul/2024:16:52:34 +0530] "POST /salesCore/getDashboardData HTTP/1.1" 200 2755
0:0:0:0:0:0:0:1 - - [23/Jul/2024:16:52:34 +0530] "GET /sales/getChartData?year%5B%5D=2024-25&zone%5B%5D=North HTTP/1.1" 200 450
127.0.0.1 - - [23/Jul/2024:16:52:38 +0530] "POST /salesCore/getDashboardData HTTP/1.1" 200 2755
0:0:0:0:0:0:0:1 - - [23/Jul/2024:16:52:38 +0530] "GET /sales/getChartData?year%5B%5D=2024-25&zone%5B%5D=West&zone%5B%5D=North HTTP/1.1" 200 450
127.0.0.1 - - [23/Jul/2024:16:52:38 +0530] "POST /salesCore/getYearBudgets HTTP/1.1" 200 2883
0:0:0:0:0:0:0:1 - - [23/Jul/2024:16:52:38 +0530] "GET /sales/yearBudgets?year%5B%5D=2024-25&zone%5B%5D=West&zone%5B%5D=North HTTP/1.1" 200 2083
127.0.0.1 - - [23/Jul/2024:16:52:43 +0530] "POST /salesCore/getYearBudgets HTTP/1.1" 200 2883
127.0.0.1 - - [23/Jul/2024:16:52:43 +0530] "POST /salesCore/getDashboardData HTTP/1.1" 200 2755
0:0:0:0:0:0:0:1 - - [23/Jul/2024:16:52:43 +0530] "GET /sales/getChartData?year%5B%5D=2024-25&zone%5B%5D=North HTTP/1.1" 200 450
0:0:0:0:0:0:0:1 - - [23/Jul/2024:16:52:43 +0530] "GET /sales/yearBudgets?year%5B%5D=2024-25&zone%5B%5D=North HTTP/1.1" 200 2083
127.0.0.1 - - [23/Jul/2024:16:52:46 +0530] "POST /salesCore/getYearBudgets HTTP/1.1" 200 2883
127.0.0.1 - - [23/Jul/2024:16:52:46 +0530] "POST /salesCore/getDashboardData HTTP/1.1" 200 2755
0:0:0:0:0:0:0:1 - - [23/Jul/2024:16:52:46 +0530] "GET /sales/getChartData?year%5B%5D=2024-25 HTTP/1.1" 200 462
0:0:0:0:0:0:0:1 - - [23/Jul/2024:16:52:46 +0530] "GET /sales/yearBudgets?year%5B%5D=2024-25 HTTP/1.1" 200 2083
127.0.0.1 - - [23/Jul/2024:16:52:49 +0530] "POST /salesCore/getDashboardData HTTP/1.1" 200 367
127.0.0.1 - - [23/Jul/2024:16:52:49 +0530] "POST /salesCore/getYearBudgets HTTP/1.1" 200 110
0:0:0:0:0:0:0:1 - - [23/Jul/2024:16:52:49 +0530] "GET /sales/yearBudgets?year%5B%5D=2024-25&zone%5B%5D=West HTTP/1.1" 200 12
0:0:0:0:0:0:0:1 - - [23/Jul/2024:16:52:49 +0530] "GET /sales/getChartData?year%5B%5D=2024-25&zone%5B%5D=West HTTP/1.1" 200 428
127.0.0.1 - - [23/Jul/2024:16:52:55 +0530] "POST /salesCore/getYearBudgets HTTP/1.1" 200 110
0:0:0:0:0:0:0:1 - - [23/Jul/2024:16:52:55 +0530] "GET /sales/yearBudgets?year%5B%5D=2024-25&zone%5B%5D=West&zone%5B%5D=South HTTP/1.1" 200 12
127.0.0.1 - - [23/Jul/2024:16:52:55 +0530] "POST /salesCore/getDashboardData HTTP/1.1" 200 367
0:0:0:0:0:0:0:1 - - [23/Jul/2024:16:52:55 +0530] "GET /sales/getChartData?year%5B%5D=2024-25&zone%5B%5D=West&zone%5B%5D=South HTTP/1.1" 200 440
127.0.0.1 - - [23/Jul/2024:16:53:02 +0530] "POST /salesCore/getDashboardData HTTP/1.1" 200 367
127.0.0.1 - - [23/Jul/2024:16:53:02 +0530] "POST /salesCore/getYearBudgets HTTP/1.1" 200 110
0:0:0:0:0:0:0:1 - - [23/Jul/2024:16:53:02 +0530] "GET /sales/getChartData?year%5B%5D=2024-25&zone%5B%5D=West HTTP/1.1" 200 428
0:0:0:0:0:0:0:1 - - [23/Jul/2024:16:53:02 +0530] "GET /sales/yearBudgets?year%5B%5D=2024-25&zone%5B%5D=West HTTP/1.1" 200 12
127.0.0.1 - - [23/Jul/2024:16:53:03 +0530] "POST /salesCore/getDashboardData HTTP/1.1" 200 367
0:0:0:0:0:0:0:1 - - [23/Jul/2024:16:53:03 +0530] "GET /sales/getChartData?year%5B%5D=2024-25&zone%5B%5D=East&zone%5B%5D=West HTTP/1.1" 200 428
127.0.0.1 - - [23/Jul/2024:16:53:03 +0530] "POST /salesCore/getYearBudgets HTTP/1.1" 200 110
0:0:0:0:0:0:0:1 - - [23/Jul/2024:16:53:03 +0530] "GET /sales/yearBudgets?year%5B%5D=2024-25&zone%5B%5D=East&zone%5B%5D=West HTTP/1.1" 200 12
127.0.0.1 - - [23/Jul/2024:16:53:09 +0530] "POST /salesCore/getDashboardData HTTP/1.1" 200 367
0:0:0:0:0:0:0:1 - - [23/Jul/2024:16:53:09 +0530] "GET /sales/getChartData?year%5B%5D=2024-25&zone%5B%5D=East&zone%5B%5D=West&zone%5B%5D=South HTTP/1.1" 200 440
127.0.0.1 - - [23/Jul/2024:16:53:09 +0530] "POST /salesCore/getYearBudgets HTTP/1.1" 200 110
0:0:0:0:0:0:0:1 - - [23/Jul/2024:16:53:09 +0530] "GET /sales/yearBudgets?year%5B%5D=2024-25&zone%5B%5D=East&zone%5B%5D=West&zone%5B%5D=South HTTP/1.1" 200 12
127.0.0.1 - - [23/Jul/2024:16:53:12 +0530] "POST /salesCore/getDashboardData HTTP/1.1" 200 367
0:0:0:0:0:0:0:1 - - [23/Jul/2024:16:53:12 +0530] "GET /sales/getChartData?year%5B%5D=2024-25&zone%5B%5D=East&zone%5B%5D=South HTTP/1.1" 200 440
127.0.0.1 - - [23/Jul/2024:16:53:12 +0530] "POST /salesCore/getYearBudgets HTTP/1.1" 200 110
0:0:0:0:0:0:0:1 - - [23/Jul/2024:16:53:12 +0530] "GET /sales/yearBudgets?year%5B%5D=2024-25&zone%5B%5D=East&zone%5B%5D=South HTTP/1.1" 200 12
127.0.0.1 - - [23/Jul/2024:16:53:18 +0530] "POST /salesCore/getDashboardData HTTP/1.1" 200 367
0:0:0:0:0:0:0:1 - - [23/Jul/2024:16:53:18 +0530] "GET /sales/getChartData?year%5B%5D=2024-25&zone%5B%5D=South HTTP/1.1" 200 440
127.0.0.1 - - [23/Jul/2024:16:53:18 +0530] "POST /salesCore/getYearBudgets HTTP/1.1" 200 110
0:0:0:0:0:0:0:1 - - [23/Jul/2024:16:53:18 +0530] "GET /sales/yearBudgets?year%5B%5D=2024-25&zone%5B%5D=South HTTP/1.1" 200 12
127.0.0.1 - - [23/Jul/2024:16:53:41 +0530] "POST /salesCore/getYearBudgets HTTP/1.1" 200 110
127.0.0.1 - - [23/Jul/2024:16:53:41 +0530] "POST /salesCore/getDashboardData HTTP/1.1" 200 367
0:0:0:0:0:0:0:1 - - [23/Jul/2024:16:53:41 +0530] "GET /sales/yearBudgets?year%5B%5D=2024-25&zone%5B%5D=West&zone%5B%5D=South HTTP/1.1" 200 12
0:0:0:0:0:0:0:1 - - [23/Jul/2024:16:53:41 +0530] "GET /sales/getChartData?year%5B%5D=2024-25&zone%5B%5D=West&zone%5B%5D=South HTTP/1.1" 200 440
127.0.0.1 - - [23/Jul/2024:16:53:47 +0530] "POST /salesCore/getDashboardData HTTP/1.1" 200 367
0:0:0:0:0:0:0:1 - - [23/Jul/2024:16:53:48 +0530] "GET /sales/getChartData?year%5B%5D=2024-25&zone%5B%5D=West&zone%5B%5D=South&bde%5B%5D=madhu HTTP/1.1" 200 428
127.0.0.1 - - [23/Jul/2024:16:53:48 +0530] "POST /salesCore/getYearBudgets HTTP/1.1" 200 110
0:0:0:0:0:0:0:1 - - [23/Jul/2024:16:53:48 +0530] "GET /sales/yearBudgets?year%5B%5D=2024-25&zone%5B%5D=West&zone%5B%5D=South&bde%5B%5D=madhu HTTP/1.1" 200 12
127.0.0.1 - - [23/Jul/2024:16:53:50 +0530] "POST /salesCore/getYearBudgets HTTP/1.1" 200 110
0:0:0:0:0:0:0:1 - - [23/Jul/2024:16:53:50 +0530] "GET /sales/yearBudgets?year%5B%5D=2024-25&zone%5B%5D=West&zone%5B%5D=South HTTP/1.1" 200 12
127.0.0.1 - - [23/Jul/2024:16:53:50 +0530] "POST /salesCore/getDashboardData HTTP/1.1" 200 367
0:0:0:0:0:0:0:1 - - [23/Jul/2024:16:53:50 +0530] "GET /sales/getChartData?year%5B%5D=2024-25&zone%5B%5D=West&zone%5B%5D=South HTTP/1.1" 200 440
127.0.0.1 - - [23/Jul/2024:16:59:20 +0530] "POST /salesCore/getDashboardData HTTP/1.1" 200 367
127.0.0.1 - - [23/Jul/2024:16:59:20 +0530] "POST /salesCore/getYearBudgets HTTP/1.1" 200 110
0:0:0:0:0:0:0:1 - - [23/Jul/2024:16:59:20 +0530] "GET /sales/getChartData?year%5B%5D=2024-25&zone%5B%5D=West&zone%5B%5D=South&bde%5B%5D=madhu HTTP/1.1" 200 428
0:0:0:0:0:0:0:1 - - [23/Jul/2024:16:59:20 +0530] "GET /sales/yearBudgets?year%5B%5D=2024-25&zone%5B%5D=West&zone%5B%5D=South&bde%5B%5D=madhu HTTP/1.1" 200 12
127.0.0.1 - - [23/Jul/2024:16:59:30 +0530] "POST /salesCore/getDashboardData HTTP/1.1" 200 1263
0:0:0:0:0:0:0:1 - - [23/Jul/2024:16:59:30 +0530] "GET /sales/getChartData?year%5B%5D=2024-25&zone%5B%5D=West&zone%5B%5D=North&zone%5B%5D=South&bde%5B%5D=madhu HTTP/1.1" 200 438
127.0.0.1 - - [23/Jul/2024:16:59:30 +0530] "POST /salesCore/getYearBudgets HTTP/1.1" 200 2883
0:0:0:0:0:0:0:1 - - [23/Jul/2024:16:59:30 +0530] "GET /sales/yearBudgets?year%5B%5D=2024-25&zone%5B%5D=West&zone%5B%5D=North&zone%5B%5D=South&bde%5B%5D=madhu HTTP/1.1" 200 2079
127.0.0.1 - - [23/Jul/2024:17:03:11 +0530] "POST /salesCore/getAllBudget HTTP/1.1" 200 2883
0:0:0:0:0:0:0:1 - - [23/Jul/2024:17:03:11 +0530] "GET /sales/dashboard HTTP/1.1" 200 35713
127.0.0.1 - - [23/Jul/2024:17:03:11 +0530] "POST /salesCore/todayRemindersCount HTTP/1.1" 200 110
0:0:0:0:0:0:0:1 - - [23/Jul/2024:17:03:11 +0530] "POST /sales/todayReminders HTTP/1.1" 200 11
127.0.0.1 - - [23/Jul/2024:17:03:11 +0530] "POST /salesCore/getDashboardData HTTP/1.1" 200 2755
0:0:0:0:0:0:0:1 - - [23/Jul/2024:17:03:11 +0530] "GET /sales/getChartData HTTP/1.1" 200 462
0:0:0:0:0:0:0:1 - - [23/Jul/2024:17:03:11 +0530] "GET /sales/yearBudgets HTTP/1.1" 500 129
127.0.0.1 - - [23/Jul/2024:17:03:16 +0530] "POST /salesCore/getYearBudgets HTTP/1.1" 200 2883
127.0.0.1 - - [23/Jul/2024:17:03:16 +0530] "POST /salesCore/getDashboardData HTTP/1.1" 200 2755
0:0:0:0:0:0:0:1 - - [23/Jul/2024:17:03:16 +0530] "GET /sales/getChartData?year%5B%5D=2024-25 HTTP/1.1" 200 462
0:0:0:0:0:0:0:1 - - [23/Jul/2024:17:03:16 +0530] "GET /sales/yearBudgets?year%5B%5D=2024-25 HTTP/1.1" 200 2083
127.0.0.1 - - [23/Jul/2024:17:03:28 +0530] "POST /salesCore/getYearBudgets HTTP/1.1" 200 110
0:0:0:0:0:0:0:1 - - [23/Jul/2024:17:03:28 +0530] "GET /sales/yearBudgets?year%5B%5D=2024-25&zone%5B%5D=South HTTP/1.1" 200 12
127.0.0.1 - - [23/Jul/2024:17:03:28 +0530] "POST /salesCore/getDashboardData HTTP/1.1" 200 367
0:0:0:0:0:0:0:1 - - [23/Jul/2024:17:03:28 +0530] "GET /sales/getChartData?year%5B%5D=2024-25&zone%5B%5D=South HTTP/1.1" 200 440
127.0.0.1 - - [23/Jul/2024:17:07:24 +0530] "POST /salesCore/getYearBudgets HTTP/1.1" 200 110
0:0:0:0:0:0:0:1 - - [23/Jul/2024:17:07:24 +0530] "GET /sales/yearBudgets?year%5B%5D=2024-25&zone%5B%5D=East&zone%5B%5D=South HTTP/1.1" 200 12
127.0.0.1 - - [23/Jul/2024:17:07:24 +0530] "POST /salesCore/getDashboardData HTTP/1.1" 200 367
0:0:0:0:0:0:0:1 - - [23/Jul/2024:17:07:24 +0530] "GET /sales/getChartData?year%5B%5D=2024-25&zone%5B%5D=East&zone%5B%5D=South HTTP/1.1" 200 440
127.0.0.1 - - [23/Jul/2024:17:11:39 +0530] "POST /salesCore/getAllBudget HTTP/1.1" 200 2883
0:0:0:0:0:0:0:1 - - [23/Jul/2024:17:11:39 +0530] "GET /sales/dashboard HTTP/1.1" 200 35713
127.0.0.1 - - [23/Jul/2024:17:11:39 +0530] "POST /salesCore/todayRemindersCount HTTP/1.1" 200 110
0:0:0:0:0:0:0:1 - - [23/Jul/2024:17:11:39 +0530] "POST /sales/todayReminders HTTP/1.1" 200 11
0:0:0:0:0:0:0:1 - - [23/Jul/2024:17:11:39 +0530] "GET /sales/yearBudgets HTTP/1.1" 500 129
127.0.0.1 - - [23/Jul/2024:17:11:39 +0530] "POST /salesCore/getDashboardData HTTP/1.1" 200 2755
0:0:0:0:0:0:0:1 - - [23/Jul/2024:17:11:39 +0530] "GET /sales/getChartData HTTP/1.1" 200 462
127.0.0.1 - - [23/Jul/2024:17:11:43 +0530] "POST /salesCore/getClientDetailsbyid HTTP/1.1" 200 1111
0:0:0:0:0:0:0:1 - - [23/Jul/2024:17:11:45 +0530] "GET /sales/clientList HTTP/1.1" 200 19347
127.0.0.1 - - [23/Jul/2024:17:11:46 +0530] "POST /salesCore/todayRemindersCount HTTP/1.1" 200 110
0:0:0:0:0:0:0:1 - - [23/Jul/2024:17:11:46 +0530] "POST /sales/todayReminders HTTP/1.1" 200 11
0:0:0:0:0:0:0:1 - - [23/Jul/2024:17:11:48 +0530] "GET /sales/logout HTTP/1.1" 302 -
0:0:0:0:0:0:0:1 - - [23/Jul/2024:17:11:48 +0530] "GET /sales/login HTTP/1.1" 200 10532
127.0.0.1 - - [23/Jul/2024:17:11:53 +0530] "POST /salesCore/login HTTP/1.1" 200 656
0:0:0:0:0:0:0:1 - - [23/Jul/2024:17:11:53 +0530] "POST /sales/login HTTP/1.1" 302 -
127.0.0.1 - - [23/Jul/2024:17:11:53 +0530] "POST /salesCore/getAllBudget HTTP/1.1" 200 2883
0:0:0:0:0:0:0:1 - - [23/Jul/2024:17:11:53 +0530] "GET /sales/dashboard HTTP/1.1" 200 35713
127.0.0.1 - - [23/Jul/2024:17:11:53 +0530] "POST /salesCore/todayRemindersCount HTTP/1.1" 200 110
0:0:0:0:0:0:0:1 - - [23/Jul/2024:17:11:53 +0530] "POST /sales/todayReminders HTTP/1.1" 200 11
0:0:0:0:0:0:0:1 - - [23/Jul/2024:17:11:53 +0530] "GET /sales/yearBudgets HTTP/1.1" 500 129
127.0.0.1 - - [23/Jul/2024:17:11:53 +0530] "POST /salesCore/getDashboardData HTTP/1.1" 200 2755
0:0:0:0:0:0:0:1 - - [23/Jul/2024:17:11:53 +0530] "GET /sales/getChartData HTTP/1.1" 200 462
127.0.0.1 - - [23/Jul/2024:17:11:58 +0530] "POST /salesCore/getDashboardData HTTP/1.1" 200 2755
0:0:0:0:0:0:0:1 - - [23/Jul/2024:17:11:58 +0530] "GET /sales/getChartData?year%5B%5D=2024-25 HTTP/1.1" 200 462
127.0.0.1 - - [23/Jul/2024:17:11:58 +0530] "POST /salesCore/getYearBudgets HTTP/1.1" 200 2883
0:0:0:0:0:0:0:1 - - [23/Jul/2024:17:11:58 +0530] "GET /sales/yearBudgets?year%5B%5D=2024-25 HTTP/1.1" 200 2083
127.0.0.1 - - [23/Jul/2024:17:12:05 +0530] "POST /salesCore/getYearBudgets HTTP/1.1" 200 110
127.0.0.1 - - [23/Jul/2024:17:12:05 +0530] "POST /salesCore/getDashboardData HTTP/1.1" 200 367
0:0:0:0:0:0:0:1 - - [23/Jul/2024:17:12:05 +0530] "GET /sales/yearBudgets?year%5B%5D=2024-25&zone%5B%5D=West HTTP/1.1" 200 12
0:0:0:0:0:0:0:1 - - [23/Jul/2024:17:12:05 +0530] "GET /sales/getChartData?year%5B%5D=2024-25&zone%5B%5D=West HTTP/1.1" 200 428
127.0.0.1 - - [23/Jul/2024:17:12:17 +0530] "POST /salesCore/getYearBudgets HTTP/1.1" 200 110
127.0.0.1 - - [23/Jul/2024:17:12:17 +0530] "POST /salesCore/getDashboardData HTTP/1.1" 200 367
0:0:0:0:0:0:0:1 - - [23/Jul/2024:17:12:17 +0530] "GET /sales/yearBudgets?year%5B%5D=2024-25&zone%5B%5D=East&zone%5B%5D=West HTTP/1.1" 200 12
0:0:0:0:0:0:0:1 - - [23/Jul/2024:17:12:17 +0530] "GET /sales/getChartData?year%5B%5D=2024-25&zone%5B%5D=East&zone%5B%5D=West HTTP/1.1" 200 428
127.0.0.1 - - [23/Jul/2024:17:12:21 +0530] "POST /salesCore/getYearBudgets HTTP/1.1" 200 110
127.0.0.1 - - [23/Jul/2024:17:12:21 +0530] "POST /salesCore/getDashboardData HTTP/1.1" 200 367
0:0:0:0:0:0:0:1 - - [23/Jul/2024:17:12:21 +0530] "GET /sales/yearBudgets?year%5B%5D=2024-25&zone%5B%5D=East HTTP/1.1" 200 12
0:0:0:0:0:0:0:1 - - [23/Jul/2024:17:12:21 +0530] "GET /sales/getChartData?year%5B%5D=2024-25&zone%5B%5D=East HTTP/1.1" 200 428
127.0.0.1 - - [23/Jul/2024:17:12:23 +0530] "POST /salesCore/getYearBudgets HTTP/1.1" 200 110
127.0.0.1 - - [23/Jul/2024:17:12:23 +0530] "POST /salesCore/getDashboardData HTTP/1.1" 200 367
0:0:0:0:0:0:0:1 - - [23/Jul/2024:17:12:23 +0530] "GET /sales/yearBudgets?year%5B%5D=2024-25&zone%5B%5D=East&zone%5B%5D=South HTTP/1.1" 200 12
0:0:0:0:0:0:0:1 - - [23/Jul/2024:17:12:23 +0530] "GET /sales/getChartData?year%5B%5D=2024-25&zone%5B%5D=East&zone%5B%5D=South HTTP/1.1" 200 440
127.0.0.1 - - [23/Jul/2024:17:12:28 +0530] "POST /salesCore/getDashboardData HTTP/1.1" 200 2755
127.0.0.1 - - [23/Jul/2024:17:12:28 +0530] "POST /salesCore/getYearBudgets HTTP/1.1" 200 2883
0:0:0:0:0:0:0:1 - - [23/Jul/2024:17:12:28 +0530] "GET /sales/getChartData?year%5B%5D=2024-25&zone%5B%5D=East&zone%5B%5D=North&zone%5B%5D=South HTTP/1.1" 200 462
0:0:0:0:0:0:0:1 - - [23/Jul/2024:17:12:28 +0530] "GET /sales/yearBudgets?year%5B%5D=2024-25&zone%5B%5D=East&zone%5B%5D=North&zone%5B%5D=South HTTP/1.1" 200 2083
127.0.0.1 - - [23/Jul/2024:17:12:32 +0530] "POST /salesCore/getDashboardData HTTP/1.1" 200 2755
0:0:0:0:0:0:0:1 - - [23/Jul/2024:17:12:32 +0530] "GET /sales/getChartData?year%5B%5D=2024-25&zone%5B%5D=East&zone%5B%5D=West&zone%5B%5D=North&zone%5B%5D=South HTTP/1.1" 200 462
127.0.0.1 - - [23/Jul/2024:17:12:32 +0530] "POST /salesCore/getYearBudgets HTTP/1.1" 200 2883
0:0:0:0:0:0:0:1 - - [23/Jul/2024:17:12:32 +0530] "GET /sales/yearBudgets?year%5B%5D=2024-25&zone%5B%5D=East&zone%5B%5D=West&zone%5B%5D=North&zone%5B%5D=South HTTP/1.1" 200 2083
127.0.0.1 - - [23/Jul/2024:17:12:36 +0530] "POST /salesCore/getYearBudgets HTTP/1.1" 200 2883
127.0.0.1 - - [23/Jul/2024:17:12:36 +0530] "POST /salesCore/getDashboardData HTTP/1.1" 200 2755
0:0:0:0:0:0:0:1 - - [23/Jul/2024:17:12:36 +0530] "GET /sales/getChartData?year%5B%5D=2024-25&zone%5B%5D=East&zone%5B%5D=North&zone%5B%5D=South HTTP/1.1" 200 462
0:0:0:0:0:0:0:1 - - [23/Jul/2024:17:12:36 +0530] "GET /sales/yearBudgets?year%5B%5D=2024-25&zone%5B%5D=East&zone%5B%5D=North&zone%5B%5D=South HTTP/1.1" 200 2083
127.0.0.1 - - [23/Jul/2024:17:12:38 +0530] "POST /salesCore/getDashboardData HTTP/1.1" 200 367
127.0.0.1 - - [23/Jul/2024:17:12:38 +0530] "POST /salesCore/getYearBudgets HTTP/1.1" 200 110
0:0:0:0:0:0:0:1 - - [23/Jul/2024:17:12:38 +0530] "GET /sales/yearBudgets?year%5B%5D=2024-25&zone%5B%5D=East&zone%5B%5D=South HTTP/1.1" 200 12
0:0:0:0:0:0:0:1 - - [23/Jul/2024:17:12:38 +0530] "GET /sales/getChartData?year%5B%5D=2024-25&zone%5B%5D=East&zone%5B%5D=South HTTP/1.1" 200 440
127.0.0.1 - - [23/Jul/2024:17:12:41 +0530] "POST /salesCore/getYearBudgets HTTP/1.1" 200 110
127.0.0.1 - - [23/Jul/2024:17:12:41 +0530] "POST /salesCore/getDashboardData HTTP/1.1" 200 367
0:0:0:0:0:0:0:1 - - [23/Jul/2024:17:12:41 +0530] "GET /sales/yearBudgets?year%5B%5D=2024-25&zone%5B%5D=South HTTP/1.1" 200 12
0:0:0:0:0:0:0:1 - - [23/Jul/2024:17:12:41 +0530] "GET /sales/getChartData?year%5B%5D=2024-25&zone%5B%5D=South HTTP/1.1" 200 440
127.0.0.1 - - [23/Jul/2024:17:13:00 +0530] "POST /salesCore/getYearBudgets HTTP/1.1" 200 2883
127.0.0.1 - - [23/Jul/2024:17:13:00 +0530] "POST /salesCore/getDashboardData HTTP/1.1" 200 2755
0:0:0:0:0:0:0:1 - - [23/Jul/2024:17:13:00 +0530] "GET /sales/getChartData?year%5B%5D=2024-25 HTTP/1.1" 200 462
0:0:0:0:0:0:0:1 - - [23/Jul/2024:17:13:00 +0530] "GET /sales/yearBudgets?year%5B%5D=2024-25 HTTP/1.1" 200 2083
127.0.0.1 - - [23/Jul/2024:17:13:01 +0530] "POST /salesCore/getDashboardData HTTP/1.1" 200 2755
0:0:0:0:0:0:0:1 - - [23/Jul/2024:17:13:01 +0530] "GET /sales/getChartData?year%5B%5D=2024-25&zone%5B%5D=North HTTP/1.1" 200 450
127.0.0.1 - - [23/Jul/2024:17:13:01 +0530] "POST /salesCore/getYearBudgets HTTP/1.1" 200 2883
0:0:0:0:0:0:0:1 - - [23/Jul/2024:17:13:01 +0530] "GET /sales/yearBudgets?year%5B%5D=2024-25&zone%5B%5D=North HTTP/1.1" 200 2083
127.0.0.1 - - [23/Jul/2024:17:13:05 +0530] "POST /salesCore/getDashboardData HTTP/1.1" 200 2755
127.0.0.1 - - [23/Jul/2024:17:13:05 +0530] "POST /salesCore/getYearBudgets HTTP/1.1" 200 2883
0:0:0:0:0:0:0:1 - - [23/Jul/2024:17:13:05 +0530] "GET /sales/getChartData?year%5B%5D=2024-25 HTTP/1.1" 200 462
0:0:0:0:0:0:0:1 - - [23/Jul/2024:17:13:05 +0530] "GET /sales/yearBudgets?year%5B%5D=2024-25 HTTP/1.1" 200 2083
127.0.0.1 - - [23/Jul/2024:17:13:07 +0530] "POST /salesCore/getYearBudgets HTTP/1.1" 200 2883
0:0:0:0:0:0:0:1 - - [23/Jul/2024:17:13:07 +0530] "GET /sales/yearBudgets?year%5B%5D=2024-25&zone%5B%5D=North HTTP/1.1" 200 2083
127.0.0.1 - - [23/Jul/2024:17:13:07 +0530] "POST /salesCore/getDashboardData HTTP/1.1" 200 2755
0:0:0:0:0:0:0:1 - - [23/Jul/2024:17:13:07 +0530] "GET /sales/getChartData?year%5B%5D=2024-25&zone%5B%5D=North HTTP/1.1" 200 450
127.0.0.1 - - [23/Jul/2024:17:13:11 +0530] "POST /salesCore/getDashboardData HTTP/1.1" 200 2755
0:0:0:0:0:0:0:1 - - [23/Jul/2024:17:13:11 +0530] "GET /sales/getChartData?year%5B%5D=2024-25&zone%5B%5D=East&zone%5B%5D=North HTTP/1.1" 200 450
127.0.0.1 - - [23/Jul/2024:17:13:11 +0530] "POST /salesCore/getYearBudgets HTTP/1.1" 200 2883
0:0:0:0:0:0:0:1 - - [23/Jul/2024:17:13:11 +0530] "GET /sales/yearBudgets?year%5B%5D=2024-25&zone%5B%5D=East&zone%5B%5D=North HTTP/1.1" 200 2083
127.0.0.1 - - [23/Jul/2024:17:13:16 +0530] "POST /salesCore/getYearBudgets HTTP/1.1" 200 2883
127.0.0.1 - - [23/Jul/2024:17:13:16 +0530] "POST /salesCore/getDashboardData HTTP/1.1" 200 2755
0:0:0:0:0:0:0:1 - - [23/Jul/2024:17:13:16 +0530] "GET /sales/yearBudgets?year%5B%5D=2024-25&zone%5B%5D=East&zone%5B%5D=North&zone%5B%5D=South HTTP/1.1" 200 2083
0:0:0:0:0:0:0:1 - - [23/Jul/2024:17:13:16 +0530] "GET /sales/getChartData?year%5B%5D=2024-25&zone%5B%5D=East&zone%5B%5D=North&zone%5B%5D=South HTTP/1.1" 200 462
127.0.0.1 - - [23/Jul/2024:17:13:21 +0530] "POST /salesCore/getYearBudgets HTTP/1.1" 200 110
127.0.0.1 - - [23/Jul/2024:17:13:21 +0530] "POST /salesCore/getDashboardData HTTP/1.1" 200 367
0:0:0:0:0:0:0:1 - - [23/Jul/2024:17:13:21 +0530] "GET /sales/yearBudgets?year%5B%5D=2024-25&zone%5B%5D=East&zone%5B%5D=South HTTP/1.1" 200 12
0:0:0:0:0:0:0:1 - - [23/Jul/2024:17:13:21 +0530] "GET /sales/getChartData?year%5B%5D=2024-25&zone%5B%5D=East&zone%5B%5D=South HTTP/1.1" 200 440
127.0.0.1 - - [23/Jul/2024:17:13:25 +0530] "POST /salesCore/getDashboardData HTTP/1.1" 200 367
127.0.0.1 - - [23/Jul/2024:17:13:25 +0530] "POST /salesCore/getYearBudgets HTTP/1.1" 200 110
0:0:0:0:0:0:0:1 - - [23/Jul/2024:17:13:25 +0530] "GET /sales/getChartData?year%5B%5D=2024-25&zone%5B%5D=South HTTP/1.1" 200 440
0:0:0:0:0:0:0:1 - - [23/Jul/2024:17:13:25 +0530] "GET /sales/yearBudgets?year%5B%5D=2024-25&zone%5B%5D=South HTTP/1.1" 200 12
127.0.0.1 - - [23/Jul/2024:17:13:27 +0530] "POST /salesCore/getDashboardData HTTP/1.1" 200 367
0:0:0:0:0:0:0:1 - - [23/Jul/2024:17:13:28 +0530] "GET /sales/getChartData?year%5B%5D=2024-25&zone%5B%5D=West&zone%5B%5D=South HTTP/1.1" 200 440
127.0.0.1 - - [23/Jul/2024:17:13:28 +0530] "POST /salesCore/getYearBudgets HTTP/1.1" 200 110
0:0:0:0:0:0:0:1 - - [23/Jul/2024:17:13:28 +0530] "GET /sales/yearBudgets?year%5B%5D=2024-25&zone%5B%5D=West&zone%5B%5D=South HTTP/1.1" 200 12
127.0.0.1 - - [23/Jul/2024:17:13:29 +0530] "POST /salesCore/getDashboardData HTTP/1.1" 200 367
0:0:0:0:0:0:0:1 - - [23/Jul/2024:17:13:29 +0530] "GET /sales/getChartData?year%5B%5D=2024-25&zone%5B%5D=South HTTP/1.1" 200 440
127.0.0.1 - - [23/Jul/2024:17:13:29 +0530] "POST /salesCore/getYearBudgets HTTP/1.1" 200 110
0:0:0:0:0:0:0:1 - - [23/Jul/2024:17:13:29 +0530] "GET /sales/yearBudgets?year%5B%5D=2024-25&zone%5B%5D=South HTTP/1.1" 200 12
127.0.0.1 - - [23/Jul/2024:17:13:31 +0530] "POST /salesCore/getDashboardData HTTP/1.1" 200 367
0:0:0:0:0:0:0:1 - - [23/Jul/2024:17:13:31 +0530] "GET /sales/getChartData?year%5B%5D=2024-25&zone%5B%5D=West&zone%5B%5D=South HTTP/1.1" 200 440
127.0.0.1 - - [23/Jul/2024:17:13:31 +0530] "POST /salesCore/getYearBudgets HTTP/1.1" 200 110
0:0:0:0:0:0:0:1 - - [23/Jul/2024:17:13:31 +0530] "GET /sales/yearBudgets?year%5B%5D=2024-25&zone%5B%5D=West&zone%5B%5D=South HTTP/1.1" 200 12
127.0.0.1 - - [23/Jul/2024:17:13:34 +0530] "POST /salesCore/getDashboardData HTTP/1.1" 200 367
0:0:0:0:0:0:0:1 - - [23/Jul/2024:17:13:34 +0530] "GET /sales/getChartData?year%5B%5D=2024-25&zone%5B%5D=West HTTP/1.1" 200 428
127.0.0.1 - - [23/Jul/2024:17:13:34 +0530] "POST /salesCore/getYearBudgets HTTP/1.1" 200 110
0:0:0:0:0:0:0:1 - - [23/Jul/2024:17:13:34 +0530] "GET /sales/yearBudgets?year%5B%5D=2024-25&zone%5B%5D=West HTTP/1.1" 200 12
127.0.0.1 - - [23/Jul/2024:17:16:16 +0530] "POST /salesCore/getAllBudget HTTP/1.1" 200 2883
0:0:0:0:0:0:0:1 - - [23/Jul/2024:17:16:16 +0530] "GET /sales/dashboard HTTP/1.1" 200 35713
127.0.0.1 - - [23/Jul/2024:17:16:16 +0530] "POST /salesCore/getDashboardData HTTP/1.1" 200 2755
127.0.0.1 - - [23/Jul/2024:17:16:16 +0530] "POST /salesCore/todayRemindersCount HTTP/1.1" 200 110
0:0:0:0:0:0:0:1 - - [23/Jul/2024:17:16:16 +0530] "GET /sales/getChartData HTTP/1.1" 200 462
0:0:0:0:0:0:0:1 - - [23/Jul/2024:17:16:16 +0530] "POST /sales/todayReminders HTTP/1.1" 200 11
0:0:0:0:0:0:0:1 - - [23/Jul/2024:17:16:16 +0530] "GET /sales/yearBudgets HTTP/1.1" 500 129
127.0.0.1 - - [23/Jul/2024:17:16:18 +0530] "POST /salesCore/getYearBudgets HTTP/1.1" 200 2883
127.0.0.1 - - [23/Jul/2024:17:16:18 +0530] "POST /salesCore/getDashboardData HTTP/1.1" 200 2755
0:0:0:0:0:0:0:1 - - [23/Jul/2024:17:16:18 +0530] "GET /sales/getChartData?year%5B%5D=2024-25 HTTP/1.1" 200 462
0:0:0:0:0:0:0:1 - - [23/Jul/2024:17:16:18 +0530] "GET /sales/yearBudgets?year%5B%5D=2024-25 HTTP/1.1" 200 2083
127.0.0.1 - - [23/Jul/2024:17:16:22 +0530] "POST /salesCore/getYearBudgets HTTP/1.1" 200 110
0:0:0:0:0:0:0:1 - - [23/Jul/2024:17:16:22 +0530] "GET /sales/yearBudgets?year%5B%5D=2024-25&zone%5B%5D=East HTTP/1.1" 200 12
127.0.0.1 - - [23/Jul/2024:17:16:22 +0530] "POST /salesCore/getDashboardData HTTP/1.1" 200 367
0:0:0:0:0:0:0:1 - - [23/Jul/2024:17:16:22 +0530] "GET /sales/getChartData?year%5B%5D=2024-25&zone%5B%5D=East HTTP/1.1" 200 428
127.0.0.1 - - [23/Jul/2024:17:16:31 +0530] "POST /salesCore/getYearBudgets HTTP/1.1" 200 110
127.0.0.1 - - [23/Jul/2024:17:16:31 +0530] "POST /salesCore/getDashboardData HTTP/1.1" 200 367
0:0:0:0:0:0:0:1 - - [23/Jul/2024:17:16:31 +0530] "GET /sales/yearBudgets?year%5B%5D=2024-25&zone%5B%5D=East&zone%5B%5D=West HTTP/1.1" 200 12
0:0:0:0:0:0:0:1 - - [23/Jul/2024:17:16:31 +0530] "GET /sales/getChartData?year%5B%5D=2024-25&zone%5B%5D=East&zone%5B%5D=West HTTP/1.1" 200 428
127.0.0.1 - - [23/Jul/2024:17:16:36 +0530] "POST /salesCore/getYearBudgets HTTP/1.1" 200 110
127.0.0.1 - - [23/Jul/2024:17:16:36 +0530] "POST /salesCore/getDashboardData HTTP/1.1" 200 367
0:0:0:0:0:0:0:1 - - [23/Jul/2024:17:16:36 +0530] "GET /sales/getChartData?year%5B%5D=2024-25&zone%5B%5D=East HTTP/1.1" 200 428
0:0:0:0:0:0:0:1 - - [23/Jul/2024:17:16:36 +0530] "GET /sales/yearBudgets?year%5B%5D=2024-25&zone%5B%5D=East HTTP/1.1" 200 12
127.0.0.1 - - [23/Jul/2024:17:16:39 +0530] "POST /salesCore/getYearBudgets HTTP/1.1" 200 110
0:0:0:0:0:0:0:1 - - [23/Jul/2024:17:16:39 +0530] "GET /sales/yearBudgets?year%5B%5D=2024-25&zone%5B%5D=East&zone%5B%5D=West HTTP/1.1" 200 12
127.0.0.1 - - [23/Jul/2024:17:16:39 +0530] "POST /salesCore/getDashboardData HTTP/1.1" 200 367
0:0:0:0:0:0:0:1 - - [23/Jul/2024:17:16:39 +0530] "GET /sales/getChartData?year%5B%5D=2024-25&zone%5B%5D=East&zone%5B%5D=West HTTP/1.1" 200 428
127.0.0.1 - - [23/Jul/2024:17:16:43 +0530] "POST /salesCore/getYearBudgets HTTP/1.1" 200 2883
0:0:0:0:0:0:0:1 - - [23/Jul/2024:17:16:43 +0530] "GET /sales/yearBudgets?year%5B%5D=2024-25&zone%5B%5D=East&zone%5B%5D=West&zone%5B%5D=North HTTP/1.1" 200 2083
127.0.0.1 - - [23/Jul/2024:17:16:43 +0530] "POST /salesCore/getDashboardData HTTP/1.1" 200 2755
0:0:0:0:0:0:0:1 - - [23/Jul/2024:17:16:43 +0530] "GET /sales/getChartData?year%5B%5D=2024-25&zone%5B%5D=East&zone%5B%5D=West&zone%5B%5D=North HTTP/1.1" 200 450
127.0.0.1 - - [23/Jul/2024:17:17:24 +0530] "POST /salesCore/getDashboardData HTTP/1.1" 200 2755
127.0.0.1 - - [23/Jul/2024:17:17:24 +0530] "POST /salesCore/getYearBudgets HTTP/1.1" 200 2883
0:0:0:0:0:0:0:1 - - [23/Jul/2024:17:17:24 +0530] "GET /sales/yearBudgets?year%5B%5D=2024-25&zone%5B%5D=East&zone%5B%5D=North HTTP/1.1" 200 2083
0:0:0:0:0:0:0:1 - - [23/Jul/2024:17:17:24 +0530] "GET /sales/getChartData?year%5B%5D=2024-25&zone%5B%5D=East&zone%5B%5D=North HTTP/1.1" 200 450
127.0.0.1 - - [23/Jul/2024:17:17:25 +0530] "POST /salesCore/getDashboardData HTTP/1.1" 200 367
0:0:0:0:0:0:0:1 - - [23/Jul/2024:17:17:25 +0530] "GET /sales/getChartData?year%5B%5D=2024-25&zone%5B%5D=East HTTP/1.1" 200 428
127.0.0.1 - - [23/Jul/2024:17:17:25 +0530] "POST /salesCore/getYearBudgets HTTP/1.1" 200 110
0:0:0:0:0:0:0:1 - - [23/Jul/2024:17:17:25 +0530] "GET /sales/yearBudgets?year%5B%5D=2024-25&zone%5B%5D=East HTTP/1.1" 200 12
127.0.0.1 - - [23/Jul/2024:17:17:26 +0530] "POST /salesCore/getYearBudgets HTTP/1.1" 200 2883
127.0.0.1 - - [23/Jul/2024:17:17:26 +0530] "POST /salesCore/getDashboardData HTTP/1.1" 200 2755
0:0:0:0:0:0:0:1 - - [23/Jul/2024:17:17:26 +0530] "GET /sales/getChartData?year%5B%5D=2024-25 HTTP/1.1" 200 462
0:0:0:0:0:0:0:1 - - [23/Jul/2024:17:17:26 +0530] "GET /sales/yearBudgets?year%5B%5D=2024-25 HTTP/1.1" 200 2083
127.0.0.1 - - [23/Jul/2024:17:17:28 +0530] "POST /salesCore/getDashboardData HTTP/1.1" 200 2755
127.0.0.1 - - [23/Jul/2024:17:17:28 +0530] "POST /salesCore/getYearBudgets HTTP/1.1" 200 2883
0:0:0:0:0:0:0:1 - - [23/Jul/2024:17:17:28 +0530] "GET /sales/getChartData?year%5B%5D=2024-25&zone%5B%5D=North HTTP/1.1" 200 450
0:0:0:0:0:0:0:1 - - [23/Jul/2024:17:17:28 +0530] "GET /sales/yearBudgets?year%5B%5D=2024-25&zone%5B%5D=North HTTP/1.1" 200 2083
127.0.0.1 - - [23/Jul/2024:17:19:18 +0530] "GET / HTTP/1.1" 404 751
0:0:0:0:0:0:0:1 - - [23/Jul/2024:17:19:30 +0530] "GET /sales/dashboard HTTP/1.1" 302 -
0:0:0:0:0:0:0:1 - - [23/Jul/2024:17:19:32 +0530] "GET /sales/login HTTP/1.1" 200 10532
0:0:0:0:0:0:0:1 - - [23/Jul/2024:17:20:48 +0530] "GET /sales/login HTTP/1.1" 200 10532
127.0.0.1 - - [23/Jul/2024:17:21:02 +0530] "POST /salesCore/login HTTP/1.1" 200 656
0:0:0:0:0:0:0:1 - - [23/Jul/2024:17:21:02 +0530] "POST /sales/login HTTP/1.1" 302 -
127.0.0.1 - - [23/Jul/2024:17:21:03 +0530] "POST /salesCore/getAllBudget HTTP/1.1" 200 2883
0:0:0:0:0:0:0:1 - - [23/Jul/2024:17:21:05 +0530] "GET /sales/dashboard HTTP/1.1" 200 35713
0:0:0:0:0:0:0:1 - - [23/Jul/2024:17:21:05 +0530] "GET /sales/yearBudgets HTTP/1.1" 500 129
127.0.0.1 - - [23/Jul/2024:17:21:05 +0530] "POST /salesCore/todayRemindersCount HTTP/1.1" 200 110
127.0.0.1 - - [23/Jul/2024:17:21:05 +0530] "POST /salesCore/getDashboardData HTTP/1.1" 200 2755
0:0:0:0:0:0:0:1 - - [23/Jul/2024:17:21:05 +0530] "POST /sales/todayReminders HTTP/1.1" 200 11
0:0:0:0:0:0:0:1 - - [23/Jul/2024:17:21:05 +0530] "GET /sales/getChartData HTTP/1.1" 200 462
127.0.0.1 - - [23/Jul/2024:17:21:10 +0530] "POST /salesCore/getDashboardData HTTP/1.1" 200 2755
0:0:0:0:0:0:0:1 - - [23/Jul/2024:17:21:10 +0530] "GET /sales/getChartData?year%5B%5D=2024-25 HTTP/1.1" 200 462
127.0.0.1 - - [23/Jul/2024:17:21:10 +0530] "POST /salesCore/getYearBudgets HTTP/1.1" 200 2883
0:0:0:0:0:0:0:1 - - [23/Jul/2024:17:21:10 +0530] "GET /sales/yearBudgets?year%5B%5D=2024-25 HTTP/1.1" 200 2083
127.0.0.1 - - [23/Jul/2024:17:22:40 +0530] "POST /salesCore/getYearBudgets HTTP/1.1" 200 110
127.0.0.1 - - [23/Jul/2024:17:22:40 +0530] "POST /salesCore/getDashboardData HTTP/1.1" 200 367
0:0:0:0:0:0:0:1 - - [23/Jul/2024:17:22:40 +0530] "GET /sales/yearBudgets?year%5B%5D=2024-25&zone%5B%5D=West HTTP/1.1" 200 12
0:0:0:0:0:0:0:1 - - [23/Jul/2024:17:22:40 +0530] "GET /sales/getChartData?year%5B%5D=2024-25&zone%5B%5D=West HTTP/1.1" 200 428
127.0.0.1 - - [23/Jul/2024:17:26:49 +0530] "POST /salesCore/getAllBudget HTTP/1.1" 200 2883
0:0:0:0:0:0:0:1 - - [23/Jul/2024:17:26:49 +0530] "GET /sales/dashboard HTTP/1.1" 200 35713
0:0:0:0:0:0:0:1 - - [23/Jul/2024:17:26:50 +0530] "GET /sales/yearBudgets HTTP/1.1" 500 129
127.0.0.1 - - [23/Jul/2024:17:26:50 +0530] "POST /salesCore/todayRemindersCount HTTP/1.1" 200 110
0:0:0:0:0:0:0:1 - - [23/Jul/2024:17:26:50 +0530] "POST /sales/todayReminders HTTP/1.1" 200 11
127.0.0.1 - - [23/Jul/2024:17:26:50 +0530] "POST /salesCore/getDashboardData HTTP/1.1" 200 2755
0:0:0:0:0:0:0:1 - - [23/Jul/2024:17:26:50 +0530] "GET /sales/getChartData HTTP/1.1" 200 462
127.0.0.1 - - [23/Jul/2024:17:26:53 +0530] "POST /salesCore/getYearBudgets HTTP/1.1" 200 2883
127.0.0.1 - - [23/Jul/2024:17:26:53 +0530] "POST /salesCore/getDashboardData HTTP/1.1" 200 2755
0:0:0:0:0:0:0:1 - - [23/Jul/2024:17:26:53 +0530] "GET /sales/getChartData?year%5B%5D=2024-25 HTTP/1.1" 200 462
0:0:0:0:0:0:0:1 - - [23/Jul/2024:17:26:53 +0530] "GET /sales/yearBudgets?year%5B%5D=2024-25 HTTP/1.1" 200 2083
127.0.0.1 - - [23/Jul/2024:17:26:59 +0530] "POST /salesCore/getYearBudgets HTTP/1.1" 200 110
127.0.0.1 - - [23/Jul/2024:17:26:59 +0530] "POST /salesCore/getDashboardData HTTP/1.1" 200 367
0:0:0:0:0:0:0:1 - - [23/Jul/2024:17:26:59 +0530] "GET /sales/getChartData?year%5B%5D=2024-25&zone%5B%5D=West HTTP/1.1" 200 428
0:0:0:0:0:0:0:1 - - [23/Jul/2024:17:26:59 +0530] "GET /sales/yearBudgets?year%5B%5D=2024-25&zone%5B%5D=West HTTP/1.1" 200 12
127.0.0.1 - - [23/Jul/2024:17:27:49 +0530] "POST /salesCore/getYearBudgets HTTP/1.1" 200 110
127.0.0.1 - - [23/Jul/2024:17:27:49 +0530] "POST /salesCore/getDashboardData HTTP/1.1" 200 367
0:0:0:0:0:0:0:1 - - [23/Jul/2024:17:27:49 +0530] "GET /sales/yearBudgets?year%5B%5D=2024-25&zone%5B%5D=East&zone%5B%5D=West HTTP/1.1" 200 12
0:0:0:0:0:0:0:1 - - [23/Jul/2024:17:27:49 +0530] "GET /sales/getChartData?year%5B%5D=2024-25&zone%5B%5D=East&zone%5B%5D=West HTTP/1.1" 200 428
127.0.0.1 - - [23/Jul/2024:17:39:56 +0530] "GET / HTTP/1.1" 404 751
0:0:0:0:0:0:0:1 - - [23/Jul/2024:17:51:49 +0530] "GET /sales/dashboard HTTP/1.1" 302 -
0:0:0:0:0:0:0:1 - - [23/Jul/2024:17:51:49 +0530] "GET /sales/login HTTP/1.1" 200 10532
0:0:0:0:0:0:0:1 - - [23/Jul/2024:17:51:50 +0530] "GET /sales/login HTTP/1.1" 200 10532
0:0:0:0:0:0:0:1 - - [23/Jul/2024:17:51:50 +0530] "GET /sales/login HTTP/1.1" 200 10532
0:0:0:0:0:0:0:1 - - [23/Jul/2024:17:51:50 +0530] "GET /sales/login HTTP/1.1" 200 10532
0:0:0:0:0:0:0:1 - - [23/Jul/2024:17:51:50 +0530] "GET /sales/login HTTP/1.1" 200 10532
0:0:0:0:0:0:0:1 - - [23/Jul/2024:17:51:50 +0530] "GET /sales/login HTTP/1.1" 200 10532
0:0:0:0:0:0:0:1 - - [23/Jul/2024:17:51:51 +0530] "GET /sales/login HTTP/1.1" 200 10532
0:0:0:0:0:0:0:1 - - [23/Jul/2024:17:51:51 +0530] "GET /sales/login HTTP/1.1" 200 10532
0:0:0:0:0:0:0:1 - - [23/Jul/2024:17:51:51 +0530] "GET /sales/login HTTP/1.1" 200 10532
0:0:0:0:0:0:0:1 - - [23/Jul/2024:17:51:51 +0530] "GET /sales/login HTTP/1.1" 200 10532
0:0:0:0:0:0:0:1 - - [23/Jul/2024:17:51:51 +0530] "GET /sales/login HTTP/1.1" 200 10532
127.0.0.1 - - [23/Jul/2024:17:51:57 +0530] "POST /salesCore/login HTTP/1.1" 200 656
0:0:0:0:0:0:0:1 - - [23/Jul/2024:17:51:57 +0530] "POST /sales/login HTTP/1.1" 302 -
127.0.0.1 - - [23/Jul/2024:17:51:58 +0530] "POST /salesCore/getAllBudget HTTP/1.1" 200 2883
0:0:0:0:0:0:0:1 - - [23/Jul/2024:17:51:58 +0530] "GET /sales/dashboard HTTP/1.1" 200 35713
0:0:0:0:0:0:0:1 - - [23/Jul/2024:17:51:58 +0530] "GET /sales/yearBudgets HTTP/1.1" 500 129
127.0.0.1 - - [23/Jul/2024:17:51:58 +0530] "POST /salesCore/getDashboardData HTTP/1.1" 200 2755
127.0.0.1 - - [23/Jul/2024:17:51:58 +0530] "POST /salesCore/todayRemindersCount HTTP/1.1" 200 110
0:0:0:0:0:0:0:1 - - [23/Jul/2024:17:51:58 +0530] "GET /sales/getChartData HTTP/1.1" 200 462
0:0:0:0:0:0:0:1 - - [23/Jul/2024:17:51:58 +0530] "POST /sales/todayReminders HTTP/1.1" 200 11
127.0.0.1 - - [23/Jul/2024:17:52:08 +0530] "POST /salesCore/getDashboardData HTTP/1.1" 200 2755
0:0:0:0:0:0:0:1 - - [23/Jul/2024:17:52:08 +0530] "GET /sales/getChartData?year%5B%5D=2024-25 HTTP/1.1" 200 462
127.0.0.1 - - [23/Jul/2024:17:52:08 +0530] "POST /salesCore/getYearBudgets HTTP/1.1" 200 2883
0:0:0:0:0:0:0:1 - - [23/Jul/2024:17:52:08 +0530] "GET /sales/yearBudgets?year%5B%5D=2024-25 HTTP/1.1" 200 2083
127.0.0.1 - - [23/Jul/2024:17:52:13 +0530] "POST /salesCore/getYearBudgets HTTP/1.1" 200 110
127.0.0.1 - - [23/Jul/2024:17:52:13 +0530] "POST /salesCore/getDashboardData HTTP/1.1" 200 367
0:0:0:0:0:0:0:1 - - [23/Jul/2024:17:52:13 +0530] "GET /sales/yearBudgets?year%5B%5D=2024-25&zone%5B%5D=East HTTP/1.1" 200 12
0:0:0:0:0:0:0:1 - - [23/Jul/2024:17:52:13 +0530] "GET /sales/getChartData?year%5B%5D=2024-25&zone%5B%5D=East HTTP/1.1" 200 428
127.0.0.1 - - [23/Jul/2024:17:52:18 +0530] "POST /salesCore/getYearBudgets HTTP/1.1" 200 110
127.0.0.1 - - [23/Jul/2024:17:52:18 +0530] "POST /salesCore/getDashboardData HTTP/1.1" 200 367
0:0:0:0:0:0:0:1 - - [23/Jul/2024:17:52:18 +0530] "GET /sales/yearBudgets?year%5B%5D=2024-25&zone%5B%5D=East&zone%5B%5D=West HTTP/1.1" 200 12
0:0:0:0:0:0:0:1 - - [23/Jul/2024:17:52:18 +0530] "GET /sales/getChartData?year%5B%5D=2024-25&zone%5B%5D=East&zone%5B%5D=West HTTP/1.1" 200 428
127.0.0.1 - - [23/Jul/2024:17:52:23 +0530] "POST /salesCore/getDashboardData HTTP/1.1" 200 367
0:0:0:0:0:0:0:1 - - [23/Jul/2024:17:52:23 +0530] "GET /sales/getChartData?year%5B%5D=2024-25&zone%5B%5D=West HTTP/1.1" 200 428
127.0.0.1 - - [23/Jul/2024:17:52:23 +0530] "POST /salesCore/getYearBudgets HTTP/1.1" 200 110
0:0:0:0:0:0:0:1 - - [23/Jul/2024:17:52:23 +0530] "GET /sales/yearBudgets?year%5B%5D=2024-25&zone%5B%5D=West HTTP/1.1" 200 12
127.0.0.1 - - [23/Jul/2024:17:52:26 +0530] "POST /salesCore/getDashboardData HTTP/1.1" 200 367
127.0.0.1 - - [23/Jul/2024:17:52:26 +0530] "POST /salesCore/getYearBudgets HTTP/1.1" 200 110
0:0:0:0:0:0:0:1 - - [23/Jul/2024:17:52:26 +0530] "GET /sales/getChartData?year%5B%5D=2024-25&zone%5B%5D=West&zone%5B%5D=South HTTP/1.1" 200 440
0:0:0:0:0:0:0:1 - - [23/Jul/2024:17:52:26 +0530] "GET /sales/yearBudgets?year%5B%5D=2024-25&zone%5B%5D=West&zone%5B%5D=South HTTP/1.1" 200 12
127.0.0.1 - - [23/Jul/2024:17:52:30 +0530] "POST /salesCore/getDashboardData HTTP/1.1" 200 2755
127.0.0.1 - - [23/Jul/2024:17:52:30 +0530] "POST /salesCore/getYearBudgets HTTP/1.1" 200 2883
0:0:0:0:0:0:0:1 - - [23/Jul/2024:17:52:30 +0530] "GET /sales/getChartData?year%5B%5D=2024-25&zone%5B%5D=West&zone%5B%5D=North&zone%5B%5D=South HTTP/1.1" 200 462
0:0:0:0:0:0:0:1 - - [23/Jul/2024:17:52:30 +0530] "GET /sales/yearBudgets?year%5B%5D=2024-25&zone%5B%5D=West&zone%5B%5D=North&zone%5B%5D=South HTTP/1.1" 200 2083
127.0.0.1 - - [23/Jul/2024:17:52:34 +0530] "POST /salesCore/getDashboardData HTTP/1.1" 200 2755
0:0:0:0:0:0:0:1 - - [23/Jul/2024:17:52:34 +0530] "GET /sales/getChartData?year%5B%5D=2024-25&zone%5B%5D=East&zone%5B%5D=West&zone%5B%5D=North&zone%5B%5D=South HTTP/1.1" 200 462
127.0.0.1 - - [23/Jul/2024:17:52:34 +0530] "POST /salesCore/getYearBudgets HTTP/1.1" 200 2883
0:0:0:0:0:0:0:1 - - [23/Jul/2024:17:52:34 +0530] "GET /sales/yearBudgets?year%5B%5D=2024-25&zone%5B%5D=East&zone%5B%5D=West&zone%5B%5D=North&zone%5B%5D=South HTTP/1.1" 200 2083
127.0.0.1 - - [23/Jul/2024:17:52:38 +0530] "POST /salesCore/getYearBudgets HTTP/1.1" 200 2883
127.0.0.1 - - [23/Jul/2024:17:52:38 +0530] "POST /salesCore/getDashboardData HTTP/1.1" 200 2755
0:0:0:0:0:0:0:1 - - [23/Jul/2024:17:52:38 +0530] "GET /sales/getChartData?year%5B%5D=2024-25&zone%5B%5D=West&zone%5B%5D=North&zone%5B%5D=South HTTP/1.1" 200 462
0:0:0:0:0:0:0:1 - - [23/Jul/2024:17:52:38 +0530] "GET /sales/yearBudgets?year%5B%5D=2024-25&zone%5B%5D=West&zone%5B%5D=North&zone%5B%5D=South HTTP/1.1" 200 2083
127.0.0.1 - - [23/Jul/2024:17:53:15 +0530] "POST /salesCore/getDashboardData HTTP/1.1" 200 2755
127.0.0.1 - - [23/Jul/2024:17:53:15 +0530] "POST /salesCore/getYearBudgets HTTP/1.1" 200 2883
0:0:0:0:0:0:0:1 - - [23/Jul/2024:17:53:15 +0530] "GET /sales/getChartData?year%5B%5D=2024-25&zone%5B%5D=East&zone%5B%5D=West&zone%5B%5D=North&zone%5B%5D=South HTTP/1.1" 200 462
0:0:0:0:0:0:0:1 - - [23/Jul/2024:17:53:15 +0530] "GET /sales/yearBudgets?year%5B%5D=2024-25&zone%5B%5D=East&zone%5B%5D=West&zone%5B%5D=North&zone%5B%5D=South HTTP/1.1" 200 2083
127.0.0.1 - - [23/Jul/2024:17:54:04 +0530] "POST /salesCore/getYearBudgets HTTP/1.1" 200 2883
127.0.0.1 - - [23/Jul/2024:17:54:04 +0530] "POST /salesCore/getDashboardData HTTP/1.1" 200 2755
0:0:0:0:0:0:0:1 - - [23/Jul/2024:17:54:04 +0530] "GET /sales/yearBudgets?year%5B%5D=2024-25&zone%5B%5D=East&zone%5B%5D=North&zone%5B%5D=South HTTP/1.1" 200 2083
0:0:0:0:0:0:0:1 - - [23/Jul/2024:17:54:04 +0530] "GET /sales/getChartData?year%5B%5D=2024-25&zone%5B%5D=East&zone%5B%5D=North&zone%5B%5D=South HTTP/1.1" 200 462
127.0.0.1 - - [23/Jul/2024:17:54:06 +0530] "POST /salesCore/getDashboardData HTTP/1.1" 200 367
127.0.0.1 - - [23/Jul/2024:17:54:06 +0530] "POST /salesCore/getYearBudgets HTTP/1.1" 200 110
0:0:0:0:0:0:0:1 - - [23/Jul/2024:17:54:06 +0530] "GET /sales/getChartData?year%5B%5D=2024-25&zone%5B%5D=East&zone%5B%5D=South HTTP/1.1" 200 440
0:0:0:0:0:0:0:1 - - [23/Jul/2024:17:54:06 +0530] "GET /sales/yearBudgets?year%5B%5D=2024-25&zone%5B%5D=East&zone%5B%5D=South HTTP/1.1" 200 12
127.0.0.1 - - [23/Jul/2024:17:54:07 +0530] "POST /salesCore/getDashboardData HTTP/1.1" 200 367
0:0:0:0:0:0:0:1 - - [23/Jul/2024:17:54:07 +0530] "GET /sales/getChartData?year%5B%5D=2024-25&zone%5B%5D=East HTTP/1.1" 200 428
127.0.0.1 - - [23/Jul/2024:17:54:07 +0530] "POST /salesCore/getYearBudgets HTTP/1.1" 200 110
0:0:0:0:0:0:0:1 - - [23/Jul/2024:17:54:07 +0530] "GET /sales/yearBudgets?year%5B%5D=2024-25&zone%5B%5D=East HTTP/1.1" 200 12
127.0.0.1 - - [23/Jul/2024:17:54:09 +0530] "POST /salesCore/getYearBudgets HTTP/1.1" 200 2883
127.0.0.1 - - [23/Jul/2024:17:54:09 +0530] "POST /salesCore/getDashboardData HTTP/1.1" 200 2755
0:0:0:0:0:0:0:1 - - [23/Jul/2024:17:54:09 +0530] "GET /sales/getChartData?year%5B%5D=2024-25&zone%5B%5D=East&zone%5B%5D=North HTTP/1.1" 200 450
0:0:0:0:0:0:0:1 - - [23/Jul/2024:17:54:09 +0530] "GET /sales/yearBudgets?year%5B%5D=2024-25&zone%5B%5D=East&zone%5B%5D=North HTTP/1.1" 200 2083
127.0.0.1 - - [23/Jul/2024:17:54:14 +0530] "POST /salesCore/getDashboardData HTTP/1.1" 200 367
0:0:0:0:0:0:0:1 - - [23/Jul/2024:17:54:14 +0530] "GET /sales/getChartData?year%5B%5D=2024-25&zone%5B%5D=East HTTP/1.1" 200 428
127.0.0.1 - - [23/Jul/2024:17:54:14 +0530] "POST /salesCore/getYearBudgets HTTP/1.1" 200 110
0:0:0:0:0:0:0:1 - - [23/Jul/2024:17:54:14 +0530] "GET /sales/yearBudgets?year%5B%5D=2024-25&zone%5B%5D=East HTTP/1.1" 200 12
127.0.0.1 - - [23/Jul/2024:17:54:16 +0530] "POST /salesCore/getYearBudgets HTTP/1.1" 200 110
127.0.0.1 - - [23/Jul/2024:17:54:16 +0530] "POST /salesCore/getDashboardData HTTP/1.1" 200 367
0:0:0:0:0:0:0:1 - - [23/Jul/2024:17:54:16 +0530] "GET /sales/yearBudgets?year%5B%5D=2024-25&zone%5B%5D=East&zone%5B%5D=West HTTP/1.1" 200 12
0:0:0:0:0:0:0:1 - - [23/Jul/2024:17:54:16 +0530] "GET /sales/getChartData?year%5B%5D=2024-25&zone%5B%5D=East&zone%5B%5D=West HTTP/1.1" 200 428
127.0.0.1 - - [23/Jul/2024:17:54:20 +0530] "POST /salesCore/getDashboardData HTTP/1.1" 200 367
0:0:0:0:0:0:0:1 - - [23/Jul/2024:17:54:20 +0530] "GET /sales/getChartData?year%5B%5D=2024-25&zone%5B%5D=East HTTP/1.1" 200 428
127.0.0.1 - - [23/Jul/2024:17:54:20 +0530] "POST /salesCore/getYearBudgets HTTP/1.1" 200 110
0:0:0:0:0:0:0:1 - - [23/Jul/2024:17:54:20 +0530] "GET /sales/yearBudgets?year%5B%5D=2024-25&zone%5B%5D=East HTTP/1.1" 200 12
127.0.0.1 - - [23/Jul/2024:17:54:23 +0530] "POST /salesCore/getYearBudgets HTTP/1.1" 200 2883
0:0:0:0:0:0:0:1 - - [23/Jul/2024:17:54:23 +0530] "GET /sales/yearBudgets?year%5B%5D=2024-25 HTTP/1.1" 200 2083
127.0.0.1 - - [23/Jul/2024:17:54:23 +0530] "POST /salesCore/getDashboardData HTTP/1.1" 200 2755
0:0:0:0:0:0:0:1 - - [23/Jul/2024:17:54:23 +0530] "GET /sales/getChartData?year%5B%5D=2024-25 HTTP/1.1" 200 462
127.0.0.1 - - [23/Jul/2024:17:54:24 +0530] "POST /salesCore/getYearBudgets HTTP/1.1" 200 110
127.0.0.1 - - [23/Jul/2024:17:54:24 +0530] "POST /salesCore/getDashboardData HTTP/1.1" 200 367
0:0:0:0:0:0:0:1 - - [23/Jul/2024:17:54:24 +0530] "GET /sales/yearBudgets?year%5B%5D=2024-25&zone%5B%5D=West HTTP/1.1" 200 12
0:0:0:0:0:0:0:1 - - [23/Jul/2024:17:54:24 +0530] "GET /sales/getChartData?year%5B%5D=2024-25&zone%5B%5D=West HTTP/1.1" 200 428
127.0.0.1 - - [23/Jul/2024:17:54:27 +0530] "POST /salesCore/getDashboardData HTTP/1.1" 200 367
0:0:0:0:0:0:0:1 - - [23/Jul/2024:17:54:27 +0530] "GET /sales/getChartData?year%5B%5D=2024-25&zone%5B%5D=East&zone%5B%5D=West HTTP/1.1" 200 428
127.0.0.1 - - [23/Jul/2024:17:54:27 +0530] "POST /salesCore/getYearBudgets HTTP/1.1" 200 110
0:0:0:0:0:0:0:1 - - [23/Jul/2024:17:54:27 +0530] "GET /sales/yearBudgets?year%5B%5D=2024-25&zone%5B%5D=East&zone%5B%5D=West HTTP/1.1" 200 12
127.0.0.1 - - [23/Jul/2024:17:54:42 +0530] "POST /salesCore/getYearBudgets HTTP/1.1" 200 2883
127.0.0.1 - - [23/Jul/2024:17:54:42 +0530] "POST /salesCore/getDashboardData HTTP/1.1" 200 2755
0:0:0:0:0:0:0:1 - - [23/Jul/2024:17:54:42 +0530] "GET /sales/yearBudgets?year%5B%5D=2024-25&zone%5B%5D=East&zone%5B%5D=West&zone%5B%5D=North HTTP/1.1" 200 2083
0:0:0:0:0:0:0:1 - - [23/Jul/2024:17:54:42 +0530] "GET /sales/getChartData?year%5B%5D=2024-25&zone%5B%5D=East&zone%5B%5D=West&zone%5B%5D=North HTTP/1.1" 200 450
127.0.0.1 - - [23/Jul/2024:17:56:39 +0530] "POST /salesCore/getAllBudget HTTP/1.1" 200 2883
0:0:0:0:0:0:0:1 - - [23/Jul/2024:17:56:39 +0530] "GET /sales/dashboard HTTP/1.1" 200 35713
127.0.0.1 - - [23/Jul/2024:17:56:39 +0530] "POST /salesCore/todayRemindersCount HTTP/1.1" 200 110
0:0:0:0:0:0:0:1 - - [23/Jul/2024:17:56:39 +0530] "POST /sales/todayReminders HTTP/1.1" 200 11
127.0.0.1 - - [23/Jul/2024:17:56:39 +0530] "POST /salesCore/getDashboardData HTTP/1.1" 200 2755
0:0:0:0:0:0:0:1 - - [23/Jul/2024:17:56:40 +0530] "GET /sales/getChartData HTTP/1.1" 200 462
0:0:0:0:0:0:0:1 - - [23/Jul/2024:17:56:40 +0530] "GET /sales/yearBudgets HTTP/1.1" 500 129
127.0.0.1 - - [23/Jul/2024:17:56:40 +0530] "POST /salesCore/getAllBudget HTTP/1.1" 200 2883
0:0:0:0:0:0:0:1 - - [23/Jul/2024:17:56:40 +0530] "GET /sales/dashboard HTTP/1.1" 200 35713
0:0:0:0:0:0:0:1 - - [23/Jul/2024:17:56:40 +0530] "GET /sales/yearBudgets HTTP/1.1" 500 129
127.0.0.1 - - [23/Jul/2024:17:56:40 +0530] "POST /salesCore/todayRemindersCount HTTP/1.1" 200 110
0:0:0:0:0:0:0:1 - - [23/Jul/2024:17:56:40 +0530] "POST /sales/todayReminders HTTP/1.1" 200 11
127.0.0.1 - - [23/Jul/2024:17:56:40 +0530] "POST /salesCore/getDashboardData HTTP/1.1" 200 2755
0:0:0:0:0:0:0:1 - - [23/Jul/2024:17:56:40 +0530] "GET /sales/getChartData HTTP/1.1" 200 462
127.0.0.1 - - [23/Jul/2024:17:56:42 +0530] "POST /salesCore/getDashboardData HTTP/1.1" 200 2755
0:0:0:0:0:0:0:1 - - [23/Jul/2024:17:56:42 +0530] "GET /sales/getChartData?year%5B%5D=2024-25 HTTP/1.1" 200 462
127.0.0.1 - - [23/Jul/2024:17:56:42 +0530] "POST /salesCore/getYearBudgets HTTP/1.1" 200 2883
0:0:0:0:0:0:0:1 - - [23/Jul/2024:17:56:42 +0530] "GET /sales/yearBudgets?year%5B%5D=2024-25 HTTP/1.1" 200 2083
127.0.0.1 - - [23/Jul/2024:17:56:44 +0530] "POST /salesCore/getDashboardData HTTP/1.1" 500 194
0:0:0:0:0:0:0:1 - - [23/Jul/2024:17:56:44 +0530] "GET /sales/getChartData?year%5B%5D=2024-25&zone%5B%5D=West HTTP/1.1" 500 130
127.0.0.1 - - [23/Jul/2024:17:56:44 +0530] "POST /salesCore/getYearBudgets HTTP/1.1" 200 110
0:0:0:0:0:0:0:1 - - [23/Jul/2024:17:56:44 +0530] "GET /sales/yearBudgets?year%5B%5D=2024-25&zone%5B%5D=West HTTP/1.1" 200 12
127.0.0.1 - - [23/Jul/2024:17:56:50 +0530] "POST /salesCore/getYearBudgets HTTP/1.1" 200 2883
0:0:0:0:0:0:0:1 - - [23/Jul/2024:17:56:50 +0530] "GET /sales/yearBudgets?year%5B%5D=2024-25&zone%5B%5D=West&zone%5B%5D=North HTTP/1.1" 200 2083
127.0.0.1 - - [23/Jul/2024:17:56:50 +0530] "POST /salesCore/getDashboardData HTTP/1.1" 500 194
0:0:0:0:0:0:0:1 - - [23/Jul/2024:17:56:50 +0530] "GET /sales/getChartData?year%5B%5D=2024-25&zone%5B%5D=West&zone%5B%5D=North HTTP/1.1" 500 130
127.0.0.1 - - [23/Jul/2024:17:56:55 +0530] "POST /salesCore/getYearBudgets HTTP/1.1" 200 2883
127.0.0.1 - - [23/Jul/2024:17:56:55 +0530] "POST /salesCore/getDashboardData HTTP/1.1" 500 194
0:0:0:0:0:0:0:1 - - [23/Jul/2024:17:56:55 +0530] "GET /sales/yearBudgets?year%5B%5D=2024-25&zone%5B%5D=East&zone%5B%5D=West&zone%5B%5D=North HTTP/1.1" 200 2083
0:0:0:0:0:0:0:1 - - [23/Jul/2024:17:56:55 +0530] "GET /sales/getChartData?year%5B%5D=2024-25&zone%5B%5D=East&zone%5B%5D=West&zone%5B%5D=North HTTP/1.1" 500 130
127.0.0.1 - - [23/Jul/2024:17:56:58 +0530] "POST /salesCore/getAllBudget HTTP/1.1" 200 2883
0:0:0:0:0:0:0:1 - - [23/Jul/2024:17:56:58 +0530] "GET /sales/dashboard HTTP/1.1" 200 35713
0:0:0:0:0:0:0:1 - - [23/Jul/2024:17:56:58 +0530] "GET /sales/yearBudgets HTTP/1.1" 500 129
127.0.0.1 - - [23/Jul/2024:17:56:58 +0530] "POST /salesCore/todayRemindersCount HTTP/1.1" 200 110
0:0:0:0:0:0:0:1 - - [23/Jul/2024:17:56:58 +0530] "POST /sales/todayReminders HTTP/1.1" 200 11
127.0.0.1 - - [23/Jul/2024:17:56:58 +0530] "POST /salesCore/getDashboardData HTTP/1.1" 200 2755
0:0:0:0:0:0:0:1 - - [23/Jul/2024:17:56:58 +0530] "GET /sales/getChartData HTTP/1.1" 200 462
127.0.0.1 - - [23/Jul/2024:17:57:01 +0530] "POST /salesCore/getDashboardData HTTP/1.1" 200 2755
127.0.0.1 - - [23/Jul/2024:17:57:01 +0530] "POST /salesCore/getYearBudgets HTTP/1.1" 200 2883
0:0:0:0:0:0:0:1 - - [23/Jul/2024:17:57:01 +0530] "GET /sales/getChartData?year%5B%5D=2024-25 HTTP/1.1" 200 462
0:0:0:0:0:0:0:1 - - [23/Jul/2024:17:57:01 +0530] "GET /sales/yearBudgets?year%5B%5D=2024-25 HTTP/1.1" 200 2083
127.0.0.1 - - [23/Jul/2024:17:57:04 +0530] "POST /salesCore/getYearBudgets HTTP/1.1" 200 2883
0:0:0:0:0:0:0:1 - - [23/Jul/2024:17:57:04 +0530] "GET /sales/yearBudgets?year%5B%5D=2024-25&zone%5B%5D=North HTTP/1.1" 200 2083
127.0.0.1 - - [23/Jul/2024:17:57:04 +0530] "POST /salesCore/getDashboardData HTTP/1.1" 500 194
0:0:0:0:0:0:0:1 - - [23/Jul/2024:17:57:04 +0530] "GET /sales/getChartData?year%5B%5D=2024-25&zone%5B%5D=North HTTP/1.1" 500 130
127.0.0.1 - - [23/Jul/2024:17:57:07 +0530] "POST /salesCore/getDashboardData HTTP/1.1" 500 194
127.0.0.1 - - [23/Jul/2024:17:57:07 +0530] "POST /salesCore/getYearBudgets HTTP/1.1" 200 2883
0:0:0:0:0:0:0:1 - - [23/Jul/2024:17:57:07 +0530] "GET /sales/yearBudgets?year%5B%5D=2024-25&zone%5B%5D=West&zone%5B%5D=North HTTP/1.1" 200 2083
0:0:0:0:0:0:0:1 - - [23/Jul/2024:17:57:07 +0530] "GET /sales/getChartData?year%5B%5D=2024-25&zone%5B%5D=West&zone%5B%5D=North HTTP/1.1" 500 130
127.0.0.1 - - [23/Jul/2024:17:57:12 +0530] "POST /salesCore/getDashboardData HTTP/1.1" 500 194
127.0.0.1 - - [23/Jul/2024:17:57:12 +0530] "POST /salesCore/getYearBudgets HTTP/1.1" 200 2883
0:0:0:0:0:0:0:1 - - [23/Jul/2024:17:57:12 +0530] "GET /sales/yearBudgets?year%5B%5D=2024-25&zone%5B%5D=East&zone%5B%5D=West&zone%5B%5D=North HTTP/1.1" 200 2083
0:0:0:0:0:0:0:1 - - [23/Jul/2024:17:57:12 +0530] "GET /sales/getChartData?year%5B%5D=2024-25&zone%5B%5D=East&zone%5B%5D=West&zone%5B%5D=North HTTP/1.1" 500 130
127.0.0.1 - - [23/Jul/2024:17:57:14 +0530] "POST /salesCore/getYearBudgets HTTP/1.1" 200 2883
0:0:0:0:0:0:0:1 - - [23/Jul/2024:17:57:14 +0530] "GET /sales/yearBudgets?year%5B%5D=2024-25&zone%5B%5D=East&zone%5B%5D=West&zone%5B%5D=North&zone%5B%5D=South HTTP/1.1" 200 2083
127.0.0.1 - - [23/Jul/2024:17:57:14 +0530] "POST /salesCore/getDashboardData HTTP/1.1" 500 194
0:0:0:0:0:0:0:1 - - [23/Jul/2024:17:57:14 +0530] "GET /sales/getChartData?year%5B%5D=2024-25&zone%5B%5D=East&zone%5B%5D=West&zone%5B%5D=North&zone%5B%5D=South HTTP/1.1" 500 130
127.0.0.1 - - [23/Jul/2024:17:58:23 +0530] "POST /salesCore/getAllBudget HTTP/1.1" 200 2883
0:0:0:0:0:0:0:1 - - [23/Jul/2024:17:58:23 +0530] "GET /sales/dashboard HTTP/1.1" 200 35713
127.0.0.1 - - [23/Jul/2024:17:58:24 +0530] "POST /salesCore/todayRemindersCount HTTP/1.1" 200 110
0:0:0:0:0:0:0:1 - - [23/Jul/2024:17:58:24 +0530] "POST /sales/todayReminders HTTP/1.1" 200 11
127.0.0.1 - - [23/Jul/2024:17:58:24 +0530] "POST /salesCore/getDashboardData HTTP/1.1" 200 2755
0:0:0:0:0:0:0:1 - - [23/Jul/2024:17:58:24 +0530] "GET /sales/getChartData HTTP/1.1" 200 462
