127.0.0.1 - - [22/Jul/2024:19:16:41 +0530] "POST /salesCore/getUserReminderDetails HTTP/1.1" 200 1263
0:0:0:0:0:0:0:1 - - [22/Jul/2024:19:16:41 +0530] "POST /sales/getDueReminders HTTP/1.1" 200 874
127.0.0.1 - - [22/Jul/2024:19:17:41 +0530] "POST /salesCore/getUserReminderDetails HTTP/1.1" 200 1263
0:0:0:0:0:0:0:1 - - [22/Jul/2024:19:17:41 +0530] "POST /sales/getDueReminders HTTP/1.1" 200 874
127.0.0.1 - - [22/Jul/2024:19:18:42 +0530] "POST /salesCore/getUserReminderDetails HTTP/1.1" 200 1263
0:0:0:0:0:0:0:1 - - [22/Jul/2024:19:18:42 +0530] "POST /sales/getDueReminders HTTP/1.1" 200 874
127.0.0.1 - - [22/Jul/2024:19:19:41 +0530] "POST /salesCore/getUserReminderDetails HTTP/1.1" 200 1263
0:0:0:0:0:0:0:1 - - [22/Jul/2024:19:19:41 +0530] "POST /sales/getDueReminders HTTP/1.1" 200 874
127.0.0.1 - - [22/Jul/2024:19:20:40 +0530] "POST /salesCore/getUserReminderDetails HTTP/1.1" 200 1263
0:0:0:0:0:0:0:1 - - [22/Jul/2024:19:20:40 +0530] "POST /sales/getDueReminders HTTP/1.1" 200 874
127.0.0.1 - - [22/Jul/2024:19:21:40 +0530] "POST /salesCore/getUserReminderDetails HTTP/1.1" 200 1263
0:0:0:0:0:0:0:1 - - [22/Jul/2024:19:21:40 +0530] "POST /sales/getDueReminders HTTP/1.1" 200 874
127.0.0.1 - - [22/Jul/2024:19:22:40 +0530] "POST /salesCore/getUserReminderDetails HTTP/1.1" 200 1263
0:0:0:0:0:0:0:1 - - [22/Jul/2024:19:22:40 +0530] "POST /sales/getDueReminders HTTP/1.1" 200 874
127.0.0.1 - - [22/Jul/2024:19:23:40 +0530] "POST /salesCore/getUserReminderDetails HTTP/1.1" 200 1263
0:0:0:0:0:0:0:1 - - [22/Jul/2024:19:23:40 +0530] "POST /sales/getDueReminders HTTP/1.1" 200 874
127.0.0.1 - - [22/Jul/2024:19:24:40 +0530] "POST /salesCore/getUserReminderDetails HTTP/1.1" 200 1263
0:0:0:0:0:0:0:1 - - [22/Jul/2024:19:24:40 +0530] "POST /sales/getDueReminders HTTP/1.1" 200 874
127.0.0.1 - - [22/Jul/2024:19:25:40 +0530] "POST /salesCore/getUserReminderDetails HTTP/1.1" 200 1263
0:0:0:0:0:0:0:1 - - [22/Jul/2024:19:25:40 +0530] "POST /sales/getDueReminders HTTP/1.1" 200 874
127.0.0.1 - - [22/Jul/2024:19:26:40 +0530] "POST /salesCore/getUserReminderDetails HTTP/1.1" 200 1263
0:0:0:0:0:0:0:1 - - [22/Jul/2024:19:26:40 +0530] "POST /sales/getDueReminders HTTP/1.1" 200 874
127.0.0.1 - - [22/Jul/2024:19:27:40 +0530] "POST /salesCore/getUserReminderDetails HTTP/1.1" 200 1263
0:0:0:0:0:0:0:1 - - [22/Jul/2024:19:27:40 +0530] "POST /sales/getDueReminders HTTP/1.1" 200 874
127.0.0.1 - - [22/Jul/2024:19:28:41 +0530] "POST /salesCore/getUserReminderDetails HTTP/1.1" 200 1263
0:0:0:0:0:0:0:1 - - [22/Jul/2024:19:28:41 +0530] "POST /sales/getDueReminders HTTP/1.1" 200 874
127.0.0.1 - - [22/Jul/2024:19:29:11 +0530] "POST /salesCore/getDashboardData HTTP/1.1" 200 2755
127.0.0.1 - - [22/Jul/2024:19:29:11 +0530] "POST /salesCore/getYearBudgets HTTP/1.1" 200 2883
0:0:0:0:0:0:0:1 - - [22/Jul/2024:19:29:11 +0530] "GET /sales/yearBudgets?year%5B%5D=2024-25&zone%5B%5D=North HTTP/1.1" 200 2083
0:0:0:0:0:0:0:1 - - [22/Jul/2024:19:29:11 +0530] "GET /sales/getChartData?year%5B%5D=2024-25&zone%5B%5D=North HTTP/1.1" 200 450
127.0.0.1 - - [22/Jul/2024:19:29:41 +0530] "POST /salesCore/getUserReminderDetails HTTP/1.1" 200 1263
0:0:0:0:0:0:0:1 - - [22/Jul/2024:19:29:41 +0530] "POST /sales/getDueReminders HTTP/1.1" 200 874
127.0.0.1 - - [22/Jul/2024:19:30:41 +0530] "POST /salesCore/getUserReminderDetails HTTP/1.1" 200 1263
0:0:0:0:0:0:0:1 - - [22/Jul/2024:19:30:41 +0530] "POST /sales/getDueReminders HTTP/1.1" 200 874
127.0.0.1 - - [22/Jul/2024:19:30:45 +0530] "POST /salesCore/getDashboardData HTTP/1.1" 200 2755
127.0.0.1 - - [22/Jul/2024:19:30:45 +0530] "POST /salesCore/getYearBudgets HTTP/1.1" 200 2883
0:0:0:0:0:0:0:1 - - [22/Jul/2024:19:30:45 +0530] "GET /sales/getChartData?year%5B%5D=2024-25&year%5B%5D=2025-26&zone%5B%5D=North HTTP/1.1" 200 450
0:0:0:0:0:0:0:1 - - [22/Jul/2024:19:30:45 +0530] "GET /sales/yearBudgets?year%5B%5D=2024-25&year%5B%5D=2025-26&zone%5B%5D=North HTTP/1.1" 200 2083
127.0.0.1 - - [22/Jul/2024:19:30:47 +0530] "POST /salesCore/getYearBudgets HTTP/1.1" 200 2883
127.0.0.1 - - [22/Jul/2024:19:30:47 +0530] "POST /salesCore/getDashboardData HTTP/1.1" 200 2755
0:0:0:0:0:0:0:1 - - [22/Jul/2024:19:30:47 +0530] "GET /sales/yearBudgets?year%5B%5D=2024-25&year%5B%5D=2025-26&zone%5B%5D=West&zone%5B%5D=North HTTP/1.1" 200 2083
0:0:0:0:0:0:0:1 - - [22/Jul/2024:19:30:47 +0530] "GET /sales/getChartData?year%5B%5D=2024-25&year%5B%5D=2025-26&zone%5B%5D=West&zone%5B%5D=North HTTP/1.1" 200 450
127.0.0.1 - - [22/Jul/2024:19:30:49 +0530] "POST /salesCore/getDashboardData HTTP/1.1" 200 1263
127.0.0.1 - - [22/Jul/2024:19:30:49 +0530] "POST /salesCore/getYearBudgets HTTP/1.1" 200 2883
0:0:0:0:0:0:0:1 - - [22/Jul/2024:19:30:49 +0530] "GET /sales/getChartData?year%5B%5D=2024-25&year%5B%5D=2025-26&zone%5B%5D=West&zone%5B%5D=North&bde%5B%5D=madhu HTTP/1.1" 200 438
0:0:0:0:0:0:0:1 - - [22/Jul/2024:19:30:49 +0530] "GET /sales/yearBudgets?year%5B%5D=2024-25&year%5B%5D=2025-26&zone%5B%5D=West&zone%5B%5D=North&bde%5B%5D=madhu HTTP/1.1" 200 2079
127.0.0.1 - - [22/Jul/2024:19:30:51 +0530] "POST /salesCore/getDashboardData HTTP/1.1" 200 2371
127.0.0.1 - - [22/Jul/2024:19:30:51 +0530] "POST /salesCore/getYearBudgets HTTP/1.1" 200 2883
0:0:0:0:0:0:0:1 - - [22/Jul/2024:19:30:51 +0530] "GET /sales/getChartData?year%5B%5D=2024-25&year%5B%5D=2025-26&zone%5B%5D=West&zone%5B%5D=North&bde%5B%5D=Aravind&bde%5B%5D=madhu HTTP/1.1" 200 450
0:0:0:0:0:0:0:1 - - [22/Jul/2024:19:30:51 +0530] "GET /sales/yearBudgets?year%5B%5D=2024-25&year%5B%5D=2025-26&zone%5B%5D=West&zone%5B%5D=North&bde%5B%5D=Aravind&bde%5B%5D=madhu HTTP/1.1" 200 2082
127.0.0.1 - - [22/Jul/2024:19:30:54 +0530] "POST /salesCore/getYearBudgets HTTP/1.1" 200 110
127.0.0.1 - - [22/Jul/2024:19:30:54 +0530] "POST /salesCore/getDashboardData HTTP/1.1" 200 367
0:0:0:0:0:0:0:1 - - [22/Jul/2024:19:30:54 +0530] "GET /sales/getChartData?year%5B%5D=2024-25&year%5B%5D=2025-26&zone%5B%5D=West&bde%5B%5D=Aravind&bde%5B%5D=madhu HTTP/1.1" 200 428
0:0:0:0:0:0:0:1 - - [22/Jul/2024:19:30:54 +0530] "GET /sales/yearBudgets?year%5B%5D=2024-25&year%5B%5D=2025-26&zone%5B%5D=West&bde%5B%5D=Aravind&bde%5B%5D=madhu HTTP/1.1" 200 12
127.0.0.1 - - [22/Jul/2024:19:30:56 +0530] "POST /salesCore/getDashboardData HTTP/1.1" 200 367
0:0:0:0:0:0:0:1 - - [22/Jul/2024:19:30:56 +0530] "GET /sales/getChartData?year%5B%5D=2024-25&year%5B%5D=2025-26&bde%5B%5D=Aravind&bde%5B%5D=madhu HTTP/1.1" 200 428
127.0.0.1 - - [22/Jul/2024:19:30:56 +0530] "POST /salesCore/getYearBudgets HTTP/1.1" 200 110
0:0:0:0:0:0:0:1 - - [22/Jul/2024:19:30:56 +0530] "GET /sales/yearBudgets?year%5B%5D=2024-25&year%5B%5D=2025-26&bde%5B%5D=Aravind&bde%5B%5D=madhu HTTP/1.1" 200 12
127.0.0.1 - - [22/Jul/2024:19:30:57 +0530] "POST /salesCore/getYearBudgets HTTP/1.1" 200 110
127.0.0.1 - - [22/Jul/2024:19:30:57 +0530] "POST /salesCore/getDashboardData HTTP/1.1" 200 367
0:0:0:0:0:0:0:1 - - [22/Jul/2024:19:30:57 +0530] "GET /sales/yearBudgets?year%5B%5D=2024-25&year%5B%5D=2025-26&bde%5B%5D=Aravind HTTP/1.1" 200 12
0:0:0:0:0:0:0:1 - - [22/Jul/2024:19:30:57 +0530] "GET /sales/getChartData?year%5B%5D=2024-25&year%5B%5D=2025-26&bde%5B%5D=Aravind HTTP/1.1" 200 428
127.0.0.1 - - [22/Jul/2024:19:30:58 +0530] "POST /salesCore/getDashboardData HTTP/1.1" 200 2755
127.0.0.1 - - [22/Jul/2024:19:30:58 +0530] "POST /salesCore/getYearBudgets HTTP/1.1" 200 2883
0:0:0:0:0:0:0:1 - - [22/Jul/2024:19:30:58 +0530] "GET /sales/getChartData?year%5B%5D=2024-25&year%5B%5D=2025-26 HTTP/1.1" 200 462
0:0:0:0:0:0:0:1 - - [22/Jul/2024:19:30:58 +0530] "GET /sales/yearBudgets?year%5B%5D=2024-25&year%5B%5D=2025-26 HTTP/1.1" 200 2083
127.0.0.1 - - [22/Jul/2024:19:30:59 +0530] "POST /salesCore/getDashboardData HTTP/1.1" 200 2755
127.0.0.1 - - [22/Jul/2024:19:30:59 +0530] "POST /salesCore/getYearBudgets HTTP/1.1" 200 2883
0:0:0:0:0:0:0:1 - - [22/Jul/2024:19:30:59 +0530] "GET /sales/getChartData?year%5B%5D=2024-25 HTTP/1.1" 200 462
0:0:0:0:0:0:0:1 - - [22/Jul/2024:19:30:59 +0530] "GET /sales/yearBudgets?year%5B%5D=2024-25 HTTP/1.1" 200 2083
127.0.0.1 - - [22/Jul/2024:19:31:00 +0530] "POST /salesCore/getDashboardData HTTP/1.1" 200 2755
0:0:0:0:0:0:0:1 - - [22/Jul/2024:19:31:00 +0530] "GET /sales/getChartData HTTP/1.1" 200 462
0:0:0:0:0:0:0:1 - - [22/Jul/2024:19:31:00 +0530] "GET /sales/yearBudgets HTTP/1.1" 500 129
127.0.0.1 - - [22/Jul/2024:19:31:01 +0530] "POST /salesCore/getDashboardData HTTP/1.1" 200 2755
127.0.0.1 - - [22/Jul/2024:19:31:01 +0530] "POST /salesCore/getYearBudgets HTTP/1.1" 200 2883
0:0:0:0:0:0:0:1 - - [22/Jul/2024:19:31:01 +0530] "GET /sales/getChartData?year%5B%5D=2024-25 HTTP/1.1" 200 462
0:0:0:0:0:0:0:1 - - [22/Jul/2024:19:31:01 +0530] "GET /sales/yearBudgets?year%5B%5D=2024-25 HTTP/1.1" 200 2083
127.0.0.1 - - [22/Jul/2024:19:31:07 +0530] "POST /salesCore/getDashboardData HTTP/1.1" 200 367
127.0.0.1 - - [22/Jul/2024:19:31:07 +0530] "POST /salesCore/getYearBudgets HTTP/1.1" 200 110
0:0:0:0:0:0:0:1 - - [22/Jul/2024:19:31:07 +0530] "GET /sales/getChartData?year%5B%5D=2024-25&zone%5B%5D=West HTTP/1.1" 200 428
0:0:0:0:0:0:0:1 - - [22/Jul/2024:19:31:07 +0530] "GET /sales/yearBudgets?year%5B%5D=2024-25&zone%5B%5D=West HTTP/1.1" 200 12
127.0.0.1 - - [22/Jul/2024:19:31:41 +0530] "POST /salesCore/getUserReminderDetails HTTP/1.1" 200 1263
0:0:0:0:0:0:0:1 - - [22/Jul/2024:19:31:41 +0530] "POST /sales/getDueReminders HTTP/1.1" 200 874
127.0.0.1 - - [22/Jul/2024:19:32:41 +0530] "POST /salesCore/getUserReminderDetails HTTP/1.1" 200 1263
0:0:0:0:0:0:0:1 - - [22/Jul/2024:19:32:41 +0530] "POST /sales/getDueReminders HTTP/1.1" 200 874
127.0.0.1 - - [22/Jul/2024:19:33:40 +0530] "POST /salesCore/getUserReminderDetails HTTP/1.1" 200 1263
0:0:0:0:0:0:0:1 - - [22/Jul/2024:19:33:40 +0530] "POST /sales/getDueReminders HTTP/1.1" 200 874
127.0.0.1 - - [22/Jul/2024:19:34:40 +0530] "POST /salesCore/getUserReminderDetails HTTP/1.1" 200 1263
0:0:0:0:0:0:0:1 - - [22/Jul/2024:19:34:40 +0530] "POST /sales/getDueReminders HTTP/1.1" 200 874
127.0.0.1 - - [22/Jul/2024:19:34:44 +0530] "POST /salesCore/getClientDetailsbyid HTTP/1.1" 200 1111
0:0:0:0:0:0:0:1 - - [22/Jul/2024:19:34:44 +0530] "GET /sales/clientList HTTP/1.1" 200 19323
0:0:0:0:0:0:0:1 - - [22/Jul/2024:19:34:44 +0530] "GET /favicon.ico HTTP/1.1" 404 762
127.0.0.1 - - [22/Jul/2024:19:34:44 +0530] "POST /salesCore/todayRemindersCount HTTP/1.1" 200 110
0:0:0:0:0:0:0:1 - - [22/Jul/2024:19:34:44 +0530] "POST /sales/todayReminders HTTP/1.1" 200 11
127.0.0.1 - - [22/Jul/2024:19:34:57 +0530] "POST /salesCore/getAllReminders HTTP/1.1" 200 2095
127.0.0.1 - - [22/Jul/2024:19:34:58 +0530] "POST /salesCore/getAllLeadDetails HTTP/1.1" 200 3567
0:0:0:0:0:0:0:1 - - [22/Jul/2024:19:34:59 +0530] "GET /sales/reminderList HTTP/1.1" 200 8206
0:0:0:0:0:0:0:1 - - [22/Jul/2024:19:34:59 +0530] "GET /sales/leadList HTTP/1.1" 200 24565
127.0.0.1 - - [22/Jul/2024:19:34:59 +0530] "POST /salesCore/todayRemindersCount HTTP/1.1" 200 110
0:0:0:0:0:0:0:1 - - [22/Jul/2024:19:34:59 +0530] "POST /sales/todayReminders HTTP/1.1" 200 11
127.0.0.1 - - [22/Jul/2024:19:35:59 +0530] "POST /salesCore/getUserReminderDetails HTTP/1.1" 200 1263
0:0:0:0:0:0:0:1 - - [22/Jul/2024:19:35:59 +0530] "POST /sales/getDueReminders HTTP/1.1" 200 874
127.0.0.1 - - [22/Jul/2024:19:36:59 +0530] "POST /salesCore/getUserReminderDetails HTTP/1.1" 200 1263
0:0:0:0:0:0:0:1 - - [22/Jul/2024:19:36:59 +0530] "POST /sales/getDueReminders HTTP/1.1" 200 874
127.0.0.1 - - [22/Jul/2024:19:37:59 +0530] "POST /salesCore/getUserReminderDetails HTTP/1.1" 200 1263
0:0:0:0:0:0:0:1 - - [22/Jul/2024:19:37:59 +0530] "POST /sales/getDueReminders HTTP/1.1" 200 874
127.0.0.1 - - [22/Jul/2024:19:38:59 +0530] "POST /salesCore/getUserReminderDetails HTTP/1.1" 200 1263
0:0:0:0:0:0:0:1 - - [22/Jul/2024:19:38:59 +0530] "POST /sales/getDueReminders HTTP/1.1" 200 874
127.0.0.1 - - [22/Jul/2024:19:39:59 +0530] "POST /salesCore/getUserReminderDetails HTTP/1.1" 200 1263
0:0:0:0:0:0:0:1 - - [22/Jul/2024:19:39:59 +0530] "POST /sales/getDueReminders HTTP/1.1" 200 874
127.0.0.1 - - [22/Jul/2024:19:41:00 +0530] "POST /salesCore/getUserReminderDetails HTTP/1.1" 200 1263
0:0:0:0:0:0:0:1 - - [22/Jul/2024:19:41:00 +0530] "POST /sales/getDueReminders HTTP/1.1" 200 874
127.0.0.1 - - [22/Jul/2024:19:42:01 +0530] "POST /salesCore/getUserReminderDetails HTTP/1.1" 200 1263
0:0:0:0:0:0:0:1 - - [22/Jul/2024:19:42:01 +0530] "POST /sales/getDueReminders HTTP/1.1" 200 874
127.0.0.1 - - [22/Jul/2024:19:43:02 +0530] "POST /salesCore/getUserReminderDetails HTTP/1.1" 200 1263
0:0:0:0:0:0:0:1 - - [22/Jul/2024:19:43:02 +0530] "POST /sales/getDueReminders HTTP/1.1" 200 874
127.0.0.1 - - [22/Jul/2024:19:44:03 +0530] "POST /salesCore/getUserReminderDetails HTTP/1.1" 200 1263
0:0:0:0:0:0:0:1 - - [22/Jul/2024:19:44:03 +0530] "POST /sales/getDueReminders HTTP/1.1" 200 874
127.0.0.1 - - [22/Jul/2024:19:45:04 +0530] "POST /salesCore/getUserReminderDetails HTTP/1.1" 200 1263
0:0:0:0:0:0:0:1 - - [22/Jul/2024:19:45:04 +0530] "POST /sales/getDueReminders HTTP/1.1" 200 874
127.0.0.1 - - [22/Jul/2024:19:46:05 +0530] "POST /salesCore/getUserReminderDetails HTTP/1.1" 200 1263
0:0:0:0:0:0:0:1 - - [22/Jul/2024:19:46:05 +0530] "POST /sales/getDueReminders HTTP/1.1" 200 874
127.0.0.1 - - [22/Jul/2024:19:46:59 +0530] "POST /salesCore/getUserReminderDetails HTTP/1.1" 200 1263
0:0:0:0:0:0:0:1 - - [22/Jul/2024:19:46:59 +0530] "POST /sales/getDueReminders HTTP/1.1" 200 874
0:0:0:0:0:0:0:1 - - [22/Jul/2024:19:47:02 +0530] "GET /sales/logout HTTP/1.1" 302 -
0:0:0:0:0:0:0:1 - - [22/Jul/2024:19:47:02 +0530] "GET /sales/login HTTP/1.1" 200 10532
