0:0:0:0:0:0:0:1 - - [24/Jul/2024:13:05:16 +0530] "GET /sales/getChartData HTTP/1.1" 200 462
0:0:0:0:0:0:0:1 - - [24/Jul/2024:13:05:22 +0530] "GET /sales/yearBudgets?zone%5B%5D=2 HTTP/1.1" 500 129
127.0.0.1 - - [24/Jul/2024:13:05:22 +0530] "POST /salesCore/getDashboardData HTTP/1.1" 200 367
0:0:0:0:0:0:0:1 - - [24/Jul/2024:13:05:22 +0530] "GET /sales/getChartData?zone%5B%5D=2 HTTP/1.1" 200 392
0:0:0:0:0:0:0:1 - - [24/Jul/2024:13:05:26 +0530] "GET /sales/yearBudgets HTTP/1.1" 500 129
127.0.0.1 - - [24/Jul/2024:13:05:26 +0530] "POST /salesCore/getDashboardData HTTP/1.1" 200 2755
0:0:0:0:0:0:0:1 - - [24/Jul/2024:13:05:26 +0530] "GET /sales/getChartData HTTP/1.1" 200 462
0:0:0:0:0:0:0:1 - - [24/Jul/2024:13:05:27 +0530] "GET /sales/yearBudgets?zone%5B%5D=2 HTTP/1.1" 500 129
127.0.0.1 - - [24/Jul/2024:13:05:27 +0530] "POST /salesCore/getDashboardData HTTP/1.1" 200 367
0:0:0:0:0:0:0:1 - - [24/Jul/2024:13:05:27 +0530] "GET /sales/getChartData?zone%5B%5D=2 HTTP/1.1" 200 392
0:0:0:0:0:0:0:1 - - [24/Jul/2024:13:05:29 +0530] "GET /sales/yearBudgets HTTP/1.1" 500 129
127.0.0.1 - - [24/Jul/2024:13:05:29 +0530] "POST /salesCore/getDashboardData HTTP/1.1" 200 2755
0:0:0:0:0:0:0:1 - - [24/Jul/2024:13:05:29 +0530] "GET /sales/getChartData HTTP/1.1" 200 462
0:0:0:0:0:0:0:1 - - [24/Jul/2024:13:05:31 +0530] "GET /sales/yearBudgets?zone%5B%5D=4 HTTP/1.1" 500 129
127.0.0.1 - - [24/Jul/2024:13:05:31 +0530] "POST /salesCore/getDashboardData HTTP/1.1" 200 367
0:0:0:0:0:0:0:1 - - [24/Jul/2024:13:05:31 +0530] "GET /sales/getChartData?zone%5B%5D=4 HTTP/1.1" 200 392
0:0:0:0:0:0:0:1 - - [24/Jul/2024:13:05:33 +0530] "GET /sales/yearBudgets HTTP/1.1" 500 129
127.0.0.1 - - [24/Jul/2024:13:05:33 +0530] "POST /salesCore/getDashboardData HTTP/1.1" 200 2755
0:0:0:0:0:0:0:1 - - [24/Jul/2024:13:05:33 +0530] "GET /sales/getChartData HTTP/1.1" 200 462
0:0:0:0:0:0:0:1 - - [24/Jul/2024:13:07:47 +0530] "GET /sales/yearBudgets?zone%5B%5D=1 HTTP/1.1" 500 129
127.0.0.1 - - [24/Jul/2024:13:07:47 +0530] "POST /salesCore/getDashboardData HTTP/1.1" 200 367
0:0:0:0:0:0:0:1 - - [24/Jul/2024:13:07:47 +0530] "GET /sales/getChartData?zone%5B%5D=1 HTTP/1.1" 200 392
0:0:0:0:0:0:0:1 - - [24/Jul/2024:13:07:49 +0530] "GET /sales/yearBudgets HTTP/1.1" 500 129
127.0.0.1 - - [24/Jul/2024:13:07:49 +0530] "POST /salesCore/getDashboardData HTTP/1.1" 200 2755
0:0:0:0:0:0:0:1 - - [24/Jul/2024:13:07:49 +0530] "GET /sales/getChartData HTTP/1.1" 200 462
0:0:0:0:0:0:0:1 - - [24/Jul/2024:13:07:50 +0530] "GET /sales/yearBudgets?zone%5B%5D=2 HTTP/1.1" 500 129
127.0.0.1 - - [24/Jul/2024:13:07:50 +0530] "POST /salesCore/getDashboardData HTTP/1.1" 200 367
0:0:0:0:0:0:0:1 - - [24/Jul/2024:13:07:50 +0530] "GET /sales/getChartData?zone%5B%5D=2 HTTP/1.1" 200 392
0:0:0:0:0:0:0:1 - - [24/Jul/2024:13:07:52 +0530] "GET /sales/yearBudgets HTTP/1.1" 500 129
127.0.0.1 - - [24/Jul/2024:13:07:52 +0530] "POST /salesCore/getDashboardData HTTP/1.1" 200 2755
0:0:0:0:0:0:0:1 - - [24/Jul/2024:13:07:52 +0530] "GET /sales/getChartData HTTP/1.1" 200 462
0:0:0:0:0:0:0:1 - - [24/Jul/2024:13:07:53 +0530] "GET /sales/yearBudgets?zone%5B%5D=3 HTTP/1.1" 500 129
127.0.0.1 - - [24/Jul/2024:13:07:53 +0530] "POST /salesCore/getDashboardData HTTP/1.1" 200 367
0:0:0:0:0:0:0:1 - - [24/Jul/2024:13:07:53 +0530] "GET /sales/getChartData?zone%5B%5D=3 HTTP/1.1" 200 392
0:0:0:0:0:0:0:1 - - [24/Jul/2024:13:07:54 +0530] "GET /sales/yearBudgets HTTP/1.1" 500 129
127.0.0.1 - - [24/Jul/2024:13:07:54 +0530] "POST /salesCore/getDashboardData HTTP/1.1" 200 2755
0:0:0:0:0:0:0:1 - - [24/Jul/2024:13:07:54 +0530] "GET /sales/getChartData HTTP/1.1" 200 462
127.0.0.1 - - [24/Jul/2024:13:08:28 +0530] "POST /salesCore/getAllBudget HTTP/1.1" 200 2883
127.0.0.1 - - [24/Jul/2024:13:08:28 +0530] "POST /salesCore/getUserCommonList HTTP/1.1" 200 1303
0:0:0:0:0:0:0:1 - - [24/Jul/2024:13:08:28 +0530] "GET /sales/dashboard HTTP/1.1" 200 35695
127.0.0.1 - - [24/Jul/2024:13:08:29 +0530] "POST /salesCore/todayRemindersCount HTTP/1.1" 200 110
0:0:0:0:0:0:0:1 - - [24/Jul/2024:13:08:29 +0530] "POST /sales/todayReminders HTTP/1.1" 200 11
0:0:0:0:0:0:0:1 - - [24/Jul/2024:13:08:29 +0530] "GET /sales/yearBudgets HTTP/1.1" 500 129
127.0.0.1 - - [24/Jul/2024:13:08:29 +0530] "POST /salesCore/getDashboardData HTTP/1.1" 200 2755
0:0:0:0:0:0:0:1 - - [24/Jul/2024:13:08:29 +0530] "GET /sales/getChartData HTTP/1.1" 200 462
127.0.0.1 - - [24/Jul/2024:13:08:36 +0530] "POST /salesCore/getDashboardData HTTP/1.1" 200 2755
127.0.0.1 - - [24/Jul/2024:13:08:36 +0530] "POST /salesCore/getYearBudgets HTTP/1.1" 200 2883
0:0:0:0:0:0:0:1 - - [24/Jul/2024:13:08:36 +0530] "GET /sales/getChartData?year%5B%5D=2024-25 HTTP/1.1" 200 462
0:0:0:0:0:0:0:1 - - [24/Jul/2024:13:08:36 +0530] "GET /sales/yearBudgets?year%5B%5D=2024-25 HTTP/1.1" 200 2083
127.0.0.1 - - [24/Jul/2024:13:08:39 +0530] "POST /salesCore/getYearBudgets HTTP/1.1" 200 110
127.0.0.1 - - [24/Jul/2024:13:08:39 +0530] "POST /salesCore/getDashboardData HTTP/1.1" 200 367
0:0:0:0:0:0:0:1 - - [24/Jul/2024:13:08:39 +0530] "GET /sales/getChartData?year%5B%5D=2024-25&zone%5B%5D=1 HTTP/1.1" 200 392
0:0:0:0:0:0:0:1 - - [24/Jul/2024:13:08:39 +0530] "GET /sales/yearBudgets?year%5B%5D=2024-25&zone%5B%5D=1 HTTP/1.1" 200 12
127.0.0.1 - - [24/Jul/2024:13:08:41 +0530] "POST /salesCore/getYearBudgets HTTP/1.1" 200 2883
127.0.0.1 - - [24/Jul/2024:13:08:41 +0530] "POST /salesCore/getDashboardData HTTP/1.1" 200 2755
0:0:0:0:0:0:0:1 - - [24/Jul/2024:13:08:41 +0530] "GET /sales/yearBudgets?year%5B%5D=2024-25 HTTP/1.1" 200 2083
0:0:0:0:0:0:0:1 - - [24/Jul/2024:13:08:41 +0530] "GET /sales/getChartData?year%5B%5D=2024-25 HTTP/1.1" 200 462
127.0.0.1 - - [24/Jul/2024:13:08:42 +0530] "POST /salesCore/getYearBudgets HTTP/1.1" 200 110
127.0.0.1 - - [24/Jul/2024:13:08:42 +0530] "POST /salesCore/getDashboardData HTTP/1.1" 200 367
0:0:0:0:0:0:0:1 - - [24/Jul/2024:13:08:42 +0530] "GET /sales/yearBudgets?year%5B%5D=2024-25&zone%5B%5D=4 HTTP/1.1" 200 12
0:0:0:0:0:0:0:1 - - [24/Jul/2024:13:08:42 +0530] "GET /sales/getChartData?year%5B%5D=2024-25&zone%5B%5D=4 HTTP/1.1" 200 392
127.0.0.1 - - [24/Jul/2024:13:08:43 +0530] "POST /salesCore/getYearBudgets HTTP/1.1" 200 2883
127.0.0.1 - - [24/Jul/2024:13:08:43 +0530] "POST /salesCore/getDashboardData HTTP/1.1" 200 2755
0:0:0:0:0:0:0:1 - - [24/Jul/2024:13:08:43 +0530] "GET /sales/getChartData?year%5B%5D=2024-25 HTTP/1.1" 200 462
0:0:0:0:0:0:0:1 - - [24/Jul/2024:13:08:43 +0530] "GET /sales/yearBudgets?year%5B%5D=2024-25 HTTP/1.1" 200 2083
127.0.0.1 - - [24/Jul/2024:13:08:44 +0530] "POST /salesCore/getYearBudgets HTTP/1.1" 200 110
127.0.0.1 - - [24/Jul/2024:13:08:44 +0530] "POST /salesCore/getDashboardData HTTP/1.1" 200 367
0:0:0:0:0:0:0:1 - - [24/Jul/2024:13:08:44 +0530] "GET /sales/yearBudgets?year%5B%5D=2024-25&zone%5B%5D=3 HTTP/1.1" 200 12
0:0:0:0:0:0:0:1 - - [24/Jul/2024:13:08:44 +0530] "GET /sales/getChartData?year%5B%5D=2024-25&zone%5B%5D=3 HTTP/1.1" 200 392
127.0.0.1 - - [24/Jul/2024:13:08:48 +0530] "POST /salesCore/getDashboardData HTTP/1.1" 200 2755
127.0.0.1 - - [24/Jul/2024:13:08:48 +0530] "POST /salesCore/getYearBudgets HTTP/1.1" 200 2883
0:0:0:0:0:0:0:1 - - [24/Jul/2024:13:08:48 +0530] "GET /sales/getChartData?year%5B%5D=2024-25 HTTP/1.1" 200 462
0:0:0:0:0:0:0:1 - - [24/Jul/2024:13:08:48 +0530] "GET /sales/yearBudgets?year%5B%5D=2024-25 HTTP/1.1" 200 2083
127.0.0.1 - - [24/Jul/2024:13:09:09 +0530] "POST /salesCore/getAllBudget HTTP/1.1" 200 2883
127.0.0.1 - - [24/Jul/2024:13:09:09 +0530] "POST /salesCore/getUserCommonList HTTP/1.1" 200 1303
0:0:0:0:0:0:0:1 - - [24/Jul/2024:13:09:09 +0530] "GET /sales/dashboard HTTP/1.1" 200 35713
127.0.0.1 - - [24/Jul/2024:13:09:09 +0530] "POST /salesCore/todayRemindersCount HTTP/1.1" 200 110
0:0:0:0:0:0:0:1 - - [24/Jul/2024:13:09:09 +0530] "POST /sales/todayReminders HTTP/1.1" 200 11
0:0:0:0:0:0:0:1 - - [24/Jul/2024:13:09:09 +0530] "GET /sales/yearBudgets HTTP/1.1" 500 129
127.0.0.1 - - [24/Jul/2024:13:09:09 +0530] "POST /salesCore/getDashboardData HTTP/1.1" 200 2755
0:0:0:0:0:0:0:1 - - [24/Jul/2024:13:09:09 +0530] "GET /sales/getChartData HTTP/1.1" 200 462
127.0.0.1 - - [24/Jul/2024:13:09:12 +0530] "POST /salesCore/getDashboardData HTTP/1.1" 200 2755
0:0:0:0:0:0:0:1 - - [24/Jul/2024:13:09:12 +0530] "GET /sales/getChartData?year%5B%5D=2024-25 HTTP/1.1" 200 462
127.0.0.1 - - [24/Jul/2024:13:09:12 +0530] "POST /salesCore/getYearBudgets HTTP/1.1" 200 2883
0:0:0:0:0:0:0:1 - - [24/Jul/2024:13:09:12 +0530] "GET /sales/yearBudgets?year%5B%5D=2024-25 HTTP/1.1" 200 2083
127.0.0.1 - - [24/Jul/2024:13:09:14 +0530] "POST /salesCore/getYearBudgets HTTP/1.1" 200 110
127.0.0.1 - - [24/Jul/2024:13:09:14 +0530] "POST /salesCore/getDashboardData HTTP/1.1" 200 367
0:0:0:0:0:0:0:1 - - [24/Jul/2024:13:09:14 +0530] "GET /sales/yearBudgets?year%5B%5D=2024-25&zone%5B%5D=East HTTP/1.1" 200 12
0:0:0:0:0:0:0:1 - - [24/Jul/2024:13:09:14 +0530] "GET /sales/getChartData?year%5B%5D=2024-25&zone%5B%5D=East HTTP/1.1" 200 440
127.0.0.1 - - [24/Jul/2024:13:09:17 +0530] "POST /salesCore/getYearBudgets HTTP/1.1" 200 110
127.0.0.1 - - [24/Jul/2024:13:09:17 +0530] "POST /salesCore/getDashboardData HTTP/1.1" 200 367
0:0:0:0:0:0:0:1 - - [24/Jul/2024:13:09:17 +0530] "GET /sales/yearBudgets?year%5B%5D=2024-25&zone%5B%5D=East&zone%5B%5D=West HTTP/1.1" 200 12
0:0:0:0:0:0:0:1 - - [24/Jul/2024:13:09:17 +0530] "GET /sales/getChartData?year%5B%5D=2024-25&zone%5B%5D=East&zone%5B%5D=West HTTP/1.1" 200 440
127.0.0.1 - - [24/Jul/2024:13:09:18 +0530] "POST /salesCore/getYearBudgets HTTP/1.1" 200 110
127.0.0.1 - - [24/Jul/2024:13:09:18 +0530] "POST /salesCore/getDashboardData HTTP/1.1" 200 367
0:0:0:0:0:0:0:1 - - [24/Jul/2024:13:09:18 +0530] "GET /sales/yearBudgets?year%5B%5D=2024-25&zone%5B%5D=West HTTP/1.1" 200 12
0:0:0:0:0:0:0:1 - - [24/Jul/2024:13:09:18 +0530] "GET /sales/getChartData?year%5B%5D=2024-25&zone%5B%5D=West HTTP/1.1" 200 440
127.0.0.1 - - [24/Jul/2024:13:09:19 +0530] "POST /salesCore/getYearBudgets HTTP/1.1" 200 2883
127.0.0.1 - - [24/Jul/2024:13:09:19 +0530] "POST /salesCore/getDashboardData HTTP/1.1" 200 2755
0:0:0:0:0:0:0:1 - - [24/Jul/2024:13:09:19 +0530] "GET /sales/getChartData?year%5B%5D=2024-25 HTTP/1.1" 200 462
0:0:0:0:0:0:0:1 - - [24/Jul/2024:13:09:19 +0530] "GET /sales/yearBudgets?year%5B%5D=2024-25 HTTP/1.1" 200 2083
127.0.0.1 - - [24/Jul/2024:13:10:08 +0530] "POST /salesCore/getAllBudget HTTP/1.1" 200 2883
127.0.0.1 - - [24/Jul/2024:13:10:08 +0530] "POST /salesCore/getUserCommonList HTTP/1.1" 200 1303
0:0:0:0:0:0:0:1 - - [24/Jul/2024:13:10:08 +0530] "GET /sales/dashboard HTTP/1.1" 200 36018
127.0.0.1 - - [24/Jul/2024:13:10:08 +0530] "POST /salesCore/todayRemindersCount HTTP/1.1" 200 110
0:0:0:0:0:0:0:1 - - [24/Jul/2024:13:10:08 +0530] "POST /sales/todayReminders HTTP/1.1" 200 11
0:0:0:0:0:0:0:1 - - [24/Jul/2024:13:10:08 +0530] "GET /sales/yearBudgets HTTP/1.1" 500 129
127.0.0.1 - - [24/Jul/2024:13:10:08 +0530] "POST /salesCore/getDashboardData HTTP/1.1" 200 2755
0:0:0:0:0:0:0:1 - - [24/Jul/2024:13:10:08 +0530] "GET /sales/getChartData HTTP/1.1" 200 462
127.0.0.1 - - [24/Jul/2024:13:10:09 +0530] "POST /salesCore/getAllBudget HTTP/1.1" 200 2883
127.0.0.1 - - [24/Jul/2024:13:10:09 +0530] "POST /salesCore/getUserCommonList HTTP/1.1" 200 1303
0:0:0:0:0:0:0:1 - - [24/Jul/2024:13:10:09 +0530] "GET /sales/dashboard HTTP/1.1" 200 36018
127.0.0.1 - - [24/Jul/2024:13:10:09 +0530] "POST /salesCore/todayRemindersCount HTTP/1.1" 200 110
0:0:0:0:0:0:0:1 - - [24/Jul/2024:13:10:09 +0530] "POST /sales/todayReminders HTTP/1.1" 200 11
0:0:0:0:0:0:0:1 - - [24/Jul/2024:13:10:09 +0530] "GET /sales/yearBudgets HTTP/1.1" 500 129
127.0.0.1 - - [24/Jul/2024:13:10:09 +0530] "POST /salesCore/getDashboardData HTTP/1.1" 200 2755
0:0:0:0:0:0:0:1 - - [24/Jul/2024:13:10:09 +0530] "GET /sales/getChartData HTTP/1.1" 200 462
127.0.0.1 - - [24/Jul/2024:13:10:11 +0530] "POST /salesCore/getDashboardData HTTP/1.1" 200 2755
0:0:0:0:0:0:0:1 - - [24/Jul/2024:13:10:11 +0530] "GET /sales/getChartData?year%5B%5D=2024-25 HTTP/1.1" 200 462
127.0.0.1 - - [24/Jul/2024:13:10:11 +0530] "POST /salesCore/getYearBudgets HTTP/1.1" 200 2883
0:0:0:0:0:0:0:1 - - [24/Jul/2024:13:10:11 +0530] "GET /sales/yearBudgets?year%5B%5D=2024-25 HTTP/1.1" 200 2083
127.0.0.1 - - [24/Jul/2024:13:10:14 +0530] "POST /salesCore/getYearBudgets HTTP/1.1" 200 110
127.0.0.1 - - [24/Jul/2024:13:10:14 +0530] "POST /salesCore/getDashboardData HTTP/1.1" 200 367
0:0:0:0:0:0:0:1 - - [24/Jul/2024:13:10:14 +0530] "GET /sales/yearBudgets?year%5B%5D=2024-25&zone%5B%5D=West HTTP/1.1" 200 12
0:0:0:0:0:0:0:1 - - [24/Jul/2024:13:10:14 +0530] "GET /sales/getChartData?year%5B%5D=2024-25&zone%5B%5D=West HTTP/1.1" 200 440
127.0.0.1 - - [24/Jul/2024:13:10:17 +0530] "POST /salesCore/getDashboardData HTTP/1.1" 200 2755
127.0.0.1 - - [24/Jul/2024:13:10:17 +0530] "POST /salesCore/getYearBudgets HTTP/1.1" 200 2883
0:0:0:0:0:0:0:1 - - [24/Jul/2024:13:10:17 +0530] "GET /sales/getChartData?year%5B%5D=2024-25 HTTP/1.1" 200 462
0:0:0:0:0:0:0:1 - - [24/Jul/2024:13:10:17 +0530] "GET /sales/yearBudgets?year%5B%5D=2024-25 HTTP/1.1" 200 2083
127.0.0.1 - - [24/Jul/2024:13:10:20 +0530] "POST /salesCore/getYearBudgets HTTP/1.1" 200 2883
127.0.0.1 - - [24/Jul/2024:13:10:20 +0530] "POST /salesCore/getDashboardData HTTP/1.1" 200 2755
0:0:0:0:0:0:0:1 - - [24/Jul/2024:13:10:20 +0530] "GET /sales/getChartData?year%5B%5D=2024-25&zone%5B%5D=North HTTP/1.1" 200 462
0:0:0:0:0:0:0:1 - - [24/Jul/2024:13:10:20 +0530] "GET /sales/yearBudgets?year%5B%5D=2024-25&zone%5B%5D=North HTTP/1.1" 200 2083
127.0.0.1 - - [24/Jul/2024:13:10:34 +0530] "POST /salesCore/getYearBudgets HTTP/1.1" 200 2883
127.0.0.1 - - [24/Jul/2024:13:10:34 +0530] "POST /salesCore/getDashboardData HTTP/1.1" 200 2755
0:0:0:0:0:0:0:1 - - [24/Jul/2024:13:10:34 +0530] "GET /sales/yearBudgets?year%5B%5D=2024-25&zone%5B%5D=North&zone%5B%5D=East HTTP/1.1" 200 2083
0:0:0:0:0:0:0:1 - - [24/Jul/2024:13:10:34 +0530] "GET /sales/getChartData?year%5B%5D=2024-25&zone%5B%5D=North&zone%5B%5D=East HTTP/1.1" 200 462
127.0.0.1 - - [24/Jul/2024:13:10:37 +0530] "POST /salesCore/getYearBudgets HTTP/1.1" 200 2883
127.0.0.1 - - [24/Jul/2024:13:10:37 +0530] "POST /salesCore/getDashboardData HTTP/1.1" 200 2755
0:0:0:0:0:0:0:1 - - [24/Jul/2024:13:10:37 +0530] "GET /sales/getChartData?year%5B%5D=2024-25&zone%5B%5D=North&zone%5B%5D=East&zone%5B%5D=West HTTP/1.1" 200 462
0:0:0:0:0:0:0:1 - - [24/Jul/2024:13:10:37 +0530] "GET /sales/yearBudgets?year%5B%5D=2024-25&zone%5B%5D=North&zone%5B%5D=East&zone%5B%5D=West HTTP/1.1" 200 2083
127.0.0.1 - - [24/Jul/2024:13:10:40 +0530] "POST /salesCore/getDashboardData HTTP/1.1" 200 2755
127.0.0.1 - - [24/Jul/2024:13:10:40 +0530] "POST /salesCore/getYearBudgets HTTP/1.1" 200 2883
0:0:0:0:0:0:0:1 - - [24/Jul/2024:13:10:40 +0530] "GET /sales/getChartData?year%5B%5D=2024-25&zone%5B%5D=North&zone%5B%5D=East&zone%5B%5D=West&zone%5B%5D=South HTTP/1.1" 200 462
0:0:0:0:0:0:0:1 - - [24/Jul/2024:13:10:40 +0530] "GET /sales/yearBudgets?year%5B%5D=2024-25&zone%5B%5D=North&zone%5B%5D=East&zone%5B%5D=West&zone%5B%5D=South HTTP/1.1" 200 2083
127.0.0.1 - - [24/Jul/2024:13:11:03 +0530] "POST /salesCore/getYearBudgets HTTP/1.1" 200 2883
127.0.0.1 - - [24/Jul/2024:13:11:03 +0530] "POST /salesCore/getDashboardData HTTP/1.1" 200 2755
0:0:0:0:0:0:0:1 - - [24/Jul/2024:13:11:03 +0530] "GET /sales/getChartData?year%5B%5D=2024-25&zone%5B%5D=North&zone%5B%5D=West&zone%5B%5D=South HTTP/1.1" 200 462
0:0:0:0:0:0:0:1 - - [24/Jul/2024:13:11:03 +0530] "GET /sales/yearBudgets?year%5B%5D=2024-25&zone%5B%5D=North&zone%5B%5D=West&zone%5B%5D=South HTTP/1.1" 200 2083
127.0.0.1 - - [24/Jul/2024:13:11:04 +0530] "POST /salesCore/getYearBudgets HTTP/1.1" 200 2883
127.0.0.1 - - [24/Jul/2024:13:11:04 +0530] "POST /salesCore/getDashboardData HTTP/1.1" 200 2755
0:0:0:0:0:0:0:1 - - [24/Jul/2024:13:11:04 +0530] "GET /sales/getChartData?year%5B%5D=2024-25&zone%5B%5D=North&zone%5B%5D=South HTTP/1.1" 200 462
0:0:0:0:0:0:0:1 - - [24/Jul/2024:13:11:04 +0530] "GET /sales/yearBudgets?year%5B%5D=2024-25&zone%5B%5D=North&zone%5B%5D=South HTTP/1.1" 200 2083
127.0.0.1 - - [24/Jul/2024:13:11:05 +0530] "POST /salesCore/getYearBudgets HTTP/1.1" 200 2883
127.0.0.1 - - [24/Jul/2024:13:11:05 +0530] "POST /salesCore/getDashboardData HTTP/1.1" 200 2755
0:0:0:0:0:0:0:1 - - [24/Jul/2024:13:11:05 +0530] "GET /sales/yearBudgets?year%5B%5D=2024-25&zone%5B%5D=North HTTP/1.1" 200 2083
0:0:0:0:0:0:0:1 - - [24/Jul/2024:13:11:05 +0530] "GET /sales/getChartData?year%5B%5D=2024-25&zone%5B%5D=North HTTP/1.1" 200 462
127.0.0.1 - - [24/Jul/2024:13:11:06 +0530] "POST /salesCore/getYearBudgets HTTP/1.1" 200 2883
127.0.0.1 - - [24/Jul/2024:13:11:06 +0530] "POST /salesCore/getDashboardData HTTP/1.1" 200 2755
0:0:0:0:0:0:0:1 - - [24/Jul/2024:13:11:06 +0530] "GET /sales/yearBudgets?year%5B%5D=2024-25 HTTP/1.1" 200 2083
0:0:0:0:0:0:0:1 - - [24/Jul/2024:13:11:06 +0530] "GET /sales/getChartData?year%5B%5D=2024-25 HTTP/1.1" 200 462
127.0.0.1 - - [24/Jul/2024:13:11:37 +0530] "POST /salesCore/getDashboardData HTTP/1.1" 200 367
127.0.0.1 - - [24/Jul/2024:13:11:37 +0530] "POST /salesCore/getYearBudgets HTTP/1.1" 200 110
0:0:0:0:0:0:0:1 - - [24/Jul/2024:13:11:37 +0530] "GET /sales/getChartData?year%5B%5D=2024-25&zone%5B%5D=East HTTP/1.1" 200 440
0:0:0:0:0:0:0:1 - - [24/Jul/2024:13:11:37 +0530] "GET /sales/yearBudgets?year%5B%5D=2024-25&zone%5B%5D=East HTTP/1.1" 200 12
127.0.0.1 - - [24/Jul/2024:13:11:56 +0530] "POST /salesCore/getYearBudgets HTTP/1.1" 200 110
127.0.0.1 - - [24/Jul/2024:13:11:56 +0530] "POST /salesCore/getDashboardData HTTP/1.1" 200 367
0:0:0:0:0:0:0:1 - - [24/Jul/2024:13:11:56 +0530] "GET /sales/yearBudgets?year%5B%5D=2024-25&zone%5B%5D=East&zone%5B%5D=West HTTP/1.1" 200 12
0:0:0:0:0:0:0:1 - - [24/Jul/2024:13:11:56 +0530] "GET /sales/getChartData?year%5B%5D=2024-25&zone%5B%5D=East&zone%5B%5D=West HTTP/1.1" 200 440
127.0.0.1 - - [24/Jul/2024:13:12:21 +0530] "POST /salesCore/getDashboardData HTTP/1.1" 200 367
0:0:0:0:0:0:0:1 - - [24/Jul/2024:13:12:21 +0530] "GET /sales/getChartData?year%5B%5D=2024-25&zone%5B%5D=East&zone%5B%5D=West&zone%5B%5D=South HTTP/1.1" 200 440
127.0.0.1 - - [24/Jul/2024:13:12:21 +0530] "POST /salesCore/getYearBudgets HTTP/1.1" 200 110
0:0:0:0:0:0:0:1 - - [24/Jul/2024:13:12:21 +0530] "GET /sales/yearBudgets?year%5B%5D=2024-25&zone%5B%5D=East&zone%5B%5D=West&zone%5B%5D=South HTTP/1.1" 200 12
127.0.0.1 - - [24/Jul/2024:13:12:48 +0530] "POST /salesCore/getDashboardData HTTP/1.1" 200 2755
127.0.0.1 - - [24/Jul/2024:13:12:48 +0530] "POST /salesCore/getYearBudgets HTTP/1.1" 200 2883
0:0:0:0:0:0:0:1 - - [24/Jul/2024:13:12:48 +0530] "GET /sales/getChartData?year%5B%5D=2024-25&zone%5B%5D=North&zone%5B%5D=East&zone%5B%5D=West&zone%5B%5D=South HTTP/1.1" 200 462
0:0:0:0:0:0:0:1 - - [24/Jul/2024:13:12:48 +0530] "GET /sales/yearBudgets?year%5B%5D=2024-25&zone%5B%5D=North&zone%5B%5D=East&zone%5B%5D=West&zone%5B%5D=South HTTP/1.1" 200 2083
127.0.0.1 - - [24/Jul/2024:13:13:34 +0530] "POST /salesCore/getYearBudgets HTTP/1.1" 200 2883
127.0.0.1 - - [24/Jul/2024:13:13:34 +0530] "POST /salesCore/getDashboardData HTTP/1.1" 200 2755
0:0:0:0:0:0:0:1 - - [24/Jul/2024:13:13:34 +0530] "GET /sales/yearBudgets?year%5B%5D=2024-25&zone%5B%5D=North&zone%5B%5D=East&zone%5B%5D=West HTTP/1.1" 200 2083
0:0:0:0:0:0:0:1 - - [24/Jul/2024:13:13:34 +0530] "GET /sales/getChartData?year%5B%5D=2024-25&zone%5B%5D=North&zone%5B%5D=East&zone%5B%5D=West HTTP/1.1" 200 462
127.0.0.1 - - [24/Jul/2024:13:13:36 +0530] "POST /salesCore/getYearBudgets HTTP/1.1" 200 2883
127.0.0.1 - - [24/Jul/2024:13:13:36 +0530] "POST /salesCore/getDashboardData HTTP/1.1" 200 2755
0:0:0:0:0:0:0:1 - - [24/Jul/2024:13:13:36 +0530] "GET /sales/yearBudgets?year%5B%5D=2024-25&zone%5B%5D=North&zone%5B%5D=West HTTP/1.1" 200 2083
0:0:0:0:0:0:0:1 - - [24/Jul/2024:13:13:36 +0530] "GET /sales/getChartData?year%5B%5D=2024-25&zone%5B%5D=North&zone%5B%5D=West HTTP/1.1" 200 462
127.0.0.1 - - [24/Jul/2024:13:13:41 +0530] "POST /salesCore/getDashboardData HTTP/1.1" 200 1263
127.0.0.1 - - [24/Jul/2024:13:13:41 +0530] "POST /salesCore/getYearBudgets HTTP/1.1" 200 2883
0:0:0:0:0:0:0:1 - - [24/Jul/2024:13:13:41 +0530] "GET /sales/getChartData?year%5B%5D=2024-25&zone%5B%5D=North&zone%5B%5D=West&bde%5B%5D=madhu HTTP/1.1" 200 438
0:0:0:0:0:0:0:1 - - [24/Jul/2024:13:13:41 +0530] "GET /sales/yearBudgets?year%5B%5D=2024-25&zone%5B%5D=North&zone%5B%5D=West&bde%5B%5D=madhu HTTP/1.1" 200 2079
127.0.0.1 - - [24/Jul/2024:13:13:46 +0530] "POST /salesCore/getYearBudgets HTTP/1.1" 200 2883
127.0.0.1 - - [24/Jul/2024:13:13:46 +0530] "POST /salesCore/getDashboardData HTTP/1.1" 200 2371
0:0:0:0:0:0:0:1 - - [24/Jul/2024:13:13:46 +0530] "GET /sales/yearBudgets?year%5B%5D=2024-25&zone%5B%5D=North&zone%5B%5D=West&bde%5B%5D=Aravind&bde%5B%5D=madhu HTTP/1.1" 200 2082
0:0:0:0:0:0:0:1 - - [24/Jul/2024:13:13:46 +0530] "GET /sales/getChartData?year%5B%5D=2024-25&zone%5B%5D=North&zone%5B%5D=West&bde%5B%5D=Aravind&bde%5B%5D=madhu HTTP/1.1" 200 450
127.0.0.1 - - [24/Jul/2024:13:13:54 +0530] "POST /salesCore/getAllBudget HTTP/1.1" 200 2883
127.0.0.1 - - [24/Jul/2024:13:13:54 +0530] "POST /salesCore/getUserCommonList HTTP/1.1" 200 1303
0:0:0:0:0:0:0:1 - - [24/Jul/2024:13:13:54 +0530] "GET /sales/dashboard HTTP/1.1" 200 36018
127.0.0.1 - - [24/Jul/2024:13:13:54 +0530] "POST /salesCore/todayRemindersCount HTTP/1.1" 200 110
0:0:0:0:0:0:0:1 - - [24/Jul/2024:13:13:54 +0530] "POST /sales/todayReminders HTTP/1.1" 200 11
127.0.0.1 - - [24/Jul/2024:13:13:54 +0530] "POST /salesCore/getDashboardData HTTP/1.1" 200 2755
0:0:0:0:0:0:0:1 - - [24/Jul/2024:13:13:54 +0530] "GET /sales/getChartData HTTP/1.1" 200 462
0:0:0:0:0:0:0:1 - - [24/Jul/2024:13:13:54 +0530] "GET /sales/yearBudgets HTTP/1.1" 500 129
127.0.0.1 - - [24/Jul/2024:13:14:48 +0530] "POST /salesCore/getAllLeadDetails HTTP/1.1" 200 3567
0:0:0:0:0:0:0:1 - - [24/Jul/2024:13:14:48 +0530] "GET /sales/leadList HTTP/1.1" 200 24589
127.0.0.1 - - [24/Jul/2024:13:14:48 +0530] "POST /salesCore/todayRemindersCount HTTP/1.1" 200 110
0:0:0:0:0:0:0:1 - - [24/Jul/2024:13:14:48 +0530] "POST /sales/todayReminders HTTP/1.1" 200 11
127.0.0.1 - - [24/Jul/2024:13:14:49 +0530] "POST /salesCore/getAllClientDetails HTTP/1.1" 200 1411
127.0.0.1 - - [24/Jul/2024:13:14:49 +0530] "POST /salesCore/getAllProjectType HTTP/1.1" 200 194
127.0.0.1 - - [24/Jul/2024:13:14:50 +0530] "POST /salesCore/getAllDepartments HTTP/1.1" 200 303
127.0.0.1 - - [24/Jul/2024:13:14:50 +0530] "POST /salesCore/all-Leadstatus HTTP/1.1" 200 431
0:0:0:0:0:0:0:1 - - [24/Jul/2024:13:14:50 +0530] "GET /sales/createLeads HTTP/1.1" 200 36421
127.0.0.1 - - [24/Jul/2024:13:14:50 +0530] "POST /salesCore/todayRemindersCount HTTP/1.1" 200 110
0:0:0:0:0:0:0:1 - - [24/Jul/2024:13:14:50 +0530] "POST /sales/todayReminders HTTP/1.1" 200 11
127.0.0.1 - - [24/Jul/2024:13:14:56 +0530] "POST /salesCore/getAllClientManagerDetails HTTP/1.1" 200 407
0:0:0:0:0:0:0:1 - - [24/Jul/2024:13:14:56 +0530] "POST /sales/getClientManger HTTP/1.1" 200 240
127.0.0.1 - - [24/Jul/2024:13:14:59 +0530] "POST /salesCore/getAllClientManagerDetails HTTP/1.1" 200 707
0:0:0:0:0:0:0:1 - - [24/Jul/2024:13:14:59 +0530] "POST /sales/getClientManger HTTP/1.1" 200 465
127.0.0.1 - - [24/Jul/2024:15:11:36 +0530] "GET / HTTP/1.1" 404 751
127.0.0.1 - - [24/Jul/2024:15:11:45 +0530] "POST /salesCore/login HTTP/1.1" 400 94
0:0:0:0:0:0:0:1 - - [24/Jul/2024:15:11:45 +0530] "POST /sales/login HTTP/1.1" 302 -
0:0:0:0:0:0:0:1 - - [24/Jul/2024:15:11:45 +0530] "GET /sales/login?error=fromhandler HTTP/1.1" 200 10578
127.0.0.1 - - [24/Jul/2024:15:12:18 +0530] "POST /salesCore/login HTTP/1.1" 400 94
0:0:0:0:0:0:0:1 - - [24/Jul/2024:15:12:18 +0530] "POST /sales/login HTTP/1.1" 302 -
0:0:0:0:0:0:0:1 - - [24/Jul/2024:15:12:18 +0530] "GET /sales/login?error=fromhandler HTTP/1.1" 200 10578
0:0:0:0:0:0:0:1 - - [24/Jul/2024:15:22:10 +0530] "GET /sales/dashboard HTTP/1.1" 302 -
0:0:0:0:0:0:0:1 - - [24/Jul/2024:15:22:11 +0530] "GET /sales/login HTTP/1.1" 200 10532
127.0.0.1 - - [24/Jul/2024:15:22:19 +0530] "POST /salesCore/login HTTP/1.1" 200 656
0:0:0:0:0:0:0:1 - - [24/Jul/2024:15:22:19 +0530] "POST /sales/login HTTP/1.1" 302 -
127.0.0.1 - - [24/Jul/2024:15:22:20 +0530] "POST /salesCore/getAllBudget HTTP/1.1" 200 2883
127.0.0.1 - - [24/Jul/2024:15:22:20 +0530] "POST /salesCore/getUserCommonList HTTP/1.1" 200 1303
0:0:0:0:0:0:0:1 - - [24/Jul/2024:15:22:20 +0530] "GET /sales/dashboard HTTP/1.1" 200 36018
127.0.0.1 - - [24/Jul/2024:15:22:21 +0530] "POST /salesCore/todayRemindersCount HTTP/1.1" 200 110
127.0.0.1 - - [24/Jul/2024:15:22:21 +0530] "POST /salesCore/getDashboardData HTTP/1.1" 200 2755
0:0:0:0:0:0:0:1 - - [24/Jul/2024:15:22:21 +0530] "POST /sales/todayReminders HTTP/1.1" 200 11
0:0:0:0:0:0:0:1 - - [24/Jul/2024:15:22:21 +0530] "GET /sales/yearBudgets HTTP/1.1" 500 129
0:0:0:0:0:0:0:1 - - [24/Jul/2024:15:22:21 +0530] "GET /sales/getChartData HTTP/1.1" 200 462
127.0.0.1 - - [24/Jul/2024:15:22:23 +0530] "POST /salesCore/getAllLeadDetails HTTP/1.1" 200 3567
0:0:0:0:0:0:0:1 - - [24/Jul/2024:15:22:23 +0530] "GET /sales/leadList HTTP/1.1" 200 24589
127.0.0.1 - - [24/Jul/2024:15:22:23 +0530] "POST /salesCore/todayRemindersCount HTTP/1.1" 200 110
0:0:0:0:0:0:0:1 - - [24/Jul/2024:15:22:23 +0530] "POST /sales/todayReminders HTTP/1.1" 200 11
127.0.0.1 - - [24/Jul/2024:15:22:25 +0530] "POST /salesCore/getAllClientDetails HTTP/1.1" 200 1411
127.0.0.1 - - [24/Jul/2024:15:22:25 +0530] "POST /salesCore/getAllProjectType HTTP/1.1" 200 194
127.0.0.1 - - [24/Jul/2024:15:22:25 +0530] "POST /salesCore/getAllDepartments HTTP/1.1" 200 303
127.0.0.1 - - [24/Jul/2024:15:22:25 +0530] "POST /salesCore/all-Leadstatus HTTP/1.1" 200 431
0:0:0:0:0:0:0:1 - - [24/Jul/2024:15:22:27 +0530] "GET /sales/createLeads HTTP/1.1" 200 36233
0:0:0:0:0:0:0:1 - - [24/Jul/2024:15:22:28 +0530] "GET /sales/js/chart.umd.js.map HTTP/1.1" 404 125
0:0:0:0:0:0:0:1 - - [24/Jul/2024:15:22:28 +0530] "GET /sales/js/filter-multi-select-bundle.min.js.map HTTP/1.1" 404 146
127.0.0.1 - - [24/Jul/2024:15:22:28 +0530] "POST /salesCore/todayRemindersCount HTTP/1.1" 200 110
0:0:0:0:0:0:0:1 - - [24/Jul/2024:15:22:28 +0530] "POST /sales/todayReminders HTTP/1.1" 200 11
127.0.0.1 - - [24/Jul/2024:15:23:02 +0530] "POST /salesCore/getAllClientManagerDetails HTTP/1.1" 200 707
0:0:0:0:0:0:0:1 - - [24/Jul/2024:15:23:02 +0530] "POST /sales/getClientManger HTTP/1.1" 200 465
127.0.0.1 - - [24/Jul/2024:15:23:21 +0530] "POST /salesCore/getAllClientDetails HTTP/1.1" 200 1411
127.0.0.1 - - [24/Jul/2024:15:23:21 +0530] "POST /salesCore/getAllProjectType HTTP/1.1" 200 194
127.0.0.1 - - [24/Jul/2024:15:23:21 +0530] "POST /salesCore/getAllDepartments HTTP/1.1" 200 303
127.0.0.1 - - [24/Jul/2024:15:23:21 +0530] "POST /salesCore/all-Leadstatus HTTP/1.1" 200 431
0:0:0:0:0:0:0:1 - - [24/Jul/2024:15:23:21 +0530] "GET /sales/createLeads HTTP/1.1" 200 36233
0:0:0:0:0:0:0:1 - - [24/Jul/2024:15:23:21 +0530] "GET /sales/js/filter-multi-select-bundle.min.js.map HTTP/1.1" 404 146
0:0:0:0:0:0:0:1 - - [24/Jul/2024:15:23:21 +0530] "GET /sales/js/chart.umd.js.map HTTP/1.1" 404 125
127.0.0.1 - - [24/Jul/2024:15:23:22 +0530] "POST /salesCore/todayRemindersCount HTTP/1.1" 200 110
0:0:0:0:0:0:0:1 - - [24/Jul/2024:15:23:22 +0530] "POST /sales/todayReminders HTTP/1.1" 200 11
127.0.0.1 - - [24/Jul/2024:15:24:22 +0530] "POST /salesCore/getAllBudget HTTP/1.1" 200 2883
127.0.0.1 - - [24/Jul/2024:15:24:22 +0530] "POST /salesCore/getUserCommonList HTTP/1.1" 200 1303
0:0:0:0:0:0:0:1 - - [24/Jul/2024:15:24:22 +0530] "GET /sales/dashboard HTTP/1.1" 200 36018
127.0.0.1 - - [24/Jul/2024:15:24:23 +0530] "POST /salesCore/todayRemindersCount HTTP/1.1" 200 110
0:0:0:0:0:0:0:1 - - [24/Jul/2024:15:24:23 +0530] "POST /sales/todayReminders HTTP/1.1" 200 11
0:0:0:0:0:0:0:1 - - [24/Jul/2024:15:24:23 +0530] "GET /sales/yearBudgets HTTP/1.1" 500 129
127.0.0.1 - - [24/Jul/2024:15:24:23 +0530] "POST /salesCore/getDashboardData HTTP/1.1" 200 2755
0:0:0:0:0:0:0:1 - - [24/Jul/2024:15:24:23 +0530] "GET /sales/getChartData HTTP/1.1" 200 462
127.0.0.1 - - [24/Jul/2024:15:24:29 +0530] "POST /salesCore/getAllLeadDetails HTTP/1.1" 200 3567
0:0:0:0:0:0:0:1 - - [24/Jul/2024:15:24:29 +0530] "GET /sales/leadList HTTP/1.1" 200 24589
127.0.0.1 - - [24/Jul/2024:15:24:30 +0530] "POST /salesCore/todayRemindersCount HTTP/1.1" 200 110
0:0:0:0:0:0:0:1 - - [24/Jul/2024:15:24:30 +0530] "POST /sales/todayReminders HTTP/1.1" 200 11
127.0.0.1 - - [24/Jul/2024:15:24:31 +0530] "POST /salesCore/getAllClientDetails HTTP/1.1" 200 1411
127.0.0.1 - - [24/Jul/2024:15:24:31 +0530] "POST /salesCore/getAllProjectType HTTP/1.1" 200 194
127.0.0.1 - - [24/Jul/2024:15:24:31 +0530] "POST /salesCore/getAllDepartments HTTP/1.1" 200 303
127.0.0.1 - - [24/Jul/2024:15:24:31 +0530] "POST /salesCore/all-Leadstatus HTTP/1.1" 200 431
0:0:0:0:0:0:0:1 - - [24/Jul/2024:15:24:31 +0530] "GET /sales/createLeads HTTP/1.1" 200 36233
127.0.0.1 - - [24/Jul/2024:15:24:31 +0530] "POST /salesCore/todayRemindersCount HTTP/1.1" 200 110
0:0:0:0:0:0:0:1 - - [24/Jul/2024:15:24:31 +0530] "POST /sales/todayReminders HTTP/1.1" 200 11
0:0:0:0:0:0:0:1 - - [24/Jul/2024:15:24:33 +0530] "GET /sales/js/chart.umd.js.map HTTP/1.1" 404 125
0:0:0:0:0:0:0:1 - - [24/Jul/2024:15:24:33 +0530] "GET /sales/js/filter-multi-select-bundle.min.js.map HTTP/1.1" 404 146
127.0.0.1 - - [24/Jul/2024:15:24:36 +0530] "POST /salesCore/getAllClientDetails HTTP/1.1" 200 1411
127.0.0.1 - - [24/Jul/2024:15:24:36 +0530] "POST /salesCore/getAllProjectType HTTP/1.1" 200 194
127.0.0.1 - - [24/Jul/2024:15:24:36 +0530] "POST /salesCore/getAllDepartments HTTP/1.1" 200 303
127.0.0.1 - - [24/Jul/2024:15:24:36 +0530] "POST /salesCore/all-Leadstatus HTTP/1.1" 200 431
0:0:0:0:0:0:0:1 - - [24/Jul/2024:15:24:36 +0530] "GET /sales/createLeads HTTP/1.1" 200 36233
0:0:0:0:0:0:0:1 - - [24/Jul/2024:15:24:36 +0530] "GET /sales/fonts/boxicons.css HTTP/1.1" 200 86510
0:0:0:0:0:0:0:1 - - [24/Jul/2024:15:24:36 +0530] "GET /sales/css/bootstrap-datetimepicker.min.css HTTP/1.1" 200 8249
0:0:0:0:0:0:0:1 - - [24/Jul/2024:15:24:36 +0530] "GET /sales/css/select2.css HTTP/1.1" 200 26260
0:0:0:0:0:0:0:1 - - [24/Jul/2024:15:24:36 +0530] "GET /sales/js/popper.js HTTP/1.1" 200 57859
0:0:0:0:0:0:0:1 - - [24/Jul/2024:15:24:36 +0530] "GET /sales/css/style.css HTTP/1.1" 200 379356
0:0:0:0:0:0:0:1 - - [24/Jul/2024:15:24:36 +0530] "GET /sales/js/filter-multi-select-bundle.min.js HTTP/1.1" 200 25275
0:0:0:0:0:0:0:1 - - [24/Jul/2024:15:24:36 +0530] "GET /sales/js/jquery.js HTTP/1.1" 200 831850
0:0:0:0:0:0:0:1 - - [24/Jul/2024:15:24:36 +0530] "GET /sales/js/chart.js HTTP/1.1" 200 205657
0:0:0:0:0:0:0:1 - - [24/Jul/2024:15:24:36 +0530] "GET /sales/js/helpers.js HTTP/1.1" 200 103179
0:0:0:0:0:0:0:1 - - [24/Jul/2024:15:24:36 +0530] "GET /sales/js/bootstrap.js HTTP/1.1" 200 843148
0:0:0:0:0:0:0:1 - - [24/Jul/2024:15:24:36 +0530] "GET /sales/js/perfect-scrollbar.js HTTP/1.1" 200 108858
0:0:0:0:0:0:0:1 - - [24/Jul/2024:15:24:36 +0530] "GET /sales/js/dataTables.js HTTP/1.1" 200 380013
0:0:0:0:0:0:0:1 - - [24/Jul/2024:15:24:36 +0530] "GET /sales/js/dataTables.bootstrap5.js HTTP/1.1" 200 3317
0:0:0:0:0:0:0:1 - - [24/Jul/2024:15:24:36 +0530] "GET /sales/js/moment.min.js HTTP/1.1" 200 51654
0:0:0:0:0:0:0:1 - - [24/Jul/2024:15:24:36 +0530] "GET /sales/js/bootstrap-datetimepicker.min.js HTTP/1.1" 200 37973
0:0:0:0:0:0:0:1 - - [24/Jul/2024:15:24:36 +0530] "GET /sales/js/menu.js HTTP/1.1" 200 80283
0:0:0:0:0:0:0:1 - - [24/Jul/2024:15:24:36 +0530] "GET /sales/js/main.js HTTP/1.1" 200 7700
0:0:0:0:0:0:0:1 - - [24/Jul/2024:15:24:36 +0530] "GET /sales/img/1.png HTTP/1.1" 200 6796
0:0:0:0:0:0:0:1 - - [24/Jul/2024:15:24:36 +0530] "GET /sales/img/logo.png HTTP/1.1" 200 5628
0:0:0:0:0:0:0:1 - - [24/Jul/2024:15:24:36 +0530] "GET /sales/img/loading.gif HTTP/1.1" 200 111469
0:0:0:0:0:0:0:1 - - [24/Jul/2024:15:24:36 +0530] "GET /sales/js/select2.js HTTP/1.1" 200 80494
0:0:0:0:0:0:0:1 - - [24/Jul/2024:15:24:36 +0530] "GET /sales/js/chart.umd.js.map HTTP/1.1" 404 125
0:0:0:0:0:0:0:1 - - [24/Jul/2024:15:24:36 +0530] "GET /sales/js/filter-multi-select-bundle.min.js.map HTTP/1.1" 404 146
0:0:0:0:0:0:0:1 - - [24/Jul/2024:15:24:36 +0530] "GET /sales/fonts/boxicons/boxicons.woff2 HTTP/1.1" 200 102988
127.0.0.1 - - [24/Jul/2024:15:24:36 +0530] "POST /salesCore/todayRemindersCount HTTP/1.1" 200 110
0:0:0:0:0:0:0:1 - - [24/Jul/2024:15:24:36 +0530] "POST /sales/todayReminders HTTP/1.1" 200 11
0:0:0:0:0:0:0:1 - - [24/Jul/2024:15:24:36 +0530] "GET /sales/img/favicon.ico HTTP/1.1" 404 121
127.0.0.1 - - [24/Jul/2024:15:26:03 +0530] "POST /salesCore/getAllClientManagerDetails HTTP/1.1" 200 707
0:0:0:0:0:0:0:1 - - [24/Jul/2024:15:26:03 +0530] "POST /sales/getClientManger HTTP/1.1" 200 465
127.0.0.1 - - [24/Jul/2024:15:27:41 +0530] "POST /salesCore/getAllClientDetails HTTP/1.1" 200 1411
127.0.0.1 - - [24/Jul/2024:15:27:41 +0530] "POST /salesCore/getAllProjectType HTTP/1.1" 200 194
127.0.0.1 - - [24/Jul/2024:15:27:41 +0530] "POST /salesCore/getAllDepartments HTTP/1.1" 200 303
127.0.0.1 - - [24/Jul/2024:15:27:41 +0530] "POST /salesCore/all-Leadstatus HTTP/1.1" 200 431
0:0:0:0:0:0:0:1 - - [24/Jul/2024:15:27:41 +0530] "GET /sales/createLeads HTTP/1.1" 200 36233
127.0.0.1 - - [24/Jul/2024:15:27:41 +0530] "POST /salesCore/todayRemindersCount HTTP/1.1" 200 110
0:0:0:0:0:0:0:1 - - [24/Jul/2024:15:27:41 +0530] "POST /sales/todayReminders HTTP/1.1" 200 11
127.0.0.1 - - [24/Jul/2024:15:27:43 +0530] "POST /salesCore/getAllClientManagerDetails HTTP/1.1" 200 983
0:0:0:0:0:0:0:1 - - [24/Jul/2024:15:27:43 +0530] "POST /sales/getClientManger HTTP/1.1" 200 668
127.0.0.1 - - [24/Jul/2024:15:27:47 +0530] "POST /salesCore/getAllClientManagerDetails HTTP/1.1" 200 707
0:0:0:0:0:0:0:1 - - [24/Jul/2024:15:27:47 +0530] "POST /sales/getClientManger HTTP/1.1" 200 456
127.0.0.1 - - [24/Jul/2024:15:27:51 +0530] "POST /salesCore/getAllClientDetails HTTP/1.1" 200 1411
127.0.0.1 - - [24/Jul/2024:15:27:51 +0530] "POST /salesCore/getAllProjectType HTTP/1.1" 200 194
127.0.0.1 - - [24/Jul/2024:15:27:51 +0530] "POST /salesCore/getAllDepartments HTTP/1.1" 200 303
127.0.0.1 - - [24/Jul/2024:15:27:51 +0530] "POST /salesCore/all-Leadstatus HTTP/1.1" 200 431
0:0:0:0:0:0:0:1 - - [24/Jul/2024:15:27:51 +0530] "GET /sales/createLeads HTTP/1.1" 200 36233
0:0:0:0:0:0:0:1 - - [24/Jul/2024:15:27:51 +0530] "GET /sales/css/select2.css HTTP/1.1" 200 26260
0:0:0:0:0:0:0:1 - - [24/Jul/2024:15:27:51 +0530] "GET /sales/fonts/boxicons.css HTTP/1.1" 200 86510
0:0:0:0:0:0:0:1 - - [24/Jul/2024:15:27:51 +0530] "GET /sales/css/style.css HTTP/1.1" 200 379356
0:0:0:0:0:0:0:1 - - [24/Jul/2024:15:27:51 +0530] "GET /sales/js/jquery.js HTTP/1.1" 200 831850
0:0:0:0:0:0:0:1 - - [24/Jul/2024:15:27:51 +0530] "GET /sales/js/popper.js HTTP/1.1" 200 57859
0:0:0:0:0:0:0:1 - - [24/Jul/2024:15:27:51 +0530] "GET /sales/css/bootstrap-datetimepicker.min.css HTTP/1.1" 200 8249
0:0:0:0:0:0:0:1 - - [24/Jul/2024:15:27:51 +0530] "GET /sales/js/bootstrap.js HTTP/1.1" 200 843148
0:0:0:0:0:0:0:1 - - [24/Jul/2024:15:27:51 +0530] "GET /sales/js/helpers.js HTTP/1.1" 200 103179
0:0:0:0:0:0:0:1 - - [24/Jul/2024:15:27:51 +0530] "GET /sales/js/perfect-scrollbar.js HTTP/1.1" 200 108858
0:0:0:0:0:0:0:1 - - [24/Jul/2024:15:27:51 +0530] "GET /sales/js/chart.js HTTP/1.1" 200 205657
0:0:0:0:0:0:0:1 - - [24/Jul/2024:15:27:51 +0530] "GET /sales/js/filter-multi-select-bundle.min.js HTTP/1.1" 200 25275
0:0:0:0:0:0:0:1 - - [24/Jul/2024:15:27:51 +0530] "GET /sales/js/moment.min.js HTTP/1.1" 200 51654
0:0:0:0:0:0:0:1 - - [24/Jul/2024:15:27:51 +0530] "GET /sales/js/dataTables.js HTTP/1.1" 200 380013
0:0:0:0:0:0:0:1 - - [24/Jul/2024:15:27:51 +0530] "GET /sales/js/dataTables.bootstrap5.js HTTP/1.1" 200 3317
0:0:0:0:0:0:0:1 - - [24/Jul/2024:15:27:51 +0530] "GET /sales/js/menu.js HTTP/1.1" 200 80283
0:0:0:0:0:0:0:1 - - [24/Jul/2024:15:27:51 +0530] "GET /sales/js/bootstrap-datetimepicker.min.js HTTP/1.1" 200 37973
0:0:0:0:0:0:0:1 - - [24/Jul/2024:15:27:51 +0530] "GET /sales/js/main.js HTTP/1.1" 200 7700
0:0:0:0:0:0:0:1 - - [24/Jul/2024:15:27:51 +0530] "GET /sales/img/logo.png HTTP/1.1" 200 5628
0:0:0:0:0:0:0:1 - - [24/Jul/2024:15:27:51 +0530] "GET /sales/img/1.png HTTP/1.1" 200 6796
0:0:0:0:0:0:0:1 - - [24/Jul/2024:15:27:51 +0530] "GET /sales/img/loading.gif HTTP/1.1" 200 111469
0:0:0:0:0:0:0:1 - - [24/Jul/2024:15:27:51 +0530] "GET /sales/js/select2.js HTTP/1.1" 200 80494
0:0:0:0:0:0:0:1 - - [24/Jul/2024:15:27:51 +0530] "GET /sales/fonts/boxicons/boxicons.woff2 HTTP/1.1" 200 102988
127.0.0.1 - - [24/Jul/2024:15:27:51 +0530] "POST /salesCore/todayRemindersCount HTTP/1.1" 200 110
0:0:0:0:0:0:0:1 - - [24/Jul/2024:15:27:51 +0530] "POST /sales/todayReminders HTTP/1.1" 200 11
0:0:0:0:0:0:0:1 - - [24/Jul/2024:15:27:51 +0530] "GET /sales/img/favicon.ico HTTP/1.1" 404 121
0:0:0:0:0:0:0:1 - - [24/Jul/2024:15:27:53 +0530] "GET /sales/js/chart.umd.js.map HTTP/1.1" 404 125
0:0:0:0:0:0:0:1 - - [24/Jul/2024:15:27:54 +0530] "GET /sales/js/filter-multi-select-bundle.min.js.map HTTP/1.1" 404 146
127.0.0.1 - - [24/Jul/2024:15:27:58 +0530] "POST /salesCore/getAllClientDetails HTTP/1.1" 200 1411
127.0.0.1 - - [24/Jul/2024:15:27:58 +0530] "POST /salesCore/getAllProjectType HTTP/1.1" 200 194
127.0.0.1 - - [24/Jul/2024:15:27:58 +0530] "POST /salesCore/getAllDepartments HTTP/1.1" 200 303
127.0.0.1 - - [24/Jul/2024:15:27:58 +0530] "POST /salesCore/all-Leadstatus HTTP/1.1" 200 431
0:0:0:0:0:0:0:1 - - [24/Jul/2024:15:27:58 +0530] "GET /sales/createLeads HTTP/1.1" 200 36233
0:0:0:0:0:0:0:1 - - [24/Jul/2024:15:27:58 +0530] "GET /sales/js/chart.umd.js.map HTTP/1.1" 404 125
0:0:0:0:0:0:0:1 - - [24/Jul/2024:15:27:58 +0530] "GET /sales/js/filter-multi-select-bundle.min.js.map HTTP/1.1" 404 146
127.0.0.1 - - [24/Jul/2024:15:28:01 +0530] "POST /salesCore/todayRemindersCount HTTP/1.1" 200 110
0:0:0:0:0:0:0:1 - - [24/Jul/2024:15:28:01 +0530] "POST /sales/todayReminders HTTP/1.1" 200 11
127.0.0.1 - - [24/Jul/2024:15:28:23 +0530] "POST /salesCore/getAllClientManagerDetails HTTP/1.1" 200 983
0:0:0:0:0:0:0:1 - - [24/Jul/2024:15:28:23 +0530] "POST /sales/getClientManger HTTP/1.1" 200 668
127.0.0.1 - - [24/Jul/2024:15:38:27 +0530] "GET / HTTP/1.1" 404 751
0:0:0:0:0:0:0:1 - - [24/Jul/2024:15:38:44 +0530] "GET /sales/createLeads HTTP/1.1" 302 -
0:0:0:0:0:0:0:1 - - [24/Jul/2024:15:38:44 +0530] "GET /sales/login HTTP/1.1" 200 10532
127.0.0.1 - - [24/Jul/2024:15:38:54 +0530] "POST /salesCore/login HTTP/1.1" 200 656
0:0:0:0:0:0:0:1 - - [24/Jul/2024:15:38:54 +0530] "POST /sales/login HTTP/1.1" 302 -
127.0.0.1 - - [24/Jul/2024:15:38:55 +0530] "POST /salesCore/getAllBudget HTTP/1.1" 200 2883
127.0.0.1 - - [24/Jul/2024:15:38:55 +0530] "POST /salesCore/getUserCommonList HTTP/1.1" 200 1303
0:0:0:0:0:0:0:1 - - [24/Jul/2024:15:38:58 +0530] "GET /sales/dashboard HTTP/1.1" 200 16651
127.0.0.1 - - [24/Jul/2024:15:38:58 +0530] "POST /salesCore/todayRemindersCount HTTP/1.1" 200 110
0:0:0:0:0:0:0:1 - - [24/Jul/2024:15:38:58 +0530] "POST /sales/todayReminders HTTP/1.1" 200 11
127.0.0.1 - - [24/Jul/2024:15:40:18 +0530] "POST /salesCore/getAllBudget HTTP/1.1" 200 2883
127.0.0.1 - - [24/Jul/2024:15:40:18 +0530] "POST /salesCore/getUserCommonList HTTP/1.1" 200 1303
0:0:0:0:0:0:0:1 - - [24/Jul/2024:15:40:18 +0530] "GET /sales/dashboard HTTP/1.1" 200 37048
127.0.0.1 - - [24/Jul/2024:15:40:19 +0530] "POST /salesCore/todayRemindersCount HTTP/1.1" 200 110
0:0:0:0:0:0:0:1 - - [24/Jul/2024:15:40:19 +0530] "POST /sales/todayReminders HTTP/1.1" 200 11
0:0:0:0:0:0:0:1 - - [24/Jul/2024:15:40:19 +0530] "GET /sales/yearBudgets HTTP/1.1" 500 129
127.0.0.1 - - [24/Jul/2024:15:40:19 +0530] "POST /salesCore/getDashboardData HTTP/1.1" 200 2755
0:0:0:0:0:0:0:1 - - [24/Jul/2024:15:40:19 +0530] "GET /sales/getChartData HTTP/1.1" 200 462
0:0:0:0:0:0:0:1 - - [24/Jul/2024:15:40:25 +0530] "GET /sales/yearBudgets HTTP/1.1" 500 129
127.0.0.1 - - [24/Jul/2024:15:40:25 +0530] "POST /salesCore/getDashboardData HTTP/1.1" 200 2755
0:0:0:0:0:0:0:1 - - [24/Jul/2024:15:40:25 +0530] "GET /sales/getChartData HTTP/1.1" 200 462
127.0.0.1 - - [24/Jul/2024:15:40:34 +0530] "POST /salesCore/getAllBudget HTTP/1.1" 200 2883
127.0.0.1 - - [24/Jul/2024:15:40:34 +0530] "POST /salesCore/getUserCommonList HTTP/1.1" 200 1303
0:0:0:0:0:0:0:1 - - [24/Jul/2024:15:40:34 +0530] "GET /sales/dashboard HTTP/1.1" 200 37048
127.0.0.1 - - [24/Jul/2024:15:40:35 +0530] "POST /salesCore/todayRemindersCount HTTP/1.1" 200 110
0:0:0:0:0:0:0:1 - - [24/Jul/2024:15:40:35 +0530] "POST /sales/todayReminders HTTP/1.1" 200 11
0:0:0:0:0:0:0:1 - - [24/Jul/2024:15:40:35 +0530] "GET /sales/yearBudgets HTTP/1.1" 500 129
127.0.0.1 - - [24/Jul/2024:15:40:35 +0530] "POST /salesCore/getDashboardData HTTP/1.1" 200 2755
0:0:0:0:0:0:0:1 - - [24/Jul/2024:15:40:35 +0530] "GET /sales/getChartData HTTP/1.1" 200 462
127.0.0.1 - - [24/Jul/2024:15:40:50 +0530] "POST /salesCore/getDashboardData HTTP/1.1" 200 2755
0:0:0:0:0:0:0:1 - - [24/Jul/2024:15:40:50 +0530] "GET /sales/getChartData?year%5B%5D=2024-25 HTTP/1.1" 200 462
127.0.0.1 - - [24/Jul/2024:15:40:50 +0530] "POST /salesCore/getYearBudgets HTTP/1.1" 200 2883
0:0:0:0:0:0:0:1 - - [24/Jul/2024:15:40:50 +0530] "GET /sales/yearBudgets?year%5B%5D=2024-25 HTTP/1.1" 200 2083
0:0:0:0:0:0:0:1 - - [24/Jul/2024:15:40:54 +0530] "POST /sales/getAllbyzone HTTP/1.1" 400 120
127.0.0.1 - - [24/Jul/2024:15:40:54 +0530] "POST /salesCore/getYearBudgets HTTP/1.1" 200 110
0:0:0:0:0:0:0:1 - - [24/Jul/2024:15:40:54 +0530] "GET /sales/yearBudgets?year%5B%5D=2024-25&zone%5B%5D=East HTTP/1.1" 200 12
127.0.0.1 - - [24/Jul/2024:15:40:54 +0530] "POST /salesCore/getDashboardData HTTP/1.1" 200 367
0:0:0:0:0:0:0:1 - - [24/Jul/2024:15:40:54 +0530] "GET /sales/getChartData?year%5B%5D=2024-25&zone%5B%5D=East HTTP/1.1" 200 440
127.0.0.1 - - [24/Jul/2024:15:40:57 +0530] "POST /salesCore/getAllbyzone HTTP/1.1" 200 110
127.0.0.1 - - [24/Jul/2024:15:40:57 +0530] "POST /salesCore/getYearBudgets HTTP/1.1" 200 2883
0:0:0:0:0:0:0:1 - - [24/Jul/2024:15:40:57 +0530] "POST /sales/getAllbyzone HTTP/1.1" 200 12
0:0:0:0:0:0:0:1 - - [24/Jul/2024:15:40:57 +0530] "GET /sales/yearBudgets?year%5B%5D=2024-25 HTTP/1.1" 200 2083
127.0.0.1 - - [24/Jul/2024:15:40:57 +0530] "POST /salesCore/getDashboardData HTTP/1.1" 200 2755
0:0:0:0:0:0:0:1 - - [24/Jul/2024:15:40:57 +0530] "GET /sales/getChartData?year%5B%5D=2024-25 HTTP/1.1" 200 462
0:0:0:0:0:0:0:1 - - [24/Jul/2024:15:41:02 +0530] "POST /sales/getAllbyzone HTTP/1.1" 400 120
127.0.0.1 - - [24/Jul/2024:15:41:02 +0530] "POST /salesCore/getYearBudgets HTTP/1.1" 200 110
127.0.0.1 - - [24/Jul/2024:15:41:02 +0530] "POST /salesCore/getDashboardData HTTP/1.1" 200 367
0:0:0:0:0:0:0:1 - - [24/Jul/2024:15:41:02 +0530] "GET /sales/yearBudgets?year%5B%5D=2024-25&zone%5B%5D=West HTTP/1.1" 200 12
0:0:0:0:0:0:0:1 - - [24/Jul/2024:15:41:02 +0530] "GET /sales/getChartData?year%5B%5D=2024-25&zone%5B%5D=West HTTP/1.1" 200 440
127.0.0.1 - - [24/Jul/2024:15:41:04 +0530] "POST /salesCore/getDashboardData HTTP/1.1" 200 2755
0:0:0:0:0:0:0:1 - - [24/Jul/2024:15:41:04 +0530] "GET /sales/getChartData?year%5B%5D=2024-25 HTTP/1.1" 200 462
127.0.0.1 - - [24/Jul/2024:15:41:04 +0530] "POST /salesCore/getYearBudgets HTTP/1.1" 200 2883
127.0.0.1 - - [24/Jul/2024:15:41:04 +0530] "POST /salesCore/getAllbyzone HTTP/1.1" 200 110
0:0:0:0:0:0:0:1 - - [24/Jul/2024:15:41:04 +0530] "GET /sales/yearBudgets?year%5B%5D=2024-25 HTTP/1.1" 200 2083
0:0:0:0:0:0:0:1 - - [24/Jul/2024:15:41:04 +0530] "POST /sales/getAllbyzone HTTP/1.1" 200 12
0:0:0:0:0:0:0:1 - - [24/Jul/2024:15:41:10 +0530] "POST /sales/getAllbyzone HTTP/1.1" 400 120
127.0.0.1 - - [24/Jul/2024:15:41:10 +0530] "POST /salesCore/getDashboardData HTTP/1.1" 200 2371
127.0.0.1 - - [24/Jul/2024:15:41:10 +0530] "POST /salesCore/getYearBudgets HTTP/1.1" 200 2883
0:0:0:0:0:0:0:1 - - [24/Jul/2024:15:41:10 +0530] "GET /sales/yearBudgets?year%5B%5D=2024-25&zone%5B%5D=North HTTP/1.1" 200 2082
0:0:0:0:0:0:0:1 - - [24/Jul/2024:15:41:10 +0530] "GET /sales/getChartData?year%5B%5D=2024-25&zone%5B%5D=North HTTP/1.1" 200 462
127.0.0.1 - - [24/Jul/2024:15:41:12 +0530] "POST /salesCore/getYearBudgets HTTP/1.1" 200 2883
0:0:0:0:0:0:0:1 - - [24/Jul/2024:15:41:12 +0530] "GET /sales/yearBudgets?year%5B%5D=2024-25&zone%5B%5D=North HTTP/1.1" 200 2082
127.0.0.1 - - [24/Jul/2024:15:41:12 +0530] "POST /salesCore/getDashboardData HTTP/1.1" 200 2371
0:0:0:0:0:0:0:1 - - [24/Jul/2024:15:41:12 +0530] "GET /sales/getChartData?year%5B%5D=2024-25&zone%5B%5D=North HTTP/1.1" 200 462
0:0:0:0:0:0:0:1 - - [24/Jul/2024:15:41:17 +0530] "GET /sales/js/chart.umd.js.map HTTP/1.1" 404 125
0:0:0:0:0:0:0:1 - - [24/Jul/2024:15:41:17 +0530] "GET /sales/js/filter-multi-select-bundle.min.js.map HTTP/1.1" 404 146
127.0.0.1 - - [24/Jul/2024:15:41:18 +0530] "POST /salesCore/getAllBudget HTTP/1.1" 200 2883
127.0.0.1 - - [24/Jul/2024:15:41:18 +0530] "POST /salesCore/getUserCommonList HTTP/1.1" 200 1303
0:0:0:0:0:0:0:1 - - [24/Jul/2024:15:41:18 +0530] "GET /sales/dashboard HTTP/1.1" 200 37048
0:0:0:0:0:0:0:1 - - [24/Jul/2024:15:41:19 +0530] "GET /sales/js/filter-multi-select-bundle.min.js.map HTTP/1.1" 404 146
0:0:0:0:0:0:0:1 - - [24/Jul/2024:15:41:19 +0530] "GET /sales/js/chart.umd.js.map HTTP/1.1" 404 125
127.0.0.1 - - [24/Jul/2024:15:41:19 +0530] "POST /salesCore/todayRemindersCount HTTP/1.1" 200 110
0:0:0:0:0:0:0:1 - - [24/Jul/2024:15:41:19 +0530] "POST /sales/todayReminders HTTP/1.1" 200 11
0:0:0:0:0:0:0:1 - - [24/Jul/2024:15:41:19 +0530] "GET /sales/js/chart.umd.js.map HTTP/1.1" 404 125
127.0.0.1 - - [24/Jul/2024:15:41:19 +0530] "POST /salesCore/getDashboardData HTTP/1.1" 200 2755
0:0:0:0:0:0:0:1 - - [24/Jul/2024:15:41:19 +0530] "GET /sales/getChartData HTTP/1.1" 200 462
0:0:0:0:0:0:0:1 - - [24/Jul/2024:15:41:22 +0530] "GET /sales/yearBudgets HTTP/1.1" 500 129
127.0.0.1 - - [24/Jul/2024:15:41:44 +0530] "POST /salesCore/getDashboardData HTTP/1.1" 200 2755
127.0.0.1 - - [24/Jul/2024:15:41:44 +0530] "POST /salesCore/getYearBudgets HTTP/1.1" 200 2883
0:0:0:0:0:0:0:1 - - [24/Jul/2024:15:41:44 +0530] "GET /sales/getChartData?year%5B%5D=2024-25 HTTP/1.1" 200 462
0:0:0:0:0:0:0:1 - - [24/Jul/2024:15:41:44 +0530] "GET /sales/yearBudgets?year%5B%5D=2024-25 HTTP/1.1" 200 2083
0:0:0:0:0:0:0:1 - - [24/Jul/2024:15:41:47 +0530] "POST /sales/getAllbyzone HTTP/1.1" 400 120
127.0.0.1 - - [24/Jul/2024:15:41:47 +0530] "POST /salesCore/getDashboardData HTTP/1.1" 200 2371
127.0.0.1 - - [24/Jul/2024:15:41:47 +0530] "POST /salesCore/getYearBudgets HTTP/1.1" 200 2883
0:0:0:0:0:0:0:1 - - [24/Jul/2024:15:41:47 +0530] "GET /sales/getChartData?year%5B%5D=2024-25&zone%5B%5D=North HTTP/1.1" 200 462
0:0:0:0:0:0:0:1 - - [24/Jul/2024:15:41:47 +0530] "GET /sales/yearBudgets?year%5B%5D=2024-25&zone%5B%5D=North HTTP/1.1" 200 2082
127.0.0.1 - - [24/Jul/2024:15:42:20 +0530] "POST /salesCore/getAllBudget HTTP/1.1" 200 2883
127.0.0.1 - - [24/Jul/2024:15:42:20 +0530] "POST /salesCore/getUserCommonList HTTP/1.1" 200 1303
0:0:0:0:0:0:0:1 - - [24/Jul/2024:15:42:21 +0530] "GET /sales/dashboard HTTP/1.1" 200 37034
0:0:0:0:0:0:0:1 - - [24/Jul/2024:15:42:21 +0530] "GET /sales/js/chart.umd.js.map HTTP/1.1" 404 125
0:0:0:0:0:0:0:1 - - [24/Jul/2024:15:42:21 +0530] "GET /sales/js/filter-multi-select-bundle.min.js.map HTTP/1.1" 404 146
0:0:0:0:0:0:0:1 - - [24/Jul/2024:15:42:21 +0530] "GET /sales/js/chart.umd.js.map HTTP/1.1" 404 125
127.0.0.1 - - [24/Jul/2024:15:42:22 +0530] "POST /salesCore/todayRemindersCount HTTP/1.1" 200 110
0:0:0:0:0:0:0:1 - - [24/Jul/2024:15:42:22 +0530] "POST /sales/todayReminders HTTP/1.1" 200 11
0:0:0:0:0:0:0:1 - - [24/Jul/2024:15:42:23 +0530] "GET /sales/yearBudgets HTTP/1.1" 500 129
127.0.0.1 - - [24/Jul/2024:15:42:23 +0530] "POST /salesCore/getDashboardData HTTP/1.1" 200 2755
0:0:0:0:0:0:0:1 - - [24/Jul/2024:15:42:23 +0530] "GET /sales/getChartData HTTP/1.1" 200 462
127.0.0.1 - - [24/Jul/2024:15:42:24 +0530] "POST /salesCore/getAllBudget HTTP/1.1" 200 2883
127.0.0.1 - - [24/Jul/2024:15:42:24 +0530] "POST /salesCore/getUserCommonList HTTP/1.1" 200 1303
0:0:0:0:0:0:0:1 - - [24/Jul/2024:15:42:24 +0530] "GET /sales/dashboard HTTP/1.1" 200 37034
127.0.0.1 - - [24/Jul/2024:15:42:24 +0530] "POST /salesCore/getAllBudget HTTP/1.1" 200 2883
127.0.0.1 - - [24/Jul/2024:15:42:24 +0530] "POST /salesCore/getUserCommonList HTTP/1.1" 200 1303
0:0:0:0:0:0:0:1 - - [24/Jul/2024:15:42:24 +0530] "GET /sales/dashboard HTTP/1.1" 200 37034
127.0.0.1 - - [24/Jul/2024:15:42:24 +0530] "POST /salesCore/getAllBudget HTTP/1.1" 200 2883
127.0.0.1 - - [24/Jul/2024:15:42:24 +0530] "POST /salesCore/getUserCommonList HTTP/1.1" 200 1303
0:0:0:0:0:0:0:1 - - [24/Jul/2024:15:42:24 +0530] "GET /sales/yearBudgets HTTP/1.1" 500 129
127.0.0.1 - - [24/Jul/2024:15:42:24 +0530] "POST /salesCore/todayRemindersCount HTTP/1.1" 200 110
0:0:0:0:0:0:0:1 - - [24/Jul/2024:15:42:24 +0530] "GET /sales/dashboard HTTP/1.1" 200 37034
0:0:0:0:0:0:0:1 - - [24/Jul/2024:15:42:24 +0530] "POST /sales/todayReminders HTTP/1.1" 200 11
127.0.0.1 - - [24/Jul/2024:15:42:24 +0530] "POST /salesCore/getDashboardData HTTP/1.1" 200 2755
0:0:0:0:0:0:0:1 - - [24/Jul/2024:15:42:24 +0530] "GET /sales/getChartData HTTP/1.1" 200 462
0:0:0:0:0:0:0:1 - - [24/Jul/2024:15:42:24 +0530] "GET /sales/yearBudgets HTTP/1.1" 500 129
127.0.0.1 - - [24/Jul/2024:15:42:25 +0530] "POST /salesCore/getDashboardData HTTP/1.1" 200 2755
127.0.0.1 - - [24/Jul/2024:15:42:25 +0530] "POST /salesCore/todayRemindersCount HTTP/1.1" 200 110
0:0:0:0:0:0:0:1 - - [24/Jul/2024:15:42:25 +0530] "POST /sales/todayReminders HTTP/1.1" 200 11
0:0:0:0:0:0:0:1 - - [24/Jul/2024:15:42:25 +0530] "GET /sales/getChartData HTTP/1.1" 200 462
127.0.0.1 - - [24/Jul/2024:15:42:27 +0530] "POST /salesCore/getYearBudgets HTTP/1.1" 200 2883
127.0.0.1 - - [24/Jul/2024:15:42:27 +0530] "POST /salesCore/getDashboardData HTTP/1.1" 200 2755
0:0:0:0:0:0:0:1 - - [24/Jul/2024:15:42:27 +0530] "GET /sales/getChartData?year%5B%5D=2024-25 HTTP/1.1" 200 462
0:0:0:0:0:0:0:1 - - [24/Jul/2024:15:42:27 +0530] "GET /sales/yearBudgets?year%5B%5D=2024-25 HTTP/1.1" 200 2083
0:0:0:0:0:0:0:1 - - [24/Jul/2024:15:42:30 +0530] "POST /sales/getAllbyzone HTTP/1.1" 400 120
127.0.0.1 - - [24/Jul/2024:15:42:30 +0530] "POST /salesCore/getDashboardData HTTP/1.1" 200 2371
127.0.0.1 - - [24/Jul/2024:15:42:30 +0530] "POST /salesCore/getYearBudgets HTTP/1.1" 200 2883
