127.0.0.1 - - [25/Jul/2024:12:06:06 +0530] "POST /salesCore/getYearBudgets HTTP/1.1" 200 2883
0:0:0:0:0:0:0:1 - - [25/Jul/2024:12:06:06 +0530] "GET /sales/yearBudgets?year%5B%5D=2024-25&zone%5B%5D=North&bde%5B%5D=Madhu HTTP/1.1" 200 2079
127.0.0.1 - - [25/Jul/2024:12:06:06 +0530] "POST /salesCore/getDashboardData HTTP/1.1" 200 1263
0:0:0:0:0:0:0:1 - - [25/Jul/2024:12:06:06 +0530] "GET /sales/getChartData?year%5B%5D=2024-25&zone%5B%5D=North&bde%5B%5D=Madhu HTTP/1.1" 200 438
127.0.0.1 - - [25/Jul/2024:12:06:09 +0530] "POST /salesCore/getDashboardData HTTP/1.1" 200 2371
0:0:0:0:0:0:0:1 - - [25/Jul/2024:12:06:09 +0530] "GET /sales/getChartData?year%5B%5D=2024-25&zone%5B%5D=North HTTP/1.1" 200 462
127.0.0.1 - - [25/Jul/2024:12:06:09 +0530] "POST /salesCore/getYearBudgets HTTP/1.1" 200 2883
0:0:0:0:0:0:0:1 - - [25/Jul/2024:12:06:09 +0530] "GET /sales/yearBudgets?year%5B%5D=2024-25&zone%5B%5D=North HTTP/1.1" 200 2082
127.0.0.1 - - [25/Jul/2024:12:06:10 +0530] "POST /salesCore/getYearBudgets HTTP/1.1" 200 110
127.0.0.1 - - [25/Jul/2024:12:06:10 +0530] "POST /salesCore/getDashboardData HTTP/1.1" 200 367
0:0:0:0:0:0:0:1 - - [25/Jul/2024:12:06:10 +0530] "GET /sales/yearBudgets?year%5B%5D=2024-25&zone%5B%5D=North&bde%5B%5D=srinivas HTTP/1.1" 200 12
0:0:0:0:0:0:0:1 - - [25/Jul/2024:12:06:10 +0530] "GET /sales/getChartData?year%5B%5D=2024-25&zone%5B%5D=North&bde%5B%5D=srinivas HTTP/1.1" 200 428
127.0.0.1 - - [25/Jul/2024:12:06:13 +0530] "POST /salesCore/getDashboardData HTTP/1.1" 200 2371
0:0:0:0:0:0:0:1 - - [25/Jul/2024:12:06:13 +0530] "GET /sales/getChartData?year%5B%5D=2024-25&zone%5B%5D=North HTTP/1.1" 200 462
127.0.0.1 - - [25/Jul/2024:12:06:13 +0530] "POST /salesCore/getYearBudgets HTTP/1.1" 200 2883
0:0:0:0:0:0:0:1 - - [25/Jul/2024:12:06:13 +0530] "GET /sales/yearBudgets?year%5B%5D=2024-25&zone%5B%5D=North HTTP/1.1" 200 2082
127.0.0.1 - - [25/Jul/2024:12:06:14 +0530] "POST /salesCore/getYearBudgets HTTP/1.1" 200 110
0:0:0:0:0:0:0:1 - - [25/Jul/2024:12:06:14 +0530] "GET /sales/yearBudgets?year%5B%5D=2024-25&zone%5B%5D=North&bde%5B%5D=Preeti HTTP/1.1" 200 12
127.0.0.1 - - [25/Jul/2024:12:06:14 +0530] "POST /salesCore/getDashboardData HTTP/1.1" 200 367
0:0:0:0:0:0:0:1 - - [25/Jul/2024:12:06:14 +0530] "GET /sales/getChartData?year%5B%5D=2024-25&zone%5B%5D=North&bde%5B%5D=Preeti HTTP/1.1" 200 392
127.0.0.1 - - [25/Jul/2024:12:06:17 +0530] "POST /salesCore/getYearBudgets HTTP/1.1" 200 2883
0:0:0:0:0:0:0:1 - - [25/Jul/2024:12:06:17 +0530] "GET /sales/yearBudgets?year%5B%5D=2024-25&zone%5B%5D=North HTTP/1.1" 200 2082
127.0.0.1 - - [25/Jul/2024:12:06:17 +0530] "POST /salesCore/getDashboardData HTTP/1.1" 200 2371
0:0:0:0:0:0:0:1 - - [25/Jul/2024:12:06:17 +0530] "GET /sales/getChartData?year%5B%5D=2024-25&zone%5B%5D=North HTTP/1.1" 200 462
127.0.0.1 - - [25/Jul/2024:12:06:18 +0530] "POST /salesCore/getDashboardData HTTP/1.1" 200 1263
0:0:0:0:0:0:0:1 - - [25/Jul/2024:12:06:18 +0530] "GET /sales/getChartData?year%5B%5D=2024-25&zone%5B%5D=North&bde%5B%5D=Madhu HTTP/1.1" 200 438
127.0.0.1 - - [25/Jul/2024:12:06:18 +0530] "POST /salesCore/getYearBudgets HTTP/1.1" 200 2883
0:0:0:0:0:0:0:1 - - [25/Jul/2024:12:06:18 +0530] "GET /sales/yearBudgets?year%5B%5D=2024-25&zone%5B%5D=North&bde%5B%5D=Madhu HTTP/1.1" 200 2079
127.0.0.1 - - [25/Jul/2024:12:06:22 +0530] "POST /salesCore/getDashboardData HTTP/1.1" 200 1263
0:0:0:0:0:0:0:1 - - [25/Jul/2024:12:06:22 +0530] "GET /sales/getChartData?year%5B%5D=2024-25&zone%5B%5D=North&bde%5B%5D=Madhu&bde%5B%5D=srinivas HTTP/1.1" 200 438
127.0.0.1 - - [25/Jul/2024:12:06:22 +0530] "POST /salesCore/getYearBudgets HTTP/1.1" 200 2883
0:0:0:0:0:0:0:1 - - [25/Jul/2024:12:06:22 +0530] "GET /sales/yearBudgets?year%5B%5D=2024-25&zone%5B%5D=North&bde%5B%5D=Madhu&bde%5B%5D=srinivas HTTP/1.1" 200 2079
127.0.0.1 - - [25/Jul/2024:12:06:29 +0530] "POST /salesCore/getYearBudgets HTTP/1.1" 200 2883
0:0:0:0:0:0:0:1 - - [25/Jul/2024:12:06:29 +0530] "GET /sales/yearBudgets?year%5B%5D=2024-25&zone%5B%5D=North&bde%5B%5D=Madhu HTTP/1.1" 200 2079
127.0.0.1 - - [25/Jul/2024:12:06:29 +0530] "POST /salesCore/getDashboardData HTTP/1.1" 200 1263
0:0:0:0:0:0:0:1 - - [25/Jul/2024:12:06:29 +0530] "GET /sales/getChartData?year%5B%5D=2024-25&zone%5B%5D=North&bde%5B%5D=Madhu HTTP/1.1" 200 438
127.0.0.1 - - [25/Jul/2024:12:06:32 +0530] "POST /salesCore/getYearBudgets HTTP/1.1" 200 2883
0:0:0:0:0:0:0:1 - - [25/Jul/2024:12:06:32 +0530] "GET /sales/yearBudgets?year%5B%5D=2024-25&zone%5B%5D=North&bde%5B%5D=Madhu&bde%5B%5D=Preeti HTTP/1.1" 200 2079
127.0.0.1 - - [25/Jul/2024:12:06:32 +0530] "POST /salesCore/getDashboardData HTTP/1.1" 200 1263
0:0:0:0:0:0:0:1 - - [25/Jul/2024:12:06:32 +0530] "GET /sales/getChartData?year%5B%5D=2024-25&zone%5B%5D=North&bde%5B%5D=Madhu&bde%5B%5D=Preeti HTTP/1.1" 200 438
127.0.0.1 - - [25/Jul/2024:12:06:35 +0530] "POST /salesCore/getYearBudgets HTTP/1.1" 200 110
0:0:0:0:0:0:0:1 - - [25/Jul/2024:12:06:35 +0530] "GET /sales/yearBudgets?year%5B%5D=2024-25&zone%5B%5D=North&bde%5B%5D=Preeti HTTP/1.1" 200 12
127.0.0.1 - - [25/Jul/2024:12:06:35 +0530] "POST /salesCore/getDashboardData HTTP/1.1" 200 367
0:0:0:0:0:0:0:1 - - [25/Jul/2024:12:06:35 +0530] "GET /sales/getChartData?year%5B%5D=2024-25&zone%5B%5D=North&bde%5B%5D=Preeti HTTP/1.1" 200 392
127.0.0.1 - - [25/Jul/2024:12:06:39 +0530] "POST /salesCore/getDashboardData HTTP/1.1" 200 367
0:0:0:0:0:0:0:1 - - [25/Jul/2024:12:06:39 +0530] "GET /sales/getChartData?year%5B%5D=2024-25&bde%5B%5D=Preeti HTTP/1.1" 200 392
127.0.0.1 - - [25/Jul/2024:12:06:39 +0530] "POST /salesCore/getAllbyzone HTTP/1.1" 200 110
127.0.0.1 - - [25/Jul/2024:12:06:39 +0530] "POST /salesCore/getYearBudgets HTTP/1.1" 200 110
0:0:0:0:0:0:0:1 - - [25/Jul/2024:12:06:39 +0530] "POST /sales/getAllbyzone HTTP/1.1" 200 12
0:0:0:0:0:0:0:1 - - [25/Jul/2024:12:06:39 +0530] "GET /sales/yearBudgets?year%5B%5D=2024-25&bde%5B%5D=Preeti HTTP/1.1" 200 12
127.0.0.1 - - [25/Jul/2024:12:06:40 +0530] "POST /salesCore/getDashboardData HTTP/1.1" 200 367
127.0.0.1 - - [25/Jul/2024:12:06:40 +0530] "POST /salesCore/getAllbyzone HTTP/1.1" 200 1411
127.0.0.1 - - [25/Jul/2024:12:06:40 +0530] "POST /salesCore/getYearBudgets HTTP/1.1" 200 110
0:0:0:0:0:0:0:1 - - [25/Jul/2024:12:06:40 +0530] "GET /sales/getChartData?year%5B%5D=2024-25&zone%5B%5D=West&bde%5B%5D=Preeti HTTP/1.1" 200 392
0:0:0:0:0:0:0:1 - - [25/Jul/2024:12:06:40 +0530] "GET /sales/yearBudgets?year%5B%5D=2024-25&zone%5B%5D=West&bde%5B%5D=Preeti HTTP/1.1" 200 12
0:0:0:0:0:0:0:1 - - [25/Jul/2024:12:06:40 +0530] "POST /sales/getAllbyzone HTTP/1.1" 200 990
127.0.0.1 - - [25/Jul/2024:12:06:42 +0530] "POST /salesCore/getDashboardData HTTP/1.1" 200 367
0:0:0:0:0:0:0:1 - - [25/Jul/2024:12:06:42 +0530] "GET /sales/getChartData?year%5B%5D=2024-25&zone%5B%5D=West&bde%5B%5D=BDE1 HTTP/1.1" 200 392
127.0.0.1 - - [25/Jul/2024:12:06:42 +0530] "POST /salesCore/getYearBudgets HTTP/1.1" 200 110
0:0:0:0:0:0:0:1 - - [25/Jul/2024:12:06:42 +0530] "GET /sales/yearBudgets?year%5B%5D=2024-25&zone%5B%5D=West&bde%5B%5D=BDE1 HTTP/1.1" 200 12
127.0.0.1 - - [25/Jul/2024:12:06:45 +0530] "POST /salesCore/getYearBudgets HTTP/1.1" 200 110
0:0:0:0:0:0:0:1 - - [25/Jul/2024:12:06:45 +0530] "GET /sales/yearBudgets?year%5B%5D=2024-25&zone%5B%5D=West&bde%5B%5D=BDE1&bde%5B%5D=BDE2 HTTP/1.1" 200 12
127.0.0.1 - - [25/Jul/2024:12:06:45 +0530] "POST /salesCore/getDashboardData HTTP/1.1" 200 367
0:0:0:0:0:0:0:1 - - [25/Jul/2024:12:06:45 +0530] "GET /sales/getChartData?year%5B%5D=2024-25&zone%5B%5D=West&bde%5B%5D=BDE1&bde%5B%5D=BDE2 HTTP/1.1" 200 392
127.0.0.1 - - [25/Jul/2024:12:11:32 +0530] "POST /salesCore/getAllBudget HTTP/1.1" 200 2883
127.0.0.1 - - [25/Jul/2024:12:11:32 +0530] "POST /salesCore/getUserCommonList HTTP/1.1" 200 1303
0:0:0:0:0:0:0:1 - - [25/Jul/2024:12:11:32 +0530] "GET /sales/dashboard HTTP/1.1" 200 37000
127.0.0.1 - - [25/Jul/2024:12:11:33 +0530] "POST /salesCore/todayRemindersCount HTTP/1.1" 200 110
0:0:0:0:0:0:0:1 - - [25/Jul/2024:12:11:33 +0530] "POST /sales/todayReminders HTTP/1.1" 200 11
127.0.0.1 - - [25/Jul/2024:12:11:33 +0530] "POST /salesCore/getDashboardData HTTP/1.1" 200 3095
0:0:0:0:0:0:0:1 - - [25/Jul/2024:12:11:33 +0530] "GET /sales/getChartData HTTP/1.1" 200 463
0:0:0:0:0:0:0:1 - - [25/Jul/2024:12:11:33 +0530] "GET /sales/yearBudgets HTTP/1.1" 500 129
127.0.0.1 - - [25/Jul/2024:12:11:36 +0530] "POST /salesCore/getYearBudgets HTTP/1.1" 200 2883
0:0:0:0:0:0:0:1 - - [25/Jul/2024:12:11:36 +0530] "GET /sales/yearBudgets?year%5B%5D=2024-25 HTTP/1.1" 200 2083
127.0.0.1 - - [25/Jul/2024:12:11:36 +0530] "POST /salesCore/getDashboardData HTTP/1.1" 200 3095
0:0:0:0:0:0:0:1 - - [25/Jul/2024:12:11:36 +0530] "GET /sales/getChartData?year%5B%5D=2024-25 HTTP/1.1" 200 463
127.0.0.1 - - [25/Jul/2024:12:11:37 +0530] "POST /salesCore/getYearBudgets HTTP/1.1" 200 1219
127.0.0.1 - - [25/Jul/2024:12:11:37 +0530] "POST /salesCore/getAllbyzone HTTP/1.1" 200 1411
127.0.0.1 - - [25/Jul/2024:12:11:37 +0530] "POST /salesCore/getDashboardData HTTP/1.1" 200 687
0:0:0:0:0:0:0:1 - - [25/Jul/2024:12:11:37 +0530] "GET /sales/yearBudgets?year%5B%5D=2024-25&zone%5B%5D=East HTTP/1.1" 200 839
0:0:0:0:0:0:0:1 - - [25/Jul/2024:12:11:38 +0530] "POST /sales/getAllbyzone HTTP/1.1" 200 988
0:0:0:0:0:0:0:1 - - [25/Jul/2024:12:11:38 +0530] "GET /sales/getChartData?year%5B%5D=2024-25&zone%5B%5D=East HTTP/1.1" 200 446
127.0.0.1 - - [25/Jul/2024:12:11:39 +0530] "POST /salesCore/getYearBudgets HTTP/1.1" 200 1219
0:0:0:0:0:0:0:1 - - [25/Jul/2024:12:11:39 +0530] "GET /sales/yearBudgets?year%5B%5D=2024-25&zone%5B%5D=East&bde%5B%5D=BDE1 HTTP/1.1" 200 839
127.0.0.1 - - [25/Jul/2024:12:11:39 +0530] "POST /salesCore/getDashboardData HTTP/1.1" 200 687
0:0:0:0:0:0:0:1 - - [25/Jul/2024:12:11:39 +0530] "GET /sales/getChartData?year%5B%5D=2024-25&zone%5B%5D=East&bde%5B%5D=BDE1 HTTP/1.1" 200 398
127.0.0.1 - - [25/Jul/2024:12:11:42 +0530] "POST /salesCore/getYearBudgets HTTP/1.1" 200 1219
0:0:0:0:0:0:0:1 - - [25/Jul/2024:12:11:42 +0530] "GET /sales/yearBudgets?year%5B%5D=2024-25&zone%5B%5D=East HTTP/1.1" 200 839
127.0.0.1 - - [25/Jul/2024:12:11:42 +0530] "POST /salesCore/getDashboardData HTTP/1.1" 200 687
0:0:0:0:0:0:0:1 - - [25/Jul/2024:12:11:42 +0530] "GET /sales/getChartData?year%5B%5D=2024-25&zone%5B%5D=East HTTP/1.1" 200 446
127.0.0.1 - - [25/Jul/2024:12:11:46 +0530] "POST /salesCore/getYearBudgets HTTP/1.1" 200 1219
127.0.0.1 - - [25/Jul/2024:12:11:46 +0530] "POST /salesCore/getAllbyzone HTTP/1.1" 200 2711
0:0:0:0:0:0:0:1 - - [25/Jul/2024:12:11:46 +0530] "GET /sales/yearBudgets?year%5B%5D=2024-25&zone%5B%5D=East&zone%5B%5D=West HTTP/1.1" 200 839
127.0.0.1 - - [25/Jul/2024:12:11:46 +0530] "POST /salesCore/getDashboardData HTTP/1.1" 200 687
0:0:0:0:0:0:0:1 - - [25/Jul/2024:12:11:46 +0530] "GET /sales/getChartData?year%5B%5D=2024-25&zone%5B%5D=East&zone%5B%5D=West HTTP/1.1" 200 446
0:0:0:0:0:0:0:1 - - [25/Jul/2024:12:11:46 +0530] "POST /sales/getAllbyzone HTTP/1.1" 200 1965
127.0.0.1 - - [25/Jul/2024:12:11:51 +0530] "POST /salesCore/getAllbyzone HTTP/1.1" 200 1411
127.0.0.1 - - [25/Jul/2024:12:11:51 +0530] "POST /salesCore/getYearBudgets HTTP/1.1" 200 1219
0:0:0:0:0:0:0:1 - - [25/Jul/2024:12:11:51 +0530] "POST /sales/getAllbyzone HTTP/1.1" 200 988
0:0:0:0:0:0:0:1 - - [25/Jul/2024:12:11:51 +0530] "GET /sales/yearBudgets?year%5B%5D=2024-25&zone%5B%5D=East HTTP/1.1" 200 839
127.0.0.1 - - [25/Jul/2024:12:11:51 +0530] "POST /salesCore/getDashboardData HTTP/1.1" 200 687
0:0:0:0:0:0:0:1 - - [25/Jul/2024:12:11:51 +0530] "GET /sales/getChartData?year%5B%5D=2024-25&zone%5B%5D=East HTTP/1.1" 200 446
127.0.0.1 - - [25/Jul/2024:12:12:29 +0530] "POST /salesCore/getYearBudgets HTTP/1.1" 200 1219
0:0:0:0:0:0:0:1 - - [25/Jul/2024:12:12:29 +0530] "GET /sales/yearBudgets?year%5B%5D=2024-25&zone%5B%5D=East&bde%5B%5D=BDE1 HTTP/1.1" 200 839
127.0.0.1 - - [25/Jul/2024:12:12:29 +0530] "POST /salesCore/getDashboardData HTTP/1.1" 200 687
0:0:0:0:0:0:0:1 - - [25/Jul/2024:12:12:29 +0530] "GET /sales/getChartData?year%5B%5D=2024-25&zone%5B%5D=East&bde%5B%5D=BDE1 HTTP/1.1" 200 398
127.0.0.1 - - [25/Jul/2024:12:21:38 +0530] "POST /salesCore/getAllbyzone HTTP/1.1" 200 2711
0:0:0:0:0:0:0:1 - - [25/Jul/2024:12:21:38 +0530] "POST /sales/getAllbyzone HTTP/1.1" 200 1965
127.0.0.1 - - [25/Jul/2024:12:21:38 +0530] "POST /salesCore/getDashboardData HTTP/1.1" 200 687
0:0:0:0:0:0:0:1 - - [25/Jul/2024:12:21:38 +0530] "GET /sales/getChartData?year%5B%5D=2024-25&zone%5B%5D=East&zone%5B%5D=West&bde%5B%5D=BDE1 HTTP/1.1" 200 398
127.0.0.1 - - [25/Jul/2024:12:21:38 +0530] "POST /salesCore/getYearBudgets HTTP/1.1" 200 1219
0:0:0:0:0:0:0:1 - - [25/Jul/2024:12:21:38 +0530] "GET /sales/yearBudgets?year%5B%5D=2024-25&zone%5B%5D=East&zone%5B%5D=West&bde%5B%5D=BDE1 HTTP/1.1" 200 839
127.0.0.1 - - [25/Jul/2024:12:21:39 +0530] "POST /salesCore/getYearBudgets HTTP/1.1" 200 1219
0:0:0:0:0:0:0:1 - - [25/Jul/2024:12:21:39 +0530] "GET /sales/yearBudgets?year%5B%5D=2024-25&zone%5B%5D=East&zone%5B%5D=West&zone%5B%5D=South&bde%5B%5D=BDE1 HTTP/1.1" 200 839
127.0.0.1 - - [25/Jul/2024:12:21:39 +0530] "POST /salesCore/getAllbyzone HTTP/1.1" 200 3375
127.0.0.1 - - [25/Jul/2024:12:21:39 +0530] "POST /salesCore/getDashboardData HTTP/1.1" 200 687
0:0:0:0:0:0:0:1 - - [25/Jul/2024:12:21:39 +0530] "POST /sales/getAllbyzone HTTP/1.1" 200 2456
0:0:0:0:0:0:0:1 - - [25/Jul/2024:12:21:39 +0530] "GET /sales/getChartData?year%5B%5D=2024-25&zone%5B%5D=East&zone%5B%5D=West&zone%5B%5D=South&bde%5B%5D=BDE1 HTTP/1.1" 200 398
127.0.0.1 - - [25/Jul/2024:12:21:44 +0530] "POST /salesCore/getYearBudgets HTTP/1.1" 200 1219
0:0:0:0:0:0:0:1 - - [25/Jul/2024:12:21:44 +0530] "GET /sales/yearBudgets?year%5B%5D=2024-25&zone%5B%5D=North&zone%5B%5D=East&zone%5B%5D=West&zone%5B%5D=South&bde%5B%5D=BDE1 HTTP/1.1" 200 839
127.0.0.1 - - [25/Jul/2024:12:21:44 +0530] "POST /salesCore/getAllbyzone HTTP/1.1" 200 4676
0:0:0:0:0:0:0:1 - - [25/Jul/2024:12:21:44 +0530] "POST /sales/getAllbyzone HTTP/1.1" 200 3438
127.0.0.1 - - [25/Jul/2024:12:21:44 +0530] "POST /salesCore/getDashboardData HTTP/1.1" 200 687
0:0:0:0:0:0:0:1 - - [25/Jul/2024:12:21:44 +0530] "GET /sales/getChartData?year%5B%5D=2024-25&zone%5B%5D=North&zone%5B%5D=East&zone%5B%5D=West&zone%5B%5D=South&bde%5B%5D=BDE1 HTTP/1.1" 200 398
127.0.0.1 - - [25/Jul/2024:12:38:04 +0530] "POST /salesCore/getDashboardData HTTP/1.1" 200 687
127.0.0.1 - - [25/Jul/2024:12:38:04 +0530] "POST /salesCore/getAllbyzone HTTP/1.1" 200 4035
0:0:0:0:0:0:0:1 - - [25/Jul/2024:12:38:04 +0530] "GET /sales/getChartData?year%5B%5D=2024-25&zone%5B%5D=North&zone%5B%5D=East&zone%5B%5D=West&bde%5B%5D=BDE1 HTTP/1.1" 200 398
0:0:0:0:0:0:0:1 - - [25/Jul/2024:12:38:04 +0530] "POST /sales/getAllbyzone HTTP/1.1" 200 2947
127.0.0.1 - - [25/Jul/2024:12:38:04 +0530] "POST /salesCore/getYearBudgets HTTP/1.1" 200 1219
0:0:0:0:0:0:0:1 - - [25/Jul/2024:12:38:04 +0530] "GET /sales/yearBudgets?year%5B%5D=2024-25&zone%5B%5D=North&zone%5B%5D=East&zone%5B%5D=West&bde%5B%5D=BDE1 HTTP/1.1" 200 839
127.0.0.1 - - [25/Jul/2024:12:38:09 +0530] "POST /salesCore/getDashboardData HTTP/1.1" 200 367
0:0:0:0:0:0:0:1 - - [25/Jul/2024:12:38:09 +0530] "GET /sales/getChartData?year%5B%5D=2024-25&zone%5B%5D=North&zone%5B%5D=East&zone%5B%5D=West&bde%5B%5D=Preeti HTTP/1.1" 200 392
127.0.0.1 - - [25/Jul/2024:12:38:09 +0530] "POST /salesCore/getYearBudgets HTTP/1.1" 200 110
0:0:0:0:0:0:0:1 - - [25/Jul/2024:12:38:09 +0530] "GET /sales/yearBudgets?year%5B%5D=2024-25&zone%5B%5D=North&zone%5B%5D=East&zone%5B%5D=West&bde%5B%5D=Preeti HTTP/1.1" 200 12
127.0.0.1 - - [25/Jul/2024:12:38:31 +0530] "POST /salesCore/getYearBudgets HTTP/1.1" 200 2883
0:0:0:0:0:0:0:1 - - [25/Jul/2024:12:38:31 +0530] "GET /sales/yearBudgets?year%5B%5D=2024-25&zone%5B%5D=North&zone%5B%5D=East&zone%5B%5D=West HTTP/1.1" 200 2082
127.0.0.1 - - [25/Jul/2024:12:38:31 +0530] "POST /salesCore/getDashboardData HTTP/1.1" 200 2691
0:0:0:0:0:0:0:1 - - [25/Jul/2024:12:38:31 +0530] "GET /sales/getChartData?year%5B%5D=2024-25&zone%5B%5D=North&zone%5B%5D=East&zone%5B%5D=West HTTP/1.1" 200 463
127.0.0.1 - - [25/Jul/2024:12:38:57 +0530] "POST /salesCore/getYearBudgets HTTP/1.1" 200 110
127.0.0.1 - - [25/Jul/2024:12:38:57 +0530] "POST /salesCore/getDashboardData HTTP/1.1" 200 367
0:0:0:0:0:0:0:1 - - [25/Jul/2024:12:38:57 +0530] "GET /sales/yearBudgets?year%5B%5D=2024-25&zone%5B%5D=North&zone%5B%5D=East&zone%5B%5D=West&bde%5B%5D=srinivas HTTP/1.1" 200 12
0:0:0:0:0:0:0:1 - - [25/Jul/2024:12:38:57 +0530] "GET /sales/getChartData?year%5B%5D=2024-25&zone%5B%5D=North&zone%5B%5D=East&zone%5B%5D=West&bde%5B%5D=srinivas HTTP/1.1" 200 428
127.0.0.1 - - [25/Jul/2024:12:39:02 +0530] "POST /salesCore/getYearBudgets HTTP/1.1" 200 2883
0:0:0:0:0:0:0:1 - - [25/Jul/2024:12:39:02 +0530] "GET /sales/yearBudgets?year%5B%5D=2024-25&zone%5B%5D=North&zone%5B%5D=East&zone%5B%5D=West HTTP/1.1" 200 2082
127.0.0.1 - - [25/Jul/2024:12:39:03 +0530] "POST /salesCore/getDashboardData HTTP/1.1" 200 2691
0:0:0:0:0:0:0:1 - - [25/Jul/2024:12:39:03 +0530] "GET /sales/getChartData?year%5B%5D=2024-25&zone%5B%5D=North&zone%5B%5D=East&zone%5B%5D=West HTTP/1.1" 200 463
127.0.0.1 - - [25/Jul/2024:12:39:03 +0530] "POST /salesCore/getYearBudgets HTTP/1.1" 200 110
127.0.0.1 - - [25/Jul/2024:12:39:03 +0530] "POST /salesCore/getDashboardData HTTP/1.1" 200 367
0:0:0:0:0:0:0:1 - - [25/Jul/2024:12:39:03 +0530] "GET /sales/getChartData?year%5B%5D=2024-25&zone%5B%5D=North&zone%5B%5D=East&zone%5B%5D=West&bde%5B%5D=Mahedra HTTP/1.1" 200 392
0:0:0:0:0:0:0:1 - - [25/Jul/2024:12:39:03 +0530] "GET /sales/yearBudgets?year%5B%5D=2024-25&zone%5B%5D=North&zone%5B%5D=East&zone%5B%5D=West&bde%5B%5D=Mahedra HTTP/1.1" 200 12
127.0.0.1 - - [25/Jul/2024:12:59:31 +0530] "POST /salesCore/getDashboardData HTTP/1.1" 200 367
127.0.0.1 - - [25/Jul/2024:12:59:31 +0530] "POST /salesCore/getYearBudgets HTTP/1.1" 200 110
0:0:0:0:0:0:0:1 - - [25/Jul/2024:12:59:31 +0530] "GET /sales/getChartData?year%5B%5D=2024-25&zone%5B%5D=North&zone%5B%5D=East&zone%5B%5D=West&bde%5B%5D=Preeti&bde%5B%5D=Mahedra HTTP/1.1" 200 392
0:0:0:0:0:0:0:1 - - [25/Jul/2024:12:59:31 +0530] "GET /sales/yearBudgets?year%5B%5D=2024-25&zone%5B%5D=North&zone%5B%5D=East&zone%5B%5D=West&bde%5B%5D=Preeti&bde%5B%5D=Mahedra HTTP/1.1" 200 12
127.0.0.1 - - [25/Jul/2024:12:59:33 +0530] "POST /salesCore/getAllBudget HTTP/1.1" 200 2883
127.0.0.1 - - [25/Jul/2024:12:59:34 +0530] "POST /salesCore/getUserCommonList HTTP/1.1" 200 1303
0:0:0:0:0:0:0:1 - - [25/Jul/2024:12:59:34 +0530] "GET /sales/dashboard HTTP/1.1" 200 37000
127.0.0.1 - - [25/Jul/2024:12:59:34 +0530] "POST /salesCore/todayRemindersCount HTTP/1.1" 200 110
0:0:0:0:0:0:0:1 - - [25/Jul/2024:12:59:34 +0530] "POST /sales/todayReminders HTTP/1.1" 200 11
127.0.0.1 - - [25/Jul/2024:12:59:34 +0530] "POST /salesCore/getDashboardData HTTP/1.1" 200 3095
0:0:0:0:0:0:0:1 - - [25/Jul/2024:12:59:34 +0530] "GET /sales/getChartData HTTP/1.1" 200 463
0:0:0:0:0:0:0:1 - - [25/Jul/2024:12:59:34 +0530] "GET /sales/yearBudgets HTTP/1.1" 500 129
127.0.0.1 - - [25/Jul/2024:12:59:36 +0530] "POST /salesCore/getDashboardData HTTP/1.1" 200 3095
127.0.0.1 - - [25/Jul/2024:12:59:36 +0530] "POST /salesCore/getYearBudgets HTTP/1.1" 200 2883
0:0:0:0:0:0:0:1 - - [25/Jul/2024:12:59:36 +0530] "GET /sales/getChartData?year%5B%5D=2024-25 HTTP/1.1" 200 463
0:0:0:0:0:0:0:1 - - [25/Jul/2024:12:59:36 +0530] "GET /sales/yearBudgets?year%5B%5D=2024-25 HTTP/1.1" 200 2083
127.0.0.1 - - [25/Jul/2024:12:59:38 +0530] "POST /salesCore/getYearBudgets HTTP/1.1" 200 1219
127.0.0.1 - - [25/Jul/2024:12:59:38 +0530] "POST /salesCore/getDashboardData HTTP/1.1" 200 687
127.0.0.1 - - [25/Jul/2024:12:59:38 +0530] "POST /salesCore/getAllbyzone HTTP/1.1" 200 1411
0:0:0:0:0:0:0:1 - - [25/Jul/2024:12:59:38 +0530] "GET /sales/yearBudgets?year%5B%5D=2024-25&zone%5B%5D=East HTTP/1.1" 200 839
0:0:0:0:0:0:0:1 - - [25/Jul/2024:12:59:38 +0530] "GET /sales/getChartData?year%5B%5D=2024-25&zone%5B%5D=East HTTP/1.1" 200 446
0:0:0:0:0:0:0:1 - - [25/Jul/2024:12:59:38 +0530] "POST /sales/getAllbyzone HTTP/1.1" 200 988
127.0.0.1 - - [25/Jul/2024:12:59:41 +0530] "POST /salesCore/getDashboardData HTTP/1.1" 200 687
0:0:0:0:0:0:0:1 - - [25/Jul/2024:12:59:41 +0530] "GET /sales/getChartData?year%5B%5D=2024-25&zone%5B%5D=East&bde%5B%5D=BDE1 HTTP/1.1" 200 398
127.0.0.1 - - [25/Jul/2024:12:59:41 +0530] "POST /salesCore/getYearBudgets HTTP/1.1" 200 1219
0:0:0:0:0:0:0:1 - - [25/Jul/2024:12:59:41 +0530] "GET /sales/yearBudgets?year%5B%5D=2024-25&zone%5B%5D=East&bde%5B%5D=BDE1 HTTP/1.1" 200 839
127.0.0.1 - - [25/Jul/2024:12:59:43 +0530] "POST /salesCore/getAllBudget HTTP/1.1" 200 2883
127.0.0.1 - - [25/Jul/2024:12:59:43 +0530] "POST /salesCore/getUserCommonList HTTP/1.1" 200 1303
0:0:0:0:0:0:0:1 - - [25/Jul/2024:12:59:44 +0530] "GET /sales/dashboard HTTP/1.1" 200 37000
0:0:0:0:0:0:0:1 - - [25/Jul/2024:12:59:44 +0530] "GET /sales/yearBudgets HTTP/1.1" 500 129
127.0.0.1 - - [25/Jul/2024:12:59:44 +0530] "POST /salesCore/getDashboardData HTTP/1.1" 200 3095
0:0:0:0:0:0:0:1 - - [25/Jul/2024:12:59:44 +0530] "GET /sales/getChartData HTTP/1.1" 200 463
127.0.0.1 - - [25/Jul/2024:12:59:44 +0530] "POST /salesCore/todayRemindersCount HTTP/1.1" 200 110
0:0:0:0:0:0:0:1 - - [25/Jul/2024:12:59:44 +0530] "POST /sales/todayReminders HTTP/1.1" 200 11
127.0.0.1 - - [25/Jul/2024:13:00:03 +0530] "POST /salesCore/getAllLeadDetails HTTP/1.1" 200 3567
0:0:0:0:0:0:0:1 - - [25/Jul/2024:13:00:03 +0530] "GET /sales/leadList HTTP/1.1" 200 24589
0:0:0:0:0:0:0:1 - - [25/Jul/2024:13:00:03 +0530] "GET /sales/css/datatables.bootstrap5.css HTTP/1.1" 304 -
127.0.0.1 - - [25/Jul/2024:13:00:03 +0530] "POST /salesCore/todayRemindersCount HTTP/1.1" 200 110
0:0:0:0:0:0:0:1 - - [25/Jul/2024:13:00:03 +0530] "POST /sales/todayReminders HTTP/1.1" 200 11
127.0.0.1 - - [25/Jul/2024:13:00:05 +0530] "POST /salesCore/getAllBudget HTTP/1.1" 200 2883
127.0.0.1 - - [25/Jul/2024:13:00:05 +0530] "POST /salesCore/getUserCommonList HTTP/1.1" 200 1303
0:0:0:0:0:0:0:1 - - [25/Jul/2024:13:00:05 +0530] "GET /sales/dashboard HTTP/1.1" 200 37000
0:0:0:0:0:0:0:1 - - [25/Jul/2024:13:00:06 +0530] "GET /sales/yearBudgets HTTP/1.1" 500 129
127.0.0.1 - - [25/Jul/2024:13:00:06 +0530] "POST /salesCore/getDashboardData HTTP/1.1" 200 3095
0:0:0:0:0:0:0:1 - - [25/Jul/2024:13:00:06 +0530] "GET /sales/getChartData HTTP/1.1" 200 463
127.0.0.1 - - [25/Jul/2024:13:00:06 +0530] "POST /salesCore/todayRemindersCount HTTP/1.1" 200 110
0:0:0:0:0:0:0:1 - - [25/Jul/2024:13:00:06 +0530] "POST /sales/todayReminders HTTP/1.1" 200 11
127.0.0.1 - - [25/Jul/2024:13:00:08 +0530] "POST /salesCore/getYearBudgets HTTP/1.1" 200 2883
0:0:0:0:0:0:0:1 - - [25/Jul/2024:13:00:08 +0530] "GET /sales/yearBudgets?year%5B%5D=2024-25 HTTP/1.1" 200 2083
127.0.0.1 - - [25/Jul/2024:13:00:08 +0530] "POST /salesCore/getDashboardData HTTP/1.1" 200 3095
0:0:0:0:0:0:0:1 - - [25/Jul/2024:13:00:08 +0530] "GET /sales/getChartData?year%5B%5D=2024-25 HTTP/1.1" 200 463
127.0.0.1 - - [25/Jul/2024:13:00:11 +0530] "POST /salesCore/getDashboardData HTTP/1.1" 200 687
0:0:0:0:0:0:0:1 - - [25/Jul/2024:13:00:11 +0530] "GET /sales/getChartData?year%5B%5D=2024-25&zone%5B%5D=East HTTP/1.1" 200 446
127.0.0.1 - - [25/Jul/2024:13:00:11 +0530] "POST /salesCore/getYearBudgets HTTP/1.1" 200 1219
0:0:0:0:0:0:0:1 - - [25/Jul/2024:13:00:11 +0530] "GET /sales/yearBudgets?year%5B%5D=2024-25&zone%5B%5D=East HTTP/1.1" 200 839
127.0.0.1 - - [25/Jul/2024:13:00:11 +0530] "POST /salesCore/getAllbyzone HTTP/1.1" 200 1411
0:0:0:0:0:0:0:1 - - [25/Jul/2024:13:00:11 +0530] "POST /sales/getAllbyzone HTTP/1.1" 200 988
127.0.0.1 - - [25/Jul/2024:13:00:14 +0530] "POST /salesCore/getYearBudgets HTTP/1.1" 200 1219
0:0:0:0:0:0:0:1 - - [25/Jul/2024:13:00:14 +0530] "GET /sales/yearBudgets?year%5B%5D=2024-25&zone%5B%5D=East&bde%5B%5D=BDE1 HTTP/1.1" 200 839
127.0.0.1 - - [25/Jul/2024:13:00:14 +0530] "POST /salesCore/getDashboardData HTTP/1.1" 200 687
0:0:0:0:0:0:0:1 - - [25/Jul/2024:13:00:14 +0530] "GET /sales/getChartData?year%5B%5D=2024-25&zone%5B%5D=East&bde%5B%5D=BDE1 HTTP/1.1" 200 398
127.0.0.1 - - [25/Jul/2024:13:00:17 +0530] "POST /salesCore/getDashboardData HTTP/1.1" 200 687
127.0.0.1 - - [25/Jul/2024:13:00:17 +0530] "POST /salesCore/getYearBudgets HTTP/1.1" 200 1219
0:0:0:0:0:0:0:1 - - [25/Jul/2024:13:00:17 +0530] "GET /sales/yearBudgets?year%5B%5D=2024-25&zone%5B%5D=East HTTP/1.1" 200 839
0:0:0:0:0:0:0:1 - - [25/Jul/2024:13:00:17 +0530] "GET /sales/getChartData?year%5B%5D=2024-25&zone%5B%5D=East HTTP/1.1" 200 446
127.0.0.1 - - [25/Jul/2024:13:01:10 +0530] "POST /salesCore/getDashboardData HTTP/1.1" 200 687
127.0.0.1 - - [25/Jul/2024:13:01:10 +0530] "POST /salesCore/getYearBudgets HTTP/1.1" 200 1219
0:0:0:0:0:0:0:1 - - [25/Jul/2024:13:01:10 +0530] "GET /sales/yearBudgets?year%5B%5D=2024-25&zone%5B%5D=East&zone%5B%5D=West HTTP/1.1" 200 839
0:0:0:0:0:0:0:1 - - [25/Jul/2024:13:01:10 +0530] "GET /sales/getChartData?year%5B%5D=2024-25&zone%5B%5D=East&zone%5B%5D=West HTTP/1.1" 200 446
127.0.0.1 - - [25/Jul/2024:13:01:10 +0530] "POST /salesCore/getAllbyzone HTTP/1.1" 200 2711
0:0:0:0:0:0:0:1 - - [25/Jul/2024:13:01:10 +0530] "POST /sales/getAllbyzone HTTP/1.1" 200 1965
127.0.0.1 - - [25/Jul/2024:13:01:14 +0530] "POST /salesCore/getDashboardData HTTP/1.1" 200 687
0:0:0:0:0:0:0:1 - - [25/Jul/2024:13:01:14 +0530] "GET /sales/getChartData?year%5B%5D=2024-25&zone%5B%5D=East&zone%5B%5D=West&bde%5B%5D=BDE1 HTTP/1.1" 200 398
127.0.0.1 - - [25/Jul/2024:13:01:14 +0530] "POST /salesCore/getYearBudgets HTTP/1.1" 200 1219
0:0:0:0:0:0:0:1 - - [25/Jul/2024:13:01:14 +0530] "GET /sales/yearBudgets?year%5B%5D=2024-25&zone%5B%5D=East&zone%5B%5D=West&bde%5B%5D=BDE1 HTTP/1.1" 200 839
127.0.0.1 - - [25/Jul/2024:13:01:19 +0530] "POST /salesCore/getYearBudgets HTTP/1.1" 200 1219
127.0.0.1 - - [25/Jul/2024:13:01:19 +0530] "POST /salesCore/getDashboardData HTTP/1.1" 200 687
0:0:0:0:0:0:0:1 - - [25/Jul/2024:13:01:19 +0530] "GET /sales/getChartData?year%5B%5D=2024-25&zone%5B%5D=East&zone%5B%5D=West&bde%5B%5D=BDE1&bde%5B%5D=BDE2 HTTP/1.1" 200 398
0:0:0:0:0:0:0:1 - - [25/Jul/2024:13:01:19 +0530] "GET /sales/yearBudgets?year%5B%5D=2024-25&zone%5B%5D=East&zone%5B%5D=West&bde%5B%5D=BDE1&bde%5B%5D=BDE2 HTTP/1.1" 200 839
127.0.0.1 - - [25/Jul/2024:13:01:23 +0530] "POST /salesCore/getAllBudget HTTP/1.1" 200 2883
127.0.0.1 - - [25/Jul/2024:13:01:23 +0530] "POST /salesCore/getUserCommonList HTTP/1.1" 200 1303
0:0:0:0:0:0:0:1 - - [25/Jul/2024:13:01:23 +0530] "GET /sales/dashboard HTTP/1.1" 200 37000
127.0.0.1 - - [25/Jul/2024:13:01:23 +0530] "POST /salesCore/todayRemindersCount HTTP/1.1" 200 110
0:0:0:0:0:0:0:1 - - [25/Jul/2024:13:01:23 +0530] "GET /sales/yearBudgets HTTP/1.1" 500 129
0:0:0:0:0:0:0:1 - - [25/Jul/2024:13:01:23 +0530] "POST /sales/todayReminders HTTP/1.1" 200 11
127.0.0.1 - - [25/Jul/2024:13:01:23 +0530] "POST /salesCore/getDashboardData HTTP/1.1" 200 3095
0:0:0:0:0:0:0:1 - - [25/Jul/2024:13:01:23 +0530] "GET /sales/getChartData HTTP/1.1" 200 463
127.0.0.1 - - [25/Jul/2024:13:01:24 +0530] "POST /salesCore/getAllBudget HTTP/1.1" 200 2883
127.0.0.1 - - [25/Jul/2024:13:01:24 +0530] "POST /salesCore/getUserCommonList HTTP/1.1" 200 1303
0:0:0:0:0:0:0:1 - - [25/Jul/2024:13:01:24 +0530] "GET /sales/dashboard HTTP/1.1" 200 37000
127.0.0.1 - - [25/Jul/2024:13:01:24 +0530] "POST /salesCore/todayRemindersCount HTTP/1.1" 200 110
0:0:0:0:0:0:0:1 - - [25/Jul/2024:13:01:24 +0530] "POST /sales/todayReminders HTTP/1.1" 200 11
0:0:0:0:0:0:0:1 - - [25/Jul/2024:13:01:25 +0530] "GET /sales/yearBudgets HTTP/1.1" 500 129
127.0.0.1 - - [25/Jul/2024:13:01:25 +0530] "POST /salesCore/getDashboardData HTTP/1.1" 200 3095
0:0:0:0:0:0:0:1 - - [25/Jul/2024:13:01:25 +0530] "GET /sales/getChartData HTTP/1.1" 200 463
127.0.0.1 - - [25/Jul/2024:13:03:09 +0530] "POST /salesCore/getAllBudget HTTP/1.1" 200 2883
127.0.0.1 - - [25/Jul/2024:13:03:09 +0530] "POST /salesCore/getUserCommonList HTTP/1.1" 200 1303
127.0.0.1 - - [25/Jul/2024:13:03:09 +0530] "POST /salesCore/getAllBudget HTTP/1.1" 200 2883
127.0.0.1 - - [25/Jul/2024:13:03:09 +0530] "POST /salesCore/getUserCommonList HTTP/1.1" 200 1303
0:0:0:0:0:0:0:1 - - [25/Jul/2024:13:03:10 +0530] "GET /sales/dashboard HTTP/1.1" 200 36992
0:0:0:0:0:0:0:1 - - [25/Jul/2024:13:03:10 +0530] "GET /sales/dashboard HTTP/1.1" 200 8206
127.0.0.1 - - [25/Jul/2024:13:03:10 +0530] "POST /salesCore/todayRemindersCount HTTP/1.1" 200 110
0:0:0:0:0:0:0:1 - - [25/Jul/2024:13:03:10 +0530] "POST /sales/todayReminders HTTP/1.1" 200 11
0:0:0:0:0:0:0:1 - - [25/Jul/2024:13:03:10 +0530] "GET /sales/yearBudgets HTTP/1.1" 500 129
127.0.0.1 - - [25/Jul/2024:13:03:10 +0530] "POST /salesCore/getDashboardData HTTP/1.1" 200 3095
0:0:0:0:0:0:0:1 - - [25/Jul/2024:13:03:10 +0530] "GET /sales/getChartData HTTP/1.1" 200 463
127.0.0.1 - - [25/Jul/2024:13:03:25 +0530] "POST /salesCore/getAllBudget HTTP/1.1" 200 2883
127.0.0.1 - - [25/Jul/2024:13:03:25 +0530] "POST /salesCore/getUserCommonList HTTP/1.1" 200 1303
0:0:0:0:0:0:0:1 - - [25/Jul/2024:13:03:26 +0530] "GET /sales/dashboard HTTP/1.1" 200 37000
127.0.0.1 - - [25/Jul/2024:13:03:26 +0530] "POST /salesCore/todayRemindersCount HTTP/1.1" 200 110
0:0:0:0:0:0:0:1 - - [25/Jul/2024:13:03:26 +0530] "POST /sales/todayReminders HTTP/1.1" 200 11
0:0:0:0:0:0:0:1 - - [25/Jul/2024:13:03:26 +0530] "GET /sales/yearBudgets HTTP/1.1" 500 129
127.0.0.1 - - [25/Jul/2024:13:03:26 +0530] "POST /salesCore/getDashboardData HTTP/1.1" 200 3095
0:0:0:0:0:0:0:1 - - [25/Jul/2024:13:03:26 +0530] "GET /sales/getChartData HTTP/1.1" 200 463
127.0.0.1 - - [25/Jul/2024:13:03:28 +0530] "POST /salesCore/getDashboardData HTTP/1.1" 200 3095
127.0.0.1 - - [25/Jul/2024:13:03:28 +0530] "POST /salesCore/getYearBudgets HTTP/1.1" 200 2883
0:0:0:0:0:0:0:1 - - [25/Jul/2024:13:03:29 +0530] "GET /sales/yearBudgets?year%5B%5D=2024-25 HTTP/1.1" 200 2083
0:0:0:0:0:0:0:1 - - [25/Jul/2024:13:03:29 +0530] "GET /sales/getChartData?year%5B%5D=2024-25 HTTP/1.1" 200 463
127.0.0.1 - - [25/Jul/2024:13:03:31 +0530] "POST /salesCore/getYearBudgets HTTP/1.1" 200 110
127.0.0.1 - - [25/Jul/2024:13:03:31 +0530] "POST /salesCore/getAllbyzone HTTP/1.1" 200 1411
0:0:0:0:0:0:0:1 - - [25/Jul/2024:13:03:31 +0530] "POST /sales/getAllbyzone HTTP/1.1" 200 990
127.0.0.1 - - [25/Jul/2024:13:03:31 +0530] "POST /salesCore/getDashboardData HTTP/1.1" 200 367
0:0:0:0:0:0:0:1 - - [25/Jul/2024:13:03:31 +0530] "GET /sales/yearBudgets?year%5B%5D=2024-25&zone%5B%5D=West HTTP/1.1" 200 12
0:0:0:0:0:0:0:1 - - [25/Jul/2024:13:03:31 +0530] "GET /sales/getChartData?year%5B%5D=2024-25&zone%5B%5D=West HTTP/1.1" 200 440
127.0.0.1 - - [25/Jul/2024:13:03:33 +0530] "POST /salesCore/getYearBudgets HTTP/1.1" 200 110
0:0:0:0:0:0:0:1 - - [25/Jul/2024:13:03:33 +0530] "GET /sales/yearBudgets?year%5B%5D=2024-25&zone%5B%5D=West&bde%5B%5D=BDE1 HTTP/1.1" 200 12
127.0.0.1 - - [25/Jul/2024:13:03:33 +0530] "POST /salesCore/getDashboardData HTTP/1.1" 200 367
0:0:0:0:0:0:0:1 - - [25/Jul/2024:13:03:33 +0530] "GET /sales/getChartData?year%5B%5D=2024-25&zone%5B%5D=West&bde%5B%5D=BDE1 HTTP/1.1" 200 392
127.0.0.1 - - [25/Jul/2024:13:03:44 +0530] "POST /salesCore/getAllBudget HTTP/1.1" 200 2883
127.0.0.1 - - [25/Jul/2024:13:03:44 +0530] "POST /salesCore/getUserCommonList HTTP/1.1" 200 1303
0:0:0:0:0:0:0:1 - - [25/Jul/2024:13:03:44 +0530] "GET /sales/dashboard HTTP/1.1" 200 37000
127.0.0.1 - - [25/Jul/2024:13:03:44 +0530] "POST /salesCore/todayRemindersCount HTTP/1.1" 200 110
0:0:0:0:0:0:0:1 - - [25/Jul/2024:13:03:44 +0530] "POST /sales/todayReminders HTTP/1.1" 200 11
0:0:0:0:0:0:0:1 - - [25/Jul/2024:13:03:44 +0530] "GET /sales/yearBudgets HTTP/1.1" 500 129
127.0.0.1 - - [25/Jul/2024:13:03:44 +0530] "POST /salesCore/getDashboardData HTTP/1.1" 200 3095
0:0:0:0:0:0:0:1 - - [25/Jul/2024:13:03:44 +0530] "GET /sales/getChartData HTTP/1.1" 200 463
127.0.0.1 - - [25/Jul/2024:13:13:36 +0530] "POST /salesCore/getAllBudget HTTP/1.1" 200 2883
127.0.0.1 - - [25/Jul/2024:13:13:36 +0530] "POST /salesCore/getUserCommonList HTTP/1.1" 200 1303
0:0:0:0:0:0:0:1 - - [25/Jul/2024:13:13:37 +0530] "GET /sales/dashboard HTTP/1.1" 200 35618
0:0:0:0:0:0:0:1 - - [25/Jul/2024:13:13:37 +0530] "GET /salesweb/yearBudgets HTTP/1.1" 404 775
127.0.0.1 - - [25/Jul/2024:13:13:37 +0530] "POST /salesCore/todayRemindersCount HTTP/1.1" 200 110
0:0:0:0:0:0:0:1 - - [25/Jul/2024:13:13:37 +0530] "POST /sales/todayReminders HTTP/1.1" 200 11
127.0.0.1 - - [25/Jul/2024:13:13:37 +0530] "POST /salesCore/getDashboardData HTTP/1.1" 200 3095
0:0:0:0:0:0:0:1 - - [25/Jul/2024:13:13:37 +0530] "GET /sales/getChartData HTTP/1.1" 200 463
127.0.0.1 - - [25/Jul/2024:13:13:37 +0530] "POST /salesCore/getAllLeadDetails HTTP/1.1" 200 3567
0:0:0:0:0:0:0:1 - - [25/Jul/2024:13:13:37 +0530] "GET /sales/leadList HTTP/1.1" 200 24589
127.0.0.1 - - [25/Jul/2024:13:13:37 +0530] "POST /salesCore/todayRemindersCount HTTP/1.1" 200 110
0:0:0:0:0:0:0:1 - - [25/Jul/2024:13:13:37 +0530] "POST /sales/todayReminders HTTP/1.1" 200 11
0:0:0:0:0:0:0:1 - - [25/Jul/2024:13:13:39 +0530] "GET /sales/logout HTTP/1.1" 302 -
0:0:0:0:0:0:0:1 - - [25/Jul/2024:13:13:39 +0530] "GET /sales/login HTTP/1.1" 200 10532
127.0.0.1 - - [25/Jul/2024:13:13:48 +0530] "POST /salesCore/login HTTP/1.1" 200 656
0:0:0:0:0:0:0:1 - - [25/Jul/2024:13:13:48 +0530] "POST /sales/login HTTP/1.1" 302 -
127.0.0.1 - - [25/Jul/2024:13:13:48 +0530] "POST /salesCore/getAllBudget HTTP/1.1" 200 2883
127.0.0.1 - - [25/Jul/2024:13:13:48 +0530] "POST /salesCore/getUserCommonList HTTP/1.1" 200 1303
0:0:0:0:0:0:0:1 - - [25/Jul/2024:13:13:48 +0530] "GET /sales/dashboard HTTP/1.1" 200 35618
0:0:0:0:0:0:0:1 - - [25/Jul/2024:13:13:48 +0530] "GET /salesweb/yearBudgets HTTP/1.1" 404 775
127.0.0.1 - - [25/Jul/2024:13:13:48 +0530] "POST /salesCore/getDashboardData HTTP/1.1" 200 3095
0:0:0:0:0:0:0:1 - - [25/Jul/2024:13:13:48 +0530] "GET /sales/getChartData HTTP/1.1" 200 463
127.0.0.1 - - [25/Jul/2024:13:13:48 +0530] "POST /salesCore/todayRemindersCount HTTP/1.1" 200 110
0:0:0:0:0:0:0:1 - - [25/Jul/2024:13:13:48 +0530] "POST /sales/todayReminders HTTP/1.1" 200 11
0:0:0:0:0:0:0:1 - - [25/Jul/2024:13:13:53 +0530] "GET /salesweb/yearBudgets?year%5B%5D=2024-25 HTTP/1.1" 404 775
127.0.0.1 - - [25/Jul/2024:13:13:53 +0530] "POST /salesCore/getDashboardData HTTP/1.1" 200 3095
0:0:0:0:0:0:0:1 - - [25/Jul/2024:13:13:53 +0530] "GET /sales/getChartData?year%5B%5D=2024-25 HTTP/1.1" 200 463
0:0:0:0:0:0:0:1 - - [25/Jul/2024:13:13:58 +0530] "GET /salesweb/yearBudgets?year%5B%5D=2024-25&zone%5B%5D=West HTTP/1.1" 404 775
127.0.0.1 - - [25/Jul/2024:13:13:58 +0530] "POST /salesCore/getDashboardData HTTP/1.1" 200 367
0:0:0:0:0:0:0:1 - - [25/Jul/2024:13:13:58 +0530] "GET /sales/getChartData?year%5B%5D=2024-25&zone%5B%5D=West HTTP/1.1" 200 440
0:0:0:0:0:0:0:1 - - [25/Jul/2024:13:14:01 +0530] "GET /salesweb/yearBudgets?year%5B%5D=2024-25 HTTP/1.1" 404 775
127.0.0.1 - - [25/Jul/2024:13:14:01 +0530] "POST /salesCore/getDashboardData HTTP/1.1" 200 3095
0:0:0:0:0:0:0:1 - - [25/Jul/2024:13:14:01 +0530] "GET /sales/getChartData?year%5B%5D=2024-25 HTTP/1.1" 200 463
0:0:0:0:0:0:0:1 - - [25/Jul/2024:13:14:02 +0530] "GET /salesweb/yearBudgets?year%5B%5D=2024-25&zone%5B%5D=North HTTP/1.1" 404 775
127.0.0.1 - - [25/Jul/2024:13:14:02 +0530] "POST /salesCore/getDashboardData HTTP/1.1" 200 2371
0:0:0:0:0:0:0:1 - - [25/Jul/2024:13:14:02 +0530] "GET /sales/getChartData?year%5B%5D=2024-25&zone%5B%5D=North HTTP/1.1" 200 462
0:0:0:0:0:0:0:1 - - [25/Jul/2024:13:14:03 +0530] "GET /salesweb/yearBudgets?year%5B%5D=2024-25 HTTP/1.1" 404 775
127.0.0.1 - - [25/Jul/2024:13:14:03 +0530] "POST /salesCore/getDashboardData HTTP/1.1" 200 3095
0:0:0:0:0:0:0:1 - - [25/Jul/2024:13:14:03 +0530] "GET /sales/getChartData?year%5B%5D=2024-25 HTTP/1.1" 200 463
0:0:0:0:0:0:0:1 - - [25/Jul/2024:13:14:04 +0530] "GET /salesweb/yearBudgets?year%5B%5D=2024-25&zone%5B%5D=South HTTP/1.1" 404 775
127.0.0.1 - - [25/Jul/2024:13:14:04 +0530] "POST /salesCore/getDashboardData HTTP/1.1" 200 367
0:0:0:0:0:0:0:1 - - [25/Jul/2024:13:14:04 +0530] "GET /sales/getChartData?year%5B%5D=2024-25&zone%5B%5D=South HTTP/1.1" 200 440
0:0:0:0:0:0:0:1 - - [25/Jul/2024:13:14:05 +0530] "GET /salesweb/yearBudgets?year%5B%5D=2024-25 HTTP/1.1" 404 775
127.0.0.1 - - [25/Jul/2024:13:14:05 +0530] "POST /salesCore/getDashboardData HTTP/1.1" 200 3095
0:0:0:0:0:0:0:1 - - [25/Jul/2024:13:14:05 +0530] "GET /sales/getChartData?year%5B%5D=2024-25 HTTP/1.1" 200 463
0:0:0:0:0:0:0:1 - - [25/Jul/2024:13:14:09 +0530] "GET /salesweb/yearBudgets?year%5B%5D=2024-25&zone%5B%5D=West HTTP/1.1" 404 775
127.0.0.1 - - [25/Jul/2024:13:14:09 +0530] "POST /salesCore/getDashboardData HTTP/1.1" 200 367
0:0:0:0:0:0:0:1 - - [25/Jul/2024:13:14:09 +0530] "GET /sales/getChartData?year%5B%5D=2024-25&zone%5B%5D=West HTTP/1.1" 200 440
0:0:0:0:0:0:0:1 - - [25/Jul/2024:13:14:13 +0530] "GET /salesweb/yearBudgets?year%5B%5D=2024-25 HTTP/1.1" 404 775
127.0.0.1 - - [25/Jul/2024:13:14:13 +0530] "POST /salesCore/getDashboardData HTTP/1.1" 200 3095
0:0:0:0:0:0:0:1 - - [25/Jul/2024:13:14:13 +0530] "GET /sales/getChartData?year%5B%5D=2024-25 HTTP/1.1" 200 463
127.0.0.1 - - [25/Jul/2024:13:15:06 +0530] "POST /salesCore/getAllBudget HTTP/1.1" 200 2883
127.0.0.1 - - [25/Jul/2024:13:15:06 +0530] "POST /salesCore/getUserCommonList HTTP/1.1" 200 1303
0:0:0:0:0:0:0:1 - - [25/Jul/2024:13:15:06 +0530] "GET /sales/dashboard HTTP/1.1" 200 35615
127.0.0.1 - - [25/Jul/2024:13:15:06 +0530] "POST /salesCore/todayRemindersCount HTTP/1.1" 200 110
0:0:0:0:0:0:0:1 - - [25/Jul/2024:13:15:06 +0530] "POST /sales/todayReminders HTTP/1.1" 200 11
0:0:0:0:0:0:0:1 - - [25/Jul/2024:13:15:06 +0530] "GET /sales/yearBudgets HTTP/1.1" 500 129
127.0.0.1 - - [25/Jul/2024:13:15:06 +0530] "POST /salesCore/getDashboardData HTTP/1.1" 200 3095
0:0:0:0:0:0:0:1 - - [25/Jul/2024:13:15:06 +0530] "GET /sales/getChartData HTTP/1.1" 200 463
127.0.0.1 - - [25/Jul/2024:13:15:08 +0530] "POST /salesCore/getYearBudgets HTTP/1.1" 200 2883
0:0:0:0:0:0:0:1 - - [25/Jul/2024:13:15:08 +0530] "GET /sales/yearBudgets?year%5B%5D=2024-25 HTTP/1.1" 200 2083
127.0.0.1 - - [25/Jul/2024:13:15:08 +0530] "POST /salesCore/getDashboardData HTTP/1.1" 200 3095
0:0:0:0:0:0:0:1 - - [25/Jul/2024:13:15:08 +0530] "GET /sales/getChartData?year%5B%5D=2024-25 HTTP/1.1" 200 463
127.0.0.1 - - [25/Jul/2024:13:15:10 +0530] "POST /salesCore/getDashboardData HTTP/1.1" 200 2371
127.0.0.1 - - [25/Jul/2024:13:15:10 +0530] "POST /salesCore/getYearBudgets HTTP/1.1" 200 2883
0:0:0:0:0:0:0:1 - - [25/Jul/2024:13:15:10 +0530] "GET /sales/getChartData?year%5B%5D=2024-25&zone%5B%5D=North HTTP/1.1" 200 462
0:0:0:0:0:0:0:1 - - [25/Jul/2024:13:15:10 +0530] "GET /sales/yearBudgets?year%5B%5D=2024-25&zone%5B%5D=North HTTP/1.1" 200 2082
127.0.0.1 - - [25/Jul/2024:13:15:12 +0530] "POST /salesCore/getYearBudgets HTTP/1.1" 200 2883
127.0.0.1 - - [25/Jul/2024:13:15:12 +0530] "POST /salesCore/getDashboardData HTTP/1.1" 200 3095
0:0:0:0:0:0:0:1 - - [25/Jul/2024:13:15:12 +0530] "GET /sales/yearBudgets?year%5B%5D=2024-25 HTTP/1.1" 200 2083
0:0:0:0:0:0:0:1 - - [25/Jul/2024:13:15:12 +0530] "GET /sales/getChartData?year%5B%5D=2024-25 HTTP/1.1" 200 463
127.0.0.1 - - [25/Jul/2024:13:15:13 +0530] "POST /salesCore/getDashboardData HTTP/1.1" 200 367
127.0.0.1 - - [25/Jul/2024:13:15:13 +0530] "POST /salesCore/getYearBudgets HTTP/1.1" 200 110
0:0:0:0:0:0:0:1 - - [25/Jul/2024:13:15:13 +0530] "GET /sales/yearBudgets?year%5B%5D=2024-25&zone%5B%5D=South HTTP/1.1" 200 12
0:0:0:0:0:0:0:1 - - [25/Jul/2024:13:15:13 +0530] "GET /sales/getChartData?year%5B%5D=2024-25&zone%5B%5D=South HTTP/1.1" 200 440
127.0.0.1 - - [25/Jul/2024:13:15:19 +0530] "POST /salesCore/getYearBudgets HTTP/1.1" 200 2883
127.0.0.1 - - [25/Jul/2024:13:15:19 +0530] "POST /salesCore/getDashboardData HTTP/1.1" 200 3095
0:0:0:0:0:0:0:1 - - [25/Jul/2024:13:15:19 +0530] "GET /sales/getChartData?year%5B%5D=2024-25 HTTP/1.1" 200 463
0:0:0:0:0:0:0:1 - - [25/Jul/2024:13:15:19 +0530] "GET /sales/yearBudgets?year%5B%5D=2024-25 HTTP/1.1" 200 2083
127.0.0.1 - - [25/Jul/2024:13:15:20 +0530] "POST /salesCore/getYearBudgets HTTP/1.1" 200 2883
127.0.0.1 - - [25/Jul/2024:13:15:20 +0530] "POST /salesCore/getDashboardData HTTP/1.1" 200 2371
0:0:0:0:0:0:0:1 - - [25/Jul/2024:13:15:20 +0530] "GET /sales/yearBudgets?year%5B%5D=2024-25&zone%5B%5D=North HTTP/1.1" 200 2082
0:0:0:0:0:0:0:1 - - [25/Jul/2024:13:15:20 +0530] "GET /sales/getChartData?year%5B%5D=2024-25&zone%5B%5D=North HTTP/1.1" 200 462
127.0.0.1 - - [25/Jul/2024:13:15:28 +0530] "POST /salesCore/getYearBudgets HTTP/1.1" 200 2883
127.0.0.1 - - [25/Jul/2024:13:15:28 +0530] "POST /salesCore/getDashboardData HTTP/1.1" 200 2371
0:0:0:0:0:0:0:1 - - [25/Jul/2024:13:15:28 +0530] "GET /sales/yearBudgets?year%5B%5D=2024-25&zone%5B%5D=West&zone%5B%5D=North HTTP/1.1" 200 2082
0:0:0:0:0:0:0:1 - - [25/Jul/2024:13:15:28 +0530] "GET /sales/getChartData?year%5B%5D=2024-25&zone%5B%5D=West&zone%5B%5D=North HTTP/1.1" 200 462
127.0.0.1 - - [25/Jul/2024:13:15:31 +0530] "POST /salesCore/getDashboardData HTTP/1.1" 200 2691
127.0.0.1 - - [25/Jul/2024:13:15:31 +0530] "POST /salesCore/getYearBudgets HTTP/1.1" 200 2883
0:0:0:0:0:0:0:1 - - [25/Jul/2024:13:15:31 +0530] "GET /sales/yearBudgets?year%5B%5D=2024-25&zone%5B%5D=East&zone%5B%5D=West&zone%5B%5D=North HTTP/1.1" 200 2082
0:0:0:0:0:0:0:1 - - [25/Jul/2024:13:15:31 +0530] "GET /sales/getChartData?year%5B%5D=2024-25&zone%5B%5D=East&zone%5B%5D=West&zone%5B%5D=North HTTP/1.1" 200 463
127.0.0.1 - - [25/Jul/2024:13:15:35 +0530] "POST /salesCore/getYearBudgets HTTP/1.1" 200 2883
127.0.0.1 - - [25/Jul/2024:13:15:35 +0530] "POST /salesCore/getDashboardData HTTP/1.1" 200 2691
0:0:0:0:0:0:0:1 - - [25/Jul/2024:13:15:35 +0530] "GET /sales/yearBudgets?year%5B%5D=2024-25&zone%5B%5D=East&zone%5B%5D=West&zone%5B%5D=North&zone%5B%5D=South HTTP/1.1" 200 2082
0:0:0:0:0:0:0:1 - - [25/Jul/2024:13:15:35 +0530] "GET /sales/getChartData?year%5B%5D=2024-25&zone%5B%5D=East&zone%5B%5D=West&zone%5B%5D=North&zone%5B%5D=South HTTP/1.1" 200 463
127.0.0.1 - - [25/Jul/2024:13:15:39 +0530] "POST /salesCore/getYearBudgets HTTP/1.1" 200 2883
127.0.0.1 - - [25/Jul/2024:13:15:39 +0530] "POST /salesCore/getDashboardData HTTP/1.1" 200 2691
0:0:0:0:0:0:0:1 - - [25/Jul/2024:13:15:39 +0530] "GET /sales/yearBudgets?year%5B%5D=2024-25&zone%5B%5D=East&zone%5B%5D=West&zone%5B%5D=North HTTP/1.1" 200 2082
0:0:0:0:0:0:0:1 - - [25/Jul/2024:13:15:39 +0530] "GET /sales/getChartData?year%5B%5D=2024-25&zone%5B%5D=East&zone%5B%5D=West&zone%5B%5D=North HTTP/1.1" 200 463
127.0.0.1 - - [25/Jul/2024:13:15:40 +0530] "POST /salesCore/getYearBudgets HTTP/1.1" 200 2883
127.0.0.1 - - [25/Jul/2024:13:15:40 +0530] "POST /salesCore/getDashboardData HTTP/1.1" 200 2691
0:0:0:0:0:0:0:1 - - [25/Jul/2024:13:15:40 +0530] "GET /sales/getChartData?year%5B%5D=2024-25&zone%5B%5D=East&zone%5B%5D=North HTTP/1.1" 200 463
0:0:0:0:0:0:0:1 - - [25/Jul/2024:13:15:40 +0530] "GET /sales/yearBudgets?year%5B%5D=2024-25&zone%5B%5D=East&zone%5B%5D=North HTTP/1.1" 200 2082
127.0.0.1 - - [25/Jul/2024:13:15:41 +0530] "POST /salesCore/getYearBudgets HTTP/1.1" 200 2883
127.0.0.1 - - [25/Jul/2024:13:15:41 +0530] "POST /salesCore/getDashboardData HTTP/1.1" 200 2371
0:0:0:0:0:0:0:1 - - [25/Jul/2024:13:15:41 +0530] "GET /sales/yearBudgets?year%5B%5D=2024-25&zone%5B%5D=North HTTP/1.1" 200 2082
0:0:0:0:0:0:0:1 - - [25/Jul/2024:13:15:41 +0530] "GET /sales/getChartData?year%5B%5D=2024-25&zone%5B%5D=North HTTP/1.1" 200 462
127.0.0.1 - - [25/Jul/2024:13:15:44 +0530] "POST /salesCore/getYearBudgets HTTP/1.1" 200 2883
127.0.0.1 - - [25/Jul/2024:13:15:44 +0530] "POST /salesCore/getDashboardData HTTP/1.1" 200 1455
0:0:0:0:0:0:0:1 - - [25/Jul/2024:13:15:44 +0530] "GET /sales/getChartData?year%5B%5D=2024-25&zone%5B%5D=North&bde%5B%5D=Aravind HTTP/1.1" 200 440
0:0:0:0:0:0:0:1 - - [25/Jul/2024:13:15:44 +0530] "GET /sales/yearBudgets?year%5B%5D=2024-25&zone%5B%5D=North&bde%5B%5D=Aravind HTTP/1.1" 200 2079
127.0.0.1 - - [25/Jul/2024:13:15:48 +0530] "POST /salesCore/getDashboardData HTTP/1.1" 200 2371
127.0.0.1 - - [25/Jul/2024:13:15:48 +0530] "POST /salesCore/getYearBudgets HTTP/1.1" 200 2883
0:0:0:0:0:0:0:1 - - [25/Jul/2024:13:15:48 +0530] "GET /sales/getChartData?year%5B%5D=2024-25&zone%5B%5D=North&bde%5B%5D=Aravind&bde%5B%5D=madhu HTTP/1.1" 200 450
0:0:0:0:0:0:0:1 - - [25/Jul/2024:13:15:48 +0530] "GET /sales/yearBudgets?year%5B%5D=2024-25&zone%5B%5D=North&bde%5B%5D=Aravind&bde%5B%5D=madhu HTTP/1.1" 200 2082
127.0.0.1 - - [25/Jul/2024:13:16:46 +0530] "POST /salesCore/getAllBudget HTTP/1.1" 200 2883
127.0.0.1 - - [25/Jul/2024:13:16:46 +0530] "POST /salesCore/getUserCommonList HTTP/1.1" 200 1303
0:0:0:0:0:0:0:1 - - [25/Jul/2024:13:16:46 +0530] "GET /sales/dashboard HTTP/1.1" 200 35615
127.0.0.1 - - [25/Jul/2024:13:16:46 +0530] "POST /salesCore/todayRemindersCount HTTP/1.1" 200 110
0:0:0:0:0:0:0:1 - - [25/Jul/2024:13:16:46 +0530] "POST /sales/todayReminders HTTP/1.1" 200 11
127.0.0.1 - - [25/Jul/2024:13:16:46 +0530] "POST /salesCore/getDashboardData HTTP/1.1" 200 3095
0:0:0:0:0:0:0:1 - - [25/Jul/2024:13:16:46 +0530] "GET /sales/getChartData HTTP/1.1" 200 463
0:0:0:0:0:0:0:1 - - [25/Jul/2024:13:16:46 +0530] "GET /sales/yearBudgets HTTP/1.1" 500 129
127.0.0.1 - - [25/Jul/2024:13:17:16 +0530] "POST /salesCore/getAllBudget HTTP/1.1" 200 2883
127.0.0.1 - - [25/Jul/2024:13:17:16 +0530] "POST /salesCore/getUserCommonList HTTP/1.1" 200 1303
0:0:0:0:0:0:0:1 - - [25/Jul/2024:13:17:16 +0530] "GET /sales/dashboard HTTP/1.1" 200 37006
127.0.0.1 - - [25/Jul/2024:13:17:16 +0530] "POST /salesCore/todayRemindersCount HTTP/1.1" 200 110
0:0:0:0:0:0:0:1 - - [25/Jul/2024:13:17:16 +0530] "POST /sales/todayReminders HTTP/1.1" 200 11
0:0:0:0:0:0:0:1 - - [25/Jul/2024:13:17:16 +0530] "GET /sales/yearBudgets HTTP/1.1" 500 129
127.0.0.1 - - [25/Jul/2024:13:17:16 +0530] "POST /salesCore/getDashboardData HTTP/1.1" 200 3095
0:0:0:0:0:0:0:1 - - [25/Jul/2024:13:17:16 +0530] "GET /sales/getChartData HTTP/1.1" 200 463
127.0.0.1 - - [25/Jul/2024:13:17:18 +0530] "POST /salesCore/getDashboardData HTTP/1.1" 200 3095
127.0.0.1 - - [25/Jul/2024:13:17:18 +0530] "POST /salesCore/getYearBudgets HTTP/1.1" 200 2883
0:0:0:0:0:0:0:1 - - [25/Jul/2024:13:17:18 +0530] "GET /sales/getChartData?year%5B%5D=2024-25 HTTP/1.1" 200 463
0:0:0:0:0:0:0:1 - - [25/Jul/2024:13:17:18 +0530] "GET /sales/yearBudgets?year%5B%5D=2024-25 HTTP/1.1" 200 2083
127.0.0.1 - - [25/Jul/2024:13:17:20 +0530] "POST /salesCore/getAllbyzone HTTP/1.1" 200 1411
127.0.0.1 - - [25/Jul/2024:13:17:20 +0530] "POST /salesCore/getDashboardData HTTP/1.1" 200 687
0:0:0:0:0:0:0:1 - - [25/Jul/2024:13:17:20 +0530] "GET /sales/getChartData?year%5B%5D=2024-25&zone%5B%5D=East HTTP/1.1" 200 446
0:0:0:0:0:0:0:1 - - [25/Jul/2024:13:17:20 +0530] "POST /sales/getAllbyzone HTTP/1.1" 200 988
127.0.0.1 - - [25/Jul/2024:13:17:20 +0530] "POST /salesCore/getYearBudgets HTTP/1.1" 200 1219
0:0:0:0:0:0:0:1 - - [25/Jul/2024:13:17:20 +0530] "GET /sales/yearBudgets?year%5B%5D=2024-25&zone%5B%5D=East HTTP/1.1" 200 839
127.0.0.1 - - [25/Jul/2024:13:17:23 +0530] "POST /salesCore/getYearBudgets HTTP/1.1" 200 110
127.0.0.1 - - [25/Jul/2024:13:17:23 +0530] "POST /salesCore/getDashboardData HTTP/1.1" 200 367
0:0:0:0:0:0:0:1 - - [25/Jul/2024:13:17:23 +0530] "GET /sales/yearBudgets?year%5B%5D=2024-25&zone%5B%5D=East&bde%5B%5D=BDE2 HTTP/1.1" 200 12
0:0:0:0:0:0:0:1 - - [25/Jul/2024:13:17:23 +0530] "GET /sales/getChartData?year%5B%5D=2024-25&zone%5B%5D=East&bde%5B%5D=BDE2 HTTP/1.1" 200 392
127.0.0.1 - - [25/Jul/2024:13:17:27 +0530] "POST /salesCore/getDashboardData HTTP/1.1" 200 367
127.0.0.1 - - [25/Jul/2024:13:17:27 +0530] "POST /salesCore/getYearBudgets HTTP/1.1" 200 110
127.0.0.1 - - [25/Jul/2024:13:17:27 +0530] "POST /salesCore/getAllbyzone HTTP/1.1" 200 2711
0:0:0:0:0:0:0:1 - - [25/Jul/2024:13:17:27 +0530] "GET /sales/getChartData?year%5B%5D=2024-25&zone%5B%5D=North&zone%5B%5D=East&bde%5B%5D=BDE2 HTTP/1.1" 200 392
0:0:0:0:0:0:0:1 - - [25/Jul/2024:13:17:27 +0530] "POST /sales/getAllbyzone HTTP/1.1" 200 1970
0:0:0:0:0:0:0:1 - - [25/Jul/2024:13:17:27 +0530] "GET /sales/yearBudgets?year%5B%5D=2024-25&zone%5B%5D=North&zone%5B%5D=East&bde%5B%5D=BDE2 HTTP/1.1" 200 12
127.0.0.1 - - [25/Jul/2024:13:17:30 +0530] "POST /salesCore/getDashboardData HTTP/1.1" 200 1263
127.0.0.1 - - [25/Jul/2024:13:17:30 +0530] "POST /salesCore/getYearBudgets HTTP/1.1" 200 2883
0:0:0:0:0:0:0:1 - - [25/Jul/2024:13:17:30 +0530] "GET /sales/getChartData?year%5B%5D=2024-25&zone%5B%5D=North&zone%5B%5D=East&bde%5B%5D=Madhu HTTP/1.1" 200 438
0:0:0:0:0:0:0:1 - - [25/Jul/2024:13:17:30 +0530] "GET /sales/yearBudgets?year%5B%5D=2024-25&zone%5B%5D=North&zone%5B%5D=East&bde%5B%5D=Madhu HTTP/1.1" 200 2079
127.0.0.1 - - [25/Jul/2024:13:17:32 +0530] "POST /salesCore/getYearBudgets HTTP/1.1" 200 2883
127.0.0.1 - - [25/Jul/2024:13:17:32 +0530] "POST /salesCore/getDashboardData HTTP/1.1" 200 2691
0:0:0:0:0:0:0:1 - - [25/Jul/2024:13:17:32 +0530] "GET /sales/getChartData?year%5B%5D=2024-25&zone%5B%5D=North&zone%5B%5D=East HTTP/1.1" 200 463
0:0:0:0:0:0:0:1 - - [25/Jul/2024:13:17:32 +0530] "GET /sales/yearBudgets?year%5B%5D=2024-25&zone%5B%5D=North&zone%5B%5D=East HTTP/1.1" 200 2082
127.0.0.1 - - [25/Jul/2024:13:17:39 +0530] "POST /salesCore/getAllbyzone HTTP/1.1" 200 1431
0:0:0:0:0:0:0:1 - - [25/Jul/2024:13:17:39 +0530] "POST /sales/getAllbyzone HTTP/1.1" 200 995
127.0.0.1 - - [25/Jul/2024:13:17:39 +0530] "POST /salesCore/getYearBudgets HTTP/1.1" 200 2883
127.0.0.1 - - [25/Jul/2024:13:17:39 +0530] "POST /salesCore/getDashboardData HTTP/1.1" 200 2371
0:0:0:0:0:0:0:1 - - [25/Jul/2024:13:17:39 +0530] "GET /sales/getChartData?year%5B%5D=2024-25&zone%5B%5D=North HTTP/1.1" 200 462
0:0:0:0:0:0:0:1 - - [25/Jul/2024:13:17:39 +0530] "GET /sales/yearBudgets?year%5B%5D=2024-25&zone%5B%5D=North HTTP/1.1" 200 2082
127.0.0.1 - - [25/Jul/2024:13:18:05 +0530] "POST /salesCore/getAllLeadDetails HTTP/1.1" 200 3567
0:0:0:0:0:0:0:1 - - [25/Jul/2024:13:18:05 +0530] "GET /sales/leadList HTTP/1.1" 200 24587
127.0.0.1 - - [25/Jul/2024:13:18:05 +0530] "POST /salesCore/todayRemindersCount HTTP/1.1" 200 110
0:0:0:0:0:0:0:1 - - [25/Jul/2024:13:18:05 +0530] "POST /sales/todayReminders HTTP/1.1" 200 11
127.0.0.1 - - [25/Jul/2024:13:18:05 +0530] "POST /salesCore/getUserReminderDetails HTTP/1.1" 200 1583
0:0:0:0:0:0:0:1 - - [25/Jul/2024:13:18:05 +0530] "POST /sales/getDueReminders HTTP/1.1" 200 1116
