127.0.0.1 - - [24/Jul/2024:17:42:43 +0530] "POST /salesCore/getAllbyzone HTTP/1.1" 200 1411
127.0.0.1 - - [24/Jul/2024:17:42:43 +0530] "POST /salesCore/getYearBudgets HTTP/1.1" 200 110
127.0.0.1 - - [24/Jul/2024:17:42:43 +0530] "POST /salesCore/getDashboardData HTTP/1.1" 200 367
0:0:0:0:0:0:0:1 - - [24/Jul/2024:17:42:43 +0530] "POST /sales/getAllbyzone HTTP/1.1" 200 988
0:0:0:0:0:0:0:1 - - [24/Jul/2024:17:42:43 +0530] "GET /sales/yearBudgets?year%5B%5D=2024-25&zone%5B%5D=East HTTP/1.1" 200 12
0:0:0:0:0:0:0:1 - - [24/Jul/2024:17:42:43 +0530] "GET /sales/getChartData?year%5B%5D=2024-25&zone%5B%5D=East HTTP/1.1" 200 440
127.0.0.1 - - [24/Jul/2024:17:42:48 +0530] "POST /salesCore/getYearBudgets HTTP/1.1" 200 2883
127.0.0.1 - - [24/Jul/2024:17:42:48 +0530] "POST /salesCore/getDashboardData HTTP/1.1" 200 2755
0:0:0:0:0:0:0:1 - - [24/Jul/2024:17:42:48 +0530] "GET /sales/yearBudgets?year%5B%5D=2024-25 HTTP/1.1" 200 2083
0:0:0:0:0:0:0:1 - - [24/Jul/2024:17:42:48 +0530] "GET /sales/getChartData?year%5B%5D=2024-25 HTTP/1.1" 200 462
127.0.0.1 - - [24/Jul/2024:17:42:48 +0530] "POST /salesCore/getAllbyzone HTTP/1.1" 200 110
0:0:0:0:0:0:0:1 - - [24/Jul/2024:17:42:48 +0530] "POST /sales/getAllbyzone HTTP/1.1" 200 12
127.0.0.1 - - [24/Jul/2024:17:42:49 +0530] "POST /salesCore/getYearBudgets HTTP/1.1" 200 110
127.0.0.1 - - [24/Jul/2024:17:42:49 +0530] "POST /salesCore/getAllbyzone HTTP/1.1" 200 1411
127.0.0.1 - - [24/Jul/2024:17:42:49 +0530] "POST /salesCore/getDashboardData HTTP/1.1" 200 367
0:0:0:0:0:0:0:1 - - [24/Jul/2024:17:42:49 +0530] "POST /sales/getAllbyzone HTTP/1.1" 200 988
0:0:0:0:0:0:0:1 - - [24/Jul/2024:17:42:49 +0530] "GET /sales/yearBudgets?year%5B%5D=2024-25&zone%5B%5D=East HTTP/1.1" 200 12
0:0:0:0:0:0:0:1 - - [24/Jul/2024:17:42:49 +0530] "GET /sales/getChartData?year%5B%5D=2024-25&zone%5B%5D=East HTTP/1.1" 200 440
127.0.0.1 - - [24/Jul/2024:17:42:51 +0530] "POST /salesCore/getYearBudgets HTTP/1.1" 200 2883
127.0.0.1 - - [24/Jul/2024:17:42:51 +0530] "POST /salesCore/getAllbyzone HTTP/1.1" 200 110
127.0.0.1 - - [24/Jul/2024:17:42:51 +0530] "POST /salesCore/getDashboardData HTTP/1.1" 200 2755
0:0:0:0:0:0:0:1 - - [24/Jul/2024:17:42:51 +0530] "POST /sales/getAllbyzone HTTP/1.1" 200 12
0:0:0:0:0:0:0:1 - - [24/Jul/2024:17:42:51 +0530] "GET /sales/getChartData?year%5B%5D=2024-25 HTTP/1.1" 200 462
0:0:0:0:0:0:0:1 - - [24/Jul/2024:17:42:51 +0530] "GET /sales/yearBudgets?year%5B%5D=2024-25 HTTP/1.1" 200 2083
127.0.0.1 - - [24/Jul/2024:17:42:52 +0530] "POST /salesCore/getYearBudgets HTTP/1.1" 200 110
127.0.0.1 - - [24/Jul/2024:17:42:52 +0530] "POST /salesCore/getAllbyzone HTTP/1.1" 200 1411
127.0.0.1 - - [24/Jul/2024:17:42:52 +0530] "POST /salesCore/getDashboardData HTTP/1.1" 200 367
0:0:0:0:0:0:0:1 - - [24/Jul/2024:17:42:52 +0530] "GET /sales/yearBudgets?year%5B%5D=2024-25&zone%5B%5D=West HTTP/1.1" 200 12
0:0:0:0:0:0:0:1 - - [24/Jul/2024:17:42:52 +0530] "GET /sales/getChartData?year%5B%5D=2024-25&zone%5B%5D=West HTTP/1.1" 200 440
0:0:0:0:0:0:0:1 - - [24/Jul/2024:17:42:52 +0530] "POST /sales/getAllbyzone HTTP/1.1" 200 990
127.0.0.1 - - [24/Jul/2024:17:42:56 +0530] "POST /salesCore/getAllbyzone HTTP/1.1" 200 110
0:0:0:0:0:0:0:1 - - [24/Jul/2024:17:42:56 +0530] "POST /sales/getAllbyzone HTTP/1.1" 200 12
127.0.0.1 - - [24/Jul/2024:17:42:56 +0530] "POST /salesCore/getDashboardData HTTP/1.1" 200 2755
127.0.0.1 - - [24/Jul/2024:17:42:56 +0530] "POST /salesCore/getYearBudgets HTTP/1.1" 200 2883
0:0:0:0:0:0:0:1 - - [24/Jul/2024:17:42:56 +0530] "GET /sales/getChartData?year%5B%5D=2024-25 HTTP/1.1" 200 462
0:0:0:0:0:0:0:1 - - [24/Jul/2024:17:42:56 +0530] "GET /sales/yearBudgets?year%5B%5D=2024-25 HTTP/1.1" 200 2083
127.0.0.1 - - [24/Jul/2024:17:42:57 +0530] "POST /salesCore/getAllbyzone HTTP/1.1" 200 771
127.0.0.1 - - [24/Jul/2024:17:42:57 +0530] "POST /salesCore/getYearBudgets HTTP/1.1" 200 110
0:0:0:0:0:0:0:1 - - [24/Jul/2024:17:42:57 +0530] "POST /sales/getAllbyzone HTTP/1.1" 200 504
0:0:0:0:0:0:0:1 - - [24/Jul/2024:17:42:57 +0530] "GET /sales/yearBudgets?year%5B%5D=2024-25&zone%5B%5D=South HTTP/1.1" 200 12
127.0.0.1 - - [24/Jul/2024:17:42:57 +0530] "POST /salesCore/getDashboardData HTTP/1.1" 200 367
0:0:0:0:0:0:0:1 - - [24/Jul/2024:17:42:57 +0530] "GET /sales/getChartData?year%5B%5D=2024-25&zone%5B%5D=South HTTP/1.1" 200 440
127.0.0.1 - - [24/Jul/2024:17:43:01 +0530] "POST /salesCore/getYearBudgets HTTP/1.1" 200 2883
127.0.0.1 - - [24/Jul/2024:17:43:01 +0530] "POST /salesCore/getDashboardData HTTP/1.1" 200 2755
127.0.0.1 - - [24/Jul/2024:17:43:01 +0530] "POST /salesCore/getAllbyzone HTTP/1.1" 200 110
0:0:0:0:0:0:0:1 - - [24/Jul/2024:17:43:01 +0530] "POST /sales/getAllbyzone HTTP/1.1" 200 12
0:0:0:0:0:0:0:1 - - [24/Jul/2024:17:43:01 +0530] "GET /sales/getChartData?year%5B%5D=2024-25 HTTP/1.1" 200 462
0:0:0:0:0:0:0:1 - - [24/Jul/2024:17:43:01 +0530] "GET /sales/yearBudgets?year%5B%5D=2024-25 HTTP/1.1" 200 2083
127.0.0.1 - - [24/Jul/2024:17:43:02 +0530] "POST /salesCore/getYearBudgets HTTP/1.1" 200 2883
127.0.0.1 - - [24/Jul/2024:17:43:02 +0530] "POST /salesCore/getDashboardData HTTP/1.1" 200 2371
127.0.0.1 - - [24/Jul/2024:17:43:02 +0530] "POST /salesCore/getAllbyzone HTTP/1.1" 200 1431
0:0:0:0:0:0:0:1 - - [24/Jul/2024:17:43:02 +0530] "GET /sales/getChartData?year%5B%5D=2024-25&zone%5B%5D=North HTTP/1.1" 200 462
0:0:0:0:0:0:0:1 - - [24/Jul/2024:17:43:02 +0530] "POST /sales/getAllbyzone HTTP/1.1" 200 995
0:0:0:0:0:0:0:1 - - [24/Jul/2024:17:43:02 +0530] "GET /sales/yearBudgets?year%5B%5D=2024-25&zone%5B%5D=North HTTP/1.1" 200 2082
127.0.0.1 - - [24/Jul/2024:17:43:06 +0530] "POST /salesCore/getYearBudgets HTTP/1.1" 200 110
127.0.0.1 - - [24/Jul/2024:17:43:06 +0530] "POST /salesCore/getDashboardData HTTP/1.1" 200 367
0:0:0:0:0:0:0:1 - - [24/Jul/2024:17:43:06 +0530] "GET /sales/getChartData?year%5B%5D=2024-25&zone%5B%5D=North&bde%5B%5D=4 HTTP/1.1" 200 392
0:0:0:0:0:0:0:1 - - [24/Jul/2024:17:43:06 +0530] "GET /sales/yearBudgets?year%5B%5D=2024-25&zone%5B%5D=North&bde%5B%5D=4 HTTP/1.1" 200 12
127.0.0.1 - - [24/Jul/2024:17:43:08 +0530] "POST /salesCore/getYearBudgets HTTP/1.1" 200 2883
127.0.0.1 - - [24/Jul/2024:17:43:08 +0530] "POST /salesCore/getDashboardData HTTP/1.1" 200 2371
0:0:0:0:0:0:0:1 - - [24/Jul/2024:17:43:08 +0530] "GET /sales/yearBudgets?year%5B%5D=2024-25&zone%5B%5D=North HTTP/1.1" 200 2082
0:0:0:0:0:0:0:1 - - [24/Jul/2024:17:43:08 +0530] "GET /sales/getChartData?year%5B%5D=2024-25&zone%5B%5D=North HTTP/1.1" 200 462
127.0.0.1 - - [24/Jul/2024:17:43:10 +0530] "POST /salesCore/getYearBudgets HTTP/1.1" 200 110
127.0.0.1 - - [24/Jul/2024:17:43:10 +0530] "POST /salesCore/getDashboardData HTTP/1.1" 200 367
0:0:0:0:0:0:0:1 - - [24/Jul/2024:17:43:10 +0530] "GET /sales/yearBudgets?year%5B%5D=2024-25&zone%5B%5D=North&bde%5B%5D=2 HTTP/1.1" 200 12
0:0:0:0:0:0:0:1 - - [24/Jul/2024:17:43:10 +0530] "GET /sales/getChartData?year%5B%5D=2024-25&zone%5B%5D=North&bde%5B%5D=2 HTTP/1.1" 200 392
127.0.0.1 - - [24/Jul/2024:17:43:14 +0530] "POST /salesCore/getYearBudgets HTTP/1.1" 200 2883
127.0.0.1 - - [24/Jul/2024:17:43:14 +0530] "POST /salesCore/getDashboardData HTTP/1.1" 200 2371
0:0:0:0:0:0:0:1 - - [24/Jul/2024:17:43:14 +0530] "GET /sales/getChartData?year%5B%5D=2024-25&zone%5B%5D=North HTTP/1.1" 200 462
0:0:0:0:0:0:0:1 - - [24/Jul/2024:17:43:14 +0530] "GET /sales/yearBudgets?year%5B%5D=2024-25&zone%5B%5D=North HTTP/1.1" 200 2082
127.0.0.1 - - [24/Jul/2024:17:43:15 +0530] "POST /salesCore/getDashboardData HTTP/1.1" 200 367
127.0.0.1 - - [24/Jul/2024:17:43:15 +0530] "POST /salesCore/getYearBudgets HTTP/1.1" 200 110
0:0:0:0:0:0:0:1 - - [24/Jul/2024:17:43:15 +0530] "GET /sales/getChartData?year%5B%5D=2024-25&zone%5B%5D=North&bde%5B%5D=1 HTTP/1.1" 200 392
0:0:0:0:0:0:0:1 - - [24/Jul/2024:17:43:15 +0530] "GET /sales/yearBudgets?year%5B%5D=2024-25&zone%5B%5D=North&bde%5B%5D=1 HTTP/1.1" 200 12
127.0.0.1 - - [24/Jul/2024:17:43:18 +0530] "POST /salesCore/getYearBudgets HTTP/1.1" 200 2883
127.0.0.1 - - [24/Jul/2024:17:43:18 +0530] "POST /salesCore/getDashboardData HTTP/1.1" 200 2371
0:0:0:0:0:0:0:1 - - [24/Jul/2024:17:43:18 +0530] "GET /sales/yearBudgets?year%5B%5D=2024-25&zone%5B%5D=North HTTP/1.1" 200 2082
0:0:0:0:0:0:0:1 - - [24/Jul/2024:17:43:18 +0530] "GET /sales/getChartData?year%5B%5D=2024-25&zone%5B%5D=North HTTP/1.1" 200 462
127.0.0.1 - - [24/Jul/2024:17:43:19 +0530] "POST /salesCore/getYearBudgets HTTP/1.1" 200 110
127.0.0.1 - - [24/Jul/2024:17:43:19 +0530] "POST /salesCore/getDashboardData HTTP/1.1" 200 367
0:0:0:0:0:0:0:1 - - [24/Jul/2024:17:43:19 +0530] "GET /sales/yearBudgets?year%5B%5D=2024-25&zone%5B%5D=North&bde%5B%5D=4 HTTP/1.1" 200 12
0:0:0:0:0:0:0:1 - - [24/Jul/2024:17:43:19 +0530] "GET /sales/getChartData?year%5B%5D=2024-25&zone%5B%5D=North&bde%5B%5D=4 HTTP/1.1" 200 392
127.0.0.1 - - [24/Jul/2024:17:43:21 +0530] "POST /salesCore/getDashboardData HTTP/1.1" 200 2371
127.0.0.1 - - [24/Jul/2024:17:43:21 +0530] "POST /salesCore/getYearBudgets HTTP/1.1" 200 2883
0:0:0:0:0:0:0:1 - - [24/Jul/2024:17:43:21 +0530] "GET /sales/getChartData?year%5B%5D=2024-25&zone%5B%5D=North HTTP/1.1" 200 462
0:0:0:0:0:0:0:1 - - [24/Jul/2024:17:43:21 +0530] "GET /sales/yearBudgets?year%5B%5D=2024-25&zone%5B%5D=North HTTP/1.1" 200 2082
127.0.0.1 - - [24/Jul/2024:17:43:22 +0530] "POST /salesCore/getYearBudgets HTTP/1.1" 200 110
127.0.0.1 - - [24/Jul/2024:17:43:22 +0530] "POST /salesCore/getDashboardData HTTP/1.1" 200 367
0:0:0:0:0:0:0:1 - - [24/Jul/2024:17:43:22 +0530] "GET /sales/yearBudgets?year%5B%5D=2024-25&zone%5B%5D=North&bde%5B%5D=4 HTTP/1.1" 200 12
0:0:0:0:0:0:0:1 - - [24/Jul/2024:17:43:22 +0530] "GET /sales/getChartData?year%5B%5D=2024-25&zone%5B%5D=North&bde%5B%5D=4 HTTP/1.1" 200 392
127.0.0.1 - - [24/Jul/2024:17:43:23 +0530] "POST /salesCore/getYearBudgets HTTP/1.1" 200 2883
127.0.0.1 - - [24/Jul/2024:17:43:23 +0530] "POST /salesCore/getDashboardData HTTP/1.1" 200 2371
0:0:0:0:0:0:0:1 - - [24/Jul/2024:17:43:23 +0530] "GET /sales/getChartData?year%5B%5D=2024-25&zone%5B%5D=North HTTP/1.1" 200 462
0:0:0:0:0:0:0:1 - - [24/Jul/2024:17:43:23 +0530] "GET /sales/yearBudgets?year%5B%5D=2024-25&zone%5B%5D=North HTTP/1.1" 200 2082
127.0.0.1 - - [24/Jul/2024:17:43:24 +0530] "POST /salesCore/getDashboardData HTTP/1.1" 200 367
127.0.0.1 - - [24/Jul/2024:17:43:24 +0530] "POST /salesCore/getYearBudgets HTTP/1.1" 200 110
0:0:0:0:0:0:0:1 - - [24/Jul/2024:17:43:24 +0530] "GET /sales/getChartData?year%5B%5D=2024-25&zone%5B%5D=North&bde%5B%5D=13 HTTP/1.1" 200 392
0:0:0:0:0:0:0:1 - - [24/Jul/2024:17:43:24 +0530] "GET /sales/yearBudgets?year%5B%5D=2024-25&zone%5B%5D=North&bde%5B%5D=13 HTTP/1.1" 200 12
127.0.0.1 - - [24/Jul/2024:17:43:26 +0530] "POST /salesCore/getDashboardData HTTP/1.1" 200 2371
127.0.0.1 - - [24/Jul/2024:17:43:26 +0530] "POST /salesCore/getYearBudgets HTTP/1.1" 200 2883
0:0:0:0:0:0:0:1 - - [24/Jul/2024:17:43:26 +0530] "GET /sales/getChartData?year%5B%5D=2024-25&zone%5B%5D=North HTTP/1.1" 200 462
0:0:0:0:0:0:0:1 - - [24/Jul/2024:17:43:26 +0530] "GET /sales/yearBudgets?year%5B%5D=2024-25&zone%5B%5D=North HTTP/1.1" 200 2082
127.0.0.1 - - [24/Jul/2024:17:43:31 +0530] "POST /salesCore/getDashboardData HTTP/1.1" 200 2371
127.0.0.1 - - [24/Jul/2024:17:43:31 +0530] "POST /salesCore/getYearBudgets HTTP/1.1" 200 2883
0:0:0:0:0:0:0:1 - - [24/Jul/2024:17:43:31 +0530] "GET /sales/yearBudgets?year%5B%5D=2024-25&zone%5B%5D=North&zone%5B%5D=East HTTP/1.1" 200 2082
0:0:0:0:0:0:0:1 - - [24/Jul/2024:17:43:31 +0530] "GET /sales/getChartData?year%5B%5D=2024-25&zone%5B%5D=North&zone%5B%5D=East HTTP/1.1" 200 462
127.0.0.1 - - [24/Jul/2024:17:43:31 +0530] "POST /salesCore/getAllbyzone HTTP/1.1" 200 1431
0:0:0:0:0:0:0:1 - - [24/Jul/2024:17:43:31 +0530] "POST /sales/getAllbyzone HTTP/1.1" 200 995
127.0.0.1 - - [24/Jul/2024:17:43:34 +0530] "POST /salesCore/getDashboardData HTTP/1.1" 200 367
127.0.0.1 - - [24/Jul/2024:17:43:34 +0530] "POST /salesCore/getYearBudgets HTTP/1.1" 200 110
0:0:0:0:0:0:0:1 - - [24/Jul/2024:17:43:34 +0530] "GET /sales/yearBudgets?year%5B%5D=2024-25&zone%5B%5D=North&zone%5B%5D=East&bde%5B%5D=2 HTTP/1.1" 200 12
0:0:0:0:0:0:0:1 - - [24/Jul/2024:17:43:34 +0530] "GET /sales/getChartData?year%5B%5D=2024-25&zone%5B%5D=North&zone%5B%5D=East&bde%5B%5D=2 HTTP/1.1" 200 392
127.0.0.1 - - [24/Jul/2024:17:43:35 +0530] "POST /salesCore/getDashboardData HTTP/1.1" 200 2371
127.0.0.1 - - [24/Jul/2024:17:43:35 +0530] "POST /salesCore/getYearBudgets HTTP/1.1" 200 2883
0:0:0:0:0:0:0:1 - - [24/Jul/2024:17:43:35 +0530] "GET /sales/yearBudgets?year%5B%5D=2024-25&zone%5B%5D=North&zone%5B%5D=East HTTP/1.1" 200 2082
0:0:0:0:0:0:0:1 - - [24/Jul/2024:17:43:35 +0530] "GET /sales/getChartData?year%5B%5D=2024-25&zone%5B%5D=North&zone%5B%5D=East HTTP/1.1" 200 462
127.0.0.1 - - [24/Jul/2024:17:43:37 +0530] "POST /salesCore/getAllbyzone HTTP/1.1" 200 1431
0:0:0:0:0:0:0:1 - - [24/Jul/2024:17:43:37 +0530] "POST /sales/getAllbyzone HTTP/1.1" 200 995
127.0.0.1 - - [24/Jul/2024:17:43:37 +0530] "POST /salesCore/getDashboardData HTTP/1.1" 200 2371
0:0:0:0:0:0:0:1 - - [24/Jul/2024:17:43:37 +0530] "GET /sales/getChartData?year%5B%5D=2024-25&zone%5B%5D=North HTTP/1.1" 200 462
127.0.0.1 - - [24/Jul/2024:17:43:37 +0530] "POST /salesCore/getYearBudgets HTTP/1.1" 200 2883
0:0:0:0:0:0:0:1 - - [24/Jul/2024:17:43:37 +0530] "GET /sales/yearBudgets?year%5B%5D=2024-25&zone%5B%5D=North HTTP/1.1" 200 2082
127.0.0.1 - - [24/Jul/2024:17:43:39 +0530] "POST /salesCore/getYearBudgets HTTP/1.1" 200 110
127.0.0.1 - - [24/Jul/2024:17:43:39 +0530] "POST /salesCore/getDashboardData HTTP/1.1" 200 367
0:0:0:0:0:0:0:1 - - [24/Jul/2024:17:43:39 +0530] "GET /sales/getChartData?year%5B%5D=2024-25&zone%5B%5D=North&bde%5B%5D=2 HTTP/1.1" 200 392
0:0:0:0:0:0:0:1 - - [24/Jul/2024:17:43:39 +0530] "GET /sales/yearBudgets?year%5B%5D=2024-25&zone%5B%5D=North&bde%5B%5D=2 HTTP/1.1" 200 12
127.0.0.1 - - [24/Jul/2024:17:43:41 +0530] "POST /salesCore/getDashboardData HTTP/1.1" 200 2371
127.0.0.1 - - [24/Jul/2024:17:43:41 +0530] "POST /salesCore/getYearBudgets HTTP/1.1" 200 2883
0:0:0:0:0:0:0:1 - - [24/Jul/2024:17:43:41 +0530] "GET /sales/getChartData?year%5B%5D=2024-25&zone%5B%5D=North HTTP/1.1" 200 462
0:0:0:0:0:0:0:1 - - [24/Jul/2024:17:43:41 +0530] "GET /sales/yearBudgets?year%5B%5D=2024-25&zone%5B%5D=North HTTP/1.1" 200 2082
127.0.0.1 - - [24/Jul/2024:17:44:16 +0530] "POST /salesCore/getAllBudget HTTP/1.1" 200 2883
127.0.0.1 - - [24/Jul/2024:17:44:16 +0530] "POST /salesCore/getUserCommonList HTTP/1.1" 200 1303
0:0:0:0:0:0:0:1 - - [24/Jul/2024:17:44:16 +0530] "GET /sales/dashboard HTTP/1.1" 200 36771
127.0.0.1 - - [24/Jul/2024:17:44:16 +0530] "POST /salesCore/todayRemindersCount HTTP/1.1" 200 110
0:0:0:0:0:0:0:1 - - [24/Jul/2024:17:44:16 +0530] "POST /sales/todayReminders HTTP/1.1" 200 11
0:0:0:0:0:0:0:1 - - [24/Jul/2024:17:44:16 +0530] "GET /sales/yearBudgets HTTP/1.1" 500 129
127.0.0.1 - - [24/Jul/2024:17:44:16 +0530] "POST /salesCore/getDashboardData HTTP/1.1" 200 2755
0:0:0:0:0:0:0:1 - - [24/Jul/2024:17:44:16 +0530] "GET /sales/getChartData HTTP/1.1" 200 462
127.0.0.1 - - [24/Jul/2024:17:44:20 +0530] "POST /salesCore/getAllBudget HTTP/1.1" 200 2883
127.0.0.1 - - [24/Jul/2024:17:44:20 +0530] "POST /salesCore/getUserCommonList HTTP/1.1" 200 1303
0:0:0:0:0:0:0:1 - - [24/Jul/2024:17:44:20 +0530] "GET /sales/dashboard HTTP/1.1" 200 36771
127.0.0.1 - - [24/Jul/2024:17:44:20 +0530] "POST /salesCore/todayRemindersCount HTTP/1.1" 200 110
0:0:0:0:0:0:0:1 - - [24/Jul/2024:17:44:20 +0530] "POST /sales/todayReminders HTTP/1.1" 200 11
127.0.0.1 - - [24/Jul/2024:17:44:20 +0530] "POST /salesCore/getDashboardData HTTP/1.1" 200 2755
0:0:0:0:0:0:0:1 - - [24/Jul/2024:17:44:20 +0530] "GET /sales/getChartData HTTP/1.1" 200 462
0:0:0:0:0:0:0:1 - - [24/Jul/2024:17:44:20 +0530] "GET /sales/yearBudgets HTTP/1.1" 500 129
127.0.0.1 - - [24/Jul/2024:17:44:21 +0530] "POST /salesCore/getAllBudget HTTP/1.1" 200 2883
127.0.0.1 - - [24/Jul/2024:17:44:21 +0530] "POST /salesCore/getUserCommonList HTTP/1.1" 200 1303
0:0:0:0:0:0:0:1 - - [24/Jul/2024:17:44:21 +0530] "GET /sales/dashboard HTTP/1.1" 200 36771
0:0:0:0:0:0:0:1 - - [24/Jul/2024:17:44:21 +0530] "GET /sales/yearBudgets HTTP/1.1" 500 129
127.0.0.1 - - [24/Jul/2024:17:44:21 +0530] "POST /salesCore/todayRemindersCount HTTP/1.1" 200 110
0:0:0:0:0:0:0:1 - - [24/Jul/2024:17:44:21 +0530] "POST /sales/todayReminders HTTP/1.1" 200 11
127.0.0.1 - - [24/Jul/2024:17:44:21 +0530] "POST /salesCore/getDashboardData HTTP/1.1" 200 2755
0:0:0:0:0:0:0:1 - - [24/Jul/2024:17:44:21 +0530] "GET /sales/getChartData HTTP/1.1" 200 462
127.0.0.1 - - [24/Jul/2024:17:44:23 +0530] "POST /salesCore/getDashboardData HTTP/1.1" 200 2755
127.0.0.1 - - [24/Jul/2024:17:44:23 +0530] "POST /salesCore/getYearBudgets HTTP/1.1" 200 2883
0:0:0:0:0:0:0:1 - - [24/Jul/2024:17:44:23 +0530] "GET /sales/getChartData?year%5B%5D=2024-25 HTTP/1.1" 200 462
0:0:0:0:0:0:0:1 - - [24/Jul/2024:17:44:23 +0530] "GET /sales/yearBudgets?year%5B%5D=2024-25 HTTP/1.1" 200 2083
127.0.0.1 - - [24/Jul/2024:17:44:25 +0530] "POST /salesCore/getAllbyzone HTTP/1.1" 200 1431
127.0.0.1 - - [24/Jul/2024:17:44:25 +0530] "POST /salesCore/getDashboardData HTTP/1.1" 200 2371
0:0:0:0:0:0:0:1 - - [24/Jul/2024:17:44:25 +0530] "POST /sales/getAllbyzone HTTP/1.1" 200 995
127.0.0.1 - - [24/Jul/2024:17:44:25 +0530] "POST /salesCore/getYearBudgets HTTP/1.1" 200 2883
0:0:0:0:0:0:0:1 - - [24/Jul/2024:17:44:25 +0530] "GET /sales/getChartData?year%5B%5D=2024-25&zone%5B%5D=North HTTP/1.1" 200 462
0:0:0:0:0:0:0:1 - - [24/Jul/2024:17:44:25 +0530] "GET /sales/yearBudgets?year%5B%5D=2024-25&zone%5B%5D=North HTTP/1.1" 200 2082
127.0.0.1 - - [24/Jul/2024:17:44:26 +0530] "POST /salesCore/getAllbyzone HTTP/1.1" 200 110
127.0.0.1 - - [24/Jul/2024:17:44:26 +0530] "POST /salesCore/getDashboardData HTTP/1.1" 200 2755
127.0.0.1 - - [24/Jul/2024:17:44:26 +0530] "POST /salesCore/getYearBudgets HTTP/1.1" 200 2883
0:0:0:0:0:0:0:1 - - [24/Jul/2024:17:44:26 +0530] "POST /sales/getAllbyzone HTTP/1.1" 200 12
0:0:0:0:0:0:0:1 - - [24/Jul/2024:17:44:26 +0530] "GET /sales/yearBudgets?year%5B%5D=2024-25 HTTP/1.1" 200 2083
0:0:0:0:0:0:0:1 - - [24/Jul/2024:17:44:26 +0530] "GET /sales/getChartData?year%5B%5D=2024-25 HTTP/1.1" 200 462
127.0.0.1 - - [24/Jul/2024:17:44:28 +0530] "POST /salesCore/getYearBudgets HTTP/1.1" 200 110
127.0.0.1 - - [24/Jul/2024:17:44:28 +0530] "POST /salesCore/getAllbyzone HTTP/1.1" 200 1411
0:0:0:0:0:0:0:1 - - [24/Jul/2024:17:44:28 +0530] "GET /sales/yearBudgets?year%5B%5D=2024-25&zone%5B%5D=West HTTP/1.1" 200 12
0:0:0:0:0:0:0:1 - - [24/Jul/2024:17:44:28 +0530] "POST /sales/getAllbyzone HTTP/1.1" 200 990
127.0.0.1 - - [24/Jul/2024:17:44:28 +0530] "POST /salesCore/getDashboardData HTTP/1.1" 200 367
0:0:0:0:0:0:0:1 - - [24/Jul/2024:17:44:28 +0530] "GET /sales/getChartData?year%5B%5D=2024-25&zone%5B%5D=West HTTP/1.1" 200 440
127.0.0.1 - - [24/Jul/2024:17:44:29 +0530] "POST /salesCore/getYearBudgets HTTP/1.1" 200 2883
127.0.0.1 - - [24/Jul/2024:17:44:29 +0530] "POST /salesCore/getAllbyzone HTTP/1.1" 200 110
127.0.0.1 - - [24/Jul/2024:17:44:29 +0530] "POST /salesCore/getDashboardData HTTP/1.1" 200 2755
0:0:0:0:0:0:0:1 - - [24/Jul/2024:17:44:29 +0530] "GET /sales/yearBudgets?year%5B%5D=2024-25 HTTP/1.1" 200 2083
0:0:0:0:0:0:0:1 - - [24/Jul/2024:17:44:29 +0530] "POST /sales/getAllbyzone HTTP/1.1" 200 12
0:0:0:0:0:0:0:1 - - [24/Jul/2024:17:44:29 +0530] "GET /sales/getChartData?year%5B%5D=2024-25 HTTP/1.1" 200 462
127.0.0.1 - - [24/Jul/2024:17:44:31 +0530] "POST /salesCore/getAllbyzone HTTP/1.1" 200 1431
127.0.0.1 - - [24/Jul/2024:17:44:31 +0530] "POST /salesCore/getDashboardData HTTP/1.1" 200 2371
0:0:0:0:0:0:0:1 - - [24/Jul/2024:17:44:31 +0530] "POST /sales/getAllbyzone HTTP/1.1" 200 995
0:0:0:0:0:0:0:1 - - [24/Jul/2024:17:44:31 +0530] "GET /sales/getChartData?year%5B%5D=2024-25&zone%5B%5D=North HTTP/1.1" 200 462
127.0.0.1 - - [24/Jul/2024:17:44:31 +0530] "POST /salesCore/getYearBudgets HTTP/1.1" 200 2883
0:0:0:0:0:0:0:1 - - [24/Jul/2024:17:44:31 +0530] "GET /sales/yearBudgets?year%5B%5D=2024-25&zone%5B%5D=North HTTP/1.1" 200 2082
127.0.0.1 - - [24/Jul/2024:17:44:33 +0530] "POST /salesCore/getDashboardData HTTP/1.1" 200 1455
127.0.0.1 - - [24/Jul/2024:17:44:33 +0530] "POST /salesCore/getYearBudgets HTTP/1.1" 200 2883
0:0:0:0:0:0:0:1 - - [24/Jul/2024:17:44:33 +0530] "GET /sales/getChartData?year%5B%5D=2024-25&zone%5B%5D=North&bde%5B%5D=Aravind HTTP/1.1" 200 440
0:0:0:0:0:0:0:1 - - [24/Jul/2024:17:44:33 +0530] "GET /sales/yearBudgets?year%5B%5D=2024-25&zone%5B%5D=North&bde%5B%5D=Aravind HTTP/1.1" 200 2079
127.0.0.1 - - [24/Jul/2024:17:44:35 +0530] "POST /salesCore/getYearBudgets HTTP/1.1" 200 2883
127.0.0.1 - - [24/Jul/2024:17:44:35 +0530] "POST /salesCore/getDashboardData HTTP/1.1" 200 2371
0:0:0:0:0:0:0:1 - - [24/Jul/2024:17:44:35 +0530] "GET /sales/yearBudgets?year%5B%5D=2024-25&zone%5B%5D=North HTTP/1.1" 200 2082
0:0:0:0:0:0:0:1 - - [24/Jul/2024:17:44:35 +0530] "GET /sales/getChartData?year%5B%5D=2024-25&zone%5B%5D=North HTTP/1.1" 200 462
127.0.0.1 - - [24/Jul/2024:17:44:36 +0530] "POST /salesCore/getYearBudgets HTTP/1.1" 200 2883
127.0.0.1 - - [24/Jul/2024:17:44:36 +0530] "POST /salesCore/getDashboardData HTTP/1.1" 200 1263
0:0:0:0:0:0:0:1 - - [24/Jul/2024:17:44:36 +0530] "GET /sales/yearBudgets?year%5B%5D=2024-25&zone%5B%5D=North&bde%5B%5D=Madhu HTTP/1.1" 200 2079
0:0:0:0:0:0:0:1 - - [24/Jul/2024:17:44:36 +0530] "GET /sales/getChartData?year%5B%5D=2024-25&zone%5B%5D=North&bde%5B%5D=Madhu HTTP/1.1" 200 438
127.0.0.1 - - [24/Jul/2024:17:44:46 +0530] "POST /salesCore/getDashboardData HTTP/1.1" 200 2371
127.0.0.1 - - [24/Jul/2024:17:44:46 +0530] "POST /salesCore/getYearBudgets HTTP/1.1" 200 2883
0:0:0:0:0:0:0:1 - - [24/Jul/2024:17:44:46 +0530] "GET /sales/yearBudgets?year%5B%5D=2024-25&zone%5B%5D=North&bde%5B%5D=Aravind&bde%5B%5D=Madhu HTTP/1.1" 200 2082
0:0:0:0:0:0:0:1 - - [24/Jul/2024:17:44:46 +0530] "GET /sales/getChartData?year%5B%5D=2024-25&zone%5B%5D=North&bde%5B%5D=Aravind&bde%5B%5D=Madhu HTTP/1.1" 200 450
127.0.0.1 - - [24/Jul/2024:17:45:08 +0530] "POST /salesCore/getYearBudgets HTTP/1.1" 200 2883
127.0.0.1 - - [24/Jul/2024:17:45:08 +0530] "POST /salesCore/getDashboardData HTTP/1.1" 200 2371
0:0:0:0:0:0:0:1 - - [24/Jul/2024:17:45:08 +0530] "GET /sales/yearBudgets?year%5B%5D=2024-25&zone%5B%5D=North&bde%5B%5D=Aravind&bde%5B%5D=Madhu&bde%5B%5D=srinivas HTTP/1.1" 200 2082
0:0:0:0:0:0:0:1 - - [24/Jul/2024:17:45:08 +0530] "GET /sales/getChartData?year%5B%5D=2024-25&zone%5B%5D=North&bde%5B%5D=Aravind&bde%5B%5D=Madhu&bde%5B%5D=srinivas HTTP/1.1" 200 462
127.0.0.1 - - [24/Jul/2024:17:45:11 +0530] "POST /salesCore/getYearBudgets HTTP/1.1" 200 2883
127.0.0.1 - - [24/Jul/2024:17:45:11 +0530] "POST /salesCore/getDashboardData HTTP/1.1" 200 2371
0:0:0:0:0:0:0:1 - - [24/Jul/2024:17:45:11 +0530] "GET /sales/yearBudgets?year%5B%5D=2024-25&zone%5B%5D=North&bde%5B%5D=Aravind&bde%5B%5D=Madhu&bde%5B%5D=srinivas&bde%5B%5D=Preeti HTTP/1.1" 200 2082
0:0:0:0:0:0:0:1 - - [24/Jul/2024:17:45:11 +0530] "GET /sales/getChartData?year%5B%5D=2024-25&zone%5B%5D=North&bde%5B%5D=Aravind&bde%5B%5D=Madhu&bde%5B%5D=srinivas&bde%5B%5D=Preeti HTTP/1.1" 200 462
127.0.0.1 - - [24/Jul/2024:17:45:14 +0530] "POST /salesCore/getYearBudgets HTTP/1.1" 200 2883
127.0.0.1 - - [24/Jul/2024:17:45:14 +0530] "POST /salesCore/getDashboardData HTTP/1.1" 200 1263
0:0:0:0:0:0:0:1 - - [24/Jul/2024:17:45:14 +0530] "GET /sales/getChartData?year%5B%5D=2024-25&zone%5B%5D=North&bde%5B%5D=Madhu&bde%5B%5D=srinivas&bde%5B%5D=Preeti HTTP/1.1" 200 438
0:0:0:0:0:0:0:1 - - [24/Jul/2024:17:45:14 +0530] "GET /sales/yearBudgets?year%5B%5D=2024-25&zone%5B%5D=North&bde%5B%5D=Madhu&bde%5B%5D=srinivas&bde%5B%5D=Preeti HTTP/1.1" 200 2079
127.0.0.1 - - [24/Jul/2024:17:45:15 +0530] "POST /salesCore/getDashboardData HTTP/1.1" 200 367
127.0.0.1 - - [24/Jul/2024:17:45:15 +0530] "POST /salesCore/getYearBudgets HTTP/1.1" 200 110
0:0:0:0:0:0:0:1 - - [24/Jul/2024:17:45:15 +0530] "GET /sales/yearBudgets?year%5B%5D=2024-25&zone%5B%5D=North&bde%5B%5D=srinivas&bde%5B%5D=Preeti HTTP/1.1" 200 12
0:0:0:0:0:0:0:1 - - [24/Jul/2024:17:45:15 +0530] "GET /sales/getChartData?year%5B%5D=2024-25&zone%5B%5D=North&bde%5B%5D=srinivas&bde%5B%5D=Preeti HTTP/1.1" 200 428
127.0.0.1 - - [24/Jul/2024:17:45:17 +0530] "POST /salesCore/getYearBudgets HTTP/1.1" 200 110
127.0.0.1 - - [24/Jul/2024:17:45:17 +0530] "POST /salesCore/getDashboardData HTTP/1.1" 200 367
0:0:0:0:0:0:0:1 - - [24/Jul/2024:17:45:17 +0530] "GET /sales/yearBudgets?year%5B%5D=2024-25&zone%5B%5D=North&bde%5B%5D=Preeti HTTP/1.1" 200 12
0:0:0:0:0:0:0:1 - - [24/Jul/2024:17:45:17 +0530] "GET /sales/getChartData?year%5B%5D=2024-25&zone%5B%5D=North&bde%5B%5D=Preeti HTTP/1.1" 200 392
127.0.0.1 - - [24/Jul/2024:17:45:19 +0530] "POST /salesCore/getDashboardData HTTP/1.1" 200 2371
127.0.0.1 - - [24/Jul/2024:17:45:19 +0530] "POST /salesCore/getYearBudgets HTTP/1.1" 200 2883
0:0:0:0:0:0:0:1 - - [24/Jul/2024:17:45:19 +0530] "GET /sales/getChartData?year%5B%5D=2024-25&zone%5B%5D=North HTTP/1.1" 200 462
0:0:0:0:0:0:0:1 - - [24/Jul/2024:17:45:19 +0530] "GET /sales/yearBudgets?year%5B%5D=2024-25&zone%5B%5D=North HTTP/1.1" 200 2082
127.0.0.1 - - [24/Jul/2024:17:45:21 +0530] "POST /salesCore/getAllbyzone HTTP/1.1" 200 110
127.0.0.1 - - [24/Jul/2024:17:45:21 +0530] "POST /salesCore/getDashboardData HTTP/1.1" 200 2755
0:0:0:0:0:0:0:1 - - [24/Jul/2024:17:45:21 +0530] "POST /sales/getAllbyzone HTTP/1.1" 200 12
0:0:0:0:0:0:0:1 - - [24/Jul/2024:17:45:21 +0530] "GET /sales/getChartData?year%5B%5D=2024-25 HTTP/1.1" 200 462
127.0.0.1 - - [24/Jul/2024:17:45:21 +0530] "POST /salesCore/getYearBudgets HTTP/1.1" 200 2883
0:0:0:0:0:0:0:1 - - [24/Jul/2024:17:45:21 +0530] "GET /sales/yearBudgets?year%5B%5D=2024-25 HTTP/1.1" 200 2083
127.0.0.1 - - [24/Jul/2024:17:45:35 +0530] "POST /salesCore/getDashboardData HTTP/1.1" 200 367
127.0.0.1 - - [24/Jul/2024:17:45:35 +0530] "POST /salesCore/getYearBudgets HTTP/1.1" 200 110
127.0.0.1 - - [24/Jul/2024:17:45:35 +0530] "POST /salesCore/getAllbyzone HTTP/1.1" 200 1411
0:0:0:0:0:0:0:1 - - [24/Jul/2024:17:45:35 +0530] "GET /sales/yearBudgets?year%5B%5D=2024-25&zone%5B%5D=East HTTP/1.1" 200 12
0:0:0:0:0:0:0:1 - - [24/Jul/2024:17:45:35 +0530] "GET /sales/getChartData?year%5B%5D=2024-25&zone%5B%5D=East HTTP/1.1" 200 440
0:0:0:0:0:0:0:1 - - [24/Jul/2024:17:45:35 +0530] "POST /sales/getAllbyzone HTTP/1.1" 200 988
127.0.0.1 - - [24/Jul/2024:17:45:37 +0530] "POST /salesCore/getYearBudgets HTTP/1.1" 200 110
127.0.0.1 - - [24/Jul/2024:17:45:37 +0530] "POST /salesCore/getDashboardData HTTP/1.1" 200 367
0:0:0:0:0:0:0:1 - - [24/Jul/2024:17:45:37 +0530] "GET /sales/yearBudgets?year%5B%5D=2024-25&zone%5B%5D=East&bde%5B%5D=BDE1 HTTP/1.1" 200 12
0:0:0:0:0:0:0:1 - - [24/Jul/2024:17:45:37 +0530] "GET /sales/getChartData?year%5B%5D=2024-25&zone%5B%5D=East&bde%5B%5D=BDE1 HTTP/1.1" 200 392
127.0.0.1 - - [24/Jul/2024:17:45:42 +0530] "POST /salesCore/getYearBudgets HTTP/1.1" 200 110
127.0.0.1 - - [24/Jul/2024:17:45:42 +0530] "POST /salesCore/getDashboardData HTTP/1.1" 200 367
0:0:0:0:0:0:0:1 - - [24/Jul/2024:17:45:42 +0530] "GET /sales/getChartData?year%5B%5D=2024-25&zone%5B%5D=East HTTP/1.1" 200 440
0:0:0:0:0:0:0:1 - - [24/Jul/2024:17:45:42 +0530] "GET /sales/yearBudgets?year%5B%5D=2024-25&zone%5B%5D=East HTTP/1.1" 200 12
127.0.0.1 - - [24/Jul/2024:17:45:47 +0530] "POST /salesCore/getYearBudgets HTTP/1.1" 200 110
127.0.0.1 - - [24/Jul/2024:17:45:47 +0530] "POST /salesCore/getDashboardData HTTP/1.1" 200 367
0:0:0:0:0:0:0:1 - - [24/Jul/2024:17:45:47 +0530] "GET /sales/getChartData?year%5B%5D=2024-25&zone%5B%5D=East&bde%5B%5D=Vikrant HTTP/1.1" 200 392
0:0:0:0:0:0:0:1 - - [24/Jul/2024:17:45:47 +0530] "GET /sales/yearBudgets?year%5B%5D=2024-25&zone%5B%5D=East&bde%5B%5D=Vikrant HTTP/1.1" 200 12
127.0.0.1 - - [24/Jul/2024:17:45:53 +0530] "POST /salesCore/getAllBudget HTTP/1.1" 200 2883
127.0.0.1 - - [24/Jul/2024:17:45:53 +0530] "POST /salesCore/getUserCommonList HTTP/1.1" 200 1303
0:0:0:0:0:0:0:1 - - [24/Jul/2024:17:45:53 +0530] "GET /sales/dashboard HTTP/1.1" 200 36771
127.0.0.1 - - [24/Jul/2024:17:45:54 +0530] "POST /salesCore/getDashboardData HTTP/1.1" 200 2755
127.0.0.1 - - [24/Jul/2024:17:45:54 +0530] "POST /salesCore/todayRemindersCount HTTP/1.1" 200 110
0:0:0:0:0:0:0:1 - - [24/Jul/2024:17:45:54 +0530] "GET /sales/getChartData HTTP/1.1" 200 462
0:0:0:0:0:0:0:1 - - [24/Jul/2024:17:45:54 +0530] "POST /sales/todayReminders HTTP/1.1" 200 11
0:0:0:0:0:0:0:1 - - [24/Jul/2024:17:45:54 +0530] "GET /sales/yearBudgets HTTP/1.1" 500 129
127.0.0.1 - - [24/Jul/2024:17:45:56 +0530] "POST /salesCore/getYearBudgets HTTP/1.1" 200 2883
127.0.0.1 - - [24/Jul/2024:17:45:56 +0530] "POST /salesCore/getDashboardData HTTP/1.1" 200 2755
0:0:0:0:0:0:0:1 - - [24/Jul/2024:17:45:56 +0530] "GET /sales/getChartData?year%5B%5D=2024-25 HTTP/1.1" 200 462
0:0:0:0:0:0:0:1 - - [24/Jul/2024:17:45:56 +0530] "GET /sales/yearBudgets?year%5B%5D=2024-25 HTTP/1.1" 200 2083
127.0.0.1 - - [24/Jul/2024:17:45:58 +0530] "POST /salesCore/getAllbyzone HTTP/1.1" 200 1411
127.0.0.1 - - [24/Jul/2024:17:45:58 +0530] "POST /salesCore/getDashboardData HTTP/1.1" 200 367
127.0.0.1 - - [24/Jul/2024:17:45:58 +0530] "POST /salesCore/getYearBudgets HTTP/1.1" 200 110
0:0:0:0:0:0:0:1 - - [24/Jul/2024:17:45:58 +0530] "GET /sales/getChartData?year%5B%5D=2024-25&zone%5B%5D=East HTTP/1.1" 200 440
0:0:0:0:0:0:0:1 - - [24/Jul/2024:17:45:58 +0530] "POST /sales/getAllbyzone HTTP/1.1" 200 988
0:0:0:0:0:0:0:1 - - [24/Jul/2024:17:45:58 +0530] "GET /sales/yearBudgets?year%5B%5D=2024-25&zone%5B%5D=East HTTP/1.1" 200 12
127.0.0.1 - - [24/Jul/2024:17:46:02 +0530] "POST /salesCore/getAllbyzone HTTP/1.1" 200 110
0:0:0:0:0:0:0:1 - - [24/Jul/2024:17:46:02 +0530] "POST /sales/getAllbyzone HTTP/1.1" 200 12
127.0.0.1 - - [24/Jul/2024:17:46:02 +0530] "POST /salesCore/getDashboardData HTTP/1.1" 200 2755
127.0.0.1 - - [24/Jul/2024:17:46:02 +0530] "POST /salesCore/getYearBudgets HTTP/1.1" 200 2883
0:0:0:0:0:0:0:1 - - [24/Jul/2024:17:46:02 +0530] "GET /sales/yearBudgets?year%5B%5D=2024-25 HTTP/1.1" 200 2083
0:0:0:0:0:0:0:1 - - [24/Jul/2024:17:46:02 +0530] "GET /sales/getChartData?year%5B%5D=2024-25 HTTP/1.1" 200 462
127.0.0.1 - - [24/Jul/2024:17:46:03 +0530] "POST /salesCore/getYearBudgets HTTP/1.1" 200 110
127.0.0.1 - - [24/Jul/2024:17:46:03 +0530] "POST /salesCore/getDashboardData HTTP/1.1" 200 367
127.0.0.1 - - [24/Jul/2024:17:46:03 +0530] "POST /salesCore/getAllbyzone HTTP/1.1" 200 1411
0:0:0:0:0:0:0:1 - - [24/Jul/2024:17:46:03 +0530] "POST /sales/getAllbyzone HTTP/1.1" 200 990
0:0:0:0:0:0:0:1 - - [24/Jul/2024:17:46:03 +0530] "GET /sales/yearBudgets?year%5B%5D=2024-25&zone%5B%5D=West HTTP/1.1" 200 12
0:0:0:0:0:0:0:1 - - [24/Jul/2024:17:46:03 +0530] "GET /sales/getChartData?year%5B%5D=2024-25&zone%5B%5D=West HTTP/1.1" 200 440
127.0.0.1 - - [24/Jul/2024:17:46:08 +0530] "POST /salesCore/getAllbyzone HTTP/1.1" 200 110
0:0:0:0:0:0:0:1 - - [24/Jul/2024:17:46:08 +0530] "POST /sales/getAllbyzone HTTP/1.1" 200 12
127.0.0.1 - - [24/Jul/2024:17:46:08 +0530] "POST /salesCore/getDashboardData HTTP/1.1" 200 2755
0:0:0:0:0:0:0:1 - - [24/Jul/2024:17:46:08 +0530] "GET /sales/getChartData?year%5B%5D=2024-25 HTTP/1.1" 200 462
127.0.0.1 - - [24/Jul/2024:17:46:08 +0530] "POST /salesCore/getYearBudgets HTTP/1.1" 200 2883
0:0:0:0:0:0:0:1 - - [24/Jul/2024:17:46:08 +0530] "GET /sales/yearBudgets?year%5B%5D=2024-25 HTTP/1.1" 200 2083
127.0.0.1 - - [24/Jul/2024:17:46:10 +0530] "POST /salesCore/getAllbyzone HTTP/1.1" 200 1431
127.0.0.1 - - [24/Jul/2024:17:46:10 +0530] "POST /salesCore/getDashboardData HTTP/1.1" 200 2371
127.0.0.1 - - [24/Jul/2024:17:46:10 +0530] "POST /salesCore/getYearBudgets HTTP/1.1" 200 2883
0:0:0:0:0:0:0:1 - - [24/Jul/2024:17:46:10 +0530] "GET /sales/getChartData?year%5B%5D=2024-25&zone%5B%5D=North HTTP/1.1" 200 462
0:0:0:0:0:0:0:1 - - [24/Jul/2024:17:46:10 +0530] "POST /sales/getAllbyzone HTTP/1.1" 200 995
0:0:0:0:0:0:0:1 - - [24/Jul/2024:17:46:10 +0530] "GET /sales/yearBudgets?year%5B%5D=2024-25&zone%5B%5D=North HTTP/1.1" 200 2082
127.0.0.1 - - [24/Jul/2024:17:48:20 +0530] "POST /salesCore/getDashboardData HTTP/1.1" 200 367
127.0.0.1 - - [24/Jul/2024:17:48:20 +0530] "POST /salesCore/getYearBudgets HTTP/1.1" 200 110
0:0:0:0:0:0:0:1 - - [24/Jul/2024:17:48:20 +0530] "GET /sales/getChartData?year%5B%5D=2024-25&zone%5B%5D=North&bde%5B%5D=srinivas HTTP/1.1" 200 428
0:0:0:0:0:0:0:1 - - [24/Jul/2024:17:48:20 +0530] "GET /sales/yearBudgets?year%5B%5D=2024-25&zone%5B%5D=North&bde%5B%5D=srinivas HTTP/1.1" 200 12
127.0.0.1 - - [24/Jul/2024:17:48:59 +0530] "POST /salesCore/getYearBudgets HTTP/1.1" 200 2883
127.0.0.1 - - [24/Jul/2024:17:48:59 +0530] "POST /salesCore/getDashboardData HTTP/1.1" 200 2371
0:0:0:0:0:0:0:1 - - [24/Jul/2024:17:48:59 +0530] "GET /sales/yearBudgets?year%5B%5D=2024-25&zone%5B%5D=North HTTP/1.1" 200 2082
0:0:0:0:0:0:0:1 - - [24/Jul/2024:17:48:59 +0530] "GET /sales/getChartData?year%5B%5D=2024-25&zone%5B%5D=North HTTP/1.1" 200 462
127.0.0.1 - - [24/Jul/2024:17:49:01 +0530] "POST /salesCore/getYearBudgets HTTP/1.1" 200 2883
127.0.0.1 - - [24/Jul/2024:17:49:01 +0530] "POST /salesCore/getDashboardData HTTP/1.1" 200 1455
0:0:0:0:0:0:0:1 - - [24/Jul/2024:17:49:01 +0530] "GET /sales/yearBudgets?year%5B%5D=2024-25&zone%5B%5D=North&bde%5B%5D=Aravind HTTP/1.1" 200 2079
0:0:0:0:0:0:0:1 - - [24/Jul/2024:17:49:01 +0530] "GET /sales/getChartData?year%5B%5D=2024-25&zone%5B%5D=North&bde%5B%5D=Aravind HTTP/1.1" 200 440
127.0.0.1 - - [24/Jul/2024:17:49:02 +0530] "POST /salesCore/getYearBudgets HTTP/1.1" 200 2883
127.0.0.1 - - [24/Jul/2024:17:49:02 +0530] "POST /salesCore/getDashboardData HTTP/1.1" 200 2371
0:0:0:0:0:0:0:1 - - [24/Jul/2024:17:49:02 +0530] "GET /sales/getChartData?year%5B%5D=2024-25&zone%5B%5D=North HTTP/1.1" 200 462
0:0:0:0:0:0:0:1 - - [24/Jul/2024:17:49:02 +0530] "GET /sales/yearBudgets?year%5B%5D=2024-25&zone%5B%5D=North HTTP/1.1" 200 2082
127.0.0.1 - - [24/Jul/2024:17:49:03 +0530] "POST /salesCore/getYearBudgets HTTP/1.1" 200 2883
127.0.0.1 - - [24/Jul/2024:17:49:03 +0530] "POST /salesCore/getDashboardData HTTP/1.1" 200 1263
0:0:0:0:0:0:0:1 - - [24/Jul/2024:17:49:03 +0530] "GET /sales/yearBudgets?year%5B%5D=2024-25&zone%5B%5D=North&bde%5B%5D=Madhu HTTP/1.1" 200 2079
0:0:0:0:0:0:0:1 - - [24/Jul/2024:17:49:03 +0530] "GET /sales/getChartData?year%5B%5D=2024-25&zone%5B%5D=North&bde%5B%5D=Madhu HTTP/1.1" 200 438
127.0.0.1 - - [24/Jul/2024:17:49:11 +0530] "POST /salesCore/getYearBudgets HTTP/1.1" 200 2883
127.0.0.1 - - [24/Jul/2024:17:49:11 +0530] "POST /salesCore/getDashboardData HTTP/1.1" 200 2371
0:0:0:0:0:0:0:1 - - [24/Jul/2024:17:49:11 +0530] "GET /sales/getChartData?year%5B%5D=2024-25&zone%5B%5D=North HTTP/1.1" 200 462
0:0:0:0:0:0:0:1 - - [24/Jul/2024:17:49:11 +0530] "GET /sales/yearBudgets?year%5B%5D=2024-25&zone%5B%5D=North HTTP/1.1" 200 2082
127.0.0.1 - - [24/Jul/2024:17:49:13 +0530] "POST /salesCore/getAllbyzone HTTP/1.1" 200 110
0:0:0:0:0:0:0:1 - - [24/Jul/2024:17:49:13 +0530] "POST /sales/getAllbyzone HTTP/1.1" 200 12
127.0.0.1 - - [24/Jul/2024:17:49:13 +0530] "POST /salesCore/getDashboardData HTTP/1.1" 200 2755
0:0:0:0:0:0:0:1 - - [24/Jul/2024:17:49:13 +0530] "GET /sales/getChartData?year%5B%5D=2024-25 HTTP/1.1" 200 462
127.0.0.1 - - [24/Jul/2024:17:49:13 +0530] "POST /salesCore/getYearBudgets HTTP/1.1" 200 2883
0:0:0:0:0:0:0:1 - - [24/Jul/2024:17:49:13 +0530] "GET /sales/yearBudgets?year%5B%5D=2024-25 HTTP/1.1" 200 2083
127.0.0.1 - - [24/Jul/2024:17:56:08 +0530] "POST /salesCore/getYearBudgets HTTP/1.1" 200 110
127.0.0.1 - - [24/Jul/2024:17:56:08 +0530] "POST /salesCore/getAllbyzone HTTP/1.1" 200 1411
127.0.0.1 - - [24/Jul/2024:17:56:08 +0530] "POST /salesCore/getDashboardData HTTP/1.1" 200 367
0:0:0:0:0:0:0:1 - - [24/Jul/2024:17:56:08 +0530] "GET /sales/yearBudgets?year%5B%5D=2024-25&zone%5B%5D=East HTTP/1.1" 200 12
0:0:0:0:0:0:0:1 - - [24/Jul/2024:17:56:08 +0530] "POST /sales/getAllbyzone HTTP/1.1" 200 988
0:0:0:0:0:0:0:1 - - [24/Jul/2024:17:56:08 +0530] "GET /sales/getChartData?year%5B%5D=2024-25&zone%5B%5D=East HTTP/1.1" 200 440
127.0.0.1 - - [24/Jul/2024:17:57:24 +0530] "POST /salesCore/getAllBudget HTTP/1.1" 200 2883
127.0.0.1 - - [24/Jul/2024:17:57:24 +0530] "POST /salesCore/getUserCommonList HTTP/1.1" 200 1303
0:0:0:0:0:0:0:1 - - [24/Jul/2024:17:57:25 +0530] "GET /sales/dashboard HTTP/1.1" 200 36703
127.0.0.1 - - [24/Jul/2024:17:57:25 +0530] "POST /salesCore/todayRemindersCount HTTP/1.1" 200 110
0:0:0:0:0:0:0:1 - - [24/Jul/2024:17:57:25 +0530] "POST /sales/todayReminders HTTP/1.1" 200 11
0:0:0:0:0:0:0:1 - - [24/Jul/2024:17:57:25 +0530] "GET /sales/yearBudgets HTTP/1.1" 500 129
127.0.0.1 - - [24/Jul/2024:17:57:25 +0530] "POST /salesCore/getDashboardData HTTP/1.1" 200 2755
0:0:0:0:0:0:0:1 - - [24/Jul/2024:17:57:25 +0530] "GET /sales/getChartData HTTP/1.1" 200 462
127.0.0.1 - - [24/Jul/2024:17:57:26 +0530] "POST /salesCore/getAllBudget HTTP/1.1" 200 2883
127.0.0.1 - - [24/Jul/2024:17:57:26 +0530] "POST /salesCore/getUserCommonList HTTP/1.1" 200 1303
0:0:0:0:0:0:0:1 - - [24/Jul/2024:17:57:26 +0530] "GET /sales/dashboard HTTP/1.1" 200 36703
127.0.0.1 - - [24/Jul/2024:17:57:26 +0530] "POST /salesCore/todayRemindersCount HTTP/1.1" 200 110
0:0:0:0:0:0:0:1 - - [24/Jul/2024:17:57:26 +0530] "POST /sales/todayReminders HTTP/1.1" 200 11
0:0:0:0:0:0:0:1 - - [24/Jul/2024:17:57:26 +0530] "GET /sales/yearBudgets HTTP/1.1" 500 129
127.0.0.1 - - [24/Jul/2024:17:57:26 +0530] "POST /salesCore/getDashboardData HTTP/1.1" 200 2755
0:0:0:0:0:0:0:1 - - [24/Jul/2024:17:57:26 +0530] "GET /sales/getChartData HTTP/1.1" 200 462
0:0:0:0:0:0:0:1 - - [24/Jul/2024:17:57:29 +0530] "GET /sales/yearBudgets HTTP/1.1" 500 129
127.0.0.1 - - [24/Jul/2024:17:57:29 +0530] "POST /salesCore/getDashboardData HTTP/1.1" 200 2755
0:0:0:0:0:0:0:1 - - [24/Jul/2024:17:57:29 +0530] "GET /sales/getChartData HTTP/1.1" 200 462
127.0.0.1 - - [24/Jul/2024:17:57:31 +0530] "POST /salesCore/getDashboardData HTTP/1.1" 200 2755
127.0.0.1 - - [24/Jul/2024:17:57:31 +0530] "POST /salesCore/getYearBudgets HTTP/1.1" 200 2883
0:0:0:0:0:0:0:1 - - [24/Jul/2024:17:57:31 +0530] "GET /sales/getChartData?year%5B%5D=2024-25 HTTP/1.1" 200 462
0:0:0:0:0:0:0:1 - - [24/Jul/2024:17:57:31 +0530] "GET /sales/yearBudgets?year%5B%5D=2024-25 HTTP/1.1" 200 2083
127.0.0.1 - - [24/Jul/2024:17:57:33 +0530] "POST /salesCore/getDashboardData HTTP/1.1" 200 367
0:0:0:0:0:0:0:1 - - [24/Jul/2024:17:57:33 +0530] "GET /sales/getChartData?year%5B%5D=2024-25&zone%5B%5D=East HTTP/1.1" 200 440
127.0.0.1 - - [24/Jul/2024:17:57:33 +0530] "POST /salesCore/getAllbyzone HTTP/1.1" 200 110
127.0.0.1 - - [24/Jul/2024:17:57:33 +0530] "POST /salesCore/getYearBudgets HTTP/1.1" 200 110
0:0:0:0:0:0:0:1 - - [24/Jul/2024:17:57:33 +0530] "GET /sales/yearBudgets?year%5B%5D=2024-25&zone%5B%5D=East HTTP/1.1" 200 12
0:0:0:0:0:0:0:1 - - [24/Jul/2024:17:57:33 +0530] "POST /sales/getAllbyzone HTTP/1.1" 200 12
127.0.0.1 - - [24/Jul/2024:17:57:36 +0530] "POST /salesCore/getDashboardData HTTP/1.1" 200 2755
127.0.0.1 - - [24/Jul/2024:17:57:36 +0530] "POST /salesCore/getAllbyzone HTTP/1.1" 200 110
127.0.0.1 - - [24/Jul/2024:17:57:36 +0530] "POST /salesCore/getYearBudgets HTTP/1.1" 200 2883
0:0:0:0:0:0:0:1 - - [24/Jul/2024:17:57:36 +0530] "GET /sales/getChartData?year%5B%5D=2024-25 HTTP/1.1" 200 462
0:0:0:0:0:0:0:1 - - [24/Jul/2024:17:57:36 +0530] "GET /sales/yearBudgets?year%5B%5D=2024-25 HTTP/1.1" 200 2083
0:0:0:0:0:0:0:1 - - [24/Jul/2024:17:57:36 +0530] "POST /sales/getAllbyzone HTTP/1.1" 200 12
127.0.0.1 - - [24/Jul/2024:17:57:37 +0530] "POST /salesCore/getAllbyzone HTTP/1.1" 200 110
127.0.0.1 - - [24/Jul/2024:17:57:37 +0530] "POST /salesCore/getYearBudgets HTTP/1.1" 200 110
127.0.0.1 - - [24/Jul/2024:17:57:37 +0530] "POST /salesCore/getDashboardData HTTP/1.1" 200 367
0:0:0:0:0:0:0:1 - - [24/Jul/2024:17:57:37 +0530] "POST /sales/getAllbyzone HTTP/1.1" 200 12
0:0:0:0:0:0:0:1 - - [24/Jul/2024:17:57:37 +0530] "GET /sales/yearBudgets?year%5B%5D=2024-25&zone%5B%5D=West HTTP/1.1" 200 12
0:0:0:0:0:0:0:1 - - [24/Jul/2024:17:57:37 +0530] "GET /sales/getChartData?year%5B%5D=2024-25&zone%5B%5D=West HTTP/1.1" 200 440
127.0.0.1 - - [24/Jul/2024:17:57:41 +0530] "POST /salesCore/getYearBudgets HTTP/1.1" 200 2883
127.0.0.1 - - [24/Jul/2024:17:57:41 +0530] "POST /salesCore/getAllbyzone HTTP/1.1" 200 110
0:0:0:0:0:0:0:1 - - [24/Jul/2024:17:57:41 +0530] "GET /sales/yearBudgets?year%5B%5D=2024-25&zone%5B%5D=North&zone%5B%5D=West HTTP/1.1" 200 2082
127.0.0.1 - - [24/Jul/2024:17:57:41 +0530] "POST /salesCore/getDashboardData HTTP/1.1" 200 2371
0:0:0:0:0:0:0:1 - - [24/Jul/2024:17:57:41 +0530] "POST /sales/getAllbyzone HTTP/1.1" 200 12
0:0:0:0:0:0:0:1 - - [24/Jul/2024:17:57:41 +0530] "GET /sales/getChartData?year%5B%5D=2024-25&zone%5B%5D=North&zone%5B%5D=West HTTP/1.1" 200 462
127.0.0.1 - - [24/Jul/2024:17:57:51 +0530] "POST /salesCore/getAllBudget HTTP/1.1" 200 2883
127.0.0.1 - - [24/Jul/2024:17:57:51 +0530] "POST /salesCore/getUserCommonList HTTP/1.1" 200 1303
0:0:0:0:0:0:0:1 - - [24/Jul/2024:17:57:51 +0530] "GET /sales/dashboard HTTP/1.1" 200 36771
0:0:0:0:0:0:0:1 - - [24/Jul/2024:17:57:52 +0530] "GET /sales/yearBudgets HTTP/1.1" 500 129
127.0.0.1 - - [24/Jul/2024:17:57:52 +0530] "POST /salesCore/todayRemindersCount HTTP/1.1" 200 110
127.0.0.1 - - [24/Jul/2024:17:57:52 +0530] "POST /salesCore/getDashboardData HTTP/1.1" 200 2755
0:0:0:0:0:0:0:1 - - [24/Jul/2024:17:57:52 +0530] "POST /sales/todayReminders HTTP/1.1" 200 11
0:0:0:0:0:0:0:1 - - [24/Jul/2024:17:57:52 +0530] "GET /sales/getChartData HTTP/1.1" 200 462
127.0.0.1 - - [24/Jul/2024:17:57:53 +0530] "POST /salesCore/getDashboardData HTTP/1.1" 200 2755
127.0.0.1 - - [24/Jul/2024:17:57:53 +0530] "POST /salesCore/getYearBudgets HTTP/1.1" 200 2883
0:0:0:0:0:0:0:1 - - [24/Jul/2024:17:57:53 +0530] "GET /sales/getChartData?year%5B%5D=2024-25 HTTP/1.1" 200 462
0:0:0:0:0:0:0:1 - - [24/Jul/2024:17:57:53 +0530] "GET /sales/yearBudgets?year%5B%5D=2024-25 HTTP/1.1" 200 2083
127.0.0.1 - - [24/Jul/2024:17:57:55 +0530] "POST /salesCore/getAllbyzone HTTP/1.1" 200 1411
0:0:0:0:0:0:0:1 - - [24/Jul/2024:17:57:55 +0530] "POST /sales/getAllbyzone HTTP/1.1" 200 988
127.0.0.1 - - [24/Jul/2024:17:57:55 +0530] "POST /salesCore/getDashboardData HTTP/1.1" 200 367
0:0:0:0:0:0:0:1 - - [24/Jul/2024:17:57:55 +0530] "GET /sales/getChartData?year%5B%5D=2024-25&zone%5B%5D=East HTTP/1.1" 200 440
127.0.0.1 - - [24/Jul/2024:17:57:55 +0530] "POST /salesCore/getYearBudgets HTTP/1.1" 200 110
0:0:0:0:0:0:0:1 - - [24/Jul/2024:17:57:55 +0530] "GET /sales/yearBudgets?year%5B%5D=2024-25&zone%5B%5D=East HTTP/1.1" 200 12
127.0.0.1 - - [24/Jul/2024:17:57:58 +0530] "POST /salesCore/getDashboardData HTTP/1.1" 200 367
0:0:0:0:0:0:0:1 - - [24/Jul/2024:17:57:58 +0530] "GET /sales/getChartData?year%5B%5D=2024-25&zone%5B%5D=East&bde%5B%5D=BDE1 HTTP/1.1" 200 392
127.0.0.1 - - [24/Jul/2024:17:57:58 +0530] "POST /salesCore/getYearBudgets HTTP/1.1" 200 110
0:0:0:0:0:0:0:1 - - [24/Jul/2024:17:57:58 +0530] "GET /sales/yearBudgets?year%5B%5D=2024-25&zone%5B%5D=East&bde%5B%5D=BDE1 HTTP/1.1" 200 12
127.0.0.1 - - [24/Jul/2024:17:57:59 +0530] "POST /salesCore/getDashboardData HTTP/1.1" 200 367
127.0.0.1 - - [24/Jul/2024:17:57:59 +0530] "POST /salesCore/getYearBudgets HTTP/1.1" 200 110
0:0:0:0:0:0:0:1 - - [24/Jul/2024:17:57:59 +0530] "GET /sales/getChartData?year%5B%5D=2024-25&zone%5B%5D=East HTTP/1.1" 200 440
0:0:0:0:0:0:0:1 - - [24/Jul/2024:17:57:59 +0530] "GET /sales/yearBudgets?year%5B%5D=2024-25&zone%5B%5D=East HTTP/1.1" 200 12
127.0.0.1 - - [24/Jul/2024:17:58:05 +0530] "POST /salesCore/getYearBudgets HTTP/1.1" 200 2883
127.0.0.1 - - [24/Jul/2024:17:58:05 +0530] "POST /salesCore/getDashboardData HTTP/1.1" 200 2371
127.0.0.1 - - [24/Jul/2024:17:58:05 +0530] "POST /salesCore/getAllbyzone HTTP/1.1" 200 1431
0:0:0:0:0:0:0:1 - - [24/Jul/2024:17:58:05 +0530] "GET /sales/yearBudgets?year%5B%5D=2024-25&zone%5B%5D=North&zone%5B%5D=East HTTP/1.1" 200 2082
0:0:0:0:0:0:0:1 - - [24/Jul/2024:17:58:05 +0530] "GET /sales/getChartData?year%5B%5D=2024-25&zone%5B%5D=North&zone%5B%5D=East HTTP/1.1" 200 462
0:0:0:0:0:0:0:1 - - [24/Jul/2024:17:58:05 +0530] "POST /sales/getAllbyzone HTTP/1.1" 200 995
127.0.0.1 - - [24/Jul/2024:17:58:10 +0530] "POST /salesCore/getYearBudgets HTTP/1.1" 200 2883
127.0.0.1 - - [24/Jul/2024:17:58:10 +0530] "POST /salesCore/getDashboardData HTTP/1.1" 200 1455
0:0:0:0:0:0:0:1 - - [24/Jul/2024:17:58:10 +0530] "GET /sales/getChartData?year%5B%5D=2024-25&zone%5B%5D=North&zone%5B%5D=East&bde%5B%5D=Aravind HTTP/1.1" 200 440
0:0:0:0:0:0:0:1 - - [24/Jul/2024:17:58:10 +0530] "GET /sales/yearBudgets?year%5B%5D=2024-25&zone%5B%5D=North&zone%5B%5D=East&bde%5B%5D=Aravind HTTP/1.1" 200 2079
127.0.0.1 - - [24/Jul/2024:17:58:12 +0530] "POST /salesCore/getYearBudgets HTTP/1.1" 200 2883
0:0:0:0:0:0:0:1 - - [24/Jul/2024:17:58:12 +0530] "GET /sales/yearBudgets?year%5B%5D=2024-25&zone%5B%5D=North&zone%5B%5D=East HTTP/1.1" 200 2082
127.0.0.1 - - [24/Jul/2024:17:58:12 +0530] "POST /salesCore/getDashboardData HTTP/1.1" 200 2371
0:0:0:0:0:0:0:1 - - [24/Jul/2024:17:58:12 +0530] "GET /sales/getChartData?year%5B%5D=2024-25&zone%5B%5D=North&zone%5B%5D=East HTTP/1.1" 200 462
127.0.0.1 - - [24/Jul/2024:17:58:13 +0530] "POST /salesCore/getYearBudgets HTTP/1.1" 200 2883
127.0.0.1 - - [24/Jul/2024:17:58:13 +0530] "POST /salesCore/getDashboardData HTTP/1.1" 200 1263
0:0:0:0:0:0:0:1 - - [24/Jul/2024:17:58:13 +0530] "GET /sales/yearBudgets?year%5B%5D=2024-25&zone%5B%5D=North&zone%5B%5D=East&bde%5B%5D=Madhu HTTP/1.1" 200 2079
0:0:0:0:0:0:0:1 - - [24/Jul/2024:17:58:13 +0530] "GET /sales/getChartData?year%5B%5D=2024-25&zone%5B%5D=North&zone%5B%5D=East&bde%5B%5D=Madhu HTTP/1.1" 200 438
127.0.0.1 - - [24/Jul/2024:18:01:11 +0530] "POST /salesCore/getAllBudget HTTP/1.1" 200 2883
127.0.0.1 - - [24/Jul/2024:18:01:11 +0530] "POST /salesCore/getUserCommonList HTTP/1.1" 200 1303
127.0.0.1 - - [24/Jul/2024:18:01:12 +0530] "POST /salesCore/getAllBudget HTTP/1.1" 200 2883
127.0.0.1 - - [24/Jul/2024:18:01:12 +0530] "POST /salesCore/getUserCommonList HTTP/1.1" 200 1303
0:0:0:0:0:0:0:1 - - [24/Jul/2024:18:01:13 +0530] "GET /sales/dashboard HTTP/1.1" 200 36885
0:0:0:0:0:0:0:1 - - [24/Jul/2024:18:01:13 +0530] "GET /sales/dashboard HTTP/1.1" 200 8206
127.0.0.1 - - [24/Jul/2024:18:01:13 +0530] "POST /salesCore/todayRemindersCount HTTP/1.1" 200 110
0:0:0:0:0:0:0:1 - - [24/Jul/2024:18:01:13 +0530] "POST /sales/todayReminders HTTP/1.1" 200 11
0:0:0:0:0:0:0:1 - - [24/Jul/2024:18:01:13 +0530] "GET /sales/yearBudgets HTTP/1.1" 500 129
127.0.0.1 - - [24/Jul/2024:18:01:13 +0530] "POST /salesCore/getDashboardData HTTP/1.1" 200 2755
0:0:0:0:0:0:0:1 - - [24/Jul/2024:18:01:13 +0530] "GET /sales/getChartData HTTP/1.1" 200 462
0:0:0:0:0:0:0:1 - - [24/Jul/2024:18:01:17 +0530] "GET /sales/yearBudgets HTTP/1.1" 500 129
127.0.0.1 - - [24/Jul/2024:18:01:17 +0530] "POST /salesCore/getDashboardData HTTP/1.1" 200 2755
0:0:0:0:0:0:0:1 - - [24/Jul/2024:18:01:17 +0530] "GET /sales/getChartData HTTP/1.1" 200 462
0:0:0:0:0:0:0:1 - - [24/Jul/2024:18:01:21 +0530] "GET /sales/js/filter-multi-select-bundle.min.js.map HTTP/1.1" 404 146
0:0:0:0:0:0:0:1 - - [24/Jul/2024:18:01:21 +0530] "GET /sales/js/chart.umd.js.map HTTP/1.1" 404 125
127.0.0.1 - - [24/Jul/2024:18:01:24 +0530] "POST /salesCore/getYearBudgets HTTP/1.1" 200 2883
127.0.0.1 - - [24/Jul/2024:18:01:24 +0530] "POST /salesCore/getDashboardData HTTP/1.1" 200 2755
0:0:0:0:0:0:0:1 - - [24/Jul/2024:18:01:24 +0530] "GET /sales/yearBudgets?year%5B%5D=2024-25 HTTP/1.1" 200 2083
0:0:0:0:0:0:0:1 - - [24/Jul/2024:18:01:24 +0530] "GET /sales/getChartData?year%5B%5D=2024-25 HTTP/1.1" 200 462
0:0:0:0:0:0:0:1 - - [24/Jul/2024:18:01:26 +0530] "POST /sales/getAllbyzone HTTP/1.1" 400 120
127.0.0.1 - - [24/Jul/2024:18:01:26 +0530] "POST /salesCore/getYearBudgets HTTP/1.1" 200 110
0:0:0:0:0:0:0:1 - - [24/Jul/2024:18:01:26 +0530] "GET /sales/yearBudgets?year%5B%5D=2024-25&zone%5B%5D=East HTTP/1.1" 200 12
127.0.0.1 - - [24/Jul/2024:18:01:26 +0530] "POST /salesCore/getDashboardData HTTP/1.1" 200 367
0:0:0:0:0:0:0:1 - - [24/Jul/2024:18:01:26 +0530] "GET /sales/getChartData?year%5B%5D=2024-25&zone%5B%5D=East HTTP/1.1" 200 440
0:0:0:0:0:0:0:1 - - [24/Jul/2024:18:01:29 +0530] "POST /sales/getAllbyzone HTTP/1.1" 400 120
127.0.0.1 - - [24/Jul/2024:18:01:30 +0530] "POST /salesCore/getYearBudgets HTTP/1.1" 200 110
127.0.0.1 - - [24/Jul/2024:18:01:30 +0530] "POST /salesCore/getDashboardData HTTP/1.1" 200 367
0:0:0:0:0:0:0:1 - - [24/Jul/2024:18:01:30 +0530] "GET /sales/yearBudgets?year%5B%5D=2024-25&zone%5B%5D=East&zone%5B%5D=West HTTP/1.1" 200 12
0:0:0:0:0:0:0:1 - - [24/Jul/2024:18:01:30 +0530] "GET /sales/getChartData?year%5B%5D=2024-25&zone%5B%5D=East&zone%5B%5D=West HTTP/1.1" 200 440
0:0:0:0:0:0:0:1 - - [24/Jul/2024:18:05:36 +0530] "POST /sales/getAllbyzone HTTP/1.1" 400 120
127.0.0.1 - - [24/Jul/2024:18:05:37 +0530] "POST /salesCore/getYearBudgets HTTP/1.1" 200 110
127.0.0.1 - - [24/Jul/2024:18:05:37 +0530] "POST /salesCore/getDashboardData HTTP/1.1" 200 367
0:0:0:0:0:0:0:1 - - [24/Jul/2024:18:05:37 +0530] "GET /sales/getChartData?year%5B%5D=2024-25&zone%5B%5D=East HTTP/1.1" 200 440
0:0:0:0:0:0:0:1 - - [24/Jul/2024:18:05:37 +0530] "GET /sales/yearBudgets?year%5B%5D=2024-25&zone%5B%5D=East HTTP/1.1" 200 12
0:0:0:0:0:0:0:1 - - [24/Jul/2024:18:05:38 +0530] "POST /sales/getAllbyzone HTTP/1.1" 400 120
127.0.0.1 - - [24/Jul/2024:18:05:38 +0530] "POST /salesCore/getYearBudgets HTTP/1.1" 200 110
127.0.0.1 - - [24/Jul/2024:18:05:38 +0530] "POST /salesCore/getDashboardData HTTP/1.1" 200 367
0:0:0:0:0:0:0:1 - - [24/Jul/2024:18:05:38 +0530] "GET /sales/yearBudgets?year%5B%5D=2024-25&zone%5B%5D=East&zone%5B%5D=West HTTP/1.1" 200 12
0:0:0:0:0:0:0:1 - - [24/Jul/2024:18:05:38 +0530] "GET /sales/getChartData?year%5B%5D=2024-25&zone%5B%5D=East&zone%5B%5D=West HTTP/1.1" 200 440
127.0.0.1 - - [24/Jul/2024:18:06:12 +0530] "POST /salesCore/getAllBudget HTTP/1.1" 200 2883
127.0.0.1 - - [24/Jul/2024:18:06:12 +0530] "POST /salesCore/getUserCommonList HTTP/1.1" 200 1303
0:0:0:0:0:0:0:1 - - [24/Jul/2024:18:06:12 +0530] "GET /sales/dashboard HTTP/1.1" 200 36771
127.0.0.1 - - [24/Jul/2024:18:06:12 +0530] "POST /salesCore/todayRemindersCount HTTP/1.1" 200 110
0:0:0:0:0:0:0:1 - - [24/Jul/2024:18:06:12 +0530] "POST /sales/todayReminders HTTP/1.1" 200 11
