127.0.0.1 - - [19/Jul/2024:18:49:32 +0530] "POST /salesCore/getClientDetailsbyid HTTP/1.1" 200 1111
0:0:0:0:0:0:0:1 - - [19/Jul/2024:18:49:33 +0530] "GET /sales/clientList HTTP/1.1" 200 19872
127.0.0.1 - - [19/Jul/2024:18:49:33 +0530] "POST /salesCore/todayRemindersCount HTTP/1.1" 200 110
0:0:0:0:0:0:0:1 - - [19/Jul/2024:18:49:33 +0530] "POST /sales/todayReminders HTTP/1.1" 200 11
127.0.0.1 - - [19/Jul/2024:18:49:33 +0530] "POST /salesCore/getClientDetailsbyid HTTP/1.1" 200 1111
0:0:0:0:0:0:0:1 - - [19/Jul/2024:18:49:33 +0530] "GET /sales/clientList HTTP/1.1" 200 19872
127.0.0.1 - - [19/Jul/2024:18:49:33 +0530] "POST /salesCore/todayRemindersCount HTTP/1.1" 200 110
0:0:0:0:0:0:0:1 - - [19/Jul/2024:18:49:33 +0530] "POST /sales/todayReminders HTTP/1.1" 200 11
127.0.0.1 - - [19/Jul/2024:18:49:35 +0530] "POST /salesCore/getAllLeadDetails HTTP/1.1" 200 3031
0:0:0:0:0:0:0:1 - - [19/Jul/2024:18:49:35 +0530] "GET /sales/leadList HTTP/1.1" 200 24356
127.0.0.1 - - [19/Jul/2024:18:49:35 +0530] "POST /salesCore/todayRemindersCount HTTP/1.1" 200 110
0:0:0:0:0:0:0:1 - - [19/Jul/2024:18:49:35 +0530] "POST /sales/todayReminders HTTP/1.1" 200 11
0:0:0:0:0:0:0:1 - - [19/Jul/2024:18:49:37 +0530] "GET /sales/dashboard HTTP/1.1" 200 26701
127.0.0.1 - - [19/Jul/2024:18:49:37 +0530] "POST /salesCore/todayRemindersCount HTTP/1.1" 200 110
0:0:0:0:0:0:0:1 - - [19/Jul/2024:18:49:37 +0530] "POST /sales/todayReminders HTTP/1.1" 200 11
127.0.0.1 - - [19/Jul/2024:18:49:37 +0530] "POST /salesCore/getDashboardData HTTP/1.1" 200 1199
0:0:0:0:0:0:0:1 - - [19/Jul/2024:18:49:37 +0530] "GET /sales/getChartData HTTP/1.1" 200 941
127.0.0.1 - - [19/Jul/2024:18:49:39 +0530] "POST /salesCore/getClientDetailsbyid HTTP/1.1" 200 1111
0:0:0:0:0:0:0:1 - - [19/Jul/2024:18:49:39 +0530] "GET /sales/clientList HTTP/1.1" 200 19872
127.0.0.1 - - [19/Jul/2024:18:49:40 +0530] "POST /salesCore/todayRemindersCount HTTP/1.1" 200 110
0:0:0:0:0:0:0:1 - - [19/Jul/2024:18:49:40 +0530] "POST /sales/todayReminders HTTP/1.1" 200 11
127.0.0.1 - - [19/Jul/2024:18:50:26 +0530] "POST /salesCore/getClientDetailsbyid HTTP/1.1" 200 1111
0:0:0:0:0:0:0:1 - - [19/Jul/2024:18:50:26 +0530] "GET /sales/clientList HTTP/1.1" 200 19872
127.0.0.1 - - [19/Jul/2024:18:50:26 +0530] "POST /salesCore/todayRemindersCount HTTP/1.1" 200 110
0:0:0:0:0:0:0:1 - - [19/Jul/2024:18:50:26 +0530] "POST /sales/todayReminders HTTP/1.1" 200 11
127.0.0.1 - - [19/Jul/2024:18:50:26 +0530] "POST /salesCore/getClientDetailsbyid HTTP/1.1" 200 1111
0:0:0:0:0:0:0:1 - - [19/Jul/2024:18:50:26 +0530] "GET /sales/clientList HTTP/1.1" 200 19872
127.0.0.1 - - [19/Jul/2024:18:50:26 +0530] "POST /salesCore/todayRemindersCount HTTP/1.1" 200 110
0:0:0:0:0:0:0:1 - - [19/Jul/2024:18:50:26 +0530] "POST /sales/todayReminders HTTP/1.1" 200 11
0:0:0:0:0:0:0:1 - - [19/Jul/2024:18:50:28 +0530] "GET /sales/dashboard HTTP/1.1" 200 26701
127.0.0.1 - - [19/Jul/2024:18:50:28 +0530] "POST /salesCore/todayRemindersCount HTTP/1.1" 200 110
0:0:0:0:0:0:0:1 - - [19/Jul/2024:18:50:28 +0530] "POST /sales/todayReminders HTTP/1.1" 200 11
127.0.0.1 - - [19/Jul/2024:18:50:28 +0530] "POST /salesCore/getDashboardData HTTP/1.1" 200 1199
0:0:0:0:0:0:0:1 - - [19/Jul/2024:18:50:28 +0530] "GET /sales/getChartData HTTP/1.1" 200 941
0:0:0:0:0:0:0:1 - - [19/Jul/2024:18:50:29 +0530] "GET /sales/dashboard HTTP/1.1" 200 26701
127.0.0.1 - - [19/Jul/2024:18:50:30 +0530] "POST /salesCore/todayRemindersCount HTTP/1.1" 200 110
0:0:0:0:0:0:0:1 - - [19/Jul/2024:18:50:30 +0530] "POST /sales/todayReminders HTTP/1.1" 200 11
127.0.0.1 - - [19/Jul/2024:18:50:30 +0530] "POST /salesCore/getDashboardData HTTP/1.1" 200 1199
0:0:0:0:0:0:0:1 - - [19/Jul/2024:18:50:30 +0530] "GET /sales/getChartData HTTP/1.1" 200 941
0:0:0:0:0:0:0:1 - - [19/Jul/2024:18:50:31 +0530] "GET /sales/dashboard HTTP/1.1" 200 26701
127.0.0.1 - - [19/Jul/2024:18:50:31 +0530] "POST /salesCore/getClientDetailsbyid HTTP/1.1" 200 1111
0:0:0:0:0:0:0:1 - - [19/Jul/2024:18:50:31 +0530] "GET /sales/clientList HTTP/1.1" 200 19872
127.0.0.1 - - [19/Jul/2024:18:50:31 +0530] "POST /salesCore/getDashboardData HTTP/1.1" 200 1199
0:0:0:0:0:0:0:1 - - [19/Jul/2024:18:50:31 +0530] "GET /sales/getChartData HTTP/1.1" 200 941
127.0.0.1 - - [19/Jul/2024:18:50:31 +0530] "POST /salesCore/todayRemindersCount HTTP/1.1" 200 110
0:0:0:0:0:0:0:1 - - [19/Jul/2024:18:50:31 +0530] "POST /sales/todayReminders HTTP/1.1" 200 11
127.0.0.1 - - [19/Jul/2024:18:50:31 +0530] "POST /salesCore/todayRemindersCount HTTP/1.1" 200 110
0:0:0:0:0:0:0:1 - - [19/Jul/2024:18:50:31 +0530] "POST /sales/todayReminders HTTP/1.1" 200 11
0:0:0:0:0:0:0:1 - - [19/Jul/2024:18:50:41 +0530] "GET /sales/dashboard HTTP/1.1" 200 26701
127.0.0.1 - - [19/Jul/2024:18:50:41 +0530] "POST /salesCore/getDashboardData HTTP/1.1" 200 1199
127.0.0.1 - - [19/Jul/2024:18:50:41 +0530] "POST /salesCore/todayRemindersCount HTTP/1.1" 200 110
0:0:0:0:0:0:0:1 - - [19/Jul/2024:18:50:41 +0530] "POST /sales/todayReminders HTTP/1.1" 200 11
0:0:0:0:0:0:0:1 - - [19/Jul/2024:18:50:41 +0530] "GET /sales/getChartData HTTP/1.1" 200 941
127.0.0.1 - - [19/Jul/2024:18:50:44 +0530] "POST /salesCore/getAllLeadDetails HTTP/1.1" 200 3031
0:0:0:0:0:0:0:1 - - [19/Jul/2024:18:50:44 +0530] "GET /sales/leadList HTTP/1.1" 200 24356
127.0.0.1 - - [19/Jul/2024:18:50:44 +0530] "POST /salesCore/todayRemindersCount HTTP/1.1" 200 110
0:0:0:0:0:0:0:1 - - [19/Jul/2024:18:50:44 +0530] "POST /sales/todayReminders HTTP/1.1" 200 11
0:0:0:0:0:0:0:1 - - [19/Jul/2024:18:50:45 +0530] "GET /sales/dashboard HTTP/1.1" 200 26701
127.0.0.1 - - [19/Jul/2024:18:50:45 +0530] "POST /salesCore/todayRemindersCount HTTP/1.1" 200 110
0:0:0:0:0:0:0:1 - - [19/Jul/2024:18:50:45 +0530] "POST /sales/todayReminders HTTP/1.1" 200 11
127.0.0.1 - - [19/Jul/2024:18:50:45 +0530] "POST /salesCore/getDashboardData HTTP/1.1" 200 1199
0:0:0:0:0:0:0:1 - - [19/Jul/2024:18:50:45 +0530] "GET /sales/getChartData HTTP/1.1" 200 941
0:0:0:0:0:0:0:1 - - [19/Jul/2024:18:51:05 +0530] "GET /sales/dashboard HTTP/1.1" 200 26710
127.0.0.1 - - [19/Jul/2024:18:51:06 +0530] "POST /salesCore/getUserReminderDetails HTTP/1.1" 200 687
127.0.0.1 - - [19/Jul/2024:18:51:06 +0530] "POST /salesCore/todayRemindersCount HTTP/1.1" 200 110
0:0:0:0:0:0:0:1 - - [19/Jul/2024:18:51:06 +0530] "POST /sales/getDueReminders HTTP/1.1" 200 448
0:0:0:0:0:0:0:1 - - [19/Jul/2024:18:51:06 +0530] "POST /sales/todayReminders HTTP/1.1" 200 11
127.0.0.1 - - [19/Jul/2024:18:51:06 +0530] "POST /salesCore/getDashboardData HTTP/1.1" 200 1199
0:0:0:0:0:0:0:1 - - [19/Jul/2024:18:51:06 +0530] "GET /sales/getChartData HTTP/1.1" 200 941
0:0:0:0:0:0:0:1 - - [19/Jul/2024:18:51:06 +0530] "GET /sales/dashboard HTTP/1.1" 200 26710
127.0.0.1 - - [19/Jul/2024:18:51:06 +0530] "POST /salesCore/todayRemindersCount HTTP/1.1" 200 110
0:0:0:0:0:0:0:1 - - [19/Jul/2024:18:51:06 +0530] "POST /sales/todayReminders HTTP/1.1" 200 11
127.0.0.1 - - [19/Jul/2024:18:51:06 +0530] "POST /salesCore/getUserReminderDetails HTTP/1.1" 200 687
0:0:0:0:0:0:0:1 - - [19/Jul/2024:18:51:06 +0530] "POST /sales/getDueReminders HTTP/1.1" 200 448
127.0.0.1 - - [19/Jul/2024:18:51:06 +0530] "POST /salesCore/getDashboardData HTTP/1.1" 200 1199
0:0:0:0:0:0:0:1 - - [19/Jul/2024:18:51:06 +0530] "GET /sales/getChartData HTTP/1.1" 200 941
0:0:0:0:0:0:0:1 - - [19/Jul/2024:18:51:06 +0530] "GET /sales/dashboard HTTP/1.1" 200 26710
127.0.0.1 - - [19/Jul/2024:18:51:07 +0530] "POST /salesCore/todayRemindersCount HTTP/1.1" 200 110
127.0.0.1 - - [19/Jul/2024:18:51:07 +0530] "POST /salesCore/getUserReminderDetails HTTP/1.1" 200 687
0:0:0:0:0:0:0:1 - - [19/Jul/2024:18:51:07 +0530] "POST /sales/todayReminders HTTP/1.1" 200 11
0:0:0:0:0:0:0:1 - - [19/Jul/2024:18:51:07 +0530] "POST /sales/getDueReminders HTTP/1.1" 200 448
127.0.0.1 - - [19/Jul/2024:18:51:07 +0530] "POST /salesCore/getDashboardData HTTP/1.1" 200 1199
0:0:0:0:0:0:0:1 - - [19/Jul/2024:18:51:07 +0530] "GET /sales/getChartData HTTP/1.1" 200 941
127.0.0.1 - - [19/Jul/2024:18:51:09 +0530] "POST /salesCore/getClientDetailsbyid HTTP/1.1" 200 1111
0:0:0:0:0:0:0:1 - - [19/Jul/2024:18:51:09 +0530] "GET /sales/clientList HTTP/1.1" 200 19881
127.0.0.1 - - [19/Jul/2024:18:51:09 +0530] "POST /salesCore/todayRemindersCount HTTP/1.1" 200 110
0:0:0:0:0:0:0:1 - - [19/Jul/2024:18:51:09 +0530] "POST /sales/todayReminders HTTP/1.1" 200 11
127.0.0.1 - - [19/Jul/2024:18:51:11 +0530] "POST /salesCore/getClientDetailsbyid HTTP/1.1" 200 1111
0:0:0:0:0:0:0:1 - - [19/Jul/2024:18:51:11 +0530] "GET /sales/clientList HTTP/1.1" 200 19881
127.0.0.1 - - [19/Jul/2024:18:51:11 +0530] "POST /salesCore/todayRemindersCount HTTP/1.1" 200 110
0:0:0:0:0:0:0:1 - - [19/Jul/2024:18:51:11 +0530] "POST /sales/todayReminders HTTP/1.1" 200 11
0:0:0:0:0:0:0:1 - - [19/Jul/2024:18:51:24 +0530] "GET / HTTP/1.1" 404 751
127.0.0.1 - - [19/Jul/2024:18:51:35 +0530] "POST /salesCore/getAllLeadDetails HTTP/1.1" 200 3031
0:0:0:0:0:0:0:1 - - [19/Jul/2024:18:51:36 +0530] "GET /sales/leadList HTTP/1.1" 200 24365
127.0.0.1 - - [19/Jul/2024:18:51:36 +0530] "POST /salesCore/todayRemindersCount HTTP/1.1" 200 110
0:0:0:0:0:0:0:1 - - [19/Jul/2024:18:51:36 +0530] "POST /sales/todayReminders HTTP/1.1" 200 11
127.0.0.1 - - [19/Jul/2024:18:51:36 +0530] "POST /salesCore/getAllLeadDetails HTTP/1.1" 200 3031
0:0:0:0:0:0:0:1 - - [19/Jul/2024:18:51:36 +0530] "GET /sales/leadList HTTP/1.1" 200 24365
127.0.0.1 - - [19/Jul/2024:18:51:36 +0530] "POST /salesCore/todayRemindersCount HTTP/1.1" 200 110
0:0:0:0:0:0:0:1 - - [19/Jul/2024:18:51:36 +0530] "POST /sales/todayReminders HTTP/1.1" 200 11
0:0:0:0:0:0:0:1 - - [19/Jul/2024:18:53:49 +0530] "GET /sales/logout HTTP/1.1" 302 -
0:0:0:0:0:0:0:1 - - [19/Jul/2024:18:53:49 +0530] "GET /sales/login HTTP/1.1" 200 10532
127.0.0.1 - - [19/Jul/2024:18:53:55 +0530] "POST /salesCore/login HTTP/1.1" 200 656
0:0:0:0:0:0:0:1 - - [19/Jul/2024:18:53:56 +0530] "POST /sales/login HTTP/1.1" 302 -
0:0:0:0:0:0:0:1 - - [19/Jul/2024:18:53:56 +0530] "GET /sales/dashboard HTTP/1.1" 200 26746
127.0.0.1 - - [19/Jul/2024:18:53:56 +0530] "POST /salesCore/todayRemindersCount HTTP/1.1" 200 110
127.0.0.1 - - [19/Jul/2024:18:53:56 +0530] "POST /salesCore/getUserReminderDetails HTTP/1.1" 200 687
0:0:0:0:0:0:0:1 - - [19/Jul/2024:18:53:56 +0530] "POST /sales/getDueReminders HTTP/1.1" 200 448
0:0:0:0:0:0:0:1 - - [19/Jul/2024:18:53:56 +0530] "POST /sales/todayReminders HTTP/1.1" 200 11
127.0.0.1 - - [19/Jul/2024:18:53:56 +0530] "POST /salesCore/getDashboardData HTTP/1.1" 200 1199
0:0:0:0:0:0:0:1 - - [19/Jul/2024:18:53:56 +0530] "GET /sales/getChartData HTTP/1.1" 200 941
127.0.0.1 - - [19/Jul/2024:18:54:02 +0530] "POST /salesCore/getClientDetailsbyid HTTP/1.1" 200 1111
0:0:0:0:0:0:0:1 - - [19/Jul/2024:18:54:03 +0530] "GET /sales/clientList HTTP/1.1" 200 19917
127.0.0.1 - - [19/Jul/2024:18:54:03 +0530] "POST /salesCore/todayRemindersCount HTTP/1.1" 200 110
0:0:0:0:0:0:0:1 - - [19/Jul/2024:18:54:03 +0530] "POST /sales/todayReminders HTTP/1.1" 200 11
127.0.0.1 - - [19/Jul/2024:18:54:03 +0530] "POST /salesCore/getAllLeadDetails HTTP/1.1" 200 3031
0:0:0:0:0:0:0:1 - - [19/Jul/2024:18:54:04 +0530] "GET /sales/leadList HTTP/1.1" 200 24401
127.0.0.1 - - [19/Jul/2024:18:54:04 +0530] "POST /salesCore/todayRemindersCount HTTP/1.1" 200 110
0:0:0:0:0:0:0:1 - - [19/Jul/2024:18:54:04 +0530] "POST /sales/todayReminders HTTP/1.1" 200 11
0:0:0:0:0:0:0:1 - - [19/Jul/2024:18:54:05 +0530] "GET /sales/js/chart.umd.js.map HTTP/1.1" 404 125
0:0:0:0:0:0:0:1 - - [19/Jul/2024:18:54:05 +0530] "GET /sales/js/filter-multi-select-bundle.min.js.map HTTP/1.1" 404 146
0:0:0:0:0:0:0:1 - - [19/Jul/2024:18:54:08 +0530] "GET /sales/dashboard HTTP/1.1" 200 26746
0:0:0:0:0:0:0:1 - - [19/Jul/2024:18:54:09 +0530] "GET /sales/js/chart.umd.js.map HTTP/1.1" 404 125
0:0:0:0:0:0:0:1 - - [19/Jul/2024:18:54:09 +0530] "GET /sales/js/filter-multi-select-bundle.min.js.map HTTP/1.1" 404 146
0:0:0:0:0:0:0:1 - - [19/Jul/2024:18:54:09 +0530] "GET /sales/js/chart.umd.js.map HTTP/1.1" 404 125
0:0:0:0:0:0:0:1 - - [19/Jul/2024:18:54:09 +0530] "GET /sales/js/filter-multi-select-bundle.min.js.map HTTP/1.1" 404 146
127.0.0.1 - - [19/Jul/2024:18:54:09 +0530] "POST /salesCore/getDashboardData HTTP/1.1" 200 1199
127.0.0.1 - - [19/Jul/2024:18:54:09 +0530] "POST /salesCore/getUserReminderDetails HTTP/1.1" 200 687
127.0.0.1 - - [19/Jul/2024:18:54:09 +0530] "POST /salesCore/todayRemindersCount HTTP/1.1" 200 110
0:0:0:0:0:0:0:1 - - [19/Jul/2024:18:54:09 +0530] "POST /sales/getDueReminders HTTP/1.1" 200 448
0:0:0:0:0:0:0:1 - - [19/Jul/2024:18:54:09 +0530] "POST /sales/todayReminders HTTP/1.1" 200 11
0:0:0:0:0:0:0:1 - - [19/Jul/2024:18:54:09 +0530] "GET /sales/getChartData HTTP/1.1" 200 941
0:0:0:0:0:0:0:1 - - [19/Jul/2024:18:54:23 +0530] "GET /sales/dashboard HTTP/1.1" 200 26746
127.0.0.1 - - [19/Jul/2024:18:54:23 +0530] "POST /salesCore/getUserReminderDetails HTTP/1.1" 200 687
127.0.0.1 - - [19/Jul/2024:18:54:23 +0530] "POST /salesCore/todayRemindersCount HTTP/1.1" 200 110
0:0:0:0:0:0:0:1 - - [19/Jul/2024:18:54:23 +0530] "POST /sales/todayReminders HTTP/1.1" 200 11
127.0.0.1 - - [19/Jul/2024:18:54:23 +0530] "POST /salesCore/getDashboardData HTTP/1.1" 200 1199
0:0:0:0:0:0:0:1 - - [19/Jul/2024:18:54:23 +0530] "POST /sales/getDueReminders HTTP/1.1" 200 448
0:0:0:0:0:0:0:1 - - [19/Jul/2024:18:54:23 +0530] "GET /sales/getChartData HTTP/1.1" 200 941
127.0.0.1 - - [19/Jul/2024:18:54:53 +0530] "POST /salesCore/getUserReminderDetails HTTP/1.1" 200 687
0:0:0:0:0:0:0:1 - - [19/Jul/2024:18:54:53 +0530] "POST /sales/getDueReminders HTTP/1.1" 200 448
127.0.0.1 - - [19/Jul/2024:18:55:23 +0530] "POST /salesCore/getUserReminderDetails HTTP/1.1" 200 687
0:0:0:0:0:0:0:1 - - [19/Jul/2024:18:55:23 +0530] "POST /sales/getDueReminders HTTP/1.1" 200 448
127.0.0.1 - - [19/Jul/2024:18:55:34 +0530] "POST /salesCore/getClientDetailsbyid HTTP/1.1" 200 1111
0:0:0:0:0:0:0:1 - - [19/Jul/2024:18:55:34 +0530] "GET /sales/clientList HTTP/1.1" 200 19917
127.0.0.1 - - [19/Jul/2024:18:55:34 +0530] "POST /salesCore/todayRemindersCount HTTP/1.1" 200 110
0:0:0:0:0:0:0:1 - - [19/Jul/2024:18:55:34 +0530] "POST /sales/todayReminders HTTP/1.1" 200 11
127.0.0.1 - - [19/Jul/2024:18:55:35 +0530] "POST /salesCore/getAllLeadDetails HTTP/1.1" 200 3031
0:0:0:0:0:0:0:1 - - [19/Jul/2024:18:55:35 +0530] "GET /sales/leadList HTTP/1.1" 200 24401
127.0.0.1 - - [19/Jul/2024:18:55:35 +0530] "POST /salesCore/todayRemindersCount HTTP/1.1" 200 110
0:0:0:0:0:0:0:1 - - [19/Jul/2024:18:55:35 +0530] "POST /sales/todayReminders HTTP/1.1" 200 11
0:0:0:0:0:0:0:1 - - [19/Jul/2024:18:55:55 +0530] "GET /sales/dashboard HTTP/1.1" 200 26746
127.0.0.1 - - [19/Jul/2024:18:55:55 +0530] "POST /salesCore/getUserReminderDetails HTTP/1.1" 200 687
127.0.0.1 - - [19/Jul/2024:18:55:55 +0530] "POST /salesCore/todayRemindersCount HTTP/1.1" 200 110
127.0.0.1 - - [19/Jul/2024:18:55:55 +0530] "POST /salesCore/getDashboardData HTTP/1.1" 200 1199
0:0:0:0:0:0:0:1 - - [19/Jul/2024:18:55:55 +0530] "POST /sales/todayReminders HTTP/1.1" 200 11
0:0:0:0:0:0:0:1 - - [19/Jul/2024:18:55:55 +0530] "POST /sales/getDueReminders HTTP/1.1" 200 448
0:0:0:0:0:0:0:1 - - [19/Jul/2024:18:55:55 +0530] "GET /sales/getChartData HTTP/1.1" 200 941
127.0.0.1 - - [19/Jul/2024:18:56:25 +0530] "POST /salesCore/getUserReminderDetails HTTP/1.1" 200 687
0:0:0:0:0:0:0:1 - - [19/Jul/2024:18:56:25 +0530] "POST /sales/getDueReminders HTTP/1.1" 200 448
127.0.0.1 - - [19/Jul/2024:18:56:55 +0530] "POST /salesCore/getUserReminderDetails HTTP/1.1" 200 687
0:0:0:0:0:0:0:1 - - [19/Jul/2024:18:56:55 +0530] "POST /sales/getDueReminders HTTP/1.1" 200 448
127.0.0.1 - - [19/Jul/2024:18:57:25 +0530] "POST /salesCore/getUserReminderDetails HTTP/1.1" 200 687
0:0:0:0:0:0:0:1 - - [19/Jul/2024:18:57:25 +0530] "POST /sales/getDueReminders HTTP/1.1" 200 448
127.0.0.1 - - [19/Jul/2024:18:57:55 +0530] "POST /salesCore/getUserReminderDetails HTTP/1.1" 200 687
0:0:0:0:0:0:0:1 - - [19/Jul/2024:18:57:55 +0530] "POST /sales/getDueReminders HTTP/1.1" 200 448
127.0.0.1 - - [19/Jul/2024:18:58:01 +0530] "POST /salesCore/getClientDetailsbyid HTTP/1.1" 200 1111
0:0:0:0:0:0:0:1 - - [19/Jul/2024:18:58:02 +0530] "GET /sales/clientList HTTP/1.1" 200 19917
127.0.0.1 - - [19/Jul/2024:18:58:02 +0530] "POST /salesCore/todayRemindersCount HTTP/1.1" 200 110
0:0:0:0:0:0:0:1 - - [19/Jul/2024:18:58:02 +0530] "POST /sales/todayReminders HTTP/1.1" 200 11
0:0:0:0:0:0:0:1 - - [19/Jul/2024:19:01:31 +0530] "GET /sales/logout HTTP/1.1" 302 -
0:0:0:0:0:0:0:1 - - [19/Jul/2024:19:01:31 +0530] "GET /sales/login HTTP/1.1" 200 10532
127.0.0.1 - - [19/Jul/2024:19:01:39 +0530] "POST /salesCore/login HTTP/1.1" 200 656
0:0:0:0:0:0:0:1 - - [19/Jul/2024:19:01:39 +0530] "POST /sales/login HTTP/1.1" 302 -
0:0:0:0:0:0:0:1 - - [19/Jul/2024:19:01:39 +0530] "GET /sales/dashboard HTTP/1.1" 200 26736
127.0.0.1 - - [19/Jul/2024:19:01:39 +0530] "POST /salesCore/getDashboardData HTTP/1.1" 200 1199
127.0.0.1 - - [19/Jul/2024:19:01:39 +0530] "POST /salesCore/todayRemindersCount HTTP/1.1" 200 110
0:0:0:0:0:0:0:1 - - [19/Jul/2024:19:01:39 +0530] "POST /sales/todayReminders HTTP/1.1" 200 11
0:0:0:0:0:0:0:1 - - [19/Jul/2024:19:01:39 +0530] "GET /sales/getChartData HTTP/1.1" 200 941
0:0:0:0:0:0:0:1 - - [19/Jul/2024:19:01:43 +0530] "GET /sales/ HTTP/1.1" 200 10532
0:0:0:0:0:0:0:1 - - [19/Jul/2024:19:01:48 +0530] "GET /sales/logout HTTP/1.1" 302 -
0:0:0:0:0:0:0:1 - - [19/Jul/2024:19:01:48 +0530] "GET /sales/login HTTP/1.1" 200 10532
0:0:0:0:0:0:0:1 - - [19/Jul/2024:19:05:37 +0530] "GET /sales/login HTTP/1.1" 200 10532
127.0.0.1 - - [19/Jul/2024:19:05:42 +0530] "POST /salesCore/login HTTP/1.1" 200 656
0:0:0:0:0:0:0:1 - - [19/Jul/2024:19:05:42 +0530] "POST /sales/login HTTP/1.1" 302 -
0:0:0:0:0:0:0:1 - - [19/Jul/2024:19:05:43 +0530] "GET /sales/dashboard HTTP/1.1" 200 26781
127.0.0.1 - - [19/Jul/2024:19:05:43 +0530] "POST /salesCore/todayRemindersCount HTTP/1.1" 200 110
127.0.0.1 - - [19/Jul/2024:19:05:43 +0530] "POST /salesCore/getUserReminderDetails HTTP/1.1" 200 687
0:0:0:0:0:0:0:1 - - [19/Jul/2024:19:05:43 +0530] "POST /sales/todayReminders HTTP/1.1" 200 11
0:0:0:0:0:0:0:1 - - [19/Jul/2024:19:05:43 +0530] "POST /sales/getDueReminders HTTP/1.1" 200 448
127.0.0.1 - - [19/Jul/2024:19:05:43 +0530] "POST /salesCore/getDashboardData HTTP/1.1" 200 1199
0:0:0:0:0:0:0:1 - - [19/Jul/2024:19:05:43 +0530] "GET /sales/getChartData HTTP/1.1" 200 941
127.0.0.1 - - [19/Jul/2024:19:05:52 +0530] "POST /salesCore/getClientDetailsbyid HTTP/1.1" 200 1111
0:0:0:0:0:0:0:1 - - [19/Jul/2024:19:05:53 +0530] "GET /sales/clientList HTTP/1.1" 200 19952
127.0.0.1 - - [19/Jul/2024:19:05:53 +0530] "POST /salesCore/todayRemindersCount HTTP/1.1" 200 110
0:0:0:0:0:0:0:1 - - [19/Jul/2024:19:05:53 +0530] "POST /sales/todayReminders HTTP/1.1" 200 11
127.0.0.1 - - [19/Jul/2024:19:05:53 +0530] "POST /salesCore/getUserReminderDetails HTTP/1.1" 200 687
0:0:0:0:0:0:0:1 - - [19/Jul/2024:19:05:53 +0530] "POST /sales/getDueReminders HTTP/1.1" 200 448
127.0.0.1 - - [19/Jul/2024:19:05:56 +0530] "POST /salesCore/getAllLeadDetails HTTP/1.1" 200 3031
0:0:0:0:0:0:0:1 - - [19/Jul/2024:19:05:56 +0530] "GET /sales/leadList HTTP/1.1" 200 24436
127.0.0.1 - - [19/Jul/2024:19:05:56 +0530] "POST /salesCore/todayRemindersCount HTTP/1.1" 200 110
0:0:0:0:0:0:0:1 - - [19/Jul/2024:19:05:56 +0530] "POST /sales/todayReminders HTTP/1.1" 200 11
127.0.0.1 - - [19/Jul/2024:19:05:56 +0530] "POST /salesCore/getUserReminderDetails HTTP/1.1" 200 687
0:0:0:0:0:0:0:1 - - [19/Jul/2024:19:05:56 +0530] "POST /sales/getDueReminders HTTP/1.1" 200 448
127.0.0.1 - - [19/Jul/2024:19:06:26 +0530] "POST /salesCore/getUserReminderDetails HTTP/1.1" 200 687
0:0:0:0:0:0:0:1 - - [19/Jul/2024:19:06:26 +0530] "POST /sales/getDueReminders HTTP/1.1" 200 448
127.0.0.1 - - [19/Jul/2024:19:06:56 +0530] "POST /salesCore/getUserReminderDetails HTTP/1.1" 200 687
0:0:0:0:0:0:0:1 - - [19/Jul/2024:19:06:56 +0530] "POST /sales/getDueReminders HTTP/1.1" 200 448
127.0.0.1 - - [19/Jul/2024:19:07:26 +0530] "POST /salesCore/getUserReminderDetails HTTP/1.1" 200 687
0:0:0:0:0:0:0:1 - - [19/Jul/2024:19:07:26 +0530] "POST /sales/getDueReminders HTTP/1.1" 200 448
0:0:0:0:0:0:0:1 - - [19/Jul/2024:19:07:45 +0530] "GET /sales/logout HTTP/1.1" 302 -
0:0:0:0:0:0:0:1 - - [19/Jul/2024:19:07:45 +0530] "GET /sales/login HTTP/1.1" 200 10532
0:0:0:0:0:0:0:1 - - [19/Jul/2024:19:07:47 +0530] "GET /sales/login HTTP/1.1" 200 10532
127.0.0.1 - - [19/Jul/2024:19:07:57 +0530] "POST /salesCore/login HTTP/1.1" 200 656
0:0:0:0:0:0:0:1 - - [19/Jul/2024:19:07:57 +0530] "POST /sales/login HTTP/1.1" 302 -
0:0:0:0:0:0:0:1 - - [19/Jul/2024:19:07:58 +0530] "GET /sales/dashboard HTTP/1.1" 200 26806
127.0.0.1 - - [19/Jul/2024:19:07:58 +0530] "POST /salesCore/todayRemindersCount HTTP/1.1" 200 110
127.0.0.1 - - [19/Jul/2024:19:07:58 +0530] "POST /salesCore/getUserReminderDetails HTTP/1.1" 200 687
0:0:0:0:0:0:0:1 - - [19/Jul/2024:19:07:58 +0530] "POST /sales/todayReminders HTTP/1.1" 200 11
127.0.0.1 - - [19/Jul/2024:19:07:58 +0530] "POST /salesCore/getUserReminderDetails HTTP/1.1" 200 687
0:0:0:0:0:0:0:1 - - [19/Jul/2024:19:07:58 +0530] "POST /sales/getDueReminders HTTP/1.1" 200 448
127.0.0.1 - - [19/Jul/2024:19:07:58 +0530] "POST /salesCore/getDashboardData HTTP/1.1" 200 1199
0:0:0:0:0:0:0:1 - - [19/Jul/2024:19:07:58 +0530] "POST /sales/getDueReminders HTTP/1.1" 200 448
0:0:0:0:0:0:0:1 - - [19/Jul/2024:19:07:58 +0530] "GET /sales/getChartData HTTP/1.1" 200 941
127.0.0.1 - - [19/Jul/2024:19:08:05 +0530] "POST /salesCore/getClientDetailsbyid HTTP/1.1" 200 1111
0:0:0:0:0:0:0:1 - - [19/Jul/2024:19:08:05 +0530] "GET /sales/clientList HTTP/1.1" 200 19977
127.0.0.1 - - [19/Jul/2024:19:08:05 +0530] "POST /salesCore/todayRemindersCount HTTP/1.1" 200 110
127.0.0.1 - - [19/Jul/2024:19:08:05 +0530] "POST /salesCore/getUserReminderDetails HTTP/1.1" 200 687
0:0:0:0:0:0:0:1 - - [19/Jul/2024:19:08:05 +0530] "POST /sales/todayReminders HTTP/1.1" 200 11
127.0.0.1 - - [19/Jul/2024:19:08:05 +0530] "POST /salesCore/getUserReminderDetails HTTP/1.1" 200 687
0:0:0:0:0:0:0:1 - - [19/Jul/2024:19:08:05 +0530] "POST /sales/getDueReminders HTTP/1.1" 200 448
0:0:0:0:0:0:0:1 - - [19/Jul/2024:19:08:05 +0530] "POST /sales/getDueReminders HTTP/1.1" 200 448
127.0.0.1 - - [19/Jul/2024:19:08:09 +0530] "POST /salesCore/getAllLeadDetails HTTP/1.1" 200 3031
0:0:0:0:0:0:0:1 - - [19/Jul/2024:19:08:09 +0530] "GET /sales/leadList HTTP/1.1" 200 24461
127.0.0.1 - - [19/Jul/2024:19:08:09 +0530] "POST /salesCore/todayRemindersCount HTTP/1.1" 200 110
0:0:0:0:0:0:0:1 - - [19/Jul/2024:19:08:09 +0530] "POST /sales/todayReminders HTTP/1.1" 200 11
127.0.0.1 - - [19/Jul/2024:19:08:09 +0530] "POST /salesCore/getUserReminderDetails HTTP/1.1" 200 687
0:0:0:0:0:0:0:1 - - [19/Jul/2024:19:08:09 +0530] "POST /sales/getDueReminders HTTP/1.1" 200 448
127.0.0.1 - - [19/Jul/2024:19:08:09 +0530] "POST /salesCore/getUserReminderDetails HTTP/1.1" 200 687
0:0:0:0:0:0:0:1 - - [19/Jul/2024:19:08:09 +0530] "POST /sales/getDueReminders HTTP/1.1" 200 448
127.0.0.1 - - [19/Jul/2024:19:08:39 +0530] "POST /salesCore/getUserReminderDetails HTTP/1.1" 200 687
0:0:0:0:0:0:0:1 - - [19/Jul/2024:19:08:39 +0530] "POST /sales/getDueReminders HTTP/1.1" 200 448
127.0.0.1 - - [19/Jul/2024:19:09:09 +0530] "POST /salesCore/getUserReminderDetails HTTP/1.1" 200 687
0:0:0:0:0:0:0:1 - - [19/Jul/2024:19:09:09 +0530] "POST /sales/getDueReminders HTTP/1.1" 200 448
127.0.0.1 - - [19/Jul/2024:19:09:32 +0530] "POST /salesCore/getAllReminders HTTP/1.1" 200 1775
0:0:0:0:0:0:0:1 - - [19/Jul/2024:19:09:33 +0530] "GET /sales/reminderList HTTP/1.1" 200 35069
127.0.0.1 - - [19/Jul/2024:19:09:33 +0530] "POST /salesCore/todayRemindersCount HTTP/1.1" 200 110
0:0:0:0:0:0:0:1 - - [19/Jul/2024:19:09:33 +0530] "POST /sales/todayReminders HTTP/1.1" 200 11
127.0.0.1 - - [19/Jul/2024:19:09:33 +0530] "POST /salesCore/getUserReminderDetails HTTP/1.1" 200 687
127.0.0.1 - - [19/Jul/2024:19:09:33 +0530] "POST /salesCore/getUserReminderDetails HTTP/1.1" 200 687
0:0:0:0:0:0:0:1 - - [19/Jul/2024:19:09:33 +0530] "POST /sales/getDueReminders HTTP/1.1" 200 448
0:0:0:0:0:0:0:1 - - [19/Jul/2024:19:09:33 +0530] "POST /sales/getDueReminders HTTP/1.1" 200 448
0:0:0:0:0:0:0:1 - - [19/Jul/2024:19:09:41 +0530] "GET /sales/logout HTTP/1.1" 302 -
0:0:0:0:0:0:0:1 - - [19/Jul/2024:19:09:41 +0530] "GET /sales/login HTTP/1.1" 200 10532
127.0.0.1 - - [19/Jul/2024:19:09:50 +0530] "POST /salesCore/login HTTP/1.1" 200 656
0:0:0:0:0:0:0:1 - - [19/Jul/2024:19:09:50 +0530] "POST /sales/login HTTP/1.1" 302 -
0:0:0:0:0:0:0:1 - - [19/Jul/2024:19:09:50 +0530] "GET /sales/dashboard HTTP/1.1" 200 26806
127.0.0.1 - - [19/Jul/2024:19:09:50 +0530] "POST /salesCore/todayRemindersCount HTTP/1.1" 200 110
127.0.0.1 - - [19/Jul/2024:19:09:50 +0530] "POST /salesCore/getUserReminderDetails HTTP/1.1" 200 687
127.0.0.1 - - [19/Jul/2024:19:09:50 +0530] "POST /salesCore/getUserReminderDetails HTTP/1.1" 200 687
0:0:0:0:0:0:0:1 - - [19/Jul/2024:19:09:50 +0530] "POST /sales/todayReminders HTTP/1.1" 200 11
0:0:0:0:0:0:0:1 - - [19/Jul/2024:19:09:50 +0530] "POST /sales/getDueReminders HTTP/1.1" 200 448
0:0:0:0:0:0:0:1 - - [19/Jul/2024:19:09:50 +0530] "POST /sales/getDueReminders HTTP/1.1" 200 448
127.0.0.1 - - [19/Jul/2024:19:09:50 +0530] "POST /salesCore/getDashboardData HTTP/1.1" 200 1199
0:0:0:0:0:0:0:1 - - [19/Jul/2024:19:09:50 +0530] "GET /sales/getChartData HTTP/1.1" 200 941
127.0.0.1 - - [19/Jul/2024:19:10:06 +0530] "POST /salesCore/getClientDetailsbyid HTTP/1.1" 200 1111
0:0:0:0:0:0:0:1 - - [19/Jul/2024:19:10:06 +0530] "GET /sales/clientList HTTP/1.1" 200 19977
127.0.0.1 - - [19/Jul/2024:19:10:06 +0530] "POST /salesCore/todayRemindersCount HTTP/1.1" 200 110
127.0.0.1 - - [19/Jul/2024:19:10:06 +0530] "POST /salesCore/getUserReminderDetails HTTP/1.1" 200 687
0:0:0:0:0:0:0:1 - - [19/Jul/2024:19:10:06 +0530] "POST /sales/todayReminders HTTP/1.1" 200 11
0:0:0:0:0:0:0:1 - - [19/Jul/2024:19:10:06 +0530] "POST /sales/getDueReminders HTTP/1.1" 200 448
127.0.0.1 - - [19/Jul/2024:19:10:06 +0530] "POST /salesCore/getUserReminderDetails HTTP/1.1" 200 687
0:0:0:0:0:0:0:1 - - [19/Jul/2024:19:10:06 +0530] "POST /sales/getDueReminders HTTP/1.1" 200 448
127.0.0.1 - - [19/Jul/2024:19:10:10 +0530] "POST /salesCore/getAllLeadDetails HTTP/1.1" 200 3031
0:0:0:0:0:0:0:1 - - [19/Jul/2024:19:10:10 +0530] "GET /sales/leadList HTTP/1.1" 200 24461
127.0.0.1 - - [19/Jul/2024:19:10:10 +0530] "POST /salesCore/todayRemindersCount HTTP/1.1" 200 110
127.0.0.1 - - [19/Jul/2024:19:10:10 +0530] "POST /salesCore/getUserReminderDetails HTTP/1.1" 200 687
0:0:0:0:0:0:0:1 - - [19/Jul/2024:19:10:10 +0530] "POST /sales/todayReminders HTTP/1.1" 200 11
127.0.0.1 - - [19/Jul/2024:19:10:10 +0530] "POST /salesCore/getUserReminderDetails HTTP/1.1" 200 687
0:0:0:0:0:0:0:1 - - [19/Jul/2024:19:10:10 +0530] "POST /sales/getDueReminders HTTP/1.1" 200 448
0:0:0:0:0:0:0:1 - - [19/Jul/2024:19:10:10 +0530] "POST /sales/getDueReminders HTTP/1.1" 200 448
127.0.0.1 - - [19/Jul/2024:19:10:40 +0530] "POST /salesCore/getUserReminderDetails HTTP/1.1" 200 687
0:0:0:0:0:0:0:1 - - [19/Jul/2024:19:10:40 +0530] "POST /sales/getDueReminders HTTP/1.1" 200 448
127.0.0.1 - - [19/Jul/2024:19:10:52 +0530] "POST /salesCore/getClientDetailsbyid HTTP/1.1" 200 1111
0:0:0:0:0:0:0:1 - - [19/Jul/2024:19:10:52 +0530] "GET /sales/clientList HTTP/1.1" 200 19977
127.0.0.1 - - [19/Jul/2024:19:10:52 +0530] "POST /salesCore/getUserReminderDetails HTTP/1.1" 200 687
127.0.0.1 - - [19/Jul/2024:19:10:52 +0530] "POST /salesCore/todayRemindersCount HTTP/1.1" 200 110
127.0.0.1 - - [19/Jul/2024:19:10:52 +0530] "POST /salesCore/getUserReminderDetails HTTP/1.1" 200 687
0:0:0:0:0:0:0:1 - - [19/Jul/2024:19:10:52 +0530] "POST /sales/todayReminders HTTP/1.1" 200 11
0:0:0:0:0:0:0:1 - - [19/Jul/2024:19:10:52 +0530] "POST /sales/getDueReminders HTTP/1.1" 200 448
0:0:0:0:0:0:0:1 - - [19/Jul/2024:19:10:52 +0530] "POST /sales/getDueReminders HTTP/1.1" 200 448
127.0.0.1 - - [19/Jul/2024:19:10:59 +0530] "POST /salesCore/getAllLeadDetails HTTP/1.1" 200 3031
0:0:0:0:0:0:0:1 - - [19/Jul/2024:19:10:59 +0530] "GET /sales/leadList HTTP/1.1" 200 24461
127.0.0.1 - - [19/Jul/2024:19:10:59 +0530] "POST /salesCore/todayRemindersCount HTTP/1.1" 200 110
127.0.0.1 - - [19/Jul/2024:19:10:59 +0530] "POST /salesCore/getUserReminderDetails HTTP/1.1" 200 687
127.0.0.1 - - [19/Jul/2024:19:10:59 +0530] "POST /salesCore/getUserReminderDetails HTTP/1.1" 200 687
0:0:0:0:0:0:0:1 - - [19/Jul/2024:19:10:59 +0530] "POST /sales/todayReminders HTTP/1.1" 200 11
0:0:0:0:0:0:0:1 - - [19/Jul/2024:19:10:59 +0530] "POST /sales/getDueReminders HTTP/1.1" 200 448
0:0:0:0:0:0:0:1 - - [19/Jul/2024:19:10:59 +0530] "POST /sales/getDueReminders HTTP/1.1" 200 448
127.0.0.1 - - [19/Jul/2024:19:11:29 +0530] "POST /salesCore/getUserReminderDetails HTTP/1.1" 200 687
0:0:0:0:0:0:0:1 - - [19/Jul/2024:19:11:29 +0530] "POST /sales/getDueReminders HTTP/1.1" 200 448
0:0:0:0:0:0:0:1 - - [19/Jul/2024:19:11:33 +0530] "GET /sales/logout HTTP/1.1" 302 -
0:0:0:0:0:0:0:1 - - [19/Jul/2024:19:11:33 +0530] "GET /sales/login HTTP/1.1" 200 10532
127.0.0.1 - - [19/Jul/2024:19:11:45 +0530] "POST /salesCore/login HTTP/1.1" 200 656
0:0:0:0:0:0:0:1 - - [19/Jul/2024:19:11:45 +0530] "POST /sales/login HTTP/1.1" 302 -
0:0:0:0:0:0:0:1 - - [19/Jul/2024:19:11:45 +0530] "GET /sales/dashboard HTTP/1.1" 200 26808
127.0.0.1 - - [19/Jul/2024:19:11:45 +0530] "POST /salesCore/getUserReminderDetails HTTP/1.1" 200 687
127.0.0.1 - - [19/Jul/2024:19:11:45 +0530] "POST /salesCore/todayRemindersCount HTTP/1.1" 200 110
0:0:0:0:0:0:0:1 - - [19/Jul/2024:19:11:45 +0530] "POST /sales/todayReminders HTTP/1.1" 200 11
0:0:0:0:0:0:0:1 - - [19/Jul/2024:19:11:45 +0530] "POST /sales/getDueReminders HTTP/1.1" 200 448
127.0.0.1 - - [19/Jul/2024:19:11:45 +0530] "POST /salesCore/getDashboardData HTTP/1.1" 200 1199
0:0:0:0:0:0:0:1 - - [19/Jul/2024:19:11:45 +0530] "GET /sales/getChartData HTTP/1.1" 200 941
127.0.0.1 - - [19/Jul/2024:19:11:55 +0530] "POST /salesCore/getClientDetailsbyid HTTP/1.1" 200 1111
0:0:0:0:0:0:0:1 - - [19/Jul/2024:19:11:56 +0530] "GET /sales/clientList HTTP/1.1" 200 19979
127.0.0.1 - - [19/Jul/2024:19:11:56 +0530] "POST /salesCore/todayRemindersCount HTTP/1.1" 200 110
127.0.0.1 - - [19/Jul/2024:19:11:56 +0530] "POST /salesCore/getUserReminderDetails HTTP/1.1" 200 687
0:0:0:0:0:0:0:1 - - [19/Jul/2024:19:11:56 +0530] "POST /sales/todayReminders HTTP/1.1" 200 11
0:0:0:0:0:0:0:1 - - [19/Jul/2024:19:11:56 +0530] "POST /sales/getDueReminders HTTP/1.1" 200 448
127.0.0.1 - - [19/Jul/2024:19:12:26 +0530] "POST /salesCore/getUserReminderDetails HTTP/1.1" 200 687
0:0:0:0:0:0:0:1 - - [19/Jul/2024:19:12:26 +0530] "POST /sales/getDueReminders HTTP/1.1" 200 448
127.0.0.1 - - [19/Jul/2024:19:12:56 +0530] "POST /salesCore/getUserReminderDetails HTTP/1.1" 200 687
0:0:0:0:0:0:0:1 - - [19/Jul/2024:19:12:56 +0530] "POST /sales/getDueReminders HTTP/1.1" 200 448
127.0.0.1 - - [19/Jul/2024:19:13:26 +0530] "POST /salesCore/getUserReminderDetails HTTP/1.1" 200 687
0:0:0:0:0:0:0:1 - - [19/Jul/2024:19:13:26 +0530] "POST /sales/getDueReminders HTTP/1.1" 200 448
0:0:0:0:0:0:0:1 - - [19/Jul/2024:19:13:36 +0530] "GET /sales/js/filter-multi-select-bundle.min.js.map HTTP/1.1" 404 146
0:0:0:0:0:0:0:1 - - [19/Jul/2024:19:13:36 +0530] "GET /sales/js/chart.umd.js.map HTTP/1.1" 404 125
127.0.0.1 - - [19/Jul/2024:19:13:56 +0530] "POST /salesCore/getUserReminderDetails HTTP/1.1" 200 687
0:0:0:0:0:0:0:1 - - [19/Jul/2024:19:13:56 +0530] "POST /sales/getDueReminders HTTP/1.1" 200 448
127.0.0.1 - - [19/Jul/2024:19:14:26 +0530] "POST /salesCore/getUserReminderDetails HTTP/1.1" 200 687
0:0:0:0:0:0:0:1 - - [19/Jul/2024:19:14:26 +0530] "POST /sales/getDueReminders HTTP/1.1" 200 448
127.0.0.1 - - [19/Jul/2024:19:14:56 +0530] "POST /salesCore/getUserReminderDetails HTTP/1.1" 200 687
0:0:0:0:0:0:0:1 - - [19/Jul/2024:19:14:56 +0530] "POST /sales/getDueReminders HTTP/1.1" 200 448
127.0.0.1 - - [19/Jul/2024:19:15:26 +0530] "POST /salesCore/getUserReminderDetails HTTP/1.1" 200 687
0:0:0:0:0:0:0:1 - - [19/Jul/2024:19:15:26 +0530] "POST /sales/getDueReminders HTTP/1.1" 200 448
127.0.0.1 - - [19/Jul/2024:19:15:56 +0530] "POST /salesCore/getUserReminderDetails HTTP/1.1" 200 687
0:0:0:0:0:0:0:1 - - [19/Jul/2024:19:15:56 +0530] "POST /sales/getDueReminders HTTP/1.1" 200 448
127.0.0.1 - - [19/Jul/2024:19:16:26 +0530] "POST /salesCore/getUserReminderDetails HTTP/1.1" 200 687
0:0:0:0:0:0:0:1 - - [19/Jul/2024:19:16:26 +0530] "POST /sales/getDueReminders HTTP/1.1" 200 448
127.0.0.1 - - [19/Jul/2024:19:16:56 +0530] "POST /salesCore/getUserReminderDetails HTTP/1.1" 200 687
0:0:0:0:0:0:0:1 - - [19/Jul/2024:19:16:56 +0530] "POST /sales/getDueReminders HTTP/1.1" 200 448
127.0.0.1 - - [19/Jul/2024:19:17:26 +0530] "POST /salesCore/getUserReminderDetails HTTP/1.1" 200 687
0:0:0:0:0:0:0:1 - - [19/Jul/2024:19:17:26 +0530] "POST /sales/getDueReminders HTTP/1.1" 200 448
127.0.0.1 - - [19/Jul/2024:19:17:56 +0530] "POST /salesCore/getUserReminderDetails HTTP/1.1" 200 687
0:0:0:0:0:0:0:1 - - [19/Jul/2024:19:17:56 +0530] "POST /sales/getDueReminders HTTP/1.1" 200 448
127.0.0.1 - - [19/Jul/2024:19:18:43 +0530] "POST /salesCore/getUserReminderDetails HTTP/1.1" 200 687
0:0:0:0:0:0:0:1 - - [19/Jul/2024:19:18:43 +0530] "POST /sales/getDueReminders HTTP/1.1" 200 448
127.0.0.1 - - [19/Jul/2024:19:19:43 +0530] "POST /salesCore/getUserReminderDetails HTTP/1.1" 200 687
0:0:0:0:0:0:0:1 - - [19/Jul/2024:19:19:43 +0530] "POST /sales/getDueReminders HTTP/1.1" 200 448
127.0.0.1 - - [19/Jul/2024:19:20:43 +0530] "POST /salesCore/getUserReminderDetails HTTP/1.1" 200 687
0:0:0:0:0:0:0:1 - - [19/Jul/2024:19:20:43 +0530] "POST /sales/getDueReminders HTTP/1.1" 200 448
127.0.0.1 - - [19/Jul/2024:19:21:43 +0530] "POST /salesCore/getUserReminderDetails HTTP/1.1" 200 687
0:0:0:0:0:0:0:1 - - [19/Jul/2024:19:21:43 +0530] "POST /sales/getDueReminders HTTP/1.1" 200 448
127.0.0.1 - - [19/Jul/2024:19:22:43 +0530] "POST /salesCore/getUserReminderDetails HTTP/1.1" 200 687
0:0:0:0:0:0:0:1 - - [19/Jul/2024:19:22:43 +0530] "POST /sales/getDueReminders HTTP/1.1" 200 448
127.0.0.1 - - [19/Jul/2024:19:23:43 +0530] "POST /salesCore/getUserReminderDetails HTTP/1.1" 200 687
0:0:0:0:0:0:0:1 - - [19/Jul/2024:19:23:43 +0530] "POST /sales/getDueReminders HTTP/1.1" 200 448
127.0.0.1 - - [19/Jul/2024:19:24:00 +0530] "POST /salesCore/getUserReminderDetails HTTP/1.1" 200 687
0:0:0:0:0:0:0:1 - - [19/Jul/2024:19:24:00 +0530] "POST /sales/getDueReminders HTTP/1.1" 200 448
0:0:0:0:0:0:0:1 - - [19/Jul/2024:19:24:04 +0530] "GET /sales/logout HTTP/1.1" 302 -
0:0:0:0:0:0:0:1 - - [19/Jul/2024:19:24:04 +0530] "GET /sales/login HTTP/1.1" 200 10532
127.0.0.1 - - [19/Jul/2024:19:24:23 +0530] "POST /salesCore/login HTTP/1.1" 200 656
0:0:0:0:0:0:0:1 - - [19/Jul/2024:19:24:23 +0530] "POST /sales/login HTTP/1.1" 302 -
0:0:0:0:0:0:0:1 - - [19/Jul/2024:19:24:23 +0530] "GET /sales/dashboard HTTP/1.1" 200 27442
127.0.0.1 - - [19/Jul/2024:19:24:24 +0530] "POST /salesCore/getUserReminderDetails HTTP/1.1" 200 687
127.0.0.1 - - [19/Jul/2024:19:24:24 +0530] "POST /salesCore/todayRemindersCount HTTP/1.1" 200 110
0:0:0:0:0:0:0:1 - - [19/Jul/2024:19:24:24 +0530] "POST /sales/getDueReminders HTTP/1.1" 200 448
0:0:0:0:0:0:0:1 - - [19/Jul/2024:19:24:24 +0530] "POST /sales/todayReminders HTTP/1.1" 200 11
127.0.0.1 - - [19/Jul/2024:19:24:24 +0530] "POST /salesCore/getDashboardData HTTP/1.1" 200 1199
0:0:0:0:0:0:0:1 - - [19/Jul/2024:19:24:24 +0530] "GET /sales/getChartData HTTP/1.1" 200 941
127.0.0.1 - - [19/Jul/2024:19:24:29 +0530] "POST /salesCore/getClientDetailsbyid HTTP/1.1" 200 1111
0:0:0:0:0:0:0:1 - - [19/Jul/2024:19:24:29 +0530] "GET /sales/clientList HTTP/1.1" 200 20614
127.0.0.1 - - [19/Jul/2024:19:24:29 +0530] "POST /salesCore/todayRemindersCount HTTP/1.1" 200 110
127.0.0.1 - - [19/Jul/2024:19:24:29 +0530] "POST /salesCore/getUserReminderDetails HTTP/1.1" 200 687
0:0:0:0:0:0:0:1 - - [19/Jul/2024:19:24:29 +0530] "POST /sales/todayReminders HTTP/1.1" 200 11
0:0:0:0:0:0:0:1 - - [19/Jul/2024:19:24:29 +0530] "POST /sales/getDueReminders HTTP/1.1" 200 448
0:0:0:0:0:0:0:1 - - [19/Jul/2024:19:24:33 +0530] "GET /sales/js/chart.umd.js.map HTTP/1.1" 404 125
0:0:0:0:0:0:0:1 - - [19/Jul/2024:19:24:33 +0530] "GET /sales/js/filter-multi-select-bundle.min.js.map HTTP/1.1" 404 146
127.0.0.1 - - [19/Jul/2024:19:24:38 +0530] "POST /salesCore/getAllLeadDetails HTTP/1.1" 200 3031
0:0:0:0:0:0:0:1 - - [19/Jul/2024:19:24:38 +0530] "GET /sales/leadList HTTP/1.1" 200 25104
0:0:0:0:0:0:0:1 - - [19/Jul/2024:19:24:38 +0530] "GET /sales/js/chart.umd.js.map HTTP/1.1" 404 125
0:0:0:0:0:0:0:1 - - [19/Jul/2024:19:24:38 +0530] "GET /sales/js/filter-multi-select-bundle.min.js.map HTTP/1.1" 404 146
127.0.0.1 - - [19/Jul/2024:19:24:38 +0530] "POST /salesCore/todayRemindersCount HTTP/1.1" 200 110
0:0:0:0:0:0:0:1 - - [19/Jul/2024:19:24:38 +0530] "POST /sales/todayReminders HTTP/1.1" 200 11
127.0.0.1 - - [19/Jul/2024:19:24:38 +0530] "POST /salesCore/getUserReminderDetails HTTP/1.1" 200 687
0:0:0:0:0:0:0:1 - - [19/Jul/2024:19:24:38 +0530] "POST /sales/getDueReminders HTTP/1.1" 200 448
127.0.0.1 - - [19/Jul/2024:19:25:08 +0530] "POST /salesCore/getUserReminderDetails HTTP/1.1" 200 687
0:0:0:0:0:0:0:1 - - [19/Jul/2024:19:25:08 +0530] "POST /sales/getDueReminders HTTP/1.1" 200 448
127.0.0.1 - - [19/Jul/2024:19:25:38 +0530] "POST /salesCore/getUserReminderDetails HTTP/1.1" 200 687
0:0:0:0:0:0:0:1 - - [19/Jul/2024:19:25:38 +0530] "POST /sales/getDueReminders HTTP/1.1" 200 448
127.0.0.1 - - [19/Jul/2024:19:26:08 +0530] "POST /salesCore/getUserReminderDetails HTTP/1.1" 200 687
0:0:0:0:0:0:0:1 - - [19/Jul/2024:19:26:08 +0530] "POST /sales/getDueReminders HTTP/1.1" 200 448
127.0.0.1 - - [19/Jul/2024:19:26:38 +0530] "POST /salesCore/getUserReminderDetails HTTP/1.1" 200 687
0:0:0:0:0:0:0:1 - - [19/Jul/2024:19:26:38 +0530] "POST /sales/getDueReminders HTTP/1.1" 200 448
127.0.0.1 - - [19/Jul/2024:19:27:39 +0530] "POST /salesCore/getUserReminderDetails HTTP/1.1" 200 687
0:0:0:0:0:0:0:1 - - [19/Jul/2024:19:27:39 +0530] "POST /sales/getDueReminders HTTP/1.1" 200 448
127.0.0.1 - - [19/Jul/2024:19:28:40 +0530] "POST /salesCore/getUserReminderDetails HTTP/1.1" 200 687
0:0:0:0:0:0:0:1 - - [19/Jul/2024:19:28:40 +0530] "POST /sales/getDueReminders HTTP/1.1" 200 448
127.0.0.1 - - [19/Jul/2024:19:29:41 +0530] "POST /salesCore/getUserReminderDetails HTTP/1.1" 200 687
0:0:0:0:0:0:0:1 - - [19/Jul/2024:19:29:41 +0530] "POST /sales/getDueReminders HTTP/1.1" 200 448
127.0.0.1 - - [19/Jul/2024:19:30:42 +0530] "POST /salesCore/getUserReminderDetails HTTP/1.1" 200 687
0:0:0:0:0:0:0:1 - - [19/Jul/2024:19:30:42 +0530] "POST /sales/getDueReminders HTTP/1.1" 200 448
0:0:0:0:0:0:0:1 - - [19/Jul/2024:19:30:49 +0530] "GET /sales/logout HTTP/1.1" 302 -
0:0:0:0:0:0:0:1 - - [19/Jul/2024:19:30:49 +0530] "GET /sales/login HTTP/1.1" 200 10532
0:0:0:0:0:0:0:1 - - [19/Jul/2024:19:32:40 +0530] "GET /sales/login HTTP/1.1" 200 10532
127.0.0.1 - - [19/Jul/2024:19:32:48 +0530] "POST /salesCore/login HTTP/1.1" 200 656
0:0:0:0:0:0:0:1 - - [19/Jul/2024:19:32:48 +0530] "POST /sales/login HTTP/1.1" 302 -
0:0:0:0:0:0:0:1 - - [19/Jul/2024:19:32:48 +0530] "GET /sales/dashboard HTTP/1.1" 200 26822
127.0.0.1 - - [19/Jul/2024:19:32:48 +0530] "POST /salesCore/todayRemindersCount HTTP/1.1" 200 110
127.0.0.1 - - [19/Jul/2024:19:32:48 +0530] "POST /salesCore/getUserReminderDetails HTTP/1.1" 200 687
0:0:0:0:0:0:0:1 - - [19/Jul/2024:19:32:48 +0530] "POST /sales/getDueReminders HTTP/1.1" 200 448
0:0:0:0:0:0:0:1 - - [19/Jul/2024:19:32:48 +0530] "POST /sales/todayReminders HTTP/1.1" 200 11
127.0.0.1 - - [19/Jul/2024:19:32:48 +0530] "POST /salesCore/getDashboardData HTTP/1.1" 200 1199
0:0:0:0:0:0:0:1 - - [19/Jul/2024:19:32:48 +0530] "GET /sales/getChartData HTTP/1.1" 200 941
127.0.0.1 - - [19/Jul/2024:19:32:52 +0530] "POST /salesCore/getClientDetailsbyid HTTP/1.1" 200 1111
0:0:0:0:0:0:0:1 - - [19/Jul/2024:19:32:52 +0530] "GET /sales/clientList HTTP/1.1" 200 19993
127.0.0.1 - - [19/Jul/2024:19:32:53 +0530] "POST /salesCore/getUserReminderDetails HTTP/1.1" 200 687
127.0.0.1 - - [19/Jul/2024:19:32:53 +0530] "POST /salesCore/todayRemindersCount HTTP/1.1" 200 110
0:0:0:0:0:0:0:1 - - [19/Jul/2024:19:32:53 +0530] "POST /sales/todayReminders HTTP/1.1" 200 11
0:0:0:0:0:0:0:1 - - [19/Jul/2024:19:32:53 +0530] "POST /sales/getDueReminders HTTP/1.1" 200 448
127.0.0.1 - - [19/Jul/2024:19:33:23 +0530] "POST /salesCore/getUserReminderDetails HTTP/1.1" 200 687
0:0:0:0:0:0:0:1 - - [19/Jul/2024:19:33:23 +0530] "POST /sales/getDueReminders HTTP/1.1" 200 448
127.0.0.1 - - [19/Jul/2024:19:33:53 +0530] "POST /salesCore/getUserReminderDetails HTTP/1.1" 200 687
0:0:0:0:0:0:0:1 - - [19/Jul/2024:19:33:53 +0530] "POST /sales/getDueReminders HTTP/1.1" 200 448
127.0.0.1 - - [19/Jul/2024:19:34:24 +0530] "POST /salesCore/getUserReminderDetails HTTP/1.1" 200 687
0:0:0:0:0:0:0:1 - - [19/Jul/2024:19:34:24 +0530] "POST /sales/getDueReminders HTTP/1.1" 200 448
127.0.0.1 - - [19/Jul/2024:19:34:53 +0530] "POST /salesCore/getUserReminderDetails HTTP/1.1" 200 687
0:0:0:0:0:0:0:1 - - [19/Jul/2024:19:34:53 +0530] "POST /sales/getDueReminders HTTP/1.1" 200 448
127.0.0.1 - - [19/Jul/2024:19:35:43 +0530] "POST /salesCore/getUserReminderDetails HTTP/1.1" 200 687
0:0:0:0:0:0:0:1 - - [19/Jul/2024:19:35:43 +0530] "POST /sales/getDueReminders HTTP/1.1" 200 448
127.0.0.1 - - [19/Jul/2024:19:35:55 +0530] "POST /salesCore/getUserReminderDetails HTTP/1.1" 200 687
0:0:0:0:0:0:0:1 - - [19/Jul/2024:19:35:55 +0530] "POST /sales/getDueReminders HTTP/1.1" 200 448
0:0:0:0:0:0:0:1 - - [19/Jul/2024:19:35:59 +0530] "GET /sales/logout HTTP/1.1" 302 -
0:0:0:0:0:0:0:1 - - [19/Jul/2024:19:35:59 +0530] "GET /sales/login HTTP/1.1" 200 10532
