0:0:0:0:0:0:0:1 - - [25/Jul/2024:11:46:16 +0530] "GET /sales/yearBudgets?year%5B%5D=2024-25&zone%5B%5D=North&zone%5B%5D=East&bde%5B%5D=Aravind&bde%5B%5D=Madhu HTTP/1.1" 200 2082
0:0:0:0:0:0:0:1 - - [25/Jul/2024:11:46:16 +0530] "GET /sales/getChartData?year%5B%5D=2024-25&zone%5B%5D=North&zone%5B%5D=East&bde%5B%5D=Aravind&bde%5B%5D=Madhu HTTP/1.1" 200 450
127.0.0.1 - - [25/Jul/2024:11:46:20 +0530] "POST /salesCore/getDashboardData HTTP/1.1" 200 2371
127.0.0.1 - - [25/Jul/2024:11:46:20 +0530] "POST /salesCore/getYearBudgets HTTP/1.1" 200 2883
0:0:0:0:0:0:0:1 - - [25/Jul/2024:11:46:20 +0530] "GET /sales/yearBudgets?year%5B%5D=2024-25&zone%5B%5D=North&zone%5B%5D=East&bde%5B%5D=Aravind&bde%5B%5D=Madhu&bde%5B%5D=Vikrant HTTP/1.1" 200 2082
0:0:0:0:0:0:0:1 - - [25/Jul/2024:11:46:20 +0530] "GET /sales/getChartData?year%5B%5D=2024-25&zone%5B%5D=North&zone%5B%5D=East&bde%5B%5D=Aravind&bde%5B%5D=Madhu&bde%5B%5D=Vikrant HTTP/1.1" 200 450
127.0.0.1 - - [25/Jul/2024:11:46:26 +0530] "POST /salesCore/getYearBudgets HTTP/1.1" 200 2883
127.0.0.1 - - [25/Jul/2024:11:46:26 +0530] "POST /salesCore/getDashboardData HTTP/1.1" 200 2371
0:0:0:0:0:0:0:1 - - [25/Jul/2024:11:46:26 +0530] "GET /sales/yearBudgets?year%5B%5D=2024-25&zone%5B%5D=North&zone%5B%5D=East&bde%5B%5D=Aravind&bde%5B%5D=Madhu HTTP/1.1" 200 2082
0:0:0:0:0:0:0:1 - - [25/Jul/2024:11:46:26 +0530] "GET /sales/getChartData?year%5B%5D=2024-25&zone%5B%5D=North&zone%5B%5D=East&bde%5B%5D=Aravind&bde%5B%5D=Madhu HTTP/1.1" 200 450
127.0.0.1 - - [25/Jul/2024:11:46:37 +0530] "POST /salesCore/getYearBudgets HTTP/1.1" 200 2883
127.0.0.1 - - [25/Jul/2024:11:46:37 +0530] "POST /salesCore/getDashboardData HTTP/1.1" 200 2691
0:0:0:0:0:0:0:1 - - [25/Jul/2024:11:46:37 +0530] "GET /sales/getChartData?year%5B%5D=2024-25&zone%5B%5D=North&zone%5B%5D=East&bde%5B%5D=Aravind&bde%5B%5D=Madhu&bde%5B%5D=BDE1 HTTP/1.1" 200 451
0:0:0:0:0:0:0:1 - - [25/Jul/2024:11:46:37 +0530] "GET /sales/yearBudgets?year%5B%5D=2024-25&zone%5B%5D=North&zone%5B%5D=East&bde%5B%5D=Aravind&bde%5B%5D=Madhu&bde%5B%5D=BDE1 HTTP/1.1" 200 2082
127.0.0.1 - - [25/Jul/2024:11:46:43 +0530] "POST /salesCore/getYearBudgets HTTP/1.1" 200 2883
127.0.0.1 - - [25/Jul/2024:11:46:43 +0530] "POST /salesCore/getDashboardData HTTP/1.1" 200 1583
0:0:0:0:0:0:0:1 - - [25/Jul/2024:11:46:43 +0530] "GET /sales/yearBudgets?year%5B%5D=2024-25&zone%5B%5D=North&zone%5B%5D=East&bde%5B%5D=Madhu&bde%5B%5D=BDE1 HTTP/1.1" 200 2080
0:0:0:0:0:0:0:1 - - [25/Jul/2024:11:46:43 +0530] "GET /sales/getChartData?year%5B%5D=2024-25&zone%5B%5D=North&zone%5B%5D=East&bde%5B%5D=Madhu&bde%5B%5D=BDE1 HTTP/1.1" 200 439
127.0.0.1 - - [25/Jul/2024:11:46:45 +0530] "POST /salesCore/getDashboardData HTTP/1.1" 200 687
127.0.0.1 - - [25/Jul/2024:11:46:45 +0530] "POST /salesCore/getYearBudgets HTTP/1.1" 200 1219
0:0:0:0:0:0:0:1 - - [25/Jul/2024:11:46:45 +0530] "GET /sales/getChartData?year%5B%5D=2024-25&zone%5B%5D=North&zone%5B%5D=East&bde%5B%5D=BDE1 HTTP/1.1" 200 398
0:0:0:0:0:0:0:1 - - [25/Jul/2024:11:46:45 +0530] "GET /sales/yearBudgets?year%5B%5D=2024-25&zone%5B%5D=North&zone%5B%5D=East&bde%5B%5D=BDE1 HTTP/1.1" 200 839
127.0.0.1 - - [25/Jul/2024:11:47:23 +0530] "POST /salesCore/getYearBudgets HTTP/1.1" 200 2883
127.0.0.1 - - [25/Jul/2024:11:47:23 +0530] "POST /salesCore/getDashboardData HTTP/1.1" 200 2691
0:0:0:0:0:0:0:1 - - [25/Jul/2024:11:47:23 +0530] "GET /sales/getChartData?year%5B%5D=2024-25&zone%5B%5D=North&zone%5B%5D=East HTTP/1.1" 200 463
0:0:0:0:0:0:0:1 - - [25/Jul/2024:11:47:23 +0530] "GET /sales/yearBudgets?year%5B%5D=2024-25&zone%5B%5D=North&zone%5B%5D=East HTTP/1.1" 200 2082
127.0.0.1 - - [25/Jul/2024:11:47:24 +0530] "POST /salesCore/getYearBudgets HTTP/1.1" 200 2883
127.0.0.1 - - [25/Jul/2024:11:47:24 +0530] "POST /salesCore/getDashboardData HTTP/1.1" 200 1263
0:0:0:0:0:0:0:1 - - [25/Jul/2024:11:47:24 +0530] "GET /sales/getChartData?year%5B%5D=2024-25&zone%5B%5D=North&zone%5B%5D=East&bde%5B%5D=Madhu HTTP/1.1" 200 438
0:0:0:0:0:0:0:1 - - [25/Jul/2024:11:47:24 +0530] "GET /sales/yearBudgets?year%5B%5D=2024-25&zone%5B%5D=North&zone%5B%5D=East&bde%5B%5D=Madhu HTTP/1.1" 200 2079
127.0.0.1 - - [25/Jul/2024:11:47:35 +0530] "POST /salesCore/getYearBudgets HTTP/1.1" 200 2883
127.0.0.1 - - [25/Jul/2024:11:47:35 +0530] "POST /salesCore/getAllbyzone HTTP/1.1" 200 4035
127.0.0.1 - - [25/Jul/2024:11:47:35 +0530] "POST /salesCore/getDashboardData HTTP/1.1" 200 1263
0:0:0:0:0:0:0:1 - - [25/Jul/2024:11:47:35 +0530] "GET /sales/yearBudgets?year%5B%5D=2024-25&zone%5B%5D=North&zone%5B%5D=East&zone%5B%5D=West&bde%5B%5D=Madhu HTTP/1.1" 200 2079
0:0:0:0:0:0:0:1 - - [25/Jul/2024:11:47:35 +0530] "POST /sales/getAllbyzone HTTP/1.1" 200 2947
0:0:0:0:0:0:0:1 - - [25/Jul/2024:11:47:35 +0530] "GET /sales/getChartData?year%5B%5D=2024-25&zone%5B%5D=North&zone%5B%5D=East&zone%5B%5D=West&bde%5B%5D=Madhu HTTP/1.1" 200 438
127.0.0.1 - - [25/Jul/2024:11:47:41 +0530] "POST /salesCore/getAllbyzone HTTP/1.1" 200 4676
0:0:0:0:0:0:0:1 - - [25/Jul/2024:11:47:42 +0530] "POST /sales/getAllbyzone HTTP/1.1" 200 3438
127.0.0.1 - - [25/Jul/2024:11:47:42 +0530] "POST /salesCore/getYearBudgets HTTP/1.1" 200 2883
0:0:0:0:0:0:0:1 - - [25/Jul/2024:11:47:42 +0530] "GET /sales/yearBudgets?year%5B%5D=2024-25&zone%5B%5D=North&zone%5B%5D=East&zone%5B%5D=West&zone%5B%5D=South&bde%5B%5D=Madhu HTTP/1.1" 200 2079
127.0.0.1 - - [25/Jul/2024:11:47:42 +0530] "POST /salesCore/getDashboardData HTTP/1.1" 200 1263
0:0:0:0:0:0:0:1 - - [25/Jul/2024:11:47:42 +0530] "GET /sales/getChartData?year%5B%5D=2024-25&zone%5B%5D=North&zone%5B%5D=East&zone%5B%5D=West&zone%5B%5D=South&bde%5B%5D=Madhu HTTP/1.1" 200 438
127.0.0.1 - - [25/Jul/2024:11:48:13 +0530] "POST /salesCore/getAllbyzone HTTP/1.1" 200 4035
127.0.0.1 - - [25/Jul/2024:11:48:13 +0530] "POST /salesCore/getYearBudgets HTTP/1.1" 200 2883
127.0.0.1 - - [25/Jul/2024:11:48:13 +0530] "POST /salesCore/getDashboardData HTTP/1.1" 200 1263
0:0:0:0:0:0:0:1 - - [25/Jul/2024:11:48:13 +0530] "GET /sales/yearBudgets?year%5B%5D=2024-25&zone%5B%5D=North&zone%5B%5D=East&zone%5B%5D=West&bde%5B%5D=Madhu HTTP/1.1" 200 2079
0:0:0:0:0:0:0:1 - - [25/Jul/2024:11:48:13 +0530] "GET /sales/getChartData?year%5B%5D=2024-25&zone%5B%5D=North&zone%5B%5D=East&zone%5B%5D=West&bde%5B%5D=Madhu HTTP/1.1" 200 438
0:0:0:0:0:0:0:1 - - [25/Jul/2024:11:48:13 +0530] "POST /sales/getAllbyzone HTTP/1.1" 200 2947
127.0.0.1 - - [25/Jul/2024:11:48:14 +0530] "POST /salesCore/getAllbyzone HTTP/1.1" 200 2711
0:0:0:0:0:0:0:1 - - [25/Jul/2024:11:48:14 +0530] "POST /sales/getAllbyzone HTTP/1.1" 200 1970
127.0.0.1 - - [25/Jul/2024:11:48:14 +0530] "POST /salesCore/getYearBudgets HTTP/1.1" 200 2883
127.0.0.1 - - [25/Jul/2024:11:48:14 +0530] "POST /salesCore/getDashboardData HTTP/1.1" 200 1263
0:0:0:0:0:0:0:1 - - [25/Jul/2024:11:48:14 +0530] "GET /sales/yearBudgets?year%5B%5D=2024-25&zone%5B%5D=North&zone%5B%5D=East&bde%5B%5D=Madhu HTTP/1.1" 200 2079
0:0:0:0:0:0:0:1 - - [25/Jul/2024:11:48:14 +0530] "GET /sales/getChartData?year%5B%5D=2024-25&zone%5B%5D=North&zone%5B%5D=East&bde%5B%5D=Madhu HTTP/1.1" 200 438
127.0.0.1 - - [25/Jul/2024:11:48:15 +0530] "POST /salesCore/getDashboardData HTTP/1.1" 200 1263
0:0:0:0:0:0:0:1 - - [25/Jul/2024:11:48:15 +0530] "GET /sales/getChartData?year%5B%5D=2024-25&zone%5B%5D=North&bde%5B%5D=Madhu HTTP/1.1" 200 438
127.0.0.1 - - [25/Jul/2024:11:48:15 +0530] "POST /salesCore/getYearBudgets HTTP/1.1" 200 2883
0:0:0:0:0:0:0:1 - - [25/Jul/2024:11:48:15 +0530] "GET /sales/yearBudgets?year%5B%5D=2024-25&zone%5B%5D=North&bde%5B%5D=Madhu HTTP/1.1" 200 2079
127.0.0.1 - - [25/Jul/2024:11:48:15 +0530] "POST /salesCore/getAllbyzone HTTP/1.1" 200 1431
0:0:0:0:0:0:0:1 - - [25/Jul/2024:11:48:15 +0530] "POST /sales/getAllbyzone HTTP/1.1" 200 995
127.0.0.1 - - [25/Jul/2024:11:48:16 +0530] "POST /salesCore/getAllbyzone HTTP/1.1" 200 110
127.0.0.1 - - [25/Jul/2024:11:48:16 +0530] "POST /salesCore/getDashboardData HTTP/1.1" 200 367
0:0:0:0:0:0:0:1 - - [25/Jul/2024:11:48:16 +0530] "POST /sales/getAllbyzone HTTP/1.1" 200 12
0:0:0:0:0:0:0:1 - - [25/Jul/2024:11:48:16 +0530] "GET /sales/getChartData?year%5B%5D=2024-25&bde%5B%5D=Madhu HTTP/1.1" 200 428
127.0.0.1 - - [25/Jul/2024:11:48:16 +0530] "POST /salesCore/getYearBudgets HTTP/1.1" 200 110
0:0:0:0:0:0:0:1 - - [25/Jul/2024:11:48:16 +0530] "GET /sales/yearBudgets?year%5B%5D=2024-25&bde%5B%5D=Madhu HTTP/1.1" 200 12
127.0.0.1 - - [25/Jul/2024:11:48:18 +0530] "POST /salesCore/getAllBudget HTTP/1.1" 200 2883
127.0.0.1 - - [25/Jul/2024:11:48:18 +0530] "POST /salesCore/getUserCommonList HTTP/1.1" 200 1303
0:0:0:0:0:0:0:1 - - [25/Jul/2024:11:48:18 +0530] "GET /sales/dashboard HTTP/1.1" 200 37164
127.0.0.1 - - [25/Jul/2024:11:48:18 +0530] "POST /salesCore/todayRemindersCount HTTP/1.1" 200 110
0:0:0:0:0:0:0:1 - - [25/Jul/2024:11:48:18 +0530] "POST /sales/todayReminders HTTP/1.1" 200 11
0:0:0:0:0:0:0:1 - - [25/Jul/2024:11:48:18 +0530] "GET /sales/yearBudgets HTTP/1.1" 500 129
127.0.0.1 - - [25/Jul/2024:11:48:18 +0530] "POST /salesCore/getDashboardData HTTP/1.1" 200 3095
0:0:0:0:0:0:0:1 - - [25/Jul/2024:11:48:18 +0530] "GET /sales/getChartData HTTP/1.1" 200 463
127.0.0.1 - - [25/Jul/2024:11:48:22 +0530] "POST /salesCore/getDashboardData HTTP/1.1" 200 3095
127.0.0.1 - - [25/Jul/2024:11:48:22 +0530] "POST /salesCore/getYearBudgets HTTP/1.1" 200 2883
0:0:0:0:0:0:0:1 - - [25/Jul/2024:11:48:22 +0530] "GET /sales/yearBudgets?year%5B%5D=2024-25 HTTP/1.1" 200 2083
0:0:0:0:0:0:0:1 - - [25/Jul/2024:11:48:22 +0530] "GET /sales/getChartData?year%5B%5D=2024-25 HTTP/1.1" 200 463
127.0.0.1 - - [25/Jul/2024:11:48:25 +0530] "POST /salesCore/getYearBudgets HTTP/1.1" 200 2883
127.0.0.1 - - [25/Jul/2024:11:48:25 +0530] "POST /salesCore/getAllbyzone HTTP/1.1" 200 1431
127.0.0.1 - - [25/Jul/2024:11:48:25 +0530] "POST /salesCore/getDashboardData HTTP/1.1" 200 2371
0:0:0:0:0:0:0:1 - - [25/Jul/2024:11:48:25 +0530] "POST /sales/getAllbyzone HTTP/1.1" 200 995
0:0:0:0:0:0:0:1 - - [25/Jul/2024:11:48:25 +0530] "GET /sales/getChartData?year%5B%5D=2024-25&zone%5B%5D=North HTTP/1.1" 200 462
0:0:0:0:0:0:0:1 - - [25/Jul/2024:11:48:25 +0530] "GET /sales/yearBudgets?year%5B%5D=2024-25&zone%5B%5D=North HTTP/1.1" 200 2082
127.0.0.1 - - [25/Jul/2024:11:48:31 +0530] "POST /salesCore/getYearBudgets HTTP/1.1" 200 2883
0:0:0:0:0:0:0:1 - - [25/Jul/2024:11:48:31 +0530] "GET /sales/yearBudgets?year%5B%5D=2024-25&zone%5B%5D=North&zone%5B%5D=East HTTP/1.1" 200 2082
127.0.0.1 - - [25/Jul/2024:11:48:31 +0530] "POST /salesCore/getAllbyzone HTTP/1.1" 200 2711
127.0.0.1 - - [25/Jul/2024:11:48:31 +0530] "POST /salesCore/getDashboardData HTTP/1.1" 200 2691
0:0:0:0:0:0:0:1 - - [25/Jul/2024:11:48:31 +0530] "POST /sales/getAllbyzone HTTP/1.1" 200 1970
0:0:0:0:0:0:0:1 - - [25/Jul/2024:11:48:31 +0530] "GET /sales/getChartData?year%5B%5D=2024-25&zone%5B%5D=North&zone%5B%5D=East HTTP/1.1" 200 463
127.0.0.1 - - [25/Jul/2024:11:48:35 +0530] "POST /salesCore/getAllbyzone HTTP/1.1" 200 4035
127.0.0.1 - - [25/Jul/2024:11:48:35 +0530] "POST /salesCore/getYearBudgets HTTP/1.1" 200 2883
0:0:0:0:0:0:0:1 - - [25/Jul/2024:11:48:35 +0530] "GET /sales/yearBudgets?year%5B%5D=2024-25&zone%5B%5D=North&zone%5B%5D=East&zone%5B%5D=West HTTP/1.1" 200 2082
0:0:0:0:0:0:0:1 - - [25/Jul/2024:11:48:35 +0530] "POST /sales/getAllbyzone HTTP/1.1" 200 2947
127.0.0.1 - - [25/Jul/2024:11:48:35 +0530] "POST /salesCore/getDashboardData HTTP/1.1" 200 2691
0:0:0:0:0:0:0:1 - - [25/Jul/2024:11:48:35 +0530] "GET /sales/getChartData?year%5B%5D=2024-25&zone%5B%5D=North&zone%5B%5D=East&zone%5B%5D=West HTTP/1.1" 200 463
127.0.0.1 - - [25/Jul/2024:11:48:39 +0530] "POST /salesCore/getYearBudgets HTTP/1.1" 200 2883
127.0.0.1 - - [25/Jul/2024:11:48:39 +0530] "POST /salesCore/getDashboardData HTTP/1.1" 200 2691
0:0:0:0:0:0:0:1 - - [25/Jul/2024:11:48:39 +0530] "GET /sales/yearBudgets?year%5B%5D=2024-25&zone%5B%5D=North&zone%5B%5D=East&zone%5B%5D=West&zone%5B%5D=South HTTP/1.1" 200 2082
0:0:0:0:0:0:0:1 - - [25/Jul/2024:11:48:39 +0530] "GET /sales/getChartData?year%5B%5D=2024-25&zone%5B%5D=North&zone%5B%5D=East&zone%5B%5D=West&zone%5B%5D=South HTTP/1.1" 200 463
127.0.0.1 - - [25/Jul/2024:11:48:39 +0530] "POST /salesCore/getAllbyzone HTTP/1.1" 200 4676
0:0:0:0:0:0:0:1 - - [25/Jul/2024:11:48:39 +0530] "POST /sales/getAllbyzone HTTP/1.1" 200 3438
127.0.0.1 - - [25/Jul/2024:11:49:05 +0530] "POST /salesCore/getYearBudgets HTTP/1.1" 200 2883
127.0.0.1 - - [25/Jul/2024:11:49:05 +0530] "POST /salesCore/getDashboardData HTTP/1.1" 200 1263
0:0:0:0:0:0:0:1 - - [25/Jul/2024:11:49:05 +0530] "GET /sales/yearBudgets?year%5B%5D=2024-25&zone%5B%5D=North&zone%5B%5D=East&zone%5B%5D=West&zone%5B%5D=South&bde%5B%5D=Madhu HTTP/1.1" 200 2079
0:0:0:0:0:0:0:1 - - [25/Jul/2024:11:49:05 +0530] "GET /sales/getChartData?year%5B%5D=2024-25&zone%5B%5D=North&zone%5B%5D=East&zone%5B%5D=West&zone%5B%5D=South&bde%5B%5D=Madhu HTTP/1.1" 200 438
127.0.0.1 - - [25/Jul/2024:11:49:12 +0530] "POST /salesCore/getDashboardData HTTP/1.1" 200 1583
127.0.0.1 - - [25/Jul/2024:11:49:12 +0530] "POST /salesCore/getYearBudgets HTTP/1.1" 200 2883
0:0:0:0:0:0:0:1 - - [25/Jul/2024:11:49:12 +0530] "GET /sales/getChartData?year%5B%5D=2024-25&zone%5B%5D=North&zone%5B%5D=East&zone%5B%5D=West&zone%5B%5D=South&bde%5B%5D=Madhu&bde%5B%5D=BDE1 HTTP/1.1" 200 439
0:0:0:0:0:0:0:1 - - [25/Jul/2024:11:49:12 +0530] "GET /sales/yearBudgets?year%5B%5D=2024-25&zone%5B%5D=North&zone%5B%5D=East&zone%5B%5D=West&zone%5B%5D=South&bde%5B%5D=Madhu&bde%5B%5D=BDE1 HTTP/1.1" 200 2080
127.0.0.1 - - [25/Jul/2024:11:49:16 +0530] "POST /salesCore/getYearBudgets HTTP/1.1" 200 1219
127.0.0.1 - - [25/Jul/2024:11:49:16 +0530] "POST /salesCore/getDashboardData HTTP/1.1" 200 687
0:0:0:0:0:0:0:1 - - [25/Jul/2024:11:49:16 +0530] "GET /sales/yearBudgets?year%5B%5D=2024-25&zone%5B%5D=North&zone%5B%5D=East&zone%5B%5D=West&zone%5B%5D=South&bde%5B%5D=BDE1 HTTP/1.1" 200 839
0:0:0:0:0:0:0:1 - - [25/Jul/2024:11:49:16 +0530] "GET /sales/getChartData?year%5B%5D=2024-25&zone%5B%5D=North&zone%5B%5D=East&zone%5B%5D=West&zone%5B%5D=South&bde%5B%5D=BDE1 HTTP/1.1" 200 398
127.0.0.1 - - [25/Jul/2024:11:50:06 +0530] "POST /salesCore/getDashboardData HTTP/1.1" 200 2691
127.0.0.1 - - [25/Jul/2024:11:50:06 +0530] "POST /salesCore/getYearBudgets HTTP/1.1" 200 2883
0:0:0:0:0:0:0:1 - - [25/Jul/2024:11:50:06 +0530] "GET /sales/yearBudgets?year%5B%5D=2024-25&zone%5B%5D=North&zone%5B%5D=East&zone%5B%5D=West&zone%5B%5D=South HTTP/1.1" 200 2082
0:0:0:0:0:0:0:1 - - [25/Jul/2024:11:50:06 +0530] "GET /sales/getChartData?year%5B%5D=2024-25&zone%5B%5D=North&zone%5B%5D=East&zone%5B%5D=West&zone%5B%5D=South HTTP/1.1" 200 463
127.0.0.1 - - [25/Jul/2024:11:50:09 +0530] "POST /salesCore/getAllbyzone HTTP/1.1" 200 3375
127.0.0.1 - - [25/Jul/2024:11:50:09 +0530] "POST /salesCore/getDashboardData HTTP/1.1" 200 2691
127.0.0.1 - - [25/Jul/2024:11:50:09 +0530] "POST /salesCore/getYearBudgets HTTP/1.1" 200 2883
0:0:0:0:0:0:0:1 - - [25/Jul/2024:11:50:09 +0530] "POST /sales/getAllbyzone HTTP/1.1" 200 2461
0:0:0:0:0:0:0:1 - - [25/Jul/2024:11:50:09 +0530] "GET /sales/yearBudgets?year%5B%5D=2024-25&zone%5B%5D=North&zone%5B%5D=East&zone%5B%5D=South HTTP/1.1" 200 2082
0:0:0:0:0:0:0:1 - - [25/Jul/2024:11:50:09 +0530] "GET /sales/getChartData?year%5B%5D=2024-25&zone%5B%5D=North&zone%5B%5D=East&zone%5B%5D=South HTTP/1.1" 200 463
127.0.0.1 - - [25/Jul/2024:11:50:10 +0530] "POST /salesCore/getYearBudgets HTTP/1.1" 200 2883
0:0:0:0:0:0:0:1 - - [25/Jul/2024:11:50:10 +0530] "GET /sales/yearBudgets?year%5B%5D=2024-25&zone%5B%5D=North&zone%5B%5D=East HTTP/1.1" 200 2082
127.0.0.1 - - [25/Jul/2024:11:50:10 +0530] "POST /salesCore/getAllbyzone HTTP/1.1" 200 2711
127.0.0.1 - - [25/Jul/2024:11:50:10 +0530] "POST /salesCore/getDashboardData HTTP/1.1" 200 2691
0:0:0:0:0:0:0:1 - - [25/Jul/2024:11:50:10 +0530] "POST /sales/getAllbyzone HTTP/1.1" 200 1970
0:0:0:0:0:0:0:1 - - [25/Jul/2024:11:50:10 +0530] "GET /sales/getChartData?year%5B%5D=2024-25&zone%5B%5D=North&zone%5B%5D=East HTTP/1.1" 200 463
127.0.0.1 - - [25/Jul/2024:11:50:11 +0530] "POST /salesCore/getDashboardData HTTP/1.1" 200 2371
127.0.0.1 - - [25/Jul/2024:11:50:11 +0530] "POST /salesCore/getAllbyzone HTTP/1.1" 200 1431
0:0:0:0:0:0:0:1 - - [25/Jul/2024:11:50:11 +0530] "GET /sales/getChartData?year%5B%5D=2024-25&zone%5B%5D=North HTTP/1.1" 200 462
127.0.0.1 - - [25/Jul/2024:11:50:11 +0530] "POST /salesCore/getYearBudgets HTTP/1.1" 200 2883
0:0:0:0:0:0:0:1 - - [25/Jul/2024:11:50:11 +0530] "POST /sales/getAllbyzone HTTP/1.1" 200 995
0:0:0:0:0:0:0:1 - - [25/Jul/2024:11:50:11 +0530] "GET /sales/yearBudgets?year%5B%5D=2024-25&zone%5B%5D=North HTTP/1.1" 200 2082
127.0.0.1 - - [25/Jul/2024:11:50:14 +0530] "POST /salesCore/getYearBudgets HTTP/1.1" 200 2883
127.0.0.1 - - [25/Jul/2024:11:50:14 +0530] "POST /salesCore/getAllbyzone HTTP/1.1" 200 110
127.0.0.1 - - [25/Jul/2024:11:50:14 +0530] "POST /salesCore/getDashboardData HTTP/1.1" 200 3095
0:0:0:0:0:0:0:1 - - [25/Jul/2024:11:50:14 +0530] "GET /sales/yearBudgets?year%5B%5D=2024-25 HTTP/1.1" 200 2083
0:0:0:0:0:0:0:1 - - [25/Jul/2024:11:50:14 +0530] "POST /sales/getAllbyzone HTTP/1.1" 200 12
0:0:0:0:0:0:0:1 - - [25/Jul/2024:11:50:14 +0530] "GET /sales/getChartData?year%5B%5D=2024-25 HTTP/1.1" 200 463
127.0.0.1 - - [25/Jul/2024:11:50:15 +0530] "POST /salesCore/getYearBudgets HTTP/1.1" 200 110
127.0.0.1 - - [25/Jul/2024:11:50:15 +0530] "POST /salesCore/getAllbyzone HTTP/1.1" 200 1411
127.0.0.1 - - [25/Jul/2024:11:50:15 +0530] "POST /salesCore/getDashboardData HTTP/1.1" 200 367
0:0:0:0:0:0:0:1 - - [25/Jul/2024:11:50:15 +0530] "GET /sales/yearBudgets?year%5B%5D=2024-25&zone%5B%5D=West HTTP/1.1" 200 12
0:0:0:0:0:0:0:1 - - [25/Jul/2024:11:50:15 +0530] "GET /sales/getChartData?year%5B%5D=2024-25&zone%5B%5D=West HTTP/1.1" 200 440
0:0:0:0:0:0:0:1 - - [25/Jul/2024:11:50:15 +0530] "POST /sales/getAllbyzone HTTP/1.1" 200 990
127.0.0.1 - - [25/Jul/2024:11:50:17 +0530] "POST /salesCore/getYearBudgets HTTP/1.1" 200 2883
127.0.0.1 - - [25/Jul/2024:11:50:17 +0530] "POST /salesCore/getDashboardData HTTP/1.1" 200 2371
0:0:0:0:0:0:0:1 - - [25/Jul/2024:11:50:17 +0530] "GET /sales/getChartData?year%5B%5D=2024-25&zone%5B%5D=North&zone%5B%5D=West HTTP/1.1" 200 462
0:0:0:0:0:0:0:1 - - [25/Jul/2024:11:50:17 +0530] "GET /sales/yearBudgets?year%5B%5D=2024-25&zone%5B%5D=North&zone%5B%5D=West HTTP/1.1" 200 2082
127.0.0.1 - - [25/Jul/2024:11:50:17 +0530] "POST /salesCore/getAllbyzone HTTP/1.1" 200 2735
0:0:0:0:0:0:0:1 - - [25/Jul/2024:11:50:17 +0530] "POST /sales/getAllbyzone HTTP/1.1" 200 1972
127.0.0.1 - - [25/Jul/2024:11:50:19 +0530] "POST /salesCore/getAllBudget HTTP/1.1" 200 2883
127.0.0.1 - - [25/Jul/2024:11:50:19 +0530] "POST /salesCore/getUserCommonList HTTP/1.1" 200 1303
0:0:0:0:0:0:0:1 - - [25/Jul/2024:11:50:19 +0530] "GET /sales/dashboard HTTP/1.1" 200 37164
127.0.0.1 - - [25/Jul/2024:11:50:19 +0530] "POST /salesCore/todayRemindersCount HTTP/1.1" 200 110
0:0:0:0:0:0:0:1 - - [25/Jul/2024:11:50:19 +0530] "POST /sales/todayReminders HTTP/1.1" 200 11
0:0:0:0:0:0:0:1 - - [25/Jul/2024:11:50:19 +0530] "GET /sales/yearBudgets HTTP/1.1" 500 129
127.0.0.1 - - [25/Jul/2024:11:50:19 +0530] "POST /salesCore/getDashboardData HTTP/1.1" 200 3095
0:0:0:0:0:0:0:1 - - [25/Jul/2024:11:50:19 +0530] "GET /sales/getChartData HTTP/1.1" 200 463
127.0.0.1 - - [25/Jul/2024:11:50:23 +0530] "POST /salesCore/getYearBudgets HTTP/1.1" 200 2883
127.0.0.1 - - [25/Jul/2024:11:50:23 +0530] "POST /salesCore/getDashboardData HTTP/1.1" 200 3095
0:0:0:0:0:0:0:1 - - [25/Jul/2024:11:50:23 +0530] "GET /sales/yearBudgets?year%5B%5D=2024-25 HTTP/1.1" 200 2083
0:0:0:0:0:0:0:1 - - [25/Jul/2024:11:50:23 +0530] "GET /sales/getChartData?year%5B%5D=2024-25 HTTP/1.1" 200 463
127.0.0.1 - - [25/Jul/2024:11:50:32 +0530] "POST /salesCore/getYearBudgets HTTP/1.1" 200 110
127.0.0.1 - - [25/Jul/2024:11:50:32 +0530] "POST /salesCore/getDashboardData HTTP/1.1" 200 367
0:0:0:0:0:0:0:1 - - [25/Jul/2024:11:50:32 +0530] "GET /sales/yearBudgets?year%5B%5D=2024-25&zone%5B%5D=West HTTP/1.1" 200 12
0:0:0:0:0:0:0:1 - - [25/Jul/2024:11:50:32 +0530] "GET /sales/getChartData?year%5B%5D=2024-25&zone%5B%5D=West HTTP/1.1" 200 440
127.0.0.1 - - [25/Jul/2024:11:50:32 +0530] "POST /salesCore/getAllbyzone HTTP/1.1" 200 1411
0:0:0:0:0:0:0:1 - - [25/Jul/2024:11:50:32 +0530] "POST /sales/getAllbyzone HTTP/1.1" 200 990
127.0.0.1 - - [25/Jul/2024:11:51:52 +0530] "POST /salesCore/getYearBudgets HTTP/1.1" 200 110
127.0.0.1 - - [25/Jul/2024:11:51:52 +0530] "POST /salesCore/getDashboardData HTTP/1.1" 200 367
0:0:0:0:0:0:0:1 - - [25/Jul/2024:11:51:52 +0530] "GET /sales/yearBudgets?year%5B%5D=2024-25&zone%5B%5D=West&bde%5B%5D=BDE1 HTTP/1.1" 200 12
0:0:0:0:0:0:0:1 - - [25/Jul/2024:11:51:52 +0530] "GET /sales/getChartData?year%5B%5D=2024-25&zone%5B%5D=West&bde%5B%5D=BDE1 HTTP/1.1" 200 392
127.0.0.1 - - [25/Jul/2024:11:52:04 +0530] "POST /salesCore/getAllBudget HTTP/1.1" 200 2883
127.0.0.1 - - [25/Jul/2024:11:52:04 +0530] "POST /salesCore/getUserCommonList HTTP/1.1" 200 1303
0:0:0:0:0:0:0:1 - - [25/Jul/2024:11:52:04 +0530] "GET /sales/dashboard HTTP/1.1" 200 37164
127.0.0.1 - - [25/Jul/2024:11:52:04 +0530] "POST /salesCore/todayRemindersCount HTTP/1.1" 200 110
0:0:0:0:0:0:0:1 - - [25/Jul/2024:11:52:04 +0530] "POST /sales/todayReminders HTTP/1.1" 200 11
0:0:0:0:0:0:0:1 - - [25/Jul/2024:11:52:04 +0530] "GET /sales/yearBudgets HTTP/1.1" 500 129
127.0.0.1 - - [25/Jul/2024:11:52:04 +0530] "POST /salesCore/getDashboardData HTTP/1.1" 200 3095
0:0:0:0:0:0:0:1 - - [25/Jul/2024:11:52:04 +0530] "GET /sales/getChartData HTTP/1.1" 200 463
127.0.0.1 - - [25/Jul/2024:11:52:06 +0530] "POST /salesCore/getDashboardData HTTP/1.1" 200 3095
0:0:0:0:0:0:0:1 - - [25/Jul/2024:11:52:06 +0530] "GET /sales/getChartData?year%5B%5D=2024-25 HTTP/1.1" 200 463
127.0.0.1 - - [25/Jul/2024:11:52:06 +0530] "POST /salesCore/getYearBudgets HTTP/1.1" 200 2883
0:0:0:0:0:0:0:1 - - [25/Jul/2024:11:52:06 +0530] "GET /sales/yearBudgets?year%5B%5D=2024-25 HTTP/1.1" 200 2083
127.0.0.1 - - [25/Jul/2024:11:52:13 +0530] "POST /salesCore/getYearBudgets HTTP/1.1" 200 110
127.0.0.1 - - [25/Jul/2024:11:52:13 +0530] "POST /salesCore/getDashboardData HTTP/1.1" 200 367
127.0.0.1 - - [25/Jul/2024:11:52:13 +0530] "POST /salesCore/getAllbyzone HTTP/1.1" 200 1411
0:0:0:0:0:0:0:1 - - [25/Jul/2024:11:52:13 +0530] "GET /sales/yearBudgets?year%5B%5D=2024-25&zone%5B%5D=West HTTP/1.1" 200 12
0:0:0:0:0:0:0:1 - - [25/Jul/2024:11:52:13 +0530] "GET /sales/getChartData?year%5B%5D=2024-25&zone%5B%5D=West HTTP/1.1" 200 440
0:0:0:0:0:0:0:1 - - [25/Jul/2024:11:52:13 +0530] "POST /sales/getAllbyzone HTTP/1.1" 200 990
127.0.0.1 - - [25/Jul/2024:11:52:32 +0530] "POST /salesCore/getDashboardData HTTP/1.1" 200 367
127.0.0.1 - - [25/Jul/2024:11:52:32 +0530] "POST /salesCore/getYearBudgets HTTP/1.1" 200 110
0:0:0:0:0:0:0:1 - - [25/Jul/2024:11:52:32 +0530] "GET /sales/getChartData?year%5B%5D=2024-25&zone%5B%5D=West&bde%5B%5D=BDE1 HTTP/1.1" 200 392
0:0:0:0:0:0:0:1 - - [25/Jul/2024:11:52:32 +0530] "GET /sales/yearBudgets?year%5B%5D=2024-25&zone%5B%5D=West&bde%5B%5D=BDE1 HTTP/1.1" 200 12
127.0.0.1 - - [25/Jul/2024:11:52:42 +0530] "POST /salesCore/getYearBudgets HTTP/1.1" 200 110
0:0:0:0:0:0:0:1 - - [25/Jul/2024:11:52:42 +0530] "GET /sales/yearBudgets?year%5B%5D=2024-25&zone%5B%5D=West HTTP/1.1" 200 12
127.0.0.1 - - [25/Jul/2024:11:52:42 +0530] "POST /salesCore/getDashboardData HTTP/1.1" 200 367
0:0:0:0:0:0:0:1 - - [25/Jul/2024:11:52:42 +0530] "GET /sales/getChartData?year%5B%5D=2024-25&zone%5B%5D=West HTTP/1.1" 200 440
127.0.0.1 - - [25/Jul/2024:11:52:44 +0530] "POST /salesCore/getAllbyzone HTTP/1.1" 200 110
0:0:0:0:0:0:0:1 - - [25/Jul/2024:11:52:44 +0530] "POST /sales/getAllbyzone HTTP/1.1" 200 12
127.0.0.1 - - [25/Jul/2024:11:52:44 +0530] "POST /salesCore/getDashboardData HTTP/1.1" 200 3095
0:0:0:0:0:0:0:1 - - [25/Jul/2024:11:52:44 +0530] "GET /sales/getChartData?year%5B%5D=2024-25 HTTP/1.1" 200 463
127.0.0.1 - - [25/Jul/2024:11:52:44 +0530] "POST /salesCore/getYearBudgets HTTP/1.1" 200 2883
0:0:0:0:0:0:0:1 - - [25/Jul/2024:11:52:44 +0530] "GET /sales/yearBudgets?year%5B%5D=2024-25 HTTP/1.1" 200 2083
127.0.0.1 - - [25/Jul/2024:11:52:50 +0530] "POST /salesCore/getAllbyzone HTTP/1.1" 200 1411
0:0:0:0:0:0:0:1 - - [25/Jul/2024:11:52:50 +0530] "POST /sales/getAllbyzone HTTP/1.1" 200 990
127.0.0.1 - - [25/Jul/2024:11:52:50 +0530] "POST /salesCore/getYearBudgets HTTP/1.1" 200 110
127.0.0.1 - - [25/Jul/2024:11:52:51 +0530] "POST /salesCore/getDashboardData HTTP/1.1" 200 367
0:0:0:0:0:0:0:1 - - [25/Jul/2024:11:52:51 +0530] "GET /sales/yearBudgets?year%5B%5D=2024-25&zone%5B%5D=West HTTP/1.1" 200 12
0:0:0:0:0:0:0:1 - - [25/Jul/2024:11:52:51 +0530] "GET /sales/getChartData?year%5B%5D=2024-25&zone%5B%5D=West HTTP/1.1" 200 440
127.0.0.1 - - [25/Jul/2024:11:52:55 +0530] "POST /salesCore/getYearBudgets HTTP/1.1" 200 110
0:0:0:0:0:0:0:1 - - [25/Jul/2024:11:52:56 +0530] "GET /sales/yearBudgets?year%5B%5D=2024-25&zone%5B%5D=West&bde%5B%5D=BDE1 HTTP/1.1" 200 12
127.0.0.1 - - [25/Jul/2024:11:52:56 +0530] "POST /salesCore/getDashboardData HTTP/1.1" 200 367
0:0:0:0:0:0:0:1 - - [25/Jul/2024:11:52:56 +0530] "GET /sales/getChartData?year%5B%5D=2024-25&zone%5B%5D=West&bde%5B%5D=BDE1 HTTP/1.1" 200 392
127.0.0.1 - - [25/Jul/2024:11:53:14 +0530] "POST /salesCore/getYearBudgets HTTP/1.1" 200 110
127.0.0.1 - - [25/Jul/2024:11:53:14 +0530] "POST /salesCore/getDashboardData HTTP/1.1" 200 367
0:0:0:0:0:0:0:1 - - [25/Jul/2024:11:53:14 +0530] "GET /sales/yearBudgets?year%5B%5D=2024-25&zone%5B%5D=West HTTP/1.1" 200 12
0:0:0:0:0:0:0:1 - - [25/Jul/2024:11:53:14 +0530] "GET /sales/getChartData?year%5B%5D=2024-25&zone%5B%5D=West HTTP/1.1" 200 440
127.0.0.1 - - [25/Jul/2024:11:53:16 +0530] "POST /salesCore/getAllBudget HTTP/1.1" 200 2883
127.0.0.1 - - [25/Jul/2024:11:53:16 +0530] "POST /salesCore/getUserCommonList HTTP/1.1" 200 1303
0:0:0:0:0:0:0:1 - - [25/Jul/2024:11:53:16 +0530] "GET /sales/dashboard HTTP/1.1" 200 37164
127.0.0.1 - - [25/Jul/2024:11:53:16 +0530] "POST /salesCore/todayRemindersCount HTTP/1.1" 200 110
0:0:0:0:0:0:0:1 - - [25/Jul/2024:11:53:16 +0530] "POST /sales/todayReminders HTTP/1.1" 200 11
0:0:0:0:0:0:0:1 - - [25/Jul/2024:11:53:16 +0530] "GET /sales/yearBudgets HTTP/1.1" 500 129
127.0.0.1 - - [25/Jul/2024:11:53:16 +0530] "POST /salesCore/getDashboardData HTTP/1.1" 200 3095
0:0:0:0:0:0:0:1 - - [25/Jul/2024:11:53:16 +0530] "GET /sales/getChartData HTTP/1.1" 200 463
127.0.0.1 - - [25/Jul/2024:11:53:18 +0530] "POST /salesCore/getDashboardData HTTP/1.1" 200 3095
127.0.0.1 - - [25/Jul/2024:11:53:18 +0530] "POST /salesCore/getYearBudgets HTTP/1.1" 200 2883
0:0:0:0:0:0:0:1 - - [25/Jul/2024:11:53:18 +0530] "GET /sales/getChartData?year%5B%5D=2024-25 HTTP/1.1" 200 463
0:0:0:0:0:0:0:1 - - [25/Jul/2024:11:53:18 +0530] "GET /sales/yearBudgets?year%5B%5D=2024-25 HTTP/1.1" 200 2083
127.0.0.1 - - [25/Jul/2024:11:53:21 +0530] "POST /salesCore/getAllbyzone HTTP/1.1" 200 771
127.0.0.1 - - [25/Jul/2024:11:53:21 +0530] "POST /salesCore/getDashboardData HTTP/1.1" 200 367
0:0:0:0:0:0:0:1 - - [25/Jul/2024:11:53:21 +0530] "GET /sales/getChartData?year%5B%5D=2024-25&zone%5B%5D=South HTTP/1.1" 200 440
127.0.0.1 - - [25/Jul/2024:11:53:21 +0530] "POST /salesCore/getYearBudgets HTTP/1.1" 200 110
0:0:0:0:0:0:0:1 - - [25/Jul/2024:11:53:21 +0530] "POST /sales/getAllbyzone HTTP/1.1" 200 504
0:0:0:0:0:0:0:1 - - [25/Jul/2024:11:53:21 +0530] "GET /sales/yearBudgets?year%5B%5D=2024-25&zone%5B%5D=South HTTP/1.1" 200 12
127.0.0.1 - - [25/Jul/2024:11:53:24 +0530] "POST /salesCore/getYearBudgets HTTP/1.1" 200 110
127.0.0.1 - - [25/Jul/2024:11:53:24 +0530] "POST /salesCore/getDashboardData HTTP/1.1" 200 367
0:0:0:0:0:0:0:1 - - [25/Jul/2024:11:53:24 +0530] "GET /sales/getChartData?year%5B%5D=2024-25&zone%5B%5D=South&bde%5B%5D=Nitesh HTTP/1.1" 200 392
0:0:0:0:0:0:0:1 - - [25/Jul/2024:11:53:24 +0530] "GET /sales/yearBudgets?year%5B%5D=2024-25&zone%5B%5D=South&bde%5B%5D=Nitesh HTTP/1.1" 200 12
127.0.0.1 - - [25/Jul/2024:11:57:46 +0530] "POST /salesCore/getAllBudget HTTP/1.1" 200 2883
127.0.0.1 - - [25/Jul/2024:11:57:46 +0530] "POST /salesCore/getUserCommonList HTTP/1.1" 200 1303
0:0:0:0:0:0:0:1 - - [25/Jul/2024:11:57:46 +0530] "GET /sales/dashboard HTTP/1.1" 200 37164
127.0.0.1 - - [25/Jul/2024:11:57:47 +0530] "POST /salesCore/todayRemindersCount HTTP/1.1" 200 110
0:0:0:0:0:0:0:1 - - [25/Jul/2024:11:57:47 +0530] "POST /sales/todayReminders HTTP/1.1" 200 11
0:0:0:0:0:0:0:1 - - [25/Jul/2024:11:57:47 +0530] "GET /sales/yearBudgets HTTP/1.1" 500 129
127.0.0.1 - - [25/Jul/2024:11:57:47 +0530] "POST /salesCore/getDashboardData HTTP/1.1" 200 3095
0:0:0:0:0:0:0:1 - - [25/Jul/2024:11:57:47 +0530] "GET /sales/getChartData HTTP/1.1" 200 463
127.0.0.1 - - [25/Jul/2024:11:57:50 +0530] "POST /salesCore/getYearBudgets HTTP/1.1" 200 2883
127.0.0.1 - - [25/Jul/2024:11:57:50 +0530] "POST /salesCore/getDashboardData HTTP/1.1" 200 3095
0:0:0:0:0:0:0:1 - - [25/Jul/2024:11:57:50 +0530] "GET /sales/yearBudgets?year%5B%5D=2024-25 HTTP/1.1" 200 2083
0:0:0:0:0:0:0:1 - - [25/Jul/2024:11:57:50 +0530] "GET /sales/getChartData?year%5B%5D=2024-25 HTTP/1.1" 200 463
127.0.0.1 - - [25/Jul/2024:11:57:52 +0530] "POST /salesCore/getDashboardData HTTP/1.1" 200 687
0:0:0:0:0:0:0:1 - - [25/Jul/2024:11:57:52 +0530] "GET /sales/getChartData?year%5B%5D=2024-25&zone%5B%5D=East HTTP/1.1" 200 446
127.0.0.1 - - [25/Jul/2024:11:57:52 +0530] "POST /salesCore/getAllbyzone HTTP/1.1" 200 1411
0:0:0:0:0:0:0:1 - - [25/Jul/2024:11:57:52 +0530] "POST /sales/getAllbyzone HTTP/1.1" 200 988
127.0.0.1 - - [25/Jul/2024:11:57:52 +0530] "POST /salesCore/getYearBudgets HTTP/1.1" 200 1219
0:0:0:0:0:0:0:1 - - [25/Jul/2024:11:57:52 +0530] "GET /sales/yearBudgets?year%5B%5D=2024-25&zone%5B%5D=East HTTP/1.1" 200 839
127.0.0.1 - - [25/Jul/2024:11:57:54 +0530] "POST /salesCore/getYearBudgets HTTP/1.1" 200 1219
127.0.0.1 - - [25/Jul/2024:11:57:54 +0530] "POST /salesCore/getDashboardData HTTP/1.1" 200 687
0:0:0:0:0:0:0:1 - - [25/Jul/2024:11:57:54 +0530] "GET /sales/yearBudgets?year%5B%5D=2024-25&zone%5B%5D=East&bde%5B%5D=BDE1 HTTP/1.1" 200 839
0:0:0:0:0:0:0:1 - - [25/Jul/2024:11:57:54 +0530] "GET /sales/getChartData?year%5B%5D=2024-25&zone%5B%5D=East&bde%5B%5D=BDE1 HTTP/1.1" 200 398
127.0.0.1 - - [25/Jul/2024:11:57:57 +0530] "POST /salesCore/getYearBudgets HTTP/1.1" 200 1219
0:0:0:0:0:0:0:1 - - [25/Jul/2024:11:57:57 +0530] "GET /sales/yearBudgets?year%5B%5D=2024-25&zone%5B%5D=East HTTP/1.1" 200 839
127.0.0.1 - - [25/Jul/2024:11:57:57 +0530] "POST /salesCore/getDashboardData HTTP/1.1" 200 687
0:0:0:0:0:0:0:1 - - [25/Jul/2024:11:57:57 +0530] "GET /sales/getChartData?year%5B%5D=2024-25&zone%5B%5D=East HTTP/1.1" 200 446
127.0.0.1 - - [25/Jul/2024:11:57:59 +0530] "POST /salesCore/getAllbyzone HTTP/1.1" 200 110
0:0:0:0:0:0:0:1 - - [25/Jul/2024:11:57:59 +0530] "POST /sales/getAllbyzone HTTP/1.1" 200 12
127.0.0.1 - - [25/Jul/2024:11:58:00 +0530] "POST /salesCore/getDashboardData HTTP/1.1" 200 3095
0:0:0:0:0:0:0:1 - - [25/Jul/2024:11:58:00 +0530] "GET /sales/getChartData?year%5B%5D=2024-25 HTTP/1.1" 200 463
127.0.0.1 - - [25/Jul/2024:11:58:00 +0530] "POST /salesCore/getYearBudgets HTTP/1.1" 200 2883
0:0:0:0:0:0:0:1 - - [25/Jul/2024:11:58:00 +0530] "GET /sales/yearBudgets?year%5B%5D=2024-25 HTTP/1.1" 200 2083
127.0.0.1 - - [25/Jul/2024:11:58:01 +0530] "POST /salesCore/getAllbyzone HTTP/1.1" 200 1411
127.0.0.1 - - [25/Jul/2024:11:58:01 +0530] "POST /salesCore/getYearBudgets HTTP/1.1" 200 110
0:0:0:0:0:0:0:1 - - [25/Jul/2024:11:58:01 +0530] "GET /sales/yearBudgets?year%5B%5D=2024-25&zone%5B%5D=West HTTP/1.1" 200 12
0:0:0:0:0:0:0:1 - - [25/Jul/2024:11:58:01 +0530] "POST /sales/getAllbyzone HTTP/1.1" 200 990
127.0.0.1 - - [25/Jul/2024:11:58:01 +0530] "POST /salesCore/getDashboardData HTTP/1.1" 200 367
0:0:0:0:0:0:0:1 - - [25/Jul/2024:11:58:01 +0530] "GET /sales/getChartData?year%5B%5D=2024-25&zone%5B%5D=West HTTP/1.1" 200 440
127.0.0.1 - - [25/Jul/2024:11:58:04 +0530] "POST /salesCore/getYearBudgets HTTP/1.1" 200 1219
127.0.0.1 - - [25/Jul/2024:11:58:04 +0530] "POST /salesCore/getAllbyzone HTTP/1.1" 200 2711
0:0:0:0:0:0:0:1 - - [25/Jul/2024:11:58:04 +0530] "GET /sales/yearBudgets?year%5B%5D=2024-25&zone%5B%5D=East&zone%5B%5D=West HTTP/1.1" 200 839
0:0:0:0:0:0:0:1 - - [25/Jul/2024:11:58:04 +0530] "POST /sales/getAllbyzone HTTP/1.1" 200 1965
127.0.0.1 - - [25/Jul/2024:11:58:05 +0530] "POST /salesCore/getDashboardData HTTP/1.1" 200 687
0:0:0:0:0:0:0:1 - - [25/Jul/2024:11:58:05 +0530] "GET /sales/getChartData?year%5B%5D=2024-25&zone%5B%5D=East&zone%5B%5D=West HTTP/1.1" 200 446
127.0.0.1 - - [25/Jul/2024:11:58:10 +0530] "POST /salesCore/getYearBudgets HTTP/1.1" 200 110
127.0.0.1 - - [25/Jul/2024:11:58:10 +0530] "POST /salesCore/getDashboardData HTTP/1.1" 200 367
0:0:0:0:0:0:0:1 - - [25/Jul/2024:11:58:10 +0530] "GET /sales/yearBudgets?year%5B%5D=2024-25&zone%5B%5D=East&zone%5B%5D=West&bde%5B%5D=Vikrant HTTP/1.1" 200 12
0:0:0:0:0:0:0:1 - - [25/Jul/2024:11:58:10 +0530] "GET /sales/getChartData?year%5B%5D=2024-25&zone%5B%5D=East&zone%5B%5D=West&bde%5B%5D=Vikrant HTTP/1.1" 200 392
127.0.0.1 - - [25/Jul/2024:11:58:14 +0530] "POST /salesCore/getDashboardData HTTP/1.1" 200 687
0:0:0:0:0:0:0:1 - - [25/Jul/2024:11:58:14 +0530] "GET /sales/getChartData?year%5B%5D=2024-25&zone%5B%5D=East&zone%5B%5D=West HTTP/1.1" 200 446
127.0.0.1 - - [25/Jul/2024:11:58:14 +0530] "POST /salesCore/getYearBudgets HTTP/1.1" 200 1219
0:0:0:0:0:0:0:1 - - [25/Jul/2024:11:58:14 +0530] "GET /sales/yearBudgets?year%5B%5D=2024-25&zone%5B%5D=East&zone%5B%5D=West HTTP/1.1" 200 839
127.0.0.1 - - [25/Jul/2024:11:58:17 +0530] "POST /salesCore/getYearBudgets HTTP/1.1" 200 110
0:0:0:0:0:0:0:1 - - [25/Jul/2024:11:58:17 +0530] "GET /sales/yearBudgets?year%5B%5D=2024-25&zone%5B%5D=East&zone%5B%5D=West&bde%5B%5D=BDE2 HTTP/1.1" 200 12
127.0.0.1 - - [25/Jul/2024:11:58:17 +0530] "POST /salesCore/getDashboardData HTTP/1.1" 200 367
0:0:0:0:0:0:0:1 - - [25/Jul/2024:11:58:17 +0530] "GET /sales/getChartData?year%5B%5D=2024-25&zone%5B%5D=East&zone%5B%5D=West&bde%5B%5D=BDE2 HTTP/1.1" 200 392
127.0.0.1 - - [25/Jul/2024:11:58:20 +0530] "POST /salesCore/getYearBudgets HTTP/1.1" 200 1219
127.0.0.1 - - [25/Jul/2024:11:58:20 +0530] "POST /salesCore/getDashboardData HTTP/1.1" 200 687
0:0:0:0:0:0:0:1 - - [25/Jul/2024:11:58:20 +0530] "GET /sales/yearBudgets?year%5B%5D=2024-25&zone%5B%5D=East&zone%5B%5D=West HTTP/1.1" 200 839
0:0:0:0:0:0:0:1 - - [25/Jul/2024:11:58:20 +0530] "GET /sales/getChartData?year%5B%5D=2024-25&zone%5B%5D=East&zone%5B%5D=West HTTP/1.1" 200 446
127.0.0.1 - - [25/Jul/2024:11:58:23 +0530] "POST /salesCore/getYearBudgets HTTP/1.1" 200 2883
127.0.0.1 - - [25/Jul/2024:11:58:23 +0530] "POST /salesCore/getDashboardData HTTP/1.1" 200 2691
127.0.0.1 - - [25/Jul/2024:11:58:23 +0530] "POST /salesCore/getAllbyzone HTTP/1.1" 200 4035
0:0:0:0:0:0:0:1 - - [25/Jul/2024:11:58:23 +0530] "GET /sales/yearBudgets?year%5B%5D=2024-25&zone%5B%5D=North&zone%5B%5D=East&zone%5B%5D=West HTTP/1.1" 200 2082
0:0:0:0:0:0:0:1 - - [25/Jul/2024:11:58:23 +0530] "GET /sales/getChartData?year%5B%5D=2024-25&zone%5B%5D=North&zone%5B%5D=East&zone%5B%5D=West HTTP/1.1" 200 463
0:0:0:0:0:0:0:1 - - [25/Jul/2024:11:58:23 +0530] "POST /sales/getAllbyzone HTTP/1.1" 200 2947
127.0.0.1 - - [25/Jul/2024:11:58:25 +0530] "POST /salesCore/getYearBudgets HTTP/1.1" 200 2883
127.0.0.1 - - [25/Jul/2024:11:58:25 +0530] "POST /salesCore/getDashboardData HTTP/1.1" 200 1455
0:0:0:0:0:0:0:1 - - [25/Jul/2024:11:58:25 +0530] "GET /sales/yearBudgets?year%5B%5D=2024-25&zone%5B%5D=North&zone%5B%5D=East&zone%5B%5D=West&bde%5B%5D=Aravind HTTP/1.1" 200 2079
0:0:0:0:0:0:0:1 - - [25/Jul/2024:11:58:25 +0530] "GET /sales/getChartData?year%5B%5D=2024-25&zone%5B%5D=North&zone%5B%5D=East&zone%5B%5D=West&bde%5B%5D=Aravind HTTP/1.1" 200 440
127.0.0.1 - - [25/Jul/2024:11:58:28 +0530] "POST /salesCore/getYearBudgets HTTP/1.1" 200 2883
0:0:0:0:0:0:0:1 - - [25/Jul/2024:11:58:28 +0530] "GET /sales/yearBudgets?year%5B%5D=2024-25&zone%5B%5D=North&zone%5B%5D=East&zone%5B%5D=West HTTP/1.1" 200 2082
127.0.0.1 - - [25/Jul/2024:11:58:28 +0530] "POST /salesCore/getDashboardData HTTP/1.1" 200 2691
0:0:0:0:0:0:0:1 - - [25/Jul/2024:11:58:28 +0530] "GET /sales/getChartData?year%5B%5D=2024-25&zone%5B%5D=North&zone%5B%5D=East&zone%5B%5D=West HTTP/1.1" 200 463
127.0.0.1 - - [25/Jul/2024:11:58:31 +0530] "POST /salesCore/getDashboardData HTTP/1.1" 200 1263
0:0:0:0:0:0:0:1 - - [25/Jul/2024:11:58:31 +0530] "GET /sales/getChartData?year%5B%5D=2024-25&zone%5B%5D=North&zone%5B%5D=East&zone%5B%5D=West&bde%5B%5D=Madhu HTTP/1.1" 200 438
127.0.0.1 - - [25/Jul/2024:11:58:31 +0530] "POST /salesCore/getYearBudgets HTTP/1.1" 200 2883
0:0:0:0:0:0:0:1 - - [25/Jul/2024:11:58:31 +0530] "GET /sales/yearBudgets?year%5B%5D=2024-25&zone%5B%5D=North&zone%5B%5D=East&zone%5B%5D=West&bde%5B%5D=Madhu HTTP/1.1" 200 2079
127.0.0.1 - - [25/Jul/2024:11:58:41 +0530] "POST /salesCore/getAllReminders HTTP/1.1" 200 751
0:0:0:0:0:0:0:1 - - [25/Jul/2024:11:58:42 +0530] "GET /sales/reminderList HTTP/1.1" 200 30713
127.0.0.1 - - [25/Jul/2024:11:58:42 +0530] "POST /salesCore/todayRemindersCount HTTP/1.1" 200 110
0:0:0:0:0:0:0:1 - - [25/Jul/2024:11:58:42 +0530] "POST /sales/todayReminders HTTP/1.1" 200 11
127.0.0.1 - - [25/Jul/2024:11:58:46 +0530] "POST /salesCore/getUserCommonList HTTP/1.1" 200 1263
127.0.0.1 - - [25/Jul/2024:11:58:46 +0530] "POST /salesCore/getAllManagerDetails HTTP/1.1" 200 5208
0:0:0:0:0:0:0:1 - - [25/Jul/2024:11:58:47 +0530] "GET /sales/set-target HTTP/1.1" 200 69254
127.0.0.1 - - [25/Jul/2024:11:58:47 +0530] "POST /salesCore/todayRemindersCount HTTP/1.1" 200 110
0:0:0:0:0:0:0:1 - - [25/Jul/2024:11:58:47 +0530] "POST /sales/todayReminders HTTP/1.1" 200 11
127.0.0.1 - - [25/Jul/2024:11:59:52 +0530] "POST /salesCore/getAllLeadDetails HTTP/1.1" 200 10423
0:0:0:0:0:0:0:1 - - [25/Jul/2024:11:59:52 +0530] "GET /sales/leadList HTTP/1.1" 200 35813
0:0:0:0:0:0:0:1 - - [25/Jul/2024:11:59:52 +0530] "GET /sales/fonts/boxicons/boxicons.woff2 HTTP/1.1" 304 -
127.0.0.1 - - [25/Jul/2024:11:59:52 +0530] "POST /salesCore/todayRemindersCount HTTP/1.1" 200 110
0:0:0:0:0:0:0:1 - - [25/Jul/2024:11:59:52 +0530] "POST /sales/todayReminders HTTP/1.1" 200 11
127.0.0.1 - - [25/Jul/2024:11:59:55 +0530] "POST /salesCore/getAllReminders HTTP/1.1" 200 751
0:0:0:0:0:0:0:1 - - [25/Jul/2024:11:59:55 +0530] "GET /sales/reminderList HTTP/1.1" 200 30713
127.0.0.1 - - [25/Jul/2024:11:59:55 +0530] "POST /salesCore/todayRemindersCount HTTP/1.1" 200 110
0:0:0:0:0:0:0:1 - - [25/Jul/2024:11:59:55 +0530] "POST /sales/todayReminders HTTP/1.1" 200 11
127.0.0.1 - - [25/Jul/2024:11:59:56 +0530] "POST /salesCore/getAllBudget HTTP/1.1" 200 2883
127.0.0.1 - - [25/Jul/2024:11:59:56 +0530] "POST /salesCore/getUserCommonList HTTP/1.1" 200 1303
0:0:0:0:0:0:0:1 - - [25/Jul/2024:11:59:56 +0530] "GET /sales/dashboard HTTP/1.1" 200 37164
127.0.0.1 - - [25/Jul/2024:11:59:57 +0530] "POST /salesCore/todayRemindersCount HTTP/1.1" 200 110
0:0:0:0:0:0:0:1 - - [25/Jul/2024:11:59:57 +0530] "POST /sales/todayReminders HTTP/1.1" 200 11
0:0:0:0:0:0:0:1 - - [25/Jul/2024:11:59:57 +0530] "GET /sales/yearBudgets HTTP/1.1" 500 129
127.0.0.1 - - [25/Jul/2024:11:59:57 +0530] "POST /salesCore/getDashboardData HTTP/1.1" 200 3095
0:0:0:0:0:0:0:1 - - [25/Jul/2024:11:59:57 +0530] "GET /sales/getChartData HTTP/1.1" 200 463
0:0:0:0:0:0:0:1 - - [25/Jul/2024:12:00:03 +0530] "GET /sales/logout HTTP/1.1" 302 -
0:0:0:0:0:0:0:1 - - [25/Jul/2024:12:00:03 +0530] "GET /sales/login HTTP/1.1" 200 10532
0:0:0:0:0:0:0:1 - - [25/Jul/2024:12:00:09 +0530] "GET /sales/dashboard HTTP/1.1" 302 -
0:0:0:0:0:0:0:1 - - [25/Jul/2024:12:00:09 +0530] "GET /sales/login HTTP/1.1" 200 10532
127.0.0.1 - - [25/Jul/2024:12:01:17 +0530] "GET / HTTP/1.1" 404 751
0:0:0:0:0:0:0:1 - - [25/Jul/2024:12:02:40 +0530] "GET /sales/dashboard HTTP/1.1" 302 -
0:0:0:0:0:0:0:1 - - [25/Jul/2024:12:02:40 +0530] "GET /sales/login HTTP/1.1" 200 10532
0:0:0:0:0:0:0:1 - - [25/Jul/2024:12:02:46 +0530] "GET /sales/dashboard HTTP/1.1" 302 -
0:0:0:0:0:0:0:1 - - [25/Jul/2024:12:02:46 +0530] "GET /sales/login HTTP/1.1" 200 10532
127.0.0.1 - - [25/Jul/2024:12:02:57 +0530] "POST /salesCore/login HTTP/1.1" 200 656
0:0:0:0:0:0:0:1 - - [25/Jul/2024:12:02:58 +0530] "POST /sales/login HTTP/1.1" 302 -
127.0.0.1 - - [25/Jul/2024:12:02:58 +0530] "POST /salesCore/getAllBudget HTTP/1.1" 200 2883
127.0.0.1 - - [25/Jul/2024:12:02:59 +0530] "POST /salesCore/getUserCommonList HTTP/1.1" 200 1303
0:0:0:0:0:0:0:1 - - [25/Jul/2024:12:02:59 +0530] "GET /sales/dashboard HTTP/1.1" 200 37000
127.0.0.1 - - [25/Jul/2024:12:02:59 +0530] "POST /salesCore/getDashboardData HTTP/1.1" 200 3095
127.0.0.1 - - [25/Jul/2024:12:02:59 +0530] "POST /salesCore/todayRemindersCount HTTP/1.1" 200 110
0:0:0:0:0:0:0:1 - - [25/Jul/2024:12:02:59 +0530] "GET /sales/yearBudgets HTTP/1.1" 500 129
0:0:0:0:0:0:0:1 - - [25/Jul/2024:12:02:59 +0530] "POST /sales/todayReminders HTTP/1.1" 200 11
0:0:0:0:0:0:0:1 - - [25/Jul/2024:12:02:59 +0530] "GET /sales/getChartData HTTP/1.1" 200 463
127.0.0.1 - - [25/Jul/2024:12:03:01 +0530] "POST /salesCore/getAllBudget HTTP/1.1" 200 2883
127.0.0.1 - - [25/Jul/2024:12:03:02 +0530] "POST /salesCore/getUserCommonList HTTP/1.1" 200 1303
0:0:0:0:0:0:0:1 - - [25/Jul/2024:12:03:02 +0530] "GET /sales/dashboard HTTP/1.1" 200 37000
0:0:0:0:0:0:0:1 - - [25/Jul/2024:12:03:02 +0530] "GET /sales/yearBudgets HTTP/1.1" 500 129
127.0.0.1 - - [25/Jul/2024:12:03:02 +0530] "POST /salesCore/todayRemindersCount HTTP/1.1" 200 110
0:0:0:0:0:0:0:1 - - [25/Jul/2024:12:03:02 +0530] "POST /sales/todayReminders HTTP/1.1" 200 11
127.0.0.1 - - [25/Jul/2024:12:03:02 +0530] "POST /salesCore/getDashboardData HTTP/1.1" 200 3095
0:0:0:0:0:0:0:1 - - [25/Jul/2024:12:03:02 +0530] "GET /sales/getChartData HTTP/1.1" 200 463
127.0.0.1 - - [25/Jul/2024:12:03:04 +0530] "POST /salesCore/getDashboardData HTTP/1.1" 200 3095
0:0:0:0:0:0:0:1 - - [25/Jul/2024:12:03:04 +0530] "GET /sales/getChartData?year%5B%5D=2024-25 HTTP/1.1" 200 463
127.0.0.1 - - [25/Jul/2024:12:03:04 +0530] "POST /salesCore/getYearBudgets HTTP/1.1" 200 2883
0:0:0:0:0:0:0:1 - - [25/Jul/2024:12:03:04 +0530] "GET /sales/yearBudgets?year%5B%5D=2024-25 HTTP/1.1" 200 2083
127.0.0.1 - - [25/Jul/2024:12:03:06 +0530] "POST /salesCore/getYearBudgets HTTP/1.1" 200 1219
127.0.0.1 - - [25/Jul/2024:12:03:06 +0530] "POST /salesCore/getDashboardData HTTP/1.1" 200 687
0:0:0:0:0:0:0:1 - - [25/Jul/2024:12:03:06 +0530] "GET /sales/yearBudgets?year%5B%5D=2024-25&zone%5B%5D=East HTTP/1.1" 200 839
0:0:0:0:0:0:0:1 - - [25/Jul/2024:12:03:06 +0530] "GET /sales/getChartData?year%5B%5D=2024-25&zone%5B%5D=East HTTP/1.1" 200 446
127.0.0.1 - - [25/Jul/2024:12:03:06 +0530] "POST /salesCore/getAllbyzone HTTP/1.1" 200 1411
0:0:0:0:0:0:0:1 - - [25/Jul/2024:12:03:06 +0530] "POST /sales/getAllbyzone HTTP/1.1" 200 988
127.0.0.1 - - [25/Jul/2024:12:03:08 +0530] "POST /salesCore/getDashboardData HTTP/1.1" 200 367
0:0:0:0:0:0:0:1 - - [25/Jul/2024:12:03:08 +0530] "GET /sales/getChartData?year%5B%5D=2024-25&zone%5B%5D=East&bde%5B%5D=BDE2 HTTP/1.1" 200 392
127.0.0.1 - - [25/Jul/2024:12:03:08 +0530] "POST /salesCore/getYearBudgets HTTP/1.1" 200 110
0:0:0:0:0:0:0:1 - - [25/Jul/2024:12:03:08 +0530] "GET /sales/yearBudgets?year%5B%5D=2024-25&zone%5B%5D=East&bde%5B%5D=BDE2 HTTP/1.1" 200 12
127.0.0.1 - - [25/Jul/2024:12:03:09 +0530] "POST /salesCore/getDashboardData HTTP/1.1" 200 687
0:0:0:0:0:0:0:1 - - [25/Jul/2024:12:03:09 +0530] "GET /sales/getChartData?year%5B%5D=2024-25&zone%5B%5D=East HTTP/1.1" 200 446
127.0.0.1 - - [25/Jul/2024:12:03:09 +0530] "POST /salesCore/getYearBudgets HTTP/1.1" 200 1219
0:0:0:0:0:0:0:1 - - [25/Jul/2024:12:03:09 +0530] "GET /sales/yearBudgets?year%5B%5D=2024-25&zone%5B%5D=East HTTP/1.1" 200 839
127.0.0.1 - - [25/Jul/2024:12:03:10 +0530] "POST /salesCore/getYearBudgets HTTP/1.1" 200 110
127.0.0.1 - - [25/Jul/2024:12:03:10 +0530] "POST /salesCore/getDashboardData HTTP/1.1" 200 367
0:0:0:0:0:0:0:1 - - [25/Jul/2024:12:03:10 +0530] "GET /sales/yearBudgets?year%5B%5D=2024-25&zone%5B%5D=East&bde%5B%5D=BDE3 HTTP/1.1" 200 12
0:0:0:0:0:0:0:1 - - [25/Jul/2024:12:03:10 +0530] "GET /sales/getChartData?year%5B%5D=2024-25&zone%5B%5D=East&bde%5B%5D=BDE3 HTTP/1.1" 200 392
127.0.0.1 - - [25/Jul/2024:12:03:12 +0530] "POST /salesCore/getDashboardData HTTP/1.1" 200 687
127.0.0.1 - - [25/Jul/2024:12:03:12 +0530] "POST /salesCore/getYearBudgets HTTP/1.1" 200 1219
0:0:0:0:0:0:0:1 - - [25/Jul/2024:12:03:12 +0530] "GET /sales/getChartData?year%5B%5D=2024-25&zone%5B%5D=East HTTP/1.1" 200 446
0:0:0:0:0:0:0:1 - - [25/Jul/2024:12:03:12 +0530] "GET /sales/yearBudgets?year%5B%5D=2024-25&zone%5B%5D=East HTTP/1.1" 200 839
127.0.0.1 - - [25/Jul/2024:12:05:45 +0530] "POST /salesCore/getAllBudget HTTP/1.1" 200 2883
127.0.0.1 - - [25/Jul/2024:12:05:45 +0530] "POST /salesCore/getUserCommonList HTTP/1.1" 200 1303
0:0:0:0:0:0:0:1 - - [25/Jul/2024:12:05:45 +0530] "GET /sales/dashboard HTTP/1.1" 200 37000
0:0:0:0:0:0:0:1 - - [25/Jul/2024:12:05:46 +0530] "GET /sales/yearBudgets HTTP/1.1" 500 129
127.0.0.1 - - [25/Jul/2024:12:05:46 +0530] "POST /salesCore/todayRemindersCount HTTP/1.1" 200 110
0:0:0:0:0:0:0:1 - - [25/Jul/2024:12:05:46 +0530] "POST /sales/todayReminders HTTP/1.1" 200 11
127.0.0.1 - - [25/Jul/2024:12:05:46 +0530] "POST /salesCore/getDashboardData HTTP/1.1" 200 3095
0:0:0:0:0:0:0:1 - - [25/Jul/2024:12:05:46 +0530] "GET /sales/getChartData HTTP/1.1" 200 463
127.0.0.1 - - [25/Jul/2024:12:05:46 +0530] "POST /salesCore/getAllBudget HTTP/1.1" 200 2883
127.0.0.1 - - [25/Jul/2024:12:05:47 +0530] "POST /salesCore/getUserCommonList HTTP/1.1" 200 1303
0:0:0:0:0:0:0:1 - - [25/Jul/2024:12:05:47 +0530] "GET /sales/dashboard HTTP/1.1" 200 37000
0:0:0:0:0:0:0:1 - - [25/Jul/2024:12:05:47 +0530] "GET /sales/yearBudgets HTTP/1.1" 500 129
127.0.0.1 - - [25/Jul/2024:12:05:47 +0530] "POST /salesCore/todayRemindersCount HTTP/1.1" 200 110
127.0.0.1 - - [25/Jul/2024:12:05:47 +0530] "POST /salesCore/getDashboardData HTTP/1.1" 200 3095
0:0:0:0:0:0:0:1 - - [25/Jul/2024:12:05:47 +0530] "POST /sales/todayReminders HTTP/1.1" 200 11
0:0:0:0:0:0:0:1 - - [25/Jul/2024:12:05:47 +0530] "GET /sales/getChartData HTTP/1.1" 200 463
127.0.0.1 - - [25/Jul/2024:12:05:49 +0530] "POST /salesCore/getDashboardData HTTP/1.1" 200 3095
127.0.0.1 - - [25/Jul/2024:12:05:49 +0530] "POST /salesCore/getYearBudgets HTTP/1.1" 200 2883
0:0:0:0:0:0:0:1 - - [25/Jul/2024:12:05:49 +0530] "GET /sales/getChartData?year%5B%5D=2024-25 HTTP/1.1" 200 463
0:0:0:0:0:0:0:1 - - [25/Jul/2024:12:05:49 +0530] "GET /sales/yearBudgets?year%5B%5D=2024-25 HTTP/1.1" 200 2083
127.0.0.1 - - [25/Jul/2024:12:05:52 +0530] "POST /salesCore/getYearBudgets HTTP/1.1" 200 110
127.0.0.1 - - [25/Jul/2024:12:05:52 +0530] "POST /salesCore/getDashboardData HTTP/1.1" 200 367
127.0.0.1 - - [25/Jul/2024:12:05:52 +0530] "POST /salesCore/getAllbyzone HTTP/1.1" 200 1411
0:0:0:0:0:0:0:1 - - [25/Jul/2024:12:05:52 +0530] "GET /sales/getChartData?year%5B%5D=2024-25&zone%5B%5D=West HTTP/1.1" 200 440
0:0:0:0:0:0:0:1 - - [25/Jul/2024:12:05:52 +0530] "GET /sales/yearBudgets?year%5B%5D=2024-25&zone%5B%5D=West HTTP/1.1" 200 12
0:0:0:0:0:0:0:1 - - [25/Jul/2024:12:05:52 +0530] "POST /sales/getAllbyzone HTTP/1.1" 200 990
127.0.0.1 - - [25/Jul/2024:12:05:54 +0530] "POST /salesCore/getYearBudgets HTTP/1.1" 200 110
127.0.0.1 - - [25/Jul/2024:12:05:54 +0530] "POST /salesCore/getDashboardData HTTP/1.1" 200 367
0:0:0:0:0:0:0:1 - - [25/Jul/2024:12:05:54 +0530] "GET /sales/yearBudgets?year%5B%5D=2024-25&zone%5B%5D=West&bde%5B%5D=BDE2 HTTP/1.1" 200 12
0:0:0:0:0:0:0:1 - - [25/Jul/2024:12:05:54 +0530] "GET /sales/getChartData?year%5B%5D=2024-25&zone%5B%5D=West&bde%5B%5D=BDE2 HTTP/1.1" 200 392
127.0.0.1 - - [25/Jul/2024:12:05:57 +0530] "POST /salesCore/getDashboardData HTTP/1.1" 200 367
127.0.0.1 - - [25/Jul/2024:12:05:57 +0530] "POST /salesCore/getYearBudgets HTTP/1.1" 200 110
0:0:0:0:0:0:0:1 - - [25/Jul/2024:12:05:57 +0530] "GET /sales/getChartData?year%5B%5D=2024-25&zone%5B%5D=West HTTP/1.1" 200 440
0:0:0:0:0:0:0:1 - - [25/Jul/2024:12:05:57 +0530] "GET /sales/yearBudgets?year%5B%5D=2024-25&zone%5B%5D=West HTTP/1.1" 200 12
127.0.0.1 - - [25/Jul/2024:12:05:59 +0530] "POST /salesCore/getDashboardData HTTP/1.1" 200 3095
0:0:0:0:0:0:0:1 - - [25/Jul/2024:12:05:59 +0530] "GET /sales/getChartData?year%5B%5D=2024-25 HTTP/1.1" 200 463
127.0.0.1 - - [25/Jul/2024:12:05:59 +0530] "POST /salesCore/getAllbyzone HTTP/1.1" 200 110
0:0:0:0:0:0:0:1 - - [25/Jul/2024:12:05:59 +0530] "POST /sales/getAllbyzone HTTP/1.1" 200 12
127.0.0.1 - - [25/Jul/2024:12:05:59 +0530] "POST /salesCore/getYearBudgets HTTP/1.1" 200 2883
0:0:0:0:0:0:0:1 - - [25/Jul/2024:12:05:59 +0530] "GET /sales/yearBudgets?year%5B%5D=2024-25 HTTP/1.1" 200 2083
127.0.0.1 - - [25/Jul/2024:12:06:01 +0530] "POST /salesCore/getDashboardData HTTP/1.1" 200 2371
127.0.0.1 - - [25/Jul/2024:12:06:01 +0530] "POST /salesCore/getYearBudgets HTTP/1.1" 200 2883
0:0:0:0:0:0:0:1 - - [25/Jul/2024:12:06:01 +0530] "GET /sales/yearBudgets?year%5B%5D=2024-25&zone%5B%5D=North HTTP/1.1" 200 2082
127.0.0.1 - - [25/Jul/2024:12:06:01 +0530] "POST /salesCore/getAllbyzone HTTP/1.1" 200 1431
0:0:0:0:0:0:0:1 - - [25/Jul/2024:12:06:01 +0530] "GET /sales/getChartData?year%5B%5D=2024-25&zone%5B%5D=North HTTP/1.1" 200 462
0:0:0:0:0:0:0:1 - - [25/Jul/2024:12:06:01 +0530] "POST /sales/getAllbyzone HTTP/1.1" 200 995
127.0.0.1 - - [25/Jul/2024:12:06:02 +0530] "POST /salesCore/getDashboardData HTTP/1.1" 200 367
127.0.0.1 - - [25/Jul/2024:12:06:03 +0530] "POST /salesCore/getYearBudgets HTTP/1.1" 200 110
0:0:0:0:0:0:0:1 - - [25/Jul/2024:12:06:03 +0530] "GET /sales/yearBudgets?year%5B%5D=2024-25&zone%5B%5D=North&bde%5B%5D=Preeti HTTP/1.1" 200 12
0:0:0:0:0:0:0:1 - - [25/Jul/2024:12:06:03 +0530] "GET /sales/getChartData?year%5B%5D=2024-25&zone%5B%5D=North&bde%5B%5D=Preeti HTTP/1.1" 200 392
127.0.0.1 - - [25/Jul/2024:12:06:05 +0530] "POST /salesCore/getDashboardData HTTP/1.1" 200 2371
127.0.0.1 - - [25/Jul/2024:12:06:05 +0530] "POST /salesCore/getYearBudgets HTTP/1.1" 200 2883
0:0:0:0:0:0:0:1 - - [25/Jul/2024:12:06:05 +0530] "GET /sales/getChartData?year%5B%5D=2024-25&zone%5B%5D=North HTTP/1.1" 200 462
0:0:0:0:0:0:0:1 - - [25/Jul/2024:12:06:05 +0530] "GET /sales/yearBudgets?year%5B%5D=2024-25&zone%5B%5D=North HTTP/1.1" 200 2082
