127.0.0.1 - - [23/Jul/2024:17:58:24 +0530] "POST /salesCore/getAllBudget HTTP/1.1" 200 2883
0:0:0:0:0:0:0:1 - - [23/Jul/2024:17:58:24 +0530] "GET /sales/yearBudgets HTTP/1.1" 500 129
0:0:0:0:0:0:0:1 - - [23/Jul/2024:17:58:24 +0530] "GET /sales/dashboard HTTP/1.1" 200 35713
0:0:0:0:0:0:0:1 - - [23/Jul/2024:17:58:24 +0530] "GET /sales/yearBudgets HTTP/1.1" 500 129
127.0.0.1 - - [23/Jul/2024:17:58:24 +0530] "POST /salesCore/todayRemindersCount HTTP/1.1" 200 110
0:0:0:0:0:0:0:1 - - [23/Jul/2024:17:58:24 +0530] "POST /sales/todayReminders HTTP/1.1" 200 11
127.0.0.1 - - [23/Jul/2024:17:58:24 +0530] "POST /salesCore/getDashboardData HTTP/1.1" 200 2755
0:0:0:0:0:0:0:1 - - [23/Jul/2024:17:58:24 +0530] "GET /sales/getChartData HTTP/1.1" 200 462
127.0.0.1 - - [23/Jul/2024:17:58:24 +0530] "POST /salesCore/getAllBudget HTTP/1.1" 200 2883
0:0:0:0:0:0:0:1 - - [23/Jul/2024:17:58:24 +0530] "GET /sales/dashboard HTTP/1.1" 200 35713
0:0:0:0:0:0:0:1 - - [23/Jul/2024:17:58:24 +0530] "GET /sales/yearBudgets HTTP/1.1" 500 129
127.0.0.1 - - [23/Jul/2024:17:58:24 +0530] "POST /salesCore/getDashboardData HTTP/1.1" 200 2755
127.0.0.1 - - [23/Jul/2024:17:58:24 +0530] "POST /salesCore/todayRemindersCount HTTP/1.1" 200 110
0:0:0:0:0:0:0:1 - - [23/Jul/2024:17:58:24 +0530] "GET /sales/getChartData HTTP/1.1" 200 462
0:0:0:0:0:0:0:1 - - [23/Jul/2024:17:58:24 +0530] "POST /sales/todayReminders HTTP/1.1" 200 11
127.0.0.1 - - [23/Jul/2024:17:58:27 +0530] "POST /salesCore/getDashboardData HTTP/1.1" 200 2755
0:0:0:0:0:0:0:1 - - [23/Jul/2024:17:58:27 +0530] "GET /sales/getChartData?year%5B%5D=2024-25 HTTP/1.1" 200 462
127.0.0.1 - - [23/Jul/2024:17:58:27 +0530] "POST /salesCore/getYearBudgets HTTP/1.1" 200 2883
0:0:0:0:0:0:0:1 - - [23/Jul/2024:17:58:27 +0530] "GET /sales/yearBudgets?year%5B%5D=2024-25 HTTP/1.1" 200 2083
127.0.0.1 - - [23/Jul/2024:17:58:32 +0530] "POST /salesCore/getDashboardData HTTP/1.1" 200 367
127.0.0.1 - - [23/Jul/2024:17:58:32 +0530] "POST /salesCore/getYearBudgets HTTP/1.1" 200 110
0:0:0:0:0:0:0:1 - - [23/Jul/2024:17:58:32 +0530] "GET /sales/getChartData?year%5B%5D=2024-25&zone%5B%5D=West HTTP/1.1" 200 428
0:0:0:0:0:0:0:1 - - [23/Jul/2024:17:58:32 +0530] "GET /sales/yearBudgets?year%5B%5D=2024-25&zone%5B%5D=West HTTP/1.1" 200 12
127.0.0.1 - - [23/Jul/2024:17:58:37 +0530] "POST /salesCore/getYearBudgets HTTP/1.1" 200 110
0:0:0:0:0:0:0:1 - - [23/Jul/2024:17:58:37 +0530] "GET /sales/yearBudgets?year%5B%5D=2024-25&zone%5B%5D=East&zone%5B%5D=West HTTP/1.1" 200 12
127.0.0.1 - - [23/Jul/2024:17:58:37 +0530] "POST /salesCore/getDashboardData HTTP/1.1" 200 367
0:0:0:0:0:0:0:1 - - [23/Jul/2024:17:58:37 +0530] "GET /sales/getChartData?year%5B%5D=2024-25&zone%5B%5D=East&zone%5B%5D=West HTTP/1.1" 200 428
127.0.0.1 - - [23/Jul/2024:17:58:41 +0530] "POST /salesCore/getYearBudgets HTTP/1.1" 200 2883
127.0.0.1 - - [23/Jul/2024:17:58:41 +0530] "POST /salesCore/getDashboardData HTTP/1.1" 200 2755
0:0:0:0:0:0:0:1 - - [23/Jul/2024:17:58:41 +0530] "GET /sales/yearBudgets?year%5B%5D=2024-25&zone%5B%5D=East&zone%5B%5D=West&zone%5B%5D=North HTTP/1.1" 200 2083
0:0:0:0:0:0:0:1 - - [23/Jul/2024:17:58:41 +0530] "GET /sales/getChartData?year%5B%5D=2024-25&zone%5B%5D=East&zone%5B%5D=West&zone%5B%5D=North HTTP/1.1" 200 450
127.0.0.1 - - [23/Jul/2024:17:58:47 +0530] "POST /salesCore/getYearBudgets HTTP/1.1" 200 2883
0:0:0:0:0:0:0:1 - - [23/Jul/2024:17:58:47 +0530] "GET /sales/yearBudgets?year%5B%5D=2024-25&zone%5B%5D=East&zone%5B%5D=West&zone%5B%5D=North&zone%5B%5D=South HTTP/1.1" 200 2083
127.0.0.1 - - [23/Jul/2024:17:58:47 +0530] "POST /salesCore/getDashboardData HTTP/1.1" 200 2755
0:0:0:0:0:0:0:1 - - [23/Jul/2024:17:58:47 +0530] "GET /sales/getChartData?year%5B%5D=2024-25&zone%5B%5D=East&zone%5B%5D=West&zone%5B%5D=North&zone%5B%5D=South HTTP/1.1" 200 462
127.0.0.1 - - [23/Jul/2024:17:59:39 +0530] "POST /salesCore/getAllBudget HTTP/1.1" 200 2883
0:0:0:0:0:0:0:1 - - [23/Jul/2024:17:59:39 +0530] "GET /sales/dashboard HTTP/1.1" 200 35713
127.0.0.1 - - [23/Jul/2024:17:59:39 +0530] "POST /salesCore/todayRemindersCount HTTP/1.1" 200 110
0:0:0:0:0:0:0:1 - - [23/Jul/2024:17:59:39 +0530] "POST /sales/todayReminders HTTP/1.1" 200 11
127.0.0.1 - - [23/Jul/2024:17:59:40 +0530] "POST /salesCore/getDashboardData HTTP/1.1" 200 2755
0:0:0:0:0:0:0:1 - - [23/Jul/2024:17:59:40 +0530] "GET /sales/getChartData HTTP/1.1" 200 462
0:0:0:0:0:0:0:1 - - [23/Jul/2024:17:59:40 +0530] "GET /sales/yearBudgets HTTP/1.1" 500 129
127.0.0.1 - - [23/Jul/2024:17:59:40 +0530] "POST /salesCore/getAllBudget HTTP/1.1" 200 2883
0:0:0:0:0:0:0:1 - - [23/Jul/2024:17:59:40 +0530] "GET /sales/dashboard HTTP/1.1" 200 35713
127.0.0.1 - - [23/Jul/2024:17:59:40 +0530] "POST /salesCore/todayRemindersCount HTTP/1.1" 200 110
0:0:0:0:0:0:0:1 - - [23/Jul/2024:17:59:40 +0530] "POST /sales/todayReminders HTTP/1.1" 200 11
0:0:0:0:0:0:0:1 - - [23/Jul/2024:17:59:40 +0530] "GET /sales/yearBudgets HTTP/1.1" 500 129
127.0.0.1 - - [23/Jul/2024:17:59:40 +0530] "POST /salesCore/getDashboardData HTTP/1.1" 200 2755
0:0:0:0:0:0:0:1 - - [23/Jul/2024:17:59:40 +0530] "GET /sales/getChartData HTTP/1.1" 200 462
127.0.0.1 - - [23/Jul/2024:17:59:40 +0530] "POST /salesCore/getAllBudget HTTP/1.1" 200 2883
0:0:0:0:0:0:0:1 - - [23/Jul/2024:17:59:40 +0530] "GET /sales/dashboard HTTP/1.1" 200 35713
127.0.0.1 - - [23/Jul/2024:17:59:40 +0530] "POST /salesCore/todayRemindersCount HTTP/1.1" 200 110
0:0:0:0:0:0:0:1 - - [23/Jul/2024:17:59:40 +0530] "POST /sales/todayReminders HTTP/1.1" 200 11
0:0:0:0:0:0:0:1 - - [23/Jul/2024:17:59:40 +0530] "GET /sales/yearBudgets HTTP/1.1" 500 129
127.0.0.1 - - [23/Jul/2024:17:59:40 +0530] "POST /salesCore/getAllBudget HTTP/1.1" 200 2883
127.0.0.1 - - [23/Jul/2024:17:59:40 +0530] "POST /salesCore/getDashboardData HTTP/1.1" 200 2755
0:0:0:0:0:0:0:1 - - [23/Jul/2024:17:59:40 +0530] "GET /sales/dashboard HTTP/1.1" 200 35713
0:0:0:0:0:0:0:1 - - [23/Jul/2024:17:59:40 +0530] "GET /sales/getChartData HTTP/1.1" 200 462
0:0:0:0:0:0:0:1 - - [23/Jul/2024:17:59:41 +0530] "GET /sales/yearBudgets HTTP/1.1" 500 129
127.0.0.1 - - [23/Jul/2024:17:59:41 +0530] "POST /salesCore/getDashboardData HTTP/1.1" 200 2755
0:0:0:0:0:0:0:1 - - [23/Jul/2024:17:59:41 +0530] "GET /sales/getChartData HTTP/1.1" 200 462
127.0.0.1 - - [23/Jul/2024:17:59:41 +0530] "POST /salesCore/todayRemindersCount HTTP/1.1" 200 110
0:0:0:0:0:0:0:1 - - [23/Jul/2024:17:59:41 +0530] "POST /sales/todayReminders HTTP/1.1" 200 11
127.0.0.1 - - [23/Jul/2024:17:59:43 +0530] "POST /salesCore/getYearBudgets HTTP/1.1" 200 110
0:0:0:0:0:0:0:1 - - [23/Jul/2024:17:59:43 +0530] "GET /sales/yearBudgets?year%5B%5D=2023-24 HTTP/1.1" 200 12
127.0.0.1 - - [23/Jul/2024:17:59:43 +0530] "POST /salesCore/getDashboardData HTTP/1.1" 200 367
0:0:0:0:0:0:0:1 - - [23/Jul/2024:17:59:43 +0530] "GET /sales/getChartData?year%5B%5D=2023-24 HTTP/1.1" 200 440
127.0.0.1 - - [23/Jul/2024:17:59:46 +0530] "POST /salesCore/getYearBudgets HTTP/1.1" 200 110
127.0.0.1 - - [23/Jul/2024:17:59:46 +0530] "POST /salesCore/getDashboardData HTTP/1.1" 200 367
0:0:0:0:0:0:0:1 - - [23/Jul/2024:17:59:46 +0530] "GET /sales/getChartData?year%5B%5D=2023-24&zone%5B%5D=East HTTP/1.1" 200 440
0:0:0:0:0:0:0:1 - - [23/Jul/2024:17:59:46 +0530] "GET /sales/yearBudgets?year%5B%5D=2023-24&zone%5B%5D=East HTTP/1.1" 200 12
127.0.0.1 - - [23/Jul/2024:18:00:20 +0530] "POST /salesCore/getDashboardData HTTP/1.1" 200 367
127.0.0.1 - - [23/Jul/2024:18:00:20 +0530] "POST /salesCore/getYearBudgets HTTP/1.1" 200 110
0:0:0:0:0:0:0:1 - - [23/Jul/2024:18:00:20 +0530] "GET /sales/getChartData?year%5B%5D=2023-24&zone%5B%5D=East&zone%5B%5D=West HTTP/1.1" 200 440
0:0:0:0:0:0:0:1 - - [23/Jul/2024:18:00:20 +0530] "GET /sales/yearBudgets?year%5B%5D=2023-24&zone%5B%5D=East&zone%5B%5D=West HTTP/1.1" 200 12
127.0.0.1 - - [23/Jul/2024:18:00:25 +0530] "POST /salesCore/getDashboardData HTTP/1.1" 200 367
0:0:0:0:0:0:0:1 - - [23/Jul/2024:18:00:25 +0530] "GET /sales/getChartData?year%5B%5D=2023-24&zone%5B%5D=East&zone%5B%5D=West&zone%5B%5D=North HTTP/1.1" 200 440
127.0.0.1 - - [23/Jul/2024:18:00:25 +0530] "POST /salesCore/getYearBudgets HTTP/1.1" 200 110
0:0:0:0:0:0:0:1 - - [23/Jul/2024:18:00:25 +0530] "GET /sales/yearBudgets?year%5B%5D=2023-24&zone%5B%5D=East&zone%5B%5D=West&zone%5B%5D=North HTTP/1.1" 200 12
127.0.0.1 - - [23/Jul/2024:18:00:29 +0530] "POST /salesCore/getYearBudgets HTTP/1.1" 200 110
127.0.0.1 - - [23/Jul/2024:18:00:29 +0530] "POST /salesCore/getDashboardData HTTP/1.1" 200 367
0:0:0:0:0:0:0:1 - - [23/Jul/2024:18:00:29 +0530] "GET /sales/yearBudgets?year%5B%5D=2023-24&zone%5B%5D=East&zone%5B%5D=West&zone%5B%5D=North&zone%5B%5D=South HTTP/1.1" 200 12
0:0:0:0:0:0:0:1 - - [23/Jul/2024:18:00:29 +0530] "GET /sales/getChartData?year%5B%5D=2023-24&zone%5B%5D=East&zone%5B%5D=West&zone%5B%5D=North&zone%5B%5D=South HTTP/1.1" 200 440
127.0.0.1 - - [23/Jul/2024:18:01:05 +0530] "POST /salesCore/getAllReminders HTTP/1.1" 200 1775
0:0:0:0:0:0:0:1 - - [23/Jul/2024:18:01:08 +0530] "GET /sales/reminderList HTTP/1.1" 200 34436
127.0.0.1 - - [23/Jul/2024:18:01:08 +0530] "POST /salesCore/todayRemindersCount HTTP/1.1" 200 110
0:0:0:0:0:0:0:1 - - [23/Jul/2024:18:01:08 +0530] "POST /sales/todayReminders HTTP/1.1" 200 11
0:0:0:0:0:0:0:1 - - [23/Jul/2024:18:01:10 +0530] "GET /sales/logout HTTP/1.1" 302 -
0:0:0:0:0:0:0:1 - - [23/Jul/2024:18:01:10 +0530] "GET /sales/login HTTP/1.1" 200 10532
127.0.0.1 - - [23/Jul/2024:18:01:18 +0530] "POST /salesCore/login HTTP/1.1" 200 625
0:0:0:0:0:0:0:1 - - [23/Jul/2024:18:01:18 +0530] "POST /sales/login HTTP/1.1" 302 -
127.0.0.1 - - [23/Jul/2024:18:01:19 +0530] "POST /salesCore/getAllBudget HTTP/1.1" 200 2883
0:0:0:0:0:0:0:1 - - [23/Jul/2024:18:01:19 +0530] "GET /sales/dashboard HTTP/1.1" 200 35877
0:0:0:0:0:0:0:1 - - [23/Jul/2024:18:01:19 +0530] "GET /sales/yearBudgets HTTP/1.1" 500 129
127.0.0.1 - - [23/Jul/2024:18:01:19 +0530] "POST /salesCore/getDashboardData HTTP/1.1" 200 2755
0:0:0:0:0:0:0:1 - - [23/Jul/2024:18:01:19 +0530] "GET /sales/getChartData HTTP/1.1" 200 414
127.0.0.1 - - [23/Jul/2024:18:01:19 +0530] "POST /salesCore/todayRemindersCount HTTP/1.1" 200 110
0:0:0:0:0:0:0:1 - - [23/Jul/2024:18:01:19 +0530] "POST /sales/todayReminders HTTP/1.1" 200 11
127.0.0.1 - - [23/Jul/2024:18:01:22 +0530] "POST /salesCore/getUserCommonList HTTP/1.1" 200 1263
127.0.0.1 - - [23/Jul/2024:18:01:22 +0530] "POST /salesCore/getAllManagerDetails HTTP/1.1" 200 5208
0:0:0:0:0:0:0:1 - - [23/Jul/2024:18:01:24 +0530] "GET /sales/set-target HTTP/1.1" 200 69254
127.0.0.1 - - [23/Jul/2024:18:01:24 +0530] "POST /salesCore/todayRemindersCount HTTP/1.1" 200 110
0:0:0:0:0:0:0:1 - - [23/Jul/2024:18:01:24 +0530] "POST /sales/todayReminders HTTP/1.1" 200 11
127.0.0.1 - - [23/Jul/2024:18:03:41 +0530] "POST /salesCore/saveTargetDetails HTTP/1.1" 200 214
127.0.0.1 - - [23/Jul/2024:18:03:41 +0530] "POST /salesCore/saveTargetDetails HTTP/1.1" 200 214
127.0.0.1 - - [23/Jul/2024:18:03:41 +0530] "POST /salesCore/saveTargetDetails HTTP/1.1" 200 214
127.0.0.1 - - [23/Jul/2024:18:03:41 +0530] "POST /salesCore/saveTargetDetails HTTP/1.1" 200 214
127.0.0.1 - - [23/Jul/2024:18:03:41 +0530] "POST /salesCore/saveTargetDetails HTTP/1.1" 200 214
127.0.0.1 - - [23/Jul/2024:18:03:41 +0530] "POST /salesCore/saveTargetDetails HTTP/1.1" 200 194
127.0.0.1 - - [23/Jul/2024:18:03:41 +0530] "POST /salesCore/saveTargetDetails HTTP/1.1" 200 194
127.0.0.1 - - [23/Jul/2024:18:03:41 +0530] "POST /salesCore/saveTargetDetails HTTP/1.1" 200 214
127.0.0.1 - - [23/Jul/2024:18:03:42 +0530] "POST /salesCore/saveTargetDetails HTTP/1.1" 200 214
127.0.0.1 - - [23/Jul/2024:18:03:42 +0530] "POST /salesCore/saveTargetDetails HTTP/1.1" 200 214
127.0.0.1 - - [23/Jul/2024:18:03:42 +0530] "POST /salesCore/saveTargetDetails HTTP/1.1" 200 214
127.0.0.1 - - [23/Jul/2024:18:03:42 +0530] "POST /salesCore/saveTargetDetails HTTP/1.1" 200 214
127.0.0.1 - - [23/Jul/2024:18:03:42 +0530] "POST /salesCore/saveTargetDetails HTTP/1.1" 200 214
127.0.0.1 - - [23/Jul/2024:18:03:42 +0530] "POST /salesCore/saveTargetDetails HTTP/1.1" 200 214
127.0.0.1 - - [23/Jul/2024:18:03:42 +0530] "POST /salesCore/saveTargetDetails HTTP/1.1" 200 214
127.0.0.1 - - [23/Jul/2024:18:03:42 +0530] "POST /salesCore/saveTargetDetails HTTP/1.1" 200 194
127.0.0.1 - - [23/Jul/2024:18:03:42 +0530] "POST /salesCore/saveTargetDetails HTTP/1.1" 200 194
127.0.0.1 - - [23/Jul/2024:18:03:43 +0530] "POST /salesCore/saveTargetDetails HTTP/1.1" 200 214
127.0.0.1 - - [23/Jul/2024:18:03:43 +0530] "POST /salesCore/saveTargetDetails HTTP/1.1" 200 214
0:0:0:0:0:0:0:1 - - [23/Jul/2024:18:03:43 +0530] "POST /sales/saveTarget HTTP/1.1" 302 -
127.0.0.1 - - [23/Jul/2024:18:03:43 +0530] "POST /salesCore/getClientDetailsbyid HTTP/1.1" 200 791
0:0:0:0:0:0:0:1 - - [23/Jul/2024:18:03:44 +0530] "GET /sales/clientList HTTP/1.1" 200 18856
127.0.0.1 - - [23/Jul/2024:18:04:17 +0530] "POST /salesCore/getAllBudget HTTP/1.1" 200 2883
0:0:0:0:0:0:0:1 - - [23/Jul/2024:18:04:17 +0530] "GET /sales/dashboard HTTP/1.1" 200 35877
0:0:0:0:0:0:0:1 - - [23/Jul/2024:18:04:17 +0530] "GET /sales/yearBudgets HTTP/1.1" 500 129
127.0.0.1 - - [23/Jul/2024:18:04:17 +0530] "POST /salesCore/todayRemindersCount HTTP/1.1" 200 110
0:0:0:0:0:0:0:1 - - [23/Jul/2024:18:04:17 +0530] "POST /sales/todayReminders HTTP/1.1" 200 11
127.0.0.1 - - [23/Jul/2024:18:04:17 +0530] "POST /salesCore/getDashboardData HTTP/1.1" 200 2755
0:0:0:0:0:0:0:1 - - [23/Jul/2024:18:04:17 +0530] "GET /sales/getChartData HTTP/1.1" 200 462
127.0.0.1 - - [23/Jul/2024:18:04:24 +0530] "POST /salesCore/getDashboardData HTTP/1.1" 200 2755
127.0.0.1 - - [23/Jul/2024:18:04:24 +0530] "POST /salesCore/getYearBudgets HTTP/1.1" 200 2883
0:0:0:0:0:0:0:1 - - [23/Jul/2024:18:04:24 +0530] "GET /sales/getChartData?year%5B%5D=2024-25 HTTP/1.1" 200 462
0:0:0:0:0:0:0:1 - - [23/Jul/2024:18:04:24 +0530] "GET /sales/yearBudgets?year%5B%5D=2024-25 HTTP/1.1" 200 2083
127.0.0.1 - - [23/Jul/2024:18:04:29 +0530] "POST /salesCore/getDashboardData HTTP/1.1" 200 367
0:0:0:0:0:0:0:1 - - [23/Jul/2024:18:04:29 +0530] "GET /sales/getChartData?year%5B%5D=2024-25&zone%5B%5D=East HTTP/1.1" 200 440
127.0.0.1 - - [23/Jul/2024:18:04:29 +0530] "POST /salesCore/getYearBudgets HTTP/1.1" 200 110
0:0:0:0:0:0:0:1 - - [23/Jul/2024:18:04:29 +0530] "GET /sales/yearBudgets?year%5B%5D=2024-25&zone%5B%5D=East HTTP/1.1" 200 12
127.0.0.1 - - [23/Jul/2024:18:04:33 +0530] "POST /salesCore/getYearBudgets HTTP/1.1" 200 110
0:0:0:0:0:0:0:1 - - [23/Jul/2024:18:04:34 +0530] "GET /sales/yearBudgets?year%5B%5D=2024-25&zone%5B%5D=East&zone%5B%5D=West HTTP/1.1" 200 12
127.0.0.1 - - [23/Jul/2024:18:04:34 +0530] "POST /salesCore/getDashboardData HTTP/1.1" 200 367
0:0:0:0:0:0:0:1 - - [23/Jul/2024:18:04:34 +0530] "GET /sales/getChartData?year%5B%5D=2024-25&zone%5B%5D=East&zone%5B%5D=West HTTP/1.1" 200 440
127.0.0.1 - - [23/Jul/2024:18:04:39 +0530] "POST /salesCore/getDashboardData HTTP/1.1" 200 2755
0:0:0:0:0:0:0:1 - - [23/Jul/2024:18:04:39 +0530] "GET /sales/getChartData?year%5B%5D=2024-25&zone%5B%5D=East&zone%5B%5D=West&zone%5B%5D=North HTTP/1.1" 200 462
127.0.0.1 - - [23/Jul/2024:18:04:39 +0530] "POST /salesCore/getYearBudgets HTTP/1.1" 200 2883
0:0:0:0:0:0:0:1 - - [23/Jul/2024:18:04:39 +0530] "GET /sales/yearBudgets?year%5B%5D=2024-25&zone%5B%5D=East&zone%5B%5D=West&zone%5B%5D=North HTTP/1.1" 200 2083
127.0.0.1 - - [23/Jul/2024:18:04:44 +0530] "POST /salesCore/getDashboardData HTTP/1.1" 200 2755
127.0.0.1 - - [23/Jul/2024:18:04:44 +0530] "POST /salesCore/getYearBudgets HTTP/1.1" 200 2883
0:0:0:0:0:0:0:1 - - [23/Jul/2024:18:04:44 +0530] "GET /sales/getChartData?year%5B%5D=2024-25&zone%5B%5D=East&zone%5B%5D=West&zone%5B%5D=North&zone%5B%5D=South HTTP/1.1" 200 462
0:0:0:0:0:0:0:1 - - [23/Jul/2024:18:04:44 +0530] "GET /sales/yearBudgets?year%5B%5D=2024-25&zone%5B%5D=East&zone%5B%5D=West&zone%5B%5D=North&zone%5B%5D=South HTTP/1.1" 200 2083
127.0.0.1 - - [23/Jul/2024:18:05:22 +0530] "POST /salesCore/getYearBudgets HTTP/1.1" 200 2883
127.0.0.1 - - [23/Jul/2024:18:05:22 +0530] "POST /salesCore/getDashboardData HTTP/1.1" 200 2755
0:0:0:0:0:0:0:1 - - [23/Jul/2024:18:05:22 +0530] "GET /sales/yearBudgets?year%5B%5D=2024-25&zone%5B%5D=East&zone%5B%5D=North&zone%5B%5D=South HTTP/1.1" 200 2083
0:0:0:0:0:0:0:1 - - [23/Jul/2024:18:05:22 +0530] "GET /sales/getChartData?year%5B%5D=2024-25&zone%5B%5D=East&zone%5B%5D=North&zone%5B%5D=South HTTP/1.1" 200 462
127.0.0.1 - - [23/Jul/2024:18:05:23 +0530] "POST /salesCore/getYearBudgets HTTP/1.1" 200 110
0:0:0:0:0:0:0:1 - - [23/Jul/2024:18:05:23 +0530] "GET /sales/yearBudgets?year%5B%5D=2024-25&zone%5B%5D=East&zone%5B%5D=South HTTP/1.1" 200 12
127.0.0.1 - - [23/Jul/2024:18:05:23 +0530] "POST /salesCore/getDashboardData HTTP/1.1" 200 367
0:0:0:0:0:0:0:1 - - [23/Jul/2024:18:05:23 +0530] "GET /sales/getChartData?year%5B%5D=2024-25&zone%5B%5D=East&zone%5B%5D=South HTTP/1.1" 200 440
127.0.0.1 - - [23/Jul/2024:18:05:24 +0530] "POST /salesCore/getDashboardData HTTP/1.1" 200 367
127.0.0.1 - - [23/Jul/2024:18:05:24 +0530] "POST /salesCore/getYearBudgets HTTP/1.1" 200 110
0:0:0:0:0:0:0:1 - - [23/Jul/2024:18:05:24 +0530] "GET /sales/getChartData?year%5B%5D=2024-25&zone%5B%5D=East HTTP/1.1" 200 440
0:0:0:0:0:0:0:1 - - [23/Jul/2024:18:05:24 +0530] "GET /sales/yearBudgets?year%5B%5D=2024-25&zone%5B%5D=East HTTP/1.1" 200 12
127.0.0.1 - - [23/Jul/2024:18:05:25 +0530] "POST /salesCore/getDashboardData HTTP/1.1" 200 2755
0:0:0:0:0:0:0:1 - - [23/Jul/2024:18:05:25 +0530] "GET /sales/getChartData?year%5B%5D=2024-25 HTTP/1.1" 200 462
127.0.0.1 - - [23/Jul/2024:18:05:25 +0530] "POST /salesCore/getYearBudgets HTTP/1.1" 200 2883
0:0:0:0:0:0:0:1 - - [23/Jul/2024:18:05:25 +0530] "GET /sales/yearBudgets?year%5B%5D=2024-25 HTTP/1.1" 200 2083
127.0.0.1 - - [23/Jul/2024:18:05:26 +0530] "POST /salesCore/getAllBudget HTTP/1.1" 200 2883
0:0:0:0:0:0:0:1 - - [23/Jul/2024:18:05:26 +0530] "GET /sales/dashboard HTTP/1.1" 200 35877
127.0.0.1 - - [23/Jul/2024:18:05:27 +0530] "POST /salesCore/todayRemindersCount HTTP/1.1" 200 110
0:0:0:0:0:0:0:1 - - [23/Jul/2024:18:05:27 +0530] "POST /sales/todayReminders HTTP/1.1" 200 11
127.0.0.1 - - [23/Jul/2024:18:05:27 +0530] "POST /salesCore/getDashboardData HTTP/1.1" 200 2755
0:0:0:0:0:0:0:1 - - [23/Jul/2024:18:05:27 +0530] "GET /sales/getChartData HTTP/1.1" 200 462
0:0:0:0:0:0:0:1 - - [23/Jul/2024:18:05:27 +0530] "GET /sales/yearBudgets HTTP/1.1" 500 129
127.0.0.1 - - [23/Jul/2024:18:05:29 +0530] "POST /salesCore/getDashboardData HTTP/1.1" 200 2755
0:0:0:0:0:0:0:1 - - [23/Jul/2024:18:05:29 +0530] "GET /sales/getChartData?year%5B%5D=2024-25 HTTP/1.1" 200 462
127.0.0.1 - - [23/Jul/2024:18:05:29 +0530] "POST /salesCore/getYearBudgets HTTP/1.1" 200 2883
0:0:0:0:0:0:0:1 - - [23/Jul/2024:18:05:29 +0530] "GET /sales/yearBudgets?year%5B%5D=2024-25 HTTP/1.1" 200 2083
127.0.0.1 - - [23/Jul/2024:18:05:49 +0530] "POST /salesCore/getYearBudgets HTTP/1.1" 200 110
0:0:0:0:0:0:0:1 - - [23/Jul/2024:18:05:49 +0530] "GET /sales/yearBudgets?year%5B%5D=2024-25&zone%5B%5D=South HTTP/1.1" 200 12
127.0.0.1 - - [23/Jul/2024:18:05:49 +0530] "POST /salesCore/getDashboardData HTTP/1.1" 200 367
0:0:0:0:0:0:0:1 - - [23/Jul/2024:18:05:49 +0530] "GET /sales/getChartData?year%5B%5D=2024-25&zone%5B%5D=South HTTP/1.1" 200 440
127.0.0.1 - - [23/Jul/2024:18:06:13 +0530] "POST /salesCore/getDashboardData HTTP/1.1" 200 2755
0:0:0:0:0:0:0:1 - - [23/Jul/2024:18:06:14 +0530] "GET /sales/getChartData?year%5B%5D=2024-25&zone%5B%5D=North&zone%5B%5D=South HTTP/1.1" 200 462
127.0.0.1 - - [23/Jul/2024:18:06:14 +0530] "POST /salesCore/getYearBudgets HTTP/1.1" 200 2883
0:0:0:0:0:0:0:1 - - [23/Jul/2024:18:06:14 +0530] "GET /sales/yearBudgets?year%5B%5D=2024-25&zone%5B%5D=North&zone%5B%5D=South HTTP/1.1" 200 2083
127.0.0.1 - - [23/Jul/2024:18:06:24 +0530] "POST /salesCore/getYearBudgets HTTP/1.1" 200 110
127.0.0.1 - - [23/Jul/2024:18:06:24 +0530] "POST /salesCore/getDashboardData HTTP/1.1" 200 367
0:0:0:0:0:0:0:1 - - [23/Jul/2024:18:06:24 +0530] "GET /sales/getChartData?year%5B%5D=2024-25&zone%5B%5D=South HTTP/1.1" 200 440
0:0:0:0:0:0:0:1 - - [23/Jul/2024:18:06:24 +0530] "GET /sales/yearBudgets?year%5B%5D=2024-25&zone%5B%5D=South HTTP/1.1" 200 12
127.0.0.1 - - [23/Jul/2024:18:06:30 +0530] "POST /salesCore/getYearBudgets HTTP/1.1" 200 110
127.0.0.1 - - [23/Jul/2024:18:06:30 +0530] "POST /salesCore/getDashboardData HTTP/1.1" 200 367
0:0:0:0:0:0:0:1 - - [23/Jul/2024:18:06:30 +0530] "GET /sales/yearBudgets?year%5B%5D=2024-25&zone%5B%5D=East&zone%5B%5D=South HTTP/1.1" 200 12
0:0:0:0:0:0:0:1 - - [23/Jul/2024:18:06:30 +0530] "GET /sales/getChartData?year%5B%5D=2024-25&zone%5B%5D=East&zone%5B%5D=South HTTP/1.1" 200 440
127.0.0.1 - - [23/Jul/2024:18:06:37 +0530] "POST /salesCore/getDashboardData HTTP/1.1" 200 367
127.0.0.1 - - [23/Jul/2024:18:06:37 +0530] "POST /salesCore/getYearBudgets HTTP/1.1" 200 110
0:0:0:0:0:0:0:1 - - [23/Jul/2024:18:06:37 +0530] "GET /sales/yearBudgets?year%5B%5D=2024-25&zone%5B%5D=East HTTP/1.1" 200 12
0:0:0:0:0:0:0:1 - - [23/Jul/2024:18:06:37 +0530] "GET /sales/getChartData?year%5B%5D=2024-25&zone%5B%5D=East HTTP/1.1" 200 440
127.0.0.1 - - [23/Jul/2024:18:06:38 +0530] "POST /salesCore/getDashboardData HTTP/1.1" 200 2755
127.0.0.1 - - [23/Jul/2024:18:06:38 +0530] "POST /salesCore/getYearBudgets HTTP/1.1" 200 2883
0:0:0:0:0:0:0:1 - - [23/Jul/2024:18:06:38 +0530] "GET /sales/yearBudgets?year%5B%5D=2024-25&zone%5B%5D=East&zone%5B%5D=North HTTP/1.1" 200 2083
0:0:0:0:0:0:0:1 - - [23/Jul/2024:18:06:38 +0530] "GET /sales/getChartData?year%5B%5D=2024-25&zone%5B%5D=East&zone%5B%5D=North HTTP/1.1" 200 462
127.0.0.1 - - [23/Jul/2024:18:08:01 +0530] "POST /salesCore/getYearBudgets HTTP/1.1" 200 110
0:0:0:0:0:0:0:1 - - [23/Jul/2024:18:08:01 +0530] "GET /sales/yearBudgets?year%5B%5D=2024-25&zone%5B%5D=East HTTP/1.1" 200 12
127.0.0.1 - - [23/Jul/2024:18:08:01 +0530] "POST /salesCore/getDashboardData HTTP/1.1" 200 367
0:0:0:0:0:0:0:1 - - [23/Jul/2024:18:08:01 +0530] "GET /sales/getChartData?year%5B%5D=2024-25&zone%5B%5D=East HTTP/1.1" 200 440
127.0.0.1 - - [23/Jul/2024:18:08:21 +0530] "POST /salesCore/getYearBudgets HTTP/1.1" 200 110
0:0:0:0:0:0:0:1 - - [23/Jul/2024:18:08:21 +0530] "GET /sales/yearBudgets?year%5B%5D=2024-25&zone%5B%5D=East&zone%5B%5D=West HTTP/1.1" 200 12
127.0.0.1 - - [23/Jul/2024:18:08:22 +0530] "POST /salesCore/getDashboardData HTTP/1.1" 200 367
0:0:0:0:0:0:0:1 - - [23/Jul/2024:18:08:22 +0530] "GET /sales/getChartData?year%5B%5D=2024-25&zone%5B%5D=East&zone%5B%5D=West HTTP/1.1" 200 440
127.0.0.1 - - [23/Jul/2024:18:14:35 +0530] "POST /salesCore/getYearBudgets HTTP/1.1" 200 2883
127.0.0.1 - - [23/Jul/2024:18:14:35 +0530] "POST /salesCore/getDashboardData HTTP/1.1" 200 2755
0:0:0:0:0:0:0:1 - - [23/Jul/2024:18:14:35 +0530] "GET /sales/yearBudgets?year%5B%5D=2024-25&zone%5B%5D=East&zone%5B%5D=West&zone%5B%5D=North HTTP/1.1" 200 2083
0:0:0:0:0:0:0:1 - - [23/Jul/2024:18:14:35 +0530] "GET /sales/getChartData?year%5B%5D=2024-25&zone%5B%5D=East&zone%5B%5D=West&zone%5B%5D=North HTTP/1.1" 200 462
127.0.0.1 - - [23/Jul/2024:18:14:37 +0530] "POST /salesCore/getDashboardData HTTP/1.1" 200 2755
0:0:0:0:0:0:0:1 - - [23/Jul/2024:18:14:37 +0530] "GET /sales/getChartData?year%5B%5D=2024-25&zone%5B%5D=East&zone%5B%5D=West&zone%5B%5D=North&zone%5B%5D=South HTTP/1.1" 200 462
127.0.0.1 - - [23/Jul/2024:18:14:37 +0530] "POST /salesCore/getYearBudgets HTTP/1.1" 200 2883
0:0:0:0:0:0:0:1 - - [23/Jul/2024:18:14:37 +0530] "GET /sales/yearBudgets?year%5B%5D=2024-25&zone%5B%5D=East&zone%5B%5D=West&zone%5B%5D=North&zone%5B%5D=South HTTP/1.1" 200 2083
127.0.0.1 - - [23/Jul/2024:18:19:00 +0530] "POST /salesCore/getAllBudget HTTP/1.1" 200 2883
0:0:0:0:0:0:0:1 - - [23/Jul/2024:18:19:00 +0530] "GET /sales/dashboard HTTP/1.1" 200 35877
127.0.0.1 - - [23/Jul/2024:18:19:01 +0530] "POST /salesCore/todayRemindersCount HTTP/1.1" 200 110
0:0:0:0:0:0:0:1 - - [23/Jul/2024:18:19:01 +0530] "POST /sales/todayReminders HTTP/1.1" 200 11
0:0:0:0:0:0:0:1 - - [23/Jul/2024:18:19:01 +0530] "GET /sales/yearBudgets HTTP/1.1" 500 129
127.0.0.1 - - [23/Jul/2024:18:19:01 +0530] "POST /salesCore/getDashboardData HTTP/1.1" 200 2755
0:0:0:0:0:0:0:1 - - [23/Jul/2024:18:19:01 +0530] "GET /sales/getChartData HTTP/1.1" 200 462
127.0.0.1 - - [23/Jul/2024:18:19:03 +0530] "POST /salesCore/getDashboardData HTTP/1.1" 200 2755
0:0:0:0:0:0:0:1 - - [23/Jul/2024:18:19:03 +0530] "GET /sales/getChartData?year%5B%5D=2024-25 HTTP/1.1" 200 462
127.0.0.1 - - [23/Jul/2024:18:19:03 +0530] "POST /salesCore/getYearBudgets HTTP/1.1" 200 2883
0:0:0:0:0:0:0:1 - - [23/Jul/2024:18:19:03 +0530] "GET /sales/yearBudgets?year%5B%5D=2024-25 HTTP/1.1" 200 2083
127.0.0.1 - - [23/Jul/2024:18:19:07 +0530] "POST /salesCore/getYearBudgets HTTP/1.1" 200 110
127.0.0.1 - - [23/Jul/2024:18:19:07 +0530] "POST /salesCore/getDashboardData HTTP/1.1" 200 367
0:0:0:0:0:0:0:1 - - [23/Jul/2024:18:19:07 +0530] "GET /sales/getChartData?year%5B%5D=2024-25&zone%5B%5D=West HTTP/1.1" 200 440
0:0:0:0:0:0:0:1 - - [23/Jul/2024:18:19:07 +0530] "GET /sales/yearBudgets?year%5B%5D=2024-25&zone%5B%5D=West HTTP/1.1" 200 12
127.0.0.1 - - [23/Jul/2024:18:21:30 +0530] "POST /salesCore/getYearBudgets HTTP/1.1" 200 2883
127.0.0.1 - - [23/Jul/2024:18:21:30 +0530] "POST /salesCore/getDashboardData HTTP/1.1" 200 2755
0:0:0:0:0:0:0:1 - - [23/Jul/2024:18:21:30 +0530] "GET /sales/yearBudgets?year%5B%5D=2024-25&zone%5B%5D=West&zone%5B%5D=North HTTP/1.1" 200 2083
0:0:0:0:0:0:0:1 - - [23/Jul/2024:18:21:30 +0530] "GET /sales/getChartData?year%5B%5D=2024-25&zone%5B%5D=West&zone%5B%5D=North HTTP/1.1" 200 462
127.0.0.1 - - [23/Jul/2024:18:21:35 +0530] "POST /salesCore/getYearBudgets HTTP/1.1" 200 110
127.0.0.1 - - [23/Jul/2024:18:21:35 +0530] "POST /salesCore/getDashboardData HTTP/1.1" 200 367
0:0:0:0:0:0:0:1 - - [23/Jul/2024:18:21:35 +0530] "GET /sales/getChartData?year%5B%5D=2024-25&zone%5B%5D=West HTTP/1.1" 200 440
0:0:0:0:0:0:0:1 - - [23/Jul/2024:18:21:35 +0530] "GET /sales/yearBudgets?year%5B%5D=2024-25&zone%5B%5D=West HTTP/1.1" 200 12
127.0.0.1 - - [23/Jul/2024:18:21:36 +0530] "POST /salesCore/getDashboardData HTTP/1.1" 200 2755
127.0.0.1 - - [23/Jul/2024:18:21:36 +0530] "POST /salesCore/getYearBudgets HTTP/1.1" 200 2883
0:0:0:0:0:0:0:1 - - [23/Jul/2024:18:21:36 +0530] "GET /sales/yearBudgets?year%5B%5D=2024-25 HTTP/1.1" 200 2083
0:0:0:0:0:0:0:1 - - [23/Jul/2024:18:21:36 +0530] "GET /sales/getChartData?year%5B%5D=2024-25 HTTP/1.1" 200 462
127.0.0.1 - - [23/Jul/2024:18:21:44 +0530] "POST /salesCore/getDashboardData HTTP/1.1" 200 367
127.0.0.1 - - [23/Jul/2024:18:21:44 +0530] "POST /salesCore/getYearBudgets HTTP/1.1" 200 110
0:0:0:0:0:0:0:1 - - [23/Jul/2024:18:21:44 +0530] "GET /sales/getChartData?year%5B%5D=2024-25&zone%5B%5D=West HTTP/1.1" 200 440
0:0:0:0:0:0:0:1 - - [23/Jul/2024:18:21:44 +0530] "GET /sales/yearBudgets?year%5B%5D=2024-25&zone%5B%5D=West HTTP/1.1" 200 12
127.0.0.1 - - [23/Jul/2024:18:40:53 +0530] "POST /salesCore/getAllBudget HTTP/1.1" 200 2883
0:0:0:0:0:0:0:1 - - [23/Jul/2024:18:40:53 +0530] "GET /sales/dashboard HTTP/1.1" 200 35877
127.0.0.1 - - [23/Jul/2024:18:40:53 +0530] "POST /salesCore/todayRemindersCount HTTP/1.1" 200 110
0:0:0:0:0:0:0:1 - - [23/Jul/2024:18:40:53 +0530] "POST /sales/todayReminders HTTP/1.1" 200 11
0:0:0:0:0:0:0:1 - - [23/Jul/2024:18:40:53 +0530] "GET /sales/yearBudgets HTTP/1.1" 500 129
127.0.0.1 - - [23/Jul/2024:18:40:53 +0530] "POST /salesCore/getDashboardData HTTP/1.1" 200 2755
0:0:0:0:0:0:0:1 - - [23/Jul/2024:18:40:53 +0530] "GET /sales/getChartData HTTP/1.1" 200 462
127.0.0.1 - - [23/Jul/2024:18:40:56 +0530] "POST /salesCore/getDashboardData HTTP/1.1" 200 2755
127.0.0.1 - - [23/Jul/2024:18:40:56 +0530] "POST /salesCore/getYearBudgets HTTP/1.1" 200 2883
0:0:0:0:0:0:0:1 - - [23/Jul/2024:18:40:56 +0530] "GET /sales/yearBudgets?year%5B%5D=2024-25 HTTP/1.1" 200 2083
0:0:0:0:0:0:0:1 - - [23/Jul/2024:18:40:56 +0530] "GET /sales/getChartData?year%5B%5D=2024-25 HTTP/1.1" 200 462
127.0.0.1 - - [23/Jul/2024:18:41:00 +0530] "POST /salesCore/getYearBudgets HTTP/1.1" 200 110
127.0.0.1 - - [23/Jul/2024:18:41:00 +0530] "POST /salesCore/getDashboardData HTTP/1.1" 200 367
0:0:0:0:0:0:0:1 - - [23/Jul/2024:18:41:00 +0530] "GET /sales/getChartData?year%5B%5D=2024-25&zone%5B%5D=East HTTP/1.1" 200 452
0:0:0:0:0:0:0:1 - - [23/Jul/2024:18:41:00 +0530] "GET /sales/yearBudgets?year%5B%5D=2024-25&zone%5B%5D=East HTTP/1.1" 200 12
127.0.0.1 - - [23/Jul/2024:18:50:13 +0530] "POST /salesCore/getAllBudget HTTP/1.1" 200 2883
0:0:0:0:0:0:0:1 - - [23/Jul/2024:18:50:13 +0530] "GET /sales/dashboard HTTP/1.1" 200 35877
0:0:0:0:0:0:0:1 - - [23/Jul/2024:18:50:13 +0530] "GET /sales/yearBudgets HTTP/1.1" 500 129
127.0.0.1 - - [23/Jul/2024:18:50:13 +0530] "POST /salesCore/getDashboardData HTTP/1.1" 200 2755
127.0.0.1 - - [23/Jul/2024:18:50:13 +0530] "POST /salesCore/todayRemindersCount HTTP/1.1" 200 110
0:0:0:0:0:0:0:1 - - [23/Jul/2024:18:50:13 +0530] "GET /sales/getChartData HTTP/1.1" 200 462
0:0:0:0:0:0:0:1 - - [23/Jul/2024:18:50:13 +0530] "POST /sales/todayReminders HTTP/1.1" 200 11
127.0.0.1 - - [23/Jul/2024:18:50:14 +0530] "POST /salesCore/getAllBudget HTTP/1.1" 200 2883
0:0:0:0:0:0:0:1 - - [23/Jul/2024:18:50:14 +0530] "GET /sales/dashboard HTTP/1.1" 200 35877
0:0:0:0:0:0:0:1 - - [23/Jul/2024:18:50:14 +0530] "GET /sales/yearBudgets HTTP/1.1" 500 129
127.0.0.1 - - [23/Jul/2024:18:50:14 +0530] "POST /salesCore/getDashboardData HTTP/1.1" 200 2755
0:0:0:0:0:0:0:1 - - [23/Jul/2024:18:50:14 +0530] "GET /sales/getChartData HTTP/1.1" 200 462
127.0.0.1 - - [23/Jul/2024:18:50:14 +0530] "POST /salesCore/todayRemindersCount HTTP/1.1" 200 110
0:0:0:0:0:0:0:1 - - [23/Jul/2024:18:50:14 +0530] "POST /sales/todayReminders HTTP/1.1" 200 11
127.0.0.1 - - [23/Jul/2024:18:50:21 +0530] "POST /salesCore/getAllBudget HTTP/1.1" 200 2883
0:0:0:0:0:0:0:1 - - [23/Jul/2024:18:50:21 +0530] "GET /sales/dashboard HTTP/1.1" 200 35877
127.0.0.1 - - [23/Jul/2024:18:50:21 +0530] "POST /salesCore/todayRemindersCount HTTP/1.1" 200 110
0:0:0:0:0:0:0:1 - - [23/Jul/2024:18:50:21 +0530] "POST /sales/todayReminders HTTP/1.1" 200 11
127.0.0.1 - - [23/Jul/2024:18:50:21 +0530] "POST /salesCore/getDashboardData HTTP/1.1" 200 2755
0:0:0:0:0:0:0:1 - - [23/Jul/2024:18:50:21 +0530] "GET /sales/getChartData HTTP/1.1" 200 462
0:0:0:0:0:0:0:1 - - [23/Jul/2024:18:50:21 +0530] "GET /sales/yearBudgets HTTP/1.1" 500 129
127.0.0.1 - - [23/Jul/2024:18:50:24 +0530] "POST /salesCore/getYearBudgets HTTP/1.1" 200 2883
127.0.0.1 - - [23/Jul/2024:18:50:24 +0530] "POST /salesCore/getDashboardData HTTP/1.1" 200 2755
0:0:0:0:0:0:0:1 - - [23/Jul/2024:18:50:24 +0530] "GET /sales/getChartData?year%5B%5D=2024-25 HTTP/1.1" 200 462
0:0:0:0:0:0:0:1 - - [23/Jul/2024:18:50:24 +0530] "GET /sales/yearBudgets?year%5B%5D=2024-25 HTTP/1.1" 200 2083
127.0.0.1 - - [23/Jul/2024:18:51:01 +0530] "POST /salesCore/getYearBudgets HTTP/1.1" 200 110
127.0.0.1 - - [23/Jul/2024:18:51:01 +0530] "POST /salesCore/getDashboardData HTTP/1.1" 200 367
0:0:0:0:0:0:0:1 - - [23/Jul/2024:18:51:01 +0530] "GET /sales/getChartData?year%5B%5D=2024-25&zone%5B%5D=East HTTP/1.1" 200 440
0:0:0:0:0:0:0:1 - - [23/Jul/2024:18:51:01 +0530] "GET /sales/yearBudgets?year%5B%5D=2024-25&zone%5B%5D=East HTTP/1.1" 200 12
127.0.0.1 - - [23/Jul/2024:18:51:25 +0530] "POST /salesCore/getDashboardData HTTP/1.1" 200 2755
127.0.0.1 - - [23/Jul/2024:18:51:25 +0530] "POST /salesCore/getYearBudgets HTTP/1.1" 200 2883
0:0:0:0:0:0:0:1 - - [23/Jul/2024:18:51:25 +0530] "GET /sales/yearBudgets?year%5B%5D=2024-25 HTTP/1.1" 200 2083
0:0:0:0:0:0:0:1 - - [23/Jul/2024:18:51:25 +0530] "GET /sales/getChartData?year%5B%5D=2024-25 HTTP/1.1" 200 462
127.0.0.1 - - [23/Jul/2024:18:51:26 +0530] "POST /salesCore/getYearBudgets HTTP/1.1" 200 2883
127.0.0.1 - - [23/Jul/2024:18:51:26 +0530] "POST /salesCore/getDashboardData HTTP/1.1" 200 2755
0:0:0:0:0:0:0:1 - - [23/Jul/2024:18:51:26 +0530] "GET /sales/getChartData?year%5B%5D=2024-25&zone%5B%5D=North HTTP/1.1" 200 462
0:0:0:0:0:0:0:1 - - [23/Jul/2024:18:51:26 +0530] "GET /sales/yearBudgets?year%5B%5D=2024-25&zone%5B%5D=North HTTP/1.1" 200 2083
127.0.0.1 - - [23/Jul/2024:18:51:55 +0530] "POST /salesCore/getYearBudgets HTTP/1.1" 200 2883
127.0.0.1 - - [23/Jul/2024:18:51:55 +0530] "POST /salesCore/getDashboardData HTTP/1.1" 200 2755
0:0:0:0:0:0:0:1 - - [23/Jul/2024:18:51:55 +0530] "GET /sales/getChartData?year%5B%5D=2024-25&zone%5B%5D=East&zone%5B%5D=North HTTP/1.1" 200 462
0:0:0:0:0:0:0:1 - - [23/Jul/2024:18:51:55 +0530] "GET /sales/yearBudgets?year%5B%5D=2024-25&zone%5B%5D=East&zone%5B%5D=North HTTP/1.1" 200 2083
127.0.0.1 - - [23/Jul/2024:18:52:05 +0530] "POST /salesCore/getDashboardData HTTP/1.1" 200 2755
127.0.0.1 - - [23/Jul/2024:18:52:05 +0530] "POST /salesCore/getYearBudgets HTTP/1.1" 200 2883
0:0:0:0:0:0:0:1 - - [23/Jul/2024:18:52:05 +0530] "GET /sales/getChartData?year%5B%5D=2024-25&zone%5B%5D=East&zone%5B%5D=West&zone%5B%5D=North HTTP/1.1" 200 462
0:0:0:0:0:0:0:1 - - [23/Jul/2024:18:52:05 +0530] "GET /sales/yearBudgets?year%5B%5D=2024-25&zone%5B%5D=East&zone%5B%5D=West&zone%5B%5D=North HTTP/1.1" 200 2083
127.0.0.1 - - [23/Jul/2024:18:52:35 +0530] "POST /salesCore/getYearBudgets HTTP/1.1" 200 2883
127.0.0.1 - - [23/Jul/2024:18:52:35 +0530] "POST /salesCore/getDashboardData HTTP/1.1" 200 2755
0:0:0:0:0:0:0:1 - - [23/Jul/2024:18:52:35 +0530] "GET /sales/getChartData?year%5B%5D=2024-25&zone%5B%5D=East&zone%5B%5D=West&zone%5B%5D=North&zone%5B%5D=South HTTP/1.1" 200 462
0:0:0:0:0:0:0:1 - - [23/Jul/2024:18:52:35 +0530] "GET /sales/yearBudgets?year%5B%5D=2024-25&zone%5B%5D=East&zone%5B%5D=West&zone%5B%5D=North&zone%5B%5D=South HTTP/1.1" 200 2083
127.0.0.1 - - [23/Jul/2024:18:53:19 +0530] "POST /salesCore/getYearBudgets HTTP/1.1" 200 2883
127.0.0.1 - - [23/Jul/2024:18:53:19 +0530] "POST /salesCore/getDashboardData HTTP/1.1" 200 2755
0:0:0:0:0:0:0:1 - - [23/Jul/2024:18:53:19 +0530] "GET /sales/yearBudgets?year%5B%5D=2024-25&zone%5B%5D=East&zone%5B%5D=West&zone%5B%5D=North HTTP/1.1" 200 2083
0:0:0:0:0:0:0:1 - - [23/Jul/2024:18:53:19 +0530] "GET /sales/getChartData?year%5B%5D=2024-25&zone%5B%5D=East&zone%5B%5D=West&zone%5B%5D=North HTTP/1.1" 200 462
127.0.0.1 - - [23/Jul/2024:18:53:20 +0530] "POST /salesCore/getYearBudgets HTTP/1.1" 200 2883
127.0.0.1 - - [23/Jul/2024:18:53:20 +0530] "POST /salesCore/getDashboardData HTTP/1.1" 200 2755
0:0:0:0:0:0:0:1 - - [23/Jul/2024:18:53:20 +0530] "GET /sales/getChartData?year%5B%5D=2024-25&zone%5B%5D=East&zone%5B%5D=North HTTP/1.1" 200 462
0:0:0:0:0:0:0:1 - - [23/Jul/2024:18:53:20 +0530] "GET /sales/yearBudgets?year%5B%5D=2024-25&zone%5B%5D=East&zone%5B%5D=North HTTP/1.1" 200 2083
127.0.0.1 - - [23/Jul/2024:18:53:22 +0530] "POST /salesCore/getDashboardData HTTP/1.1" 200 2755
127.0.0.1 - - [23/Jul/2024:18:53:22 +0530] "POST /salesCore/getYearBudgets HTTP/1.1" 200 2883
0:0:0:0:0:0:0:1 - - [23/Jul/2024:18:53:22 +0530] "GET /sales/getChartData?year%5B%5D=2024-25&zone%5B%5D=North HTTP/1.1" 200 462
0:0:0:0:0:0:0:1 - - [23/Jul/2024:18:53:22 +0530] "GET /sales/yearBudgets?year%5B%5D=2024-25&zone%5B%5D=North HTTP/1.1" 200 2083
127.0.0.1 - - [23/Jul/2024:18:53:27 +0530] "POST /salesCore/getYearBudgets HTTP/1.1" 200 2883
127.0.0.1 - - [23/Jul/2024:18:53:27 +0530] "POST /salesCore/getDashboardData HTTP/1.1" 200 1455
0:0:0:0:0:0:0:1 - - [23/Jul/2024:18:53:27 +0530] "GET /sales/yearBudgets?year%5B%5D=2024-25&zone%5B%5D=North&bde%5B%5D=Aravind HTTP/1.1" 200 2079
0:0:0:0:0:0:0:1 - - [23/Jul/2024:18:53:27 +0530] "GET /sales/getChartData?year%5B%5D=2024-25&zone%5B%5D=North&bde%5B%5D=Aravind HTTP/1.1" 200 440
127.0.0.1 - - [23/Jul/2024:18:53:44 +0530] "POST /salesCore/getYearBudgets HTTP/1.1" 200 2883
127.0.0.1 - - [23/Jul/2024:18:53:44 +0530] "POST /salesCore/getDashboardData HTTP/1.1" 200 2371
0:0:0:0:0:0:0:1 - - [23/Jul/2024:18:53:44 +0530] "GET /sales/getChartData?year%5B%5D=2024-25&zone%5B%5D=North&bde%5B%5D=Aravind&bde%5B%5D=madhu HTTP/1.1" 200 450
0:0:0:0:0:0:0:1 - - [23/Jul/2024:18:53:44 +0530] "GET /sales/yearBudgets?year%5B%5D=2024-25&zone%5B%5D=North&bde%5B%5D=Aravind&bde%5B%5D=madhu HTTP/1.1" 200 2082
127.0.0.1 - - [23/Jul/2024:18:58:47 +0530] "POST /salesCore/getYearBudgets HTTP/1.1" 200 2883
127.0.0.1 - - [23/Jul/2024:18:58:47 +0530] "POST /salesCore/getDashboardData HTTP/1.1" 200 1263
0:0:0:0:0:0:0:1 - - [23/Jul/2024:18:58:47 +0530] "GET /sales/getChartData?year%5B%5D=2024-25&zone%5B%5D=North&bde%5B%5D=madhu HTTP/1.1" 200 438
0:0:0:0:0:0:0:1 - - [23/Jul/2024:18:58:47 +0530] "GET /sales/yearBudgets?year%5B%5D=2024-25&zone%5B%5D=North&bde%5B%5D=madhu HTTP/1.1" 200 2079
127.0.0.1 - - [23/Jul/2024:18:58:51 +0530] "POST /salesCore/getDashboardData HTTP/1.1" 200 2371
127.0.0.1 - - [23/Jul/2024:18:58:51 +0530] "POST /salesCore/getYearBudgets HTTP/1.1" 200 2883
0:0:0:0:0:0:0:1 - - [23/Jul/2024:18:58:51 +0530] "GET /sales/getChartData?year%5B%5D=2024-25&zone%5B%5D=North&bde%5B%5D=Aravind&bde%5B%5D=madhu HTTP/1.1" 200 450
0:0:0:0:0:0:0:1 - - [23/Jul/2024:18:58:51 +0530] "GET /sales/yearBudgets?year%5B%5D=2024-25&zone%5B%5D=North&bde%5B%5D=Aravind&bde%5B%5D=madhu HTTP/1.1" 200 2082
